03-15 23:07:00.889  1779  1856 I EventHub: EventHub monitor: no key events in the past 398s, no motion events in the past 183s
03-15 23:07:01.995  2565  2755 I Booster_BoosterdDelegate: [handleMessage]handleMessage, enter
03-15 23:07:01.995  2565  2755 E Booster_BoosterdDelegate: [bindService]bindService start
03-15 23:07:01.997  2565  2755 E Booster_BoosterdDelegate: [getBoosterdNativeService]Failed to get boosterd native service
03-15 23:07:01.997  2565  2755 E Booster_BoosterdDelegate: [bindService]mService is null
03-15 23:07:01.997  2565  2755 I Booster_BoosterdDelegate: [startRebindServieTimer] startRebindServieTimer
03-15 23:07:01.998  2565  2755 I OllieMsgCenter: publishEvt=2135097353
03-15 23:07:02.110 10228 10250 I ZrHung.AppEyeUiProbe: restart watching of heap dump.
03-15 23:07:02.246  2535  3717 I PGServer: getThermalInfo. calling pkg: com.huawei.iaware
03-15 23:07:02.368  1451  4245 I CPU_STATS: iawared: query next cpu load with 2!
03-15 23:07:02.368  1451  4245 I CPU_STATS: total cost time 2008131719 ns
03-15 23:07:02.370  1451  4245 I CPU_STATS: iawared: current total load is 0.009707, capacity : 5658, pre load:  483313734589, current load : 483421436112
03-15 23:07:02.372  1451  4245 I CPU_STATS: read once cost time 3821 us
03-15 23:07:02.581  1488  8713 I HwTrace : interrupt not parse line Err:          0
03-15 23:07:02.584  1488  8713 I HwTrace : SysCpuLoad:0.004584,SysMemLevel:0
03-15 23:07:02.590 19155 19155 I ScreemCommon: [HW] New process 19155, set the selinux context as dumpstate
03-15 23:07:02.599  1779  2143 I WifiNl80211Manager: Noise: -92, Snr: 28, Chload: 214, rssi: -66, txBitrate: 39, rxBitrate: 96, frequency: 5180, UlDelay: 1, currentTxBytes: 71145807, currentTxPackets: 60451, currentTxFailed: 0, currentRxBytes: 30144133, currentRxPackets: 35622, chloadSelf: 0, c0RssiDbm: 0, c1RssiDbm: 0
03-15 23:07:02.599  1779  2143 I HwDualBandLearningAlg: update5gBetaAttribute, m24gConnectionRateList is empty or not full, ignore
03-15 23:07:02.691  1488  8710 I HwTrace : ReplaySystrace-WaitPid waitpid(19155) success.
03-15 23:07:02.988  9213 18773 I axiomaster.BoJ: jit_compiled:[OK] java.lang.ThreadLocal$ThreadLocalMap java.lang.ThreadLocal.getMap(java.lang.Thread) @ /apex/com.android.art/javalib/core-oj.jar
03-15 23:07:02.989  9213 18773 I axiomaster.BoJ: jit_compiled:[OK] int java.lang.ThreadLocal.access$400(java.lang.ThreadLocal) @ /apex/com.android.art/javalib/core-oj.jar
03-15 23:07:03.120 10228 10250 I ZrHung.AppEyeUiProbe: stop UiProbe
03-15 23:07:03.120 10228 10250 I ZrHung.AppEyeUiProbe: not watching, wait.
03-15 23:07:03.774  1779  2050 V HwWifiServiceFactory: get AllImpl object = com.android.server.wifi.HwWifiServiceFactoryImpl@f8e66c3
03-15 23:07:03.893  1779  2012 I InputReader: eventHub getEvents 0
03-15 23:07:03.893  1779  1856 I EventHub: EventHub monitor: no key events in the past 401s, no motion events in the past 186s
03-15 23:07:04.008  2565  2755 I Booster_BoosterdDelegate: [handleMessage]handleMessage, enter
03-15 23:07:04.008  2565  2755 E Booster_BoosterdDelegate: [bindService]bindService start
03-15 23:07:04.010  2565  2755 E Booster_BoosterdDelegate: [getBoosterdNativeService]Failed to get boosterd native service
03-15 23:07:04.010  2565  2755 E Booster_BoosterdDelegate: [bindService]mService is null
03-15 23:07:04.010  2565  2755 I Booster_BoosterdDelegate: [startRebindServieTimer] startRebindServieTimer
03-15 23:07:04.011  2565  2755 I OllieMsgCenter: publishEvt=2135097353
03-15 23:07:04.296  1390  1390 W hilogcat: type=1400 audit(0.0:2098): avc: denied { read } for name="brightness" dev="sysfs" ino=76242 scontext=u:r:glogcat:s0 tcontext=u:object_r:sysfs:s0 tclass=file permissive=0
03-15 23:07:04.301  1405  1405 E selinux_dmd: type=1400 audit(0.0:2098): avc: denied { read } for comm="hilogcat" name="brightness" dev="sysfs" ino=76242 scontext=u:r:glogcat:s0 tcontext=u:object_r:sysfs:s0 tclass=file permissive=0 find  pid= failed
03-15 23:07:04.301  1405  1405 E selinux_dmd: type=1400 audit(0.0:2098): avc: denied { read } for comm="hilogcat" name="brightness" dev="sysfs" ino=76242 scontext=u:r:glogcat:s0 tcontext=u:object_r:sysfs:s0 tclass=file permissive=0 ExtractKeys failed
03-15 23:07:04.390  1451  4245 I CPU_STATS: iawared: query next cpu load with 2!
03-15 23:07:04.391  1451  4245 I CPU_STATS: total cost time 2022149687 ns
03-15 23:07:04.392  1451  4245 I CPU_STATS: iawared: current total load is 0.002922, capacity : 5658, pre load:  483421436112, current load : 483454081001
03-15 23:07:04.395  1451  4245 I CPU_STATS: read once cost time 3844 us
03-15 23:07:04.801  1424  1940 E dubaid  : [UidTimeInStateReader.cpp] GetTime# Failed to open uid_time_in_state
03-15 23:07:04.803  1424  1949 E dubaid  : [WakelockStats.cpp] SaveKernelWakelockData# Invalid wakelock tag:             
03-15 23:07:04.803  1424  1949 E dubaid  : [WakelockStats.cpp] ReadKernelWakelock# Failed to parse kernel wakelock message:             	1494		1494		0		0		0		1024		17		1955557		0
03-15 23:07:04.826  1424  1735 D dubaid  : [BufferedLogServer.cpp] ReceiveMessage# Received buffered log from dubai_driver-0
03-15 23:07:04.827  1424  1735 D dubaid  : [BufferedLogServer.cpp] ReceiveMessage# Received buffered log from dubai_driver-0
03-15 23:07:04.856  1424  2038 W dubaid  : [SocTempRainflow.cpp] FormatTempData# Matrix index: 0, Point 1: 33.000000, Point 2: 34.000000, Value: 1.000000, range:1.000000, means:33.500000
03-15 23:07:04.856  5630  5638 I bms_behavior: [WaitConditionStatus]: runState = 1, cvStatus = 1 
03-15 23:07:04.857  1424  2038 W dubaid  : [SocTempRainflow.cpp] FormatTempData# Matrix index: 1, Point 1: 34.000000, Point 2: 35.000000, Value: 1.000000, range:1.000000, means:34.500000
03-15 23:07:04.857  1424  2038 W dubaid  : [SocTempRainflow.cpp] FormatTempData# Matrix index: 2, Point 1: 34.000000, Point 2: 35.000000, Value: 1.000000, range:1.000000, means:34.500000
03-15 23:07:04.859  5630  5638 D bms_behavior: [GetChargeMaxPower]: mode:0, max_power:0
03-15 23:07:04.859  5630  5638 D bms_behavior: [GetCableType]: cable type:0
03-15 23:07:04.866  5630  5638 E bms_file: [BmsFileReadBuffer]: file /sys/class/hw_power/coul/coul_data/rbatt is invalid
03-15 23:07:04.873  5630  5638 I bms_behavior: [Monitor]: monitor interval count 385, name: Battery
03-15 23:07:05.624  1779  2143 I WifiNl80211Manager: Noise: -92, Snr: 28, Chload: 214, rssi: -66, txBitrate: 39, rxBitrate: 96, frequency: 5180, UlDelay: 1, currentTxBytes: 71145807, currentTxPackets: 60451, currentTxFailed: 0, currentRxBytes: 30144133, currentRxPackets: 35622, chloadSelf: 0, c0RssiDbm: 0, c1RssiDbm: 0
03-15 23:07:05.624  1779  2143 I HwDualBandLearningAlg: update5gBetaAttribute, m24gConnectionRateList is empty or not full, ignore
03-15 23:07:06.013  2565  2755 I Booster_BoosterdDelegate: [handleMessage]handleMessage, enter
03-15 23:07:06.014  2565  2755 E Booster_BoosterdDelegate: [bindService]bindService start
03-15 23:07:06.015  2565  2755 E Booster_BoosterdDelegate: [getBoosterdNativeService]Failed to get boosterd native service
03-15 23:07:06.015  2565  2755 E Booster_BoosterdDelegate: [bindService]mService is null
03-15 23:07:06.016  2565  2755 I Booster_BoosterdDelegate: [startRebindServieTimer] startRebindServieTimer
03-15 23:07:06.016  2565  2755 I OllieMsgCenter: publishEvt=2135097353
03-15 23:07:06.404  1451  4245 I CPU_STATS: iawared: query next cpu load with 2!
03-15 23:07:06.404  1451  4245 I CPU_STATS: total cost time 2013259219 ns
03-15 23:07:06.405  1451  4245 I CPU_STATS: iawared: current total load is 0.003345, capacity : 5658, pre load:  483454081001, current load : 483491288138
03-15 23:07:06.408  1451  4245 I CPU_STATS: read once cost time 3819 us
03-15 23:07:06.795  1779  2050 V HwWifiServiceFactory: get AllImpl object = com.android.server.wifi.HwWifiServiceFactoryImpl@f8e66c3
03-15 23:07:06.900  1779  2012 I InputReader: eventHub getEvents 0
03-15 23:07:06.900  1779  1856 I EventHub: EventHub monitor: no key events in the past 404s, no motion events in the past 189s
03-15 23:07:07.131 10299 10321 I ZrHung.AppEyeUiProbe: restart watching of heap dump.
03-15 23:07:07.249  2535  3717 I PGServer: getThermalInfo. calling pkg: com.huawei.iaware
03-15 23:07:08.022  2565  2755 I Booster_BoosterdDelegate: [handleMessage]handleMessage, enter
03-15 23:07:08.023  2565  2755 E Booster_BoosterdDelegate: [bindService]bindService start
03-15 23:07:08.024  2565  2755 E Booster_BoosterdDelegate: [getBoosterdNativeService]Failed to get boosterd native service
03-15 23:07:08.024  2565  2755 E Booster_BoosterdDelegate: [bindService]mService is null
03-15 23:07:08.025  2565  2755 I Booster_BoosterdDelegate: [startRebindServieTimer] startRebindServieTimer
03-15 23:07:08.025  2565  2755 I OllieMsgCenter: publishEvt=2135097353
03-15 23:07:08.138 10299 10321 I ZrHung.AppEyeUiProbe: stop UiProbe
03-15 23:07:08.138 10299 10321 I ZrHung.AppEyeUiProbe: not watching, wait.
