03-15 23:05:57.042  5754 19108 I CAWARENESS_34468_FusionLabelOperator: init: dataId=601001923 jsonArray=[[],51,11,5,[1,8,14],["630000012","7","IN#1001004,1021019,1021020,1021021,1021022,1021024,1021027,1041032,1071039,1071040,1071041,1071042,1071044,1071045,1071046,1071047,1071048,1071049,1071051,1071052,1071056,1071057,1071058,1081054,1111067,1111068,1141081,1141085,1141087,1141088,1151092,1151093,1171095,1171096,1171098,1201107,1201109,1211121,1241156,1241162,1251164,1251165,1251166,1251170,1281176,1281177,1281178,1311184,1311185,1311186,1311190,1311192,1361232,1371237,1371238,1371240,1371241,1391247,1391248,1391250,1391251,1391252,1391253,1391254,1391255,1391256,1391257,1391258,1391259,1401261,1401263,1401264,1401265,1411266,1411267,1411268,1411270,1411271,1411272,1411273,1411274,1821089"],[14],[".*"],[100,7,["2-1-0-0-0.3","2-1-0-0-0.3","2-1-0-0-0.3","2-1-0-0-0.3","2-1-0-0-0.3","2-1-0-0-0.3","2-1-0-0-0.3","2-1-0-0-0.3"]]]
03-15 23:05:57.043  5754 19108 D CAWARENESS_34468_ConfigChecker: checkeLabelOperatorConfig
03-15 23:05:57.047  5754 19108 I CAWARENESS_34468_FusionLabelOperator: execute:[operIndex,OperSize]=[4, 7]
03-15 23:05:57.048  5754 19108 D CAWARENESS_34468_FlexJobExecutor: dd operatorArray: [[],51,11,5,[1,8,14],["630000012","10","IN#1001004,1021019,1021020,1021021,1021022,1021024,1021027,1041032,1071039,1071040,1071041,1071042,1071044,1071045,1071046,1071047,1071048,1071049,1071051,1071052,1071056,1071057,1071058,1081054,1111067,1111068,1141081,1141085,1141087,1141088,1151092,1151093,1171095,1171096,1171098,1201107,1201109,1211121,1241156,1241162,1251164,1251165,1251166,1251170,1281176,1281177,1281178,1311184,1311185,1311186,1311190,1311192,1361232,1371237,1371238,1371240,1371241,1391247,1391248,1391250,1391251,1391252,1391253,1391254,1391255,1391256,1391257,1391258,1391259,1401261,1401263,1401264,1401265,1411266,1411267,1411268,1411270,1411271,1411272,1411273,1411274,1821089"],[14],[".*"],[100,7,["3-2-1-0-0.2","3-2-1-0-0.2","3-2-1-0-0.2","3-2-1-0-0.2","3-2-1-0-0.2","3-2-1-0-0.2","4-2-1-0-0.2","4-3-2-1-0.2"]]]
03-15 23:05:57.048  5754 19108 D CAWARENESS_34468_FlexJobExecutor: operatorType: 51
03-15 23:05:57.049  5754 19108 D CAWARENESS_34468_FlexJobExecutor: taskId: 601001923, lastAnalyseTime: 1773504000000, curAnalyseTime: 1773504000000
03-15 23:05:57.049  5754 19108 I CAWARENESS_34468_FusionLabelOperator: init: dataId=601001923 jsonArray=[[],51,11,5,[1,8,14],["630000012","10","IN#1001004,1021019,1021020,1021021,1021022,1021024,1021027,1041032,1071039,1071040,1071041,1071042,1071044,1071045,1071046,1071047,1071048,1071049,1071051,1071052,1071056,1071057,1071058,1081054,1111067,1111068,1141081,1141085,1141087,1141088,1151092,1151093,1171095,1171096,1171098,1201107,1201109,1211121,1241156,1241162,1251164,1251165,1251166,1251170,1281176,1281177,1281178,1311184,1311185,1311186,1311190,1311192,1361232,1371237,1371238,1371240,1371241,1391247,1391248,1391250,1391251,1391252,1391253,1391254,1391255,1391256,1391257,1391258,1391259,1401261,1401263,1401264,1401265,1411266,1411267,1411268,1411270,1411271,1411272,1411273,1411274,1821089"],[14],[".*"],[100,7,["3-2-1-0-0.2","3-2-1-0-0.2","3-2-1-0-0.2","3-2-1-0-0.2","3-2-1-0-0.2","3-2-1-0-0.2","4-2-1-0-0.2","4-3-2-1-0.2"]]]
03-15 23:05:57.050  5754 19108 D CAWARENESS_34468_ConfigChecker: checkeLabelOperatorConfig
03-15 23:05:57.054  5754 19108 I CAWARENESS_34468_FusionLabelOperator: execute:[operIndex,OperSize]=[5, 7]
03-15 23:05:57.055  5754 19108 D CAWARENESS_34468_FlexJobExecutor: dd operatorArray: [[],51,11,5,[1,8,14],["630000012","5","IN#1001004,1021019,1021020,1021021,1021022,1021024,1021027,1041032,1071039,1071040,1071041,1071042,1071044,1071045,1071046,1071047,1071048,1071049,1071051,1071052,1071056,1071057,1071058,1081054,1111067,1111068,1141081,1141085,1141087,1141088,1151092,1151093,1171095,1171096,1171098,1201107,1201109,1211121,1241156,1241162,1251164,1251165,1251166,1251170,1281176,1281177,1281178,1311184,1311185,1311186,1311190,1311192,1361232,1371237,1371238,1371240,1371241,1391247,1391248,1391250,1391251,1391252,1391253,1391254,1391255,1391256,1391257,1391258,1391259,1401261,1401263,1401264,1401265,1411266,1411267,1411268,1411270,1411271,1411272,1411273,1411274,1821089"],[14],[".*"],[100,7,["4-3-2-1-0.2","5-3-2-1-0.2","6-3-2-1-0.2","6-3-2-1-0.2","7-3-2-1-0.2","12-5-3-1-0.2","16-6-3-2-0.2","26-9-4-2-0.2"]]]
03-15 23:05:57.056  5754 19108 D CAWARENESS_34468_FlexJobExecutor: operatorType: 51
03-15 23:05:57.056  5754 19108 D CAWARENESS_34468_FlexJobExecutor: taskId: 601001923, lastAnalyseTime: 1773504000000, curAnalyseTime: 1773504000000
03-15 23:05:57.056  5754 19108 I CAWARENESS_34468_FusionLabelOperator: init: dataId=601001923 jsonArray=[[],51,11,5,[1,8,14],["630000012","5","IN#1001004,1021019,1021020,1021021,1021022,1021024,1021027,1041032,1071039,1071040,1071041,1071042,1071044,1071045,1071046,1071047,1071048,1071049,1071051,1071052,1071056,1071057,1071058,1081054,1111067,1111068,1141081,1141085,1141087,1141088,1151092,1151093,1171095,1171096,1171098,1201107,1201109,1211121,1241156,1241162,1251164,1251165,1251166,1251170,1281176,1281177,1281178,1311184,1311185,1311186,1311190,1311192,1361232,1371237,1371238,1371240,1371241,1391247,1391248,1391250,1391251,1391252,1391253,1391254,1391255,1391256,1391257,1391258,1391259,1401261,1401263,1401264,1401265,1411266,1411267,1411268,1411270,1411271,1411272,1411273,1411274,1821089"],[14],[".*"],[100,7,["4-3-2-1-0.2","5-3-2-1-0.2","6-3-2-1-0.2","6-3-2-1-0.2","7-3-2-1-0.2","12-5-3-1-0.2","16-6-3-2-0.2","26-9-4-2-0.2"]]]
03-15 23:05:57.058  5754 19108 D CAWARENESS_34468_ConfigChecker: checkeLabelOperatorConfig
03-15 23:05:57.063  5754 19108 I CAWARENESS_34468_FusionLabelOperator: execute:[operIndex,OperSize]=[6, 7]
03-15 23:05:57.068  5754 19108 D CAWARENESS_34468_FlexJobExecutor: 601001923 result data size: 1
03-15 23:05:57.078  5754 19108 D CAWARENESS_34468_UpPersistManager: insert size: 1, result: 1
03-15 23:05:57.078  5754 19108 D CAWARENESS_34468_FlexJobExecutor: 601001923 result save success
03-15 23:05:57.081 12660 19115 D CAWARENESS_32269_OperatingDatabaseUtil: t_up_flex_task_status table update successful, update column count: 1
03-15 23:05:57.081  5754 19108 D CAWARENESS_34468_FlexJobExecutor: refreshTaskStatus: true
03-15 23:05:57.081  5754 19108 D CAWARENESS_34468_FlexJobExecutor: resource clean
03-15 23:05:57.082  5754 19108 D CAWARENESS_34468_FlexJobExecutor: taskParaArray: [[[],51,11,5,[1,8],["630000012","11"],[13],[".*"],[100,7,["3-2-1-0-0.5","3-2-1-0-0.5","3-2-1-0-0.5","3-2-1-0-0.5","3-2-1-0-0.5","3-2-1-0-0.5","4-2-1-0-0.5","6-3-2-1-0.5"]]],[[],53,11,5,[1,8],["630000012","11"],[13],[".*"],[100,7,["1-0-0-0-0.5","2-1-0-0-0.5","2-1-0-0-0.5","2-1-0-0-0.5","3-2-1-0-0.5","3-2-1-0-0.5","5-3-2-1-0.5","9-4-2-1-0.5"]]]]
03-15 23:05:57.083  5754 19108 D CAWARENESS_34468_FlexJobExecutor: dd operatorArray: [[],51,11,5,[1,8],["630000012","11"],[13],[".*"],[100,7,["3-2-1-0-0.5","3-2-1-0-0.5","3-2-1-0-0.5","3-2-1-0-0.5","3-2-1-0-0.5","3-2-1-0-0.5","4-2-1-0-0.5","6-3-2-1-0.5"]]]
03-15 23:05:57.083  5754 19108 D CAWARENESS_34468_FlexJobExecutor: operatorType: 51
03-15 23:05:57.083  5754 19108 D CAWARENESS_34468_FlexJobExecutor: taskId: 601001924, lastAnalyseTime: -1, curAnalyseTime: 1773504000000
03-15 23:05:57.083  5754 19108 I CAWARENESS_34468_FusionLabelOperator: init: dataId=601001924 jsonArray=[[],51,11,5,[1,8],["630000012","11"],[13],[".*"],[100,7,["3-2-1-0-0.5","3-2-1-0-0.5","3-2-1-0-0.5","3-2-1-0-0.5","3-2-1-0-0.5","3-2-1-0-0.5","4-2-1-0-0.5","6-3-2-1-0.5"]]]
03-15 23:05:57.085  5754 19108 D CAWARENESS_34468_ConfigChecker: checkeLabelOperatorConfig
03-15 23:05:57.088  5754 19108 I CAWARENESS_34468_FusionLabelOperator: execute:[operIndex,OperSize]=[0, 2]
03-15 23:05:57.090  5754 19108 D CAWARENESS_34468_FlexJobExecutor: dd operatorArray: [[],53,11,5,[1,8],["630000012","11"],[13],[".*"],[100,7,["1-0-0-0-0.5","2-1-0-0-0.5","2-1-0-0-0.5","2-1-0-0-0.5","3-2-1-0-0.5","3-2-1-0-0.5","5-3-2-1-0.5","9-4-2-1-0.5"]]]
03-15 23:05:57.090  5754 19108 D CAWARENESS_34468_FlexJobExecutor: operatorType: 53
03-15 23:05:57.090  5754 19108 D CAWARENESS_34468_FlexJobExecutor: taskId: 601001924, lastAnalyseTime: 1773504000000, curAnalyseTime: 1773504000000
03-15 23:05:57.090  5754 19108 I CAWARENESS_34468_FusionLabelOperator: init: dataId=601001924 jsonArray=[[],53,11,5,[1,8],["630000012","11"],[13],[".*"],[100,7,["1-0-0-0-0.5","2-1-0-0-0.5","2-1-0-0-0.5","2-1-0-0-0.5","3-2-1-0-0.5","3-2-1-0-0.5","5-3-2-1-0.5","9-4-2-1-0.5"]]]
03-15 23:05:57.092  5754 19108 D CAWARENESS_34468_ConfigChecker: checkeLabelOperatorConfig
03-15 23:05:57.095  5754 19108 I CAWARENESS_34468_FusionLabelOperator: execute:[operIndex,OperSize]=[1, 2]
03-15 23:05:57.099  5754 19108 D CAWARENESS_34468_FlexJobExecutor: 601001924 result data size: 1
03-15 23:05:57.106  5754 19108 D CAWARENESS_34468_UpPersistManager: insert size: 1, result: 1
03-15 23:05:57.107  5754 19108 D CAWARENESS_34468_FlexJobExecutor: 601001924 result save success
03-15 23:05:57.109 12660 19115 D CAWARENESS_32269_OperatingDatabaseUtil: t_up_flex_task_status table update successful, update column count: 1
03-15 23:05:57.110  5754 19108 D CAWARENESS_34468_FlexJobExecutor: refreshTaskStatus: true
03-15 23:05:57.110  5754 19108 D CAWARENESS_34468_FlexJobExecutor: resource clean
03-15 23:05:57.111  5754 19108 D CAWARENESS_34468_FlexJobExecutor: taskParaArray: [[[],51,11,5,[1,8],["630000012","0"],[13],[".*"],[100,7,["2-1-0-0-0.5","2-1-0-0-0.5","2-1-0-0-0.5","2-1-0-0-0.5","2-1-0-0-0.5","2-1-0-0-0.5","2-1-0-0-0.5","3-2-1-0-0.5"]]],[[],53,11,5,[1,8],["630000012","0"],[13],[".*"],[100,7,["1-0-0-0-0.5","2-1-0-0-0.5","2-1-0-0-0.5","2-1-0-0-0.5","2-1-0-0-0.5","2-1-0-0-0.5","2-1-0-0-0.5","2-1-0-0-0.5"]]]]
03-15 23:05:57.111  5754 19108 D CAWARENESS_34468_FlexJobExecutor: dd operatorArray: [[],51,11,5,[1,8],["630000012","0"],[13],[".*"],[100,7,["2-1-0-0-0.5","2-1-0-0-0.5","2-1-0-0-0.5","2-1-0-0-0.5","2-1-0-0-0.5","2-1-0-0-0.5","2-1-0-0-0.5","3-2-1-0-0.5"]]]
03-15 23:05:57.111  5754 19108 D CAWARENESS_34468_FlexJobExecutor: operatorType: 51
03-15 23:05:57.111  5754 19108 D CAWARENESS_34468_FlexJobExecutor: taskId: 601001925, lastAnalyseTime: -1, curAnalyseTime: 1773504000000
03-15 23:05:57.111  5754 19108 I CAWARENESS_34468_FusionLabelOperator: init: dataId=601001925 jsonArray=[[],51,11,5,[1,8],["630000012","0"],[13],[".*"],[100,7,["2-1-0-0-0.5","2-1-0-0-0.5","2-1-0-0-0.5","2-1-0-0-0.5","2-1-0-0-0.5","2-1-0-0-0.5","2-1-0-0-0.5","3-2-1-0-0.5"]]]
03-15 23:05:57.112  5754 19108 D CAWARENESS_34468_ConfigChecker: checkeLabelOperatorConfig
03-15 23:05:57.115  5754 19108 I CAWARENESS_34468_FusionLabelOperator: execute:[operIndex,OperSize]=[0, 2]
03-15 23:05:57.116  5754 19108 D CAWARENESS_34468_FlexJobExecutor: dd operatorArray: [[],53,11,5,[1,8],["630000012","0"],[13],[".*"],[100,7,["1-0-0-0-0.5","2-1-0-0-0.5","2-1-0-0-0.5","2-1-0-0-0.5","2-1-0-0-0.5","2-1-0-0-0.5","2-1-0-0-0.5","2-1-0-0-0.5"]]]
03-15 23:05:57.117  5754 19108 D CAWARENESS_34468_FlexJobExecutor: operatorType: 53
03-15 23:05:57.117  5754 19108 D CAWARENESS_34468_FlexJobExecutor: taskId: 601001925, lastAnalyseTime: 1773504000000, curAnalyseTime: 1773504000000
03-15 23:05:57.117  5754 19108 I CAWARENESS_34468_FusionLabelOperator: init: dataId=601001925 jsonArray=[[],53,11,5,[1,8],["630000012","0"],[13],[".*"],[100,7,["1-0-0-0-0.5","2-1-0-0-0.5","2-1-0-0-0.5","2-1-0-0-0.5","2-1-0-0-0.5","2-1-0-0-0.5","2-1-0-0-0.5","2-1-0-0-0.5"]]]
03-15 23:05:57.119  5754 19108 D CAWARENESS_34468_ConfigChecker: checkeLabelOperatorConfig
03-15 23:05:57.123  5754 19108 I CAWARENESS_34468_FusionLabelOperator: execute:[operIndex,OperSize]=[1, 2]
03-15 23:05:57.128  5754 19108 D CAWARENESS_34468_FlexJobExecutor: 601001925 result data size: 1
03-15 23:05:57.137  5754 19108 D CAWARENESS_34468_UpPersistManager: insert size: 1, result: 1
03-15 23:05:57.137  5754 19108 D CAWARENESS_34468_FlexJobExecutor: 601001925 result save success
03-15 23:05:57.139 12660 19115 D CAWARENESS_32269_OperatingDatabaseUtil: t_up_flex_task_status table update successful, update column count: 1
03-15 23:05:57.141  5754 19108 D CAWARENESS_34468_FlexJobExecutor: refreshTaskStatus: true
03-15 23:05:57.140  2535  3717 I PGServer: getThermalInfo. calling pkg: com.huawei.iaware
03-15 23:05:57.141  5754 19108 D CAWARENESS_34468_FlexJobExecutor: resource clean
03-15 23:05:57.142  5754 19108 D CAWARENESS_34468_FlexJobExecutor: taskParaArray: [[[],51,11,5,[1,8],["630000012","1"],[13],[".*"],[100,7,["3-2-1-0-0.5","3-2-1-0-0.5","3-2-1-0-0.5","3-2-1-0-0.5","3-2-1-0-0.5","3-2-1-0-0.5","4-2-1-0-0.5","6-3-2-1-0.5"]]],[[],53,11,5,[1,8],["630000012","1"],[13],[".*"],[100,7,["1-0-0-0-0.5","2-1-0-0-0.5","2-1-0-0-0.5","2-1-0-0-0.5","3-2-1-0-0.5","3-2-1-0-0.5","5-3-2-1-0.5","9-4-2-1-0.5"]]]]
03-15 23:05:57.142  5754 19108 D CAWARENESS_34468_FlexJobExecutor: dd operatorArray: [[],51,11,5,[1,8],["630000012","1"],[13],[".*"],[100,7,["3-2-1-0-0.5","3-2-1-0-0.5","3-2-1-0-0.5","3-2-1-0-0.5","3-2-1-0-0.5","3-2-1-0-0.5","4-2-1-0-0.5","6-3-2-1-0.5"]]]
03-15 23:05:57.142  5754 19108 D CAWARENESS_34468_FlexJobExecutor: operatorType: 51
03-15 23:05:57.142  5754 19108 D CAWARENESS_34468_FlexJobExecutor: taskId: 601001926, lastAnalyseTime: -1, curAnalyseTime: 1773504000000
03-15 23:05:57.143  5754 19108 I CAWARENESS_34468_FusionLabelOperator: init: dataId=601001926 jsonArray=[[],51,11,5,[1,8],["630000012","1"],[13],[".*"],[100,7,["3-2-1-0-0.5","3-2-1-0-0.5","3-2-1-0-0.5","3-2-1-0-0.5","3-2-1-0-0.5","3-2-1-0-0.5","4-2-1-0-0.5","6-3-2-1-0.5"]]]
03-15 23:05:57.144  5754 19108 D CAWARENESS_34468_ConfigChecker: checkeLabelOperatorConfig
03-15 23:05:57.148  5754 19108 I CAWARENESS_34468_FusionLabelOperator: execute:[operIndex,OperSize]=[0, 2]
03-15 23:05:57.149  5754 19108 D CAWARENESS_34468_FlexJobExecutor: dd operatorArray: [[],53,11,5,[1,8],["630000012","1"],[13],[".*"],[100,7,["1-0-0-0-0.5","2-1-0-0-0.5","2-1-0-0-0.5","2-1-0-0-0.5","3-2-1-0-0.5","3-2-1-0-0.5","5-3-2-1-0.5","9-4-2-1-0.5"]]]
03-15 23:05:57.149  5754 19108 D CAWARENESS_34468_FlexJobExecutor: operatorType: 53
03-15 23:05:57.149  5754 19108 D CAWARENESS_34468_FlexJobExecutor: taskId: 601001926, lastAnalyseTime: 1773504000000, curAnalyseTime: 1773504000000
03-15 23:05:57.150  5754 19108 I CAWARENESS_34468_FusionLabelOperator: init: dataId=601001926 jsonArray=[[],53,11,5,[1,8],["630000012","1"],[13],[".*"],[100,7,["1-0-0-0-0.5","2-1-0-0-0.5","2-1-0-0-0.5","2-1-0-0-0.5","3-2-1-0-0.5","3-2-1-0-0.5","5-3-2-1-0.5","9-4-2-1-0.5"]]]
03-15 23:05:57.151  5754 19108 D CAWARENESS_34468_ConfigChecker: checkeLabelOperatorConfig
03-15 23:05:57.154  5754 19108 I CAWARENESS_34468_FusionLabelOperator: execute:[operIndex,OperSize]=[1, 2]
03-15 23:05:57.159  5754 19108 D CAWARENESS_34468_FlexJobExecutor: 601001926 result data size: 1
03-15 23:05:57.167  5754 19108 D CAWARENESS_34468_UpPersistManager: insert size: 1, result: 1
03-15 23:05:57.167  5754 19108 D CAWARENESS_34468_FlexJobExecutor: 601001926 result save success
03-15 23:05:57.169 12660 19115 D CAWARENESS_32269_OperatingDatabaseUtil: t_up_flex_task_status table update successful, update column count: 1
03-15 23:05:57.170  5754 19108 D CAWARENESS_34468_FlexJobExecutor: refreshTaskStatus: true
03-15 23:05:57.170  5754 19108 D CAWARENESS_34468_FlexJobExecutor: resource clean
03-15 23:05:57.171  5754 19108 D CAWARENESS_34468_FlexJobExecutor: taskParaArray: [[[],51,11,5,[1,8],["630000012","2"],[13],[".*"],[100,7,["2-1-0-0-0.5","2-1-0-0-0.5","2-1-0-0-0.5","3-2-1-0-0.5","3-2-1-0-0.5","3-2-1-0-0.5","3-2-1-0-0.5","4-2-1-0-0.5"]]],[[],53,11,5,[1,8],["630000012","2"],[13],[".*"],[100,7,["1-0-0-0-0.5","2-1-0-0-0.5","2-1-0-0-0.5","2-1-0-0-0.5","2-1-0-0-0.5","3-2-1-0-0.5","3-2-1-0-0.5","5-2-1-0-0.5"]]]]
03-15 23:05:57.172  5754 19108 D CAWARENESS_34468_FlexJobExecutor: dd operatorArray: [[],51,11,5,[1,8],["630000012","2"],[13],[".*"],[100,7,["2-1-0-0-0.5","2-1-0-0-0.5","2-1-0-0-0.5","3-2-1-0-0.5","3-2-1-0-0.5","3-2-1-0-0.5","3-2-1-0-0.5","4-2-1-0-0.5"]]]
03-15 23:05:57.172  5754 19108 D CAWARENESS_34468_FlexJobExecutor: operatorType: 51
03-15 23:05:57.172  5754 19108 D CAWARENESS_34468_FlexJobExecutor: taskId: 601001927, lastAnalyseTime: -1, curAnalyseTime: 1773504000000
03-15 23:05:57.172  5754 19108 I CAWARENESS_34468_FusionLabelOperator: init: dataId=601001927 jsonArray=[[],51,11,5,[1,8],["630000012","2"],[13],[".*"],[100,7,["2-1-0-0-0.5","2-1-0-0-0.5","2-1-0-0-0.5","3-2-1-0-0.5","3-2-1-0-0.5","3-2-1-0-0.5","3-2-1-0-0.5","4-2-1-0-0.5"]]]
03-15 23:05:57.174  5754 19108 D CAWARENESS_34468_ConfigChecker: checkeLabelOperatorConfig
03-15 23:05:57.178  5754 19108 I CAWARENESS_34468_FusionLabelOperator: execute:[operIndex,OperSize]=[0, 2]
03-15 23:05:57.179  5754 19108 D CAWARENESS_34468_FlexJobExecutor: dd operatorArray: [[],53,11,5,[1,8],["630000012","2"],[13],[".*"],[100,7,["1-0-0-0-0.5","2-1-0-0-0.5","2-1-0-0-0.5","2-1-0-0-0.5","2-1-0-0-0.5","3-2-1-0-0.5","3-2-1-0-0.5","5-2-1-0-0.5"]]]
03-15 23:05:57.179  5754 19108 D CAWARENESS_34468_FlexJobExecutor: operatorType: 53
03-15 23:05:57.180  5754 19108 D CAWARENESS_34468_FlexJobExecutor: taskId: 601001927, lastAnalyseTime: 1773504000000, curAnalyseTime: 1773504000000
03-15 23:05:57.180  5754 19108 I CAWARENESS_34468_FusionLabelOperator: init: dataId=601001927 jsonArray=[[],53,11,5,[1,8],["630000012","2"],[13],[".*"],[100,7,["1-0-0-0-0.5","2-1-0-0-0.5","2-1-0-0-0.5","2-1-0-0-0.5","2-1-0-0-0.5","3-2-1-0-0.5","3-2-1-0-0.5","5-2-1-0-0.5"]]]
03-15 23:05:57.181  5754 19108 D CAWARENESS_34468_ConfigChecker: checkeLabelOperatorConfig
03-15 23:05:57.186  5754 19108 I CAWARENESS_34468_FusionLabelOperator: execute:[operIndex,OperSize]=[1, 2]
03-15 23:05:57.191  5754 19108 D CAWARENESS_34468_FlexJobExecutor: 601001927 result data size: 1
03-15 23:05:57.199  5754 19108 D CAWARENESS_34468_UpPersistManager: insert size: 1, result: 1
03-15 23:05:57.200  5754 19108 D CAWARENESS_34468_FlexJobExecutor: 601001927 result save success
03-15 23:05:57.202 12660 19115 D CAWARENESS_32269_OperatingDatabaseUtil: t_up_flex_task_status table update successful, update column count: 1
03-15 23:05:57.203  5754 19108 D CAWARENESS_34468_FlexJobExecutor: refreshTaskStatus: true
03-15 23:05:57.203  5754 19108 D CAWARENESS_34468_FlexJobExecutor: resource clean
03-15 23:05:57.204  5754 19108 D CAWARENESS_34468_FlexJobExecutor: taskParaArray: [[[],51,11,5,[1,8],["630000012","11"],[14],[".*"],[100,7,["3-2-1-0-0.5","3-2-1-0-0.5","3-2-1-0-0.5","3-2-1-0-0.5","3-2-1-0-0.5","3-2-1-0-0.5","4-2-1-0-0.5","6-3-2-1-0.5"]]],[[],53,11,5,[1,8],["630000012","11"],[14],[".*"],[100,7,["1-0-0-0-0.5","2-1-0-0-0.5","2-1-0-0-0.5","2-1-0-0-0.5","3-2-1-0-0.5","3-2-1-0-0.5","5-3-2-1-0.5","9-4-2-1-0.5"]]]]
03-15 23:05:57.204  5754 19108 D CAWARENESS_34468_FlexJobExecutor: dd operatorArray: [[],51,11,5,[1,8],["630000012","11"],[14],[".*"],[100,7,["3-2-1-0-0.5","3-2-1-0-0.5","3-2-1-0-0.5","3-2-1-0-0.5","3-2-1-0-0.5","3-2-1-0-0.5","4-2-1-0-0.5","6-3-2-1-0.5"]]]
03-15 23:05:57.204  5754 19108 D CAWARENESS_34468_FlexJobExecutor: operatorType: 51
03-15 23:05:57.204  5754 19108 D CAWARENESS_34468_FlexJobExecutor: taskId: 601001928, lastAnalyseTime: -1, curAnalyseTime: 1773504000000
03-15 23:05:57.205  5754 19108 I CAWARENESS_34468_FusionLabelOperator: init: dataId=601001928 jsonArray=[[],51,11,5,[1,8],["630000012","11"],[14],[".*"],[100,7,["3-2-1-0-0.5","3-2-1-0-0.5","3-2-1-0-0.5","3-2-1-0-0.5","3-2-1-0-0.5","3-2-1-0-0.5","4-2-1-0-0.5","6-3-2-1-0.5"]]]
03-15 23:05:57.206  5754 19108 D CAWARENESS_34468_ConfigChecker: checkeLabelOperatorConfig
03-15 23:05:57.210  5754 19108 I CAWARENESS_34468_FusionLabelOperator: execute:[operIndex,OperSize]=[0, 2]
03-15 23:05:57.211  5754 19108 D CAWARENESS_34468_FlexJobExecutor: dd operatorArray: [[],53,11,5,[1,8],["630000012","11"],[14],[".*"],[100,7,["1-0-0-0-0.5","2-1-0-0-0.5","2-1-0-0-0.5","2-1-0-0-0.5","3-2-1-0-0.5","3-2-1-0-0.5","5-3-2-1-0.5","9-4-2-1-0.5"]]]
03-15 23:05:57.211  5754 19108 D CAWARENESS_34468_FlexJobExecutor: operatorType: 53
03-15 23:05:57.211  5754 19108 D CAWARENESS_34468_FlexJobExecutor: taskId: 601001928, lastAnalyseTime: 1773504000000, curAnalyseTime: 1773504000000
03-15 23:05:57.211  5754 19108 I CAWARENESS_34468_FusionLabelOperator: init: dataId=601001928 jsonArray=[[],53,11,5,[1,8],["630000012","11"],[14],[".*"],[100,7,["1-0-0-0-0.5","2-1-0-0-0.5","2-1-0-0-0.5","2-1-0-0-0.5","3-2-1-0-0.5","3-2-1-0-0.5","5-3-2-1-0.5","9-4-2-1-0.5"]]]
03-15 23:05:57.213  5754 19108 D CAWARENESS_34468_ConfigChecker: checkeLabelOperatorConfig
03-15 23:05:57.216  5754 19108 I CAWARENESS_34468_FusionLabelOperator: execute:[operIndex,OperSize]=[1, 2]
03-15 23:05:57.220  5754 19108 D CAWARENESS_34468_FlexJobExecutor: 601001928 result data size: 1
03-15 23:05:57.227  5754 19108 D CAWARENESS_34468_UpPersistManager: insert size: 1, result: 1
03-15 23:05:57.227  5754 19108 D CAWARENESS_34468_FlexJobExecutor: 601001928 result save success
03-15 23:05:57.230 12660 19115 D CAWARENESS_32269_OperatingDatabaseUtil: t_up_flex_task_status table update successful, update column count: 1
03-15 23:05:57.230  5754 19108 D CAWARENESS_34468_FlexJobExecutor: refreshTaskStatus: true
03-15 23:05:57.230  5754 19108 D CAWARENESS_34468_FlexJobExecutor: resource clean
03-15 23:05:57.231  5754 19108 D CAWARENESS_34468_FlexJobExecutor: taskParaArray: [[[],51,11,5,[1,8],["630000012","0"],[14],[".*"],[100,7,["2-1-0-0-0.5","2-1-0-0-0.5","2-1-0-0-0.5","2-1-0-0-0.5","2-1-0-0-0.5","2-1-0-0-0.5","2-1-0-0-0.5","3-2-1-0-0.5"]]],[[],53,11,5,[1,8],["630000012","0"],[14],[".*"],[100,7,["1-0-0-0-0.5","2-1-0-0-0.5","2-1-0-0-0.5","2-1-0-0-0.5","2-1-0-0-0.5","2-1-0-0-0.5","2-1-0-0-0.5","2-1-0-0-0.5"]]]]
03-15 23:05:57.232  5754 19108 D CAWARENESS_34468_FlexJobExecutor: dd operatorArray: [[],51,11,5,[1,8],["630000012","0"],[14],[".*"],[100,7,["2-1-0-0-0.5","2-1-0-0-0.5","2-1-0-0-0.5","2-1-0-0-0.5","2-1-0-0-0.5","2-1-0-0-0.5","2-1-0-0-0.5","3-2-1-0-0.5"]]]
03-15 23:05:57.232  5754 19108 D CAWARENESS_34468_FlexJobExecutor: operatorType: 51
03-15 23:05:57.232  5754 19108 D CAWARENESS_34468_FlexJobExecutor: taskId: 601001929, lastAnalyseTime: -1, curAnalyseTime: 1773504000000
03-15 23:05:57.232  5754 19108 I CAWARENESS_34468_FusionLabelOperator: init: dataId=601001929 jsonArray=[[],51,11,5,[1,8],["630000012","0"],[14],[".*"],[100,7,["2-1-0-0-0.5","2-1-0-0-0.5","2-1-0-0-0.5","2-1-0-0-0.5","2-1-0-0-0.5","2-1-0-0-0.5","2-1-0-0-0.5","3-2-1-0-0.5"]]]
03-15 23:05:57.234  5754 19108 D CAWARENESS_34468_ConfigChecker: checkeLabelOperatorConfig
03-15 23:05:57.237  5754 19108 I CAWARENESS_34468_FusionLabelOperator: execute:[operIndex,OperSize]=[0, 2]
03-15 23:05:57.238  5754 19108 D CAWARENESS_34468_FlexJobExecutor: dd operatorArray: [[],53,11,5,[1,8],["630000012","0"],[14],[".*"],[100,7,["1-0-0-0-0.5","2-1-0-0-0.5","2-1-0-0-0.5","2-1-0-0-0.5","2-1-0-0-0.5","2-1-0-0-0.5","2-1-0-0-0.5","2-1-0-0-0.5"]]]
03-15 23:05:57.238  5754 19108 D CAWARENESS_34468_FlexJobExecutor: operatorType: 53
03-15 23:05:57.238  5754 19108 D CAWARENESS_34468_FlexJobExecutor: taskId: 601001929, lastAnalyseTime: 1773504000000, curAnalyseTime: 1773504000000
03-15 23:05:57.239  5754 19108 I CAWARENESS_34468_FusionLabelOperator: init: dataId=601001929 jsonArray=[[],53,11,5,[1,8],["630000012","0"],[14],[".*"],[100,7,["1-0-0-0-0.5","2-1-0-0-0.5","2-1-0-0-0.5","2-1-0-0-0.5","2-1-0-0-0.5","2-1-0-0-0.5","2-1-0-0-0.5","2-1-0-0-0.5"]]]
03-15 23:05:57.240  5754 19108 D CAWARENESS_34468_ConfigChecker: checkeLabelOperatorConfig
03-15 23:05:57.243  5754 19108 I CAWARENESS_34468_FusionLabelOperator: execute:[operIndex,OperSize]=[1, 2]
03-15 23:05:57.248  5754 19108 D CAWARENESS_34468_FlexJobExecutor: 601001929 result data size: 1
03-15 23:05:57.256  5754 19108 D CAWARENESS_34468_UpPersistManager: insert size: 1, result: 1
03-15 23:05:57.256  5754 19108 D CAWARENESS_34468_FlexJobExecutor: 601001929 result save success
03-15 23:05:57.258 12660 19115 D CAWARENESS_32269_OperatingDatabaseUtil: t_up_flex_task_status table update successful, update column count: 1
03-15 23:05:57.259  5754 19108 D CAWARENESS_34468_FlexJobExecutor: refreshTaskStatus: true
03-15 23:05:57.259  5754 19108 D CAWARENESS_34468_FlexJobExecutor: resource clean
03-15 23:05:57.260  5754 19108 D CAWARENESS_34468_FlexJobExecutor: taskParaArray: [[[],51,11,5,[1,8],["630000012","1"],[14],[".*"],[100,7,["3-2-1-0-0.5","3-2-1-0-0.5","3-2-1-0-0.5","3-2-1-0-0.5","3-2-1-0-0.5","3-2-1-0-0.5","4-2-1-0-0.5","6-3-2-1-0.5"]]],[[],53,11,5,[1,8],["630000012","1"],[14],[".*"],[100,7,["1-0-0-0-0.5","2-1-0-0-0.5","2-1-0-0-0.5","2-1-0-0-0.5","3-2-1-0-0.5","3-2-1-0-0.5","5-3-2-1-0.5","9-4-2-1-0.5"]]]]
03-15 23:05:57.261  5754 19108 D CAWARENESS_34468_FlexJobExecutor: dd operatorArray: [[],51,11,5,[1,8],["630000012","1"],[14],[".*"],[100,7,["3-2-1-0-0.5","3-2-1-0-0.5","3-2-1-0-0.5","3-2-1-0-0.5","3-2-1-0-0.5","3-2-1-0-0.5","4-2-1-0-0.5","6-3-2-1-0.5"]]]
03-15 23:05:57.261  5754 19108 D CAWARENESS_34468_FlexJobExecutor: operatorType: 51
03-15 23:05:57.261  5754 19108 D CAWARENESS_34468_FlexJobExecutor: taskId: 601001930, lastAnalyseTime: -1, curAnalyseTime: 1773504000000
03-15 23:05:57.261  5754 19108 I CAWARENESS_34468_FusionLabelOperator: init: dataId=601001930 jsonArray=[[],51,11,5,[1,8],["630000012","1"],[14],[".*"],[100,7,["3-2-1-0-0.5","3-2-1-0-0.5","3-2-1-0-0.5","3-2-1-0-0.5","3-2-1-0-0.5","3-2-1-0-0.5","4-2-1-0-0.5","6-3-2-1-0.5"]]]
03-15 23:05:57.263  5754 19108 D CAWARENESS_34468_ConfigChecker: checkeLabelOperatorConfig
03-15 23:05:57.267  5754 19108 I CAWARENESS_34468_FusionLabelOperator: execute:[operIndex,OperSize]=[0, 2]
03-15 23:05:57.268  5754 19108 D CAWARENESS_34468_FlexJobExecutor: dd operatorArray: [[],53,11,5,[1,8],["630000012","1"],[14],[".*"],[100,7,["1-0-0-0-0.5","2-1-0-0-0.5","2-1-0-0-0.5","2-1-0-0-0.5","3-2-1-0-0.5","3-2-1-0-0.5","5-3-2-1-0.5","9-4-2-1-0.5"]]]
03-15 23:05:57.268  5754 19108 D CAWARENESS_34468_FlexJobExecutor: operatorType: 53
03-15 23:05:57.268  5754 19108 D CAWARENESS_34468_FlexJobExecutor: taskId: 601001930, lastAnalyseTime: 1773504000000, curAnalyseTime: 1773504000000
03-15 23:05:57.269  5754 19108 I CAWARENESS_34468_FusionLabelOperator: init: dataId=601001930 jsonArray=[[],53,11,5,[1,8],["630000012","1"],[14],[".*"],[100,7,["1-0-0-0-0.5","2-1-0-0-0.5","2-1-0-0-0.5","2-1-0-0-0.5","3-2-1-0-0.5","3-2-1-0-0.5","5-3-2-1-0.5","9-4-2-1-0.5"]]]
03-15 23:05:57.270  5754 19108 D CAWARENESS_34468_ConfigChecker: checkeLabelOperatorConfig
03-15 23:05:57.274  5754 19108 I CAWARENESS_34468_FusionLabelOperator: execute:[operIndex,OperSize]=[1, 2]
03-15 23:05:57.280  5754 19108 D CAWARENESS_34468_FlexJobExecutor: 601001930 result data size: 1
03-15 23:05:57.291  5754 19108 D CAWARENESS_34468_UpPersistManager: insert size: 1, result: 1
03-15 23:05:57.291  5754 19108 D CAWARENESS_34468_FlexJobExecutor: 601001930 result save success
03-15 23:05:57.294 12660 19115 D CAWARENESS_32269_OperatingDatabaseUtil: t_up_flex_task_status table update successful, update column count: 1
03-15 23:05:57.295  5754 19108 D CAWARENESS_34468_FlexJobExecutor: refreshTaskStatus: true
03-15 23:05:57.295  5754 19108 D CAWARENESS_34468_FlexJobExecutor: resource clean
03-15 23:05:57.297  5754 19108 D CAWARENESS_34468_FlexJobExecutor: taskParaArray: [[[],51,11,5,[1,8],["630000012","2"],[14],[".*"],[100,7,["2-1-0-0-0.5","2-1-0-0-0.5","2-1-0-0-0.5","3-2-1-0-0.5","3-2-1-0-0.5","3-2-1-0-0.5","3-2-1-0-0.5","4-2-1-0-0.5"]]],[[],53,11,5,[1,8],["630000012","2"],[14],[".*"],[100,7,["1-0-0-0-0.5","2-1-0-0-0.5","2-1-0-0-0.5","2-1-0-0-0.5","2-1-0-0-0.5","3-2-1-0-0.5","3-2-1-0-0.5","5-2-1-0-0.5"]]]]
03-15 23:05:57.297  5754 19108 D CAWARENESS_34468_FlexJobExecutor: dd operatorArray: [[],51,11,5,[1,8],["630000012","2"],[14],[".*"],[100,7,["2-1-0-0-0.5","2-1-0-0-0.5","2-1-0-0-0.5","3-2-1-0-0.5","3-2-1-0-0.5","3-2-1-0-0.5","3-2-1-0-0.5","4-2-1-0-0.5"]]]
03-15 23:05:57.297  5754 19108 D CAWARENESS_34468_FlexJobExecutor: operatorType: 51
03-15 23:05:57.297  5754 19108 D CAWARENESS_34468_FlexJobExecutor: taskId: 601001931, lastAnalyseTime: -1, curAnalyseTime: 1773504000000
03-15 23:05:57.298  5754 19108 I CAWARENESS_34468_FusionLabelOperator: init: dataId=601001931 jsonArray=[[],51,11,5,[1,8],["630000012","2"],[14],[".*"],[100,7,["2-1-0-0-0.5","2-1-0-0-0.5","2-1-0-0-0.5","3-2-1-0-0.5","3-2-1-0-0.5","3-2-1-0-0.5","3-2-1-0-0.5","4-2-1-0-0.5"]]]
03-15 23:05:57.300  5754 19108 D CAWARENESS_34468_ConfigChecker: checkeLabelOperatorConfig
03-15 23:05:57.305  5754 19108 I CAWARENESS_34468_FusionLabelOperator: execute:[operIndex,OperSize]=[0, 2]
03-15 23:05:57.306  5754 19108 D CAWARENESS_34468_FlexJobExecutor: dd operatorArray: [[],53,11,5,[1,8],["630000012","2"],[14],[".*"],[100,7,["1-0-0-0-0.5","2-1-0-0-0.5","2-1-0-0-0.5","2-1-0-0-0.5","2-1-0-0-0.5","3-2-1-0-0.5","3-2-1-0-0.5","5-2-1-0-0.5"]]]
03-15 23:05:57.306  5754 19108 D CAWARENESS_34468_FlexJobExecutor: operatorType: 53
03-15 23:05:57.307  5754 19108 D CAWARENESS_34468_FlexJobExecutor: taskId: 601001931, lastAnalyseTime: 1773504000000, curAnalyseTime: 1773504000000
03-15 23:05:57.307  5754 19108 I CAWARENESS_34468_FusionLabelOperator: init: dataId=601001931 jsonArray=[[],53,11,5,[1,8],["630000012","2"],[14],[".*"],[100,7,["1-0-0-0-0.5","2-1-0-0-0.5","2-1-0-0-0.5","2-1-0-0-0.5","2-1-0-0-0.5","3-2-1-0-0.5","3-2-1-0-0.5","5-2-1-0-0.5"]]]
03-15 23:05:57.309  5754 19108 D CAWARENESS_34468_ConfigChecker: checkeLabelOperatorConfig
03-15 23:05:57.314  5754 19108 I CAWARENESS_34468_FusionLabelOperator: execute:[operIndex,OperSize]=[1, 2]
03-15 23:05:57.321  5754 19108 D CAWARENESS_34468_FlexJobExecutor: 601001931 result data size: 1
03-15 23:05:57.334  5754 19108 D CAWARENESS_34468_UpPersistManager: insert size: 1, result: 1
03-15 23:05:57.334  5754 19108 D CAWARENESS_34468_FlexJobExecutor: 601001931 result save success
03-15 23:05:57.338 12660 19115 D CAWARENESS_32269_OperatingDatabaseUtil: t_up_flex_task_status table update successful, update column count: 1
03-15 23:05:57.339  5754 19108 D CAWARENESS_34468_FlexJobExecutor: refreshTaskStatus: true
03-15 23:05:57.339  5754 19108 D CAWARENESS_34468_FlexJobExecutor: resource clean
03-15 23:05:57.341  5754 19108 D CAWARENESS_34468_FlexJobExecutor: taskParaArray: [[[],51,11,5,[1,8],["630000012","10"],[15],[".*"],[100,7,["2-1-0-0-0.5","2-1-0-0-0.5","3-1-0-0-0.5","7-2-1-0-0.5","31-7-3-1-0.5","63-14-7-1-0.5","63-19-7-3-0.5","127-26-15-3-0.5"]]],[[],53,11,5,[1,8],["630000012","10"],[15],[".*"],[100,7,["1-0-0-0-0.5","2-1-0-0-0.5","3-2-1-0-0.5","3-2-1-0-0.5","3-2-1-0-0.5","3-2-1-0-0.5","3-2-1-0-0.5","3-2-1-0-0.5"]]]]
03-15 23:05:57.342  5754 19108 D CAWARENESS_34468_FlexJobExecutor: dd operatorArray: [[],51,11,5,[1,8],["630000012","10"],[15],[".*"],[100,7,["2-1-0-0-0.5","2-1-0-0-0.5","3-1-0-0-0.5","7-2-1-0-0.5","31-7-3-1-0.5","63-14-7-1-0.5","63-19-7-3-0.5","127-26-15-3-0.5"]]]
03-15 23:05:57.342  5754 19108 D CAWARENESS_34468_FlexJobExecutor: operatorType: 51
03-15 23:05:57.342  5754 19108 D CAWARENESS_34468_FlexJobExecutor: taskId: 601001932, lastAnalyseTime: -1, curAnalyseTime: 1773504000000
03-15 23:05:57.342  5754 19108 I CAWARENESS_34468_FusionLabelOperator: init: dataId=601001932 jsonArray=[[],51,11,5,[1,8],["630000012","10"],[15],[".*"],[100,7,["2-1-0-0-0.5","2-1-0-0-0.5","3-1-0-0-0.5","7-2-1-0-0.5","31-7-3-1-0.5","63-14-7-1-0.5","63-19-7-3-0.5","127-26-15-3-0.5"]]]
03-15 23:05:57.345  5754 19108 D CAWARENESS_34468_ConfigChecker: checkeLabelOperatorConfig
03-15 23:05:57.351  5754 19108 I CAWARENESS_34468_FusionLabelOperator: execute:[operIndex,OperSize]=[0, 2]
03-15 23:05:57.353  5754 19108 D CAWARENESS_34468_FlexJobExecutor: dd operatorArray: [[],53,11,5,[1,8],["630000012","10"],[15],[".*"],[100,7,["1-0-0-0-0.5","2-1-0-0-0.5","3-2-1-0-0.5","3-2-1-0-0.5","3-2-1-0-0.5","3-2-1-0-0.5","3-2-1-0-0.5","3-2-1-0-0.5"]]]
03-15 23:05:57.353  5754 19108 D CAWARENESS_34468_FlexJobExecutor: operatorType: 53
03-15 23:05:57.353  5754 19108 D CAWARENESS_34468_FlexJobExecutor: taskId: 601001932, lastAnalyseTime: 1773504000000, curAnalyseTime: 1773504000000
03-15 23:05:57.354  5754 19108 I CAWARENESS_34468_FusionLabelOperator: init: dataId=601001932 jsonArray=[[],53,11,5,[1,8],["630000012","10"],[15],[".*"],[100,7,["1-0-0-0-0.5","2-1-0-0-0.5","3-2-1-0-0.5","3-2-1-0-0.5","3-2-1-0-0.5","3-2-1-0-0.5","3-2-1-0-0.5","3-2-1-0-0.5"]]]
03-15 23:05:57.355  5754 19108 D CAWARENESS_34468_ConfigChecker: checkeLabelOperatorConfig
03-15 23:05:57.361  5754 19108 I CAWARENESS_34468_FusionLabelOperator: execute:[operIndex,OperSize]=[1, 2]
03-15 23:05:57.367  5754 19108 D CAWARENESS_34468_FlexJobExecutor: 601001932 result data size: 1
03-15 23:05:57.378  5754 19108 D CAWARENESS_34468_UpPersistManager: insert size: 1, result: 1
03-15 23:05:57.378  5754 19108 D CAWARENESS_34468_FlexJobExecutor: 601001932 result save success
03-15 23:05:57.382 12660 19115 D CAWARENESS_32269_OperatingDatabaseUtil: t_up_flex_task_status table update successful, update column count: 1
03-15 23:05:57.383  5754 19108 D CAWARENESS_34468_FlexJobExecutor: refreshTaskStatus: true
03-15 23:05:57.383  5754 19108 D CAWARENESS_34468_FlexJobExecutor: resource clean
03-15 23:05:57.385  5754 19108 D CAWARENESS_34468_FlexJobExecutor: taskParaArray: [[[],51,11,5,[1,8],["630000012","1"],[15],[".*"],[100,7,["2-1-0-0-0.5","2-1-0-0-0.5","3-1-0-0-0.5","7-1-0-0-0.5","15-4-3-1-0.5","31-9-3-1-0.5","31-12-7-1-0.5","63-16-7-3-0.5"]]],[[],53,11,5,[1,8],["630000012","1"],[15],[".*"],[100,7,["1-0-0-0-0.5","2-1-0-0-0.5","3-2-1-0-0.5","3-2-1-0-0.5","3-2-1-0-0.5","3-2-1-0-0.5","3-2-1-0-0.5","3-2-1-0-0.5"]]]]
03-15 23:05:57.386  5754 19108 D CAWARENESS_34468_FlexJobExecutor: dd operatorArray: [[],51,11,5,[1,8],["630000012","1"],[15],[".*"],[100,7,["2-1-0-0-0.5","2-1-0-0-0.5","3-1-0-0-0.5","7-1-0-0-0.5","15-4-3-1-0.5","31-9-3-1-0.5","31-12-7-1-0.5","63-16-7-3-0.5"]]]
03-15 23:05:57.386  5754 19108 D CAWARENESS_34468_FlexJobExecutor: operatorType: 51
03-15 23:05:57.386  5754 19108 D CAWARENESS_34468_FlexJobExecutor: taskId: 601001933, lastAnalyseTime: -1, curAnalyseTime: 1773504000000
03-15 23:05:57.386  5754 19108 I CAWARENESS_34468_FusionLabelOperator: init: dataId=601001933 jsonArray=[[],51,11,5,[1,8],["630000012","1"],[15],[".*"],[100,7,["2-1-0-0-0.5","2-1-0-0-0.5","3-1-0-0-0.5","7-1-0-0-0.5","15-4-3-1-0.5","31-9-3-1-0.5","31-12-7-1-0.5","63-16-7-3-0.5"]]]
03-15 23:05:57.388  5754 19108 D CAWARENESS_34468_ConfigChecker: checkeLabelOperatorConfig
03-15 23:05:57.392  5754 19108 I CAWARENESS_34468_FusionLabelOperator: execute:[operIndex,OperSize]=[0, 2]
03-15 23:05:57.393  5754 19108 D CAWARENESS_34468_FlexJobExecutor: dd operatorArray: [[],53,11,5,[1,8],["630000012","1"],[15],[".*"],[100,7,["1-0-0-0-0.5","2-1-0-0-0.5","3-2-1-0-0.5","3-2-1-0-0.5","3-2-1-0-0.5","3-2-1-0-0.5","3-2-1-0-0.5","3-2-1-0-0.5"]]]
03-15 23:05:57.393  5754 19108 D CAWARENESS_34468_FlexJobExecutor: operatorType: 53
03-15 23:05:57.393  5754 19108 D CAWARENESS_34468_FlexJobExecutor: taskId: 601001933, lastAnalyseTime: 1773504000000, curAnalyseTime: 1773504000000
03-15 23:05:57.394  5754 19108 I CAWARENESS_34468_FusionLabelOperator: init: dataId=601001933 jsonArray=[[],53,11,5,[1,8],["630000012","1"],[15],[".*"],[100,7,["1-0-0-0-0.5","2-1-0-0-0.5","3-2-1-0-0.5","3-2-1-0-0.5","3-2-1-0-0.5","3-2-1-0-0.5","3-2-1-0-0.5","3-2-1-0-0.5"]]]
03-15 23:05:57.395  5754 19108 D CAWARENESS_34468_ConfigChecker: checkeLabelOperatorConfig
03-15 23:05:57.400  5754 19108 I CAWARENESS_34468_FusionLabelOperator: execute:[operIndex,OperSize]=[1, 2]
03-15 23:05:57.407  5754 19108 D CAWARENESS_34468_FlexJobExecutor: 601001933 result data size: 1
03-15 23:05:57.418  5754 19108 D CAWARENESS_34468_UpPersistManager: insert size: 1, result: 1
03-15 23:05:57.418  5754 19108 D CAWARENESS_34468_FlexJobExecutor: 601001933 result save success
03-15 23:05:57.421 12660 19115 D CAWARENESS_32269_OperatingDatabaseUtil: t_up_flex_task_status table update successful, update column count: 1
03-15 23:05:57.422  5754 19108 D CAWARENESS_34468_FlexJobExecutor: refreshTaskStatus: true
03-15 23:05:57.422  5754 19108 D CAWARENESS_34468_FlexJobExecutor: resource clean
03-15 23:05:57.423  5754 19108 D CAWARENESS_34468_FlexJobExecutor: taskParaArray: [[[],51,11,5,[1,8],["630000012","5"],[15],[".*"],[100,7,["2-1-0-0-0.5","3-1-0-0-0.5","7-1-0-0-0.5","15-3-1-0-0.5","63-12-3-1-0.5","127-24-7-1-0.5","127-33-15-3-0.5","127-44-15-3-0.5"]]],[[],53,11,5,[1,8],["630000012","5"],[15],[".*"],[100,7,["1-0-0-0-0.5","2-1-0-0-0.5","3-1-0-0-0.5","5-2-1-0-0.5","12-4-2-1-0.5","21-7-4-1-0.5","28-10-5-2-0.5","36-13-6-2-0.5"]]]]
03-15 23:05:57.423  5754 19108 D CAWARENESS_34468_FlexJobExecutor: dd operatorArray: [[],51,11,5,[1,8],["630000012","5"],[15],[".*"],[100,7,["2-1-0-0-0.5","3-1-0-0-0.5","7-1-0-0-0.5","15-3-1-0-0.5","63-12-3-1-0.5","127-24-7-1-0.5","127-33-15-3-0.5","127-44-15-3-0.5"]]]
03-15 23:05:57.423  5754 19108 D CAWARENESS_34468_FlexJobExecutor: operatorType: 51
03-15 23:05:57.424  5754 19108 D CAWARENESS_34468_FlexJobExecutor: taskId: 601001934, lastAnalyseTime: -1, curAnalyseTime: 1773504000000
03-15 23:05:57.424  5754 19108 I CAWARENESS_34468_FusionLabelOperator: init: dataId=601001934 jsonArray=[[],51,11,5,[1,8],["630000012","5"],[15],[".*"],[100,7,["2-1-0-0-0.5","3-1-0-0-0.5","7-1-0-0-0.5","15-3-1-0-0.5","63-12-3-1-0.5","127-24-7-1-0.5","127-33-15-3-0.5","127-44-15-3-0.5"]]]
03-15 23:05:57.426  5754 19108 D CAWARENESS_34468_ConfigChecker: checkeLabelOperatorConfig
03-15 23:05:57.431  5754 19108 I CAWARENESS_34468_FusionLabelOperator: execute:[operIndex,OperSize]=[0, 2]
03-15 23:05:57.432  5754 19108 D CAWARENESS_34468_FlexJobExecutor: dd operatorArray: [[],53,11,5,[1,8],["630000012","5"],[15],[".*"],[100,7,["1-0-0-0-0.5","2-1-0-0-0.5","3-1-0-0-0.5","5-2-1-0-0.5","12-4-2-1-0.5","21-7-4-1-0.5","28-10-5-2-0.5","36-13-6-2-0.5"]]]
03-15 23:05:57.432  5754 19108 D CAWARENESS_34468_FlexJobExecutor: operatorType: 53
03-15 23:05:57.433  5754 19108 D CAWARENESS_34468_FlexJobExecutor: taskId: 601001934, lastAnalyseTime: 1773504000000, curAnalyseTime: 1773504000000
03-15 23:05:57.433  5754 19108 I CAWARENESS_34468_FusionLabelOperator: init: dataId=601001934 jsonArray=[[],53,11,5,[1,8],["630000012","5"],[15],[".*"],[100,7,["1-0-0-0-0.5","2-1-0-0-0.5","3-1-0-0-0.5","5-2-1-0-0.5","12-4-2-1-0.5","21-7-4-1-0.5","28-10-5-2-0.5","36-13-6-2-0.5"]]]
03-15 23:05:57.435  5754 19108 D CAWARENESS_34468_ConfigChecker: checkeLabelOperatorConfig
03-15 23:05:57.439  5754 19108 I CAWARENESS_34468_FusionLabelOperator: execute:[operIndex,OperSize]=[1, 2]
03-15 23:05:57.444  5754 19108 D CAWARENESS_34468_FlexJobExecutor: 601001934 result data size: 1
03-15 23:05:57.452  5754 19108 D CAWARENESS_34468_UpPersistManager: insert size: 1, result: 1
03-15 23:05:57.453  5754 19108 D CAWARENESS_34468_FlexJobExecutor: 601001934 result save success
03-15 23:05:57.455 12660 19115 D CAWARENESS_32269_OperatingDatabaseUtil: t_up_flex_task_status table update successful, update column count: 1
03-15 23:05:57.456  5754 19108 D CAWARENESS_34468_FlexJobExecutor: refreshTaskStatus: true
03-15 23:05:57.456  5754 19108 D CAWARENESS_34468_FlexJobExecutor: resource clean
03-15 23:05:57.457  5754 19108 D CAWARENESS_34468_FlexJobExecutor: taskParaArray: [[[],51,0,5,[1,8],["630000003","5"],[],[],[100,7,["2-1-0-0-0.5","5-3-2-1-0.5","7-5-3-1-0.5","9-7-3-1-0.5","15-7-5-2-0.5","20-10-5-2-0.5","25-15-8-4-0.5","36-25-15-8-0.5"]]],[[],53,0,5,[1,8],["630000003","5"],[],[],[100,7,["1-0-0-0-0.5","2-1-0-0-0.5","2-1-0-0-0.5","3-2-1-0-0.5","4-3-2-1-0.5","8-6-4-2-0.5","12-9-6-3-0.5","24-18-12-6-0.5"]]]]
03-15 23:05:57.457  5754 19108 D CAWARENESS_34468_FlexJobExecutor: dd operatorArray: [[],51,0,5,[1,8],["630000003","5"],[],[],[100,7,["2-1-0-0-0.5","5-3-2-1-0.5","7-5-3-1-0.5","9-7-3-1-0.5","15-7-5-2-0.5","20-10-5-2-0.5","25-15-8-4-0.5","36-25-15-8-0.5"]]]
03-15 23:05:57.457  5754 19108 D CAWARENESS_34468_FlexJobExecutor: operatorType: 51
03-15 23:05:57.458  5754 19108 D CAWARENESS_34468_FlexJobExecutor: taskId: 601001945, lastAnalyseTime: -1, curAnalyseTime: 1773504000000
03-15 23:05:57.458  5754 19108 I CAWARENESS_34468_FusionLabelOperator: init: dataId=601001945 jsonArray=[[],51,0,5,[1,8],["630000003","5"],[],[],[100,7,["2-1-0-0-0.5","5-3-2-1-0.5","7-5-3-1-0.5","9-7-3-1-0.5","15-7-5-2-0.5","20-10-5-2-0.5","25-15-8-4-0.5","36-25-15-8-0.5"]]]
03-15 23:05:57.459  5754 19108 D CAWARENESS_34468_ConfigChecker: checkeLabelOperatorConfig
03-15 23:05:57.463  5754 19108 I CAWARENESS_34468_FusionLabelOperator: execute:[operIndex,OperSize]=[0, 2]
03-15 23:05:57.467  5754 19108 D CAWARENESS_34468_ThresholdUtil: dd is not exist threshold from cloud
03-15 23:05:57.467  5754 19108 D CAWARENESS_34468_FusionLabelOperator: specType labelOperatorType=51 tblList size=0
03-15 23:05:57.468  5754 19108 D CAWARENESS_34468_FusionLabelOperator: dd labelDaysSum {"days1Sum":0.0,"days3Sum":0.0,"days7Sum":0.0,"days14Sum":0.0,"days30Sum":0.0,"days60Sum":0.0,"days90Sum":0.0,"days180Sum":0.0}
03-15 23:05:57.468  5754 19108 D CAWARENESS_34468_FusionLabelOperator: specType=7
03-15 23:05:57.468  5754 19108 D CAWARENESS_34468_FusionLabelOperator: singleNormalLise: [sum,spec][0.0, 2-1-0-0-0.5]
03-15 23:05:57.468  5754 19108 D CAWARENESS_34468_FusionLabelOperator: singleNormalLise: [sum,spec][0.0, 5-3-2-1-0.5]
03-15 23:05:57.468  5754 19108 D CAWARENESS_34468_FusionLabelOperator: singleNormalLise: [sum,spec][0.0, 7-5-3-1-0.5]
03-15 23:05:57.468  5754 19108 D CAWARENESS_34468_FusionLabelOperator: singleNormalLise: [sum,spec][0.0, 9-7-3-1-0.5]
03-15 23:05:57.469  5754 19108 D CAWARENESS_34468_FusionLabelOperator: singleNormalLise: [sum,spec][0.0, 15-7-5-2-0.5]
03-15 23:05:57.469  5754 19108 D CAWARENESS_34468_FusionLabelOperator: singleNormalLise: [sum,spec][0.0, 20-10-5-2-0.5]
03-15 23:05:57.469  5754 19108 D CAWARENESS_34468_FusionLabelOperator: singleNormalLise: [sum,spec][0.0, 25-15-8-4-0.5]
03-15 23:05:57.469  5754 19108 D CAWARENESS_34468_FusionLabelOperator: singleNormalLise: [sum,spec][0.0, 36-25-15-8-0.5]
03-15 23:05:57.469  5754 19108 D CAWARENESS_34468_FusionLabelOperator: dd mergedValues=[0.0, 0.0, 0.0, 0.0, 0.0, 0.0, 0.0, 0.0]
03-15 23:05:57.470  5754 19108 D CAWARENESS_34468_FusionLabelOperator: dd result=[0.0,0.0,0.0,0.0,0.0,0.0,0.0,0.0]
03-15 23:05:57.470  5754 19108 D CAWARENESS_34468_FlexJobExecutor: dd operatorArray: [[],53,0,5,[1,8],["630000003","5"],[],[],[100,7,["1-0-0-0-0.5","2-1-0-0-0.5","2-1-0-0-0.5","3-2-1-0-0.5","4-3-2-1-0.5","8-6-4-2-0.5","12-9-6-3-0.5","24-18-12-6-0.5"]]]
03-15 23:05:57.471  5754 19108 D CAWARENESS_34468_FlexJobExecutor: operatorType: 53
03-15 23:05:57.471  5754 19108 D CAWARENESS_34468_FlexJobExecutor: taskId: 601001945, lastAnalyseTime: 1773504000000, curAnalyseTime: 1773504000000
03-15 23:05:57.471  5754 19108 I CAWARENESS_34468_FusionLabelOperator: init: dataId=601001945 jsonArray=[[],53,0,5,[1,8],["630000003","5"],[],[],[100,7,["1-0-0-0-0.5","2-1-0-0-0.5","2-1-0-0-0.5","3-2-1-0-0.5","4-3-2-1-0.5","8-6-4-2-0.5","12-9-6-3-0.5","24-18-12-6-0.5"]]]
03-15 23:05:57.472  5754 19108 D CAWARENESS_34468_ConfigChecker: checkeLabelOperatorConfig
03-15 23:05:57.476  5754 19108 I CAWARENESS_34468_FusionLabelOperator: execute:[operIndex,OperSize]=[1, 2]
03-15 23:05:57.481  5754 19108 D CAWARENESS_34468_ThresholdUtil: dd is not exist threshold from cloud
03-15 23:05:57.481  5754 19108 D CAWARENESS_34468_FusionLabelOperator: specType labelOperatorType=53 tblList size=0
03-15 23:05:57.481  5754 19108 D CAWARENESS_34468_FusionLabelOperator: dd labelDaysSum {"days1Sum":0.0,"days3Sum":0.0,"days7Sum":0.0,"days14Sum":0.0,"days30Sum":0.0,"days60Sum":0.0,"days90Sum":0.0,"days180Sum":0.0}
03-15 23:05:57.482  5754 19108 D CAWARENESS_34468_FusionLabelOperator: specType=7
03-15 23:05:57.482  5754 19108 D CAWARENESS_34468_FusionLabelOperator: singleNormalLise: [sum,spec][0.0, 1-0-0-0-0.5]
03-15 23:05:57.482  5754 19108 D CAWARENESS_34468_FusionLabelOperator: singleNormalLise: [sum,spec][0.0, 2-1-0-0-0.5]
03-15 23:05:57.482  5754 19108 D CAWARENESS_34468_FusionLabelOperator: singleNormalLise: [sum,spec][0.0, 2-1-0-0-0.5]
03-15 23:05:57.482  5754 19108 D CAWARENESS_34468_FusionLabelOperator: singleNormalLise: [sum,spec][0.0, 3-2-1-0-0.5]
03-15 23:05:57.482  5754 19108 D CAWARENESS_34468_FusionLabelOperator: singleNormalLise: [sum,spec][0.0, 4-3-2-1-0.5]
03-15 23:05:57.482  5754 19108 D CAWARENESS_34468_FusionLabelOperator: singleNormalLise: [sum,spec][0.0, 8-6-4-2-0.5]
03-15 23:05:57.482  5754 19108 D CAWARENESS_34468_FusionLabelOperator: singleNormalLise: [sum,spec][0.0, 12-9-6-3-0.5]
03-15 23:05:57.482  5754 19108 D CAWARENESS_34468_FusionLabelOperator: singleNormalLise: [sum,spec][0.0, 24-18-12-6-0.5]
03-15 23:05:57.483  5754 19108 D CAWARENESS_34468_FusionLabelOperator: dd mergedValues=[0.0, 0.0, 0.0, 0.0, 0.0, 0.0, 0.0, 0.0]
03-15 23:05:57.483  5754 19108 D CAWARENESS_34468_WeightConversionUtil: dd conversion before {"level_14days":"pe","level_180days":"pe","level_30days":"pe","level_90days":"pe","level_1days":"pe","level_7days":"pe","level_60days":"pe","level_3days":"pe"}
03-15 23:05:57.483  5754 19108 D CAWARENESS_34468_WeightConversionUtil: dd conversion after {"level_14days":"pe","level_180days":"pe","level_30days":"pe","level_90days":"pe","level_1days":"pe","level_7days":"pe","level_60days":"pe","level_3days":"pe"}
03-15 23:05:57.488  5754 19108 D CAWARENESS_34468_FusionLabelOperator: dd result={"dataVersion":100,"labelName":"HarmonyPreference","labelValue":"{\"level_1days\":\"pe\",\"level_3days\":\"pe\",\"level_7days\":\"pe\",\"level_14days\":\"pe\",\"level_30days\":\"pe\",\"level_60days\":\"pe\",\"level_90days\":\"pe\",\"level_180days\":\"pe\"}","dataId":601001945,"timestamp":1773587157487}
03-15 23:05:57.488  5754 19108 D CAWARENESS_34468_FlexJobExecutor: 601001945 result data size: 1
03-15 23:05:57.497  5754 19108 D CAWARENESS_34468_UpPersistManager: insert size: 1, result: 1
03-15 23:05:57.498  5754 19108 D CAWARENESS_34468_FlexJobExecutor: 601001945 result save success
03-15 23:05:57.500 12660 19115 D CAWARENESS_32269_OperatingDatabaseUtil: t_up_flex_task_status table update successful, update column count: 1
03-15 23:05:57.501  5754 19108 D CAWARENESS_34468_FlexJobExecutor: refreshTaskStatus: true
03-15 23:05:57.501  5754 19108 D CAWARENESS_34468_FlexJobExecutor: resource clean
03-15 23:05:57.502  5754 19108 D CAWARENESS_34468_FlexJobExecutor: taskParaArray: [[[],1,0,5,[1,12],["630000017","34"],[],[],[100,0,["2-1-0-0","2-1-0-0","3-1-0-0","7-2-1-0","7-4-3-1","15-7-3-1","31-9-7-1","31-17-7-3"]]]]
03-15 23:05:57.502  5754 19108 D CAWARENESS_34468_FlexJobExecutor: dd operatorArray: [[],1,0,5,[1,12],["630000017","34"],[],[],[100,0,["2-1-0-0","2-1-0-0","3-1-0-0","7-2-1-0","7-4-3-1","15-7-3-1","31-9-7-1","31-17-7-3"]]]
03-15 23:05:57.502  5754 19108 D CAWARENESS_34468_FlexJobExecutor: operatorType: 1
03-15 23:05:57.502  5754 19108 D CAWARENESS_34468_FlexJobExecutor: taskId: 601001946, lastAnalyseTime: -1, curAnalyseTime: 1773504000000
03-15 23:05:57.503  5754 19108 I CAWARENESS_34468_CommonLabelOperator: init: dataId=601001946 jsonArray=[[],1,0,5,[1,12],["630000017","34"],[],[],[100,0,["2-1-0-0","2-1-0-0","3-1-0-0","7-2-1-0","7-4-3-1","15-7-3-1","31-9-7-1","31-17-7-3"]]]
03-15 23:05:57.504  5754 19108 D CAWARENESS_34468_ConfigChecker: checkeLabelOperatorConfig
03-15 23:05:57.511  5754 19108 W CAWARENESS_34468_CommonLabelOperator: query labelName fail
03-15 23:05:57.512  5754 19108 W CAWARENESS_34468_CommonLabelOperator: execute: no need generate 601001946
03-15 23:05:57.513  5754 19108 D CAWARENESS_34468_FlexJobExecutor: 601001946 result data size: 0
03-15 23:05:57.513  5754 19108 W CAWARENESS_34468_FlexJobExecutor: 601001946 execute fail: result empty
03-15 23:05:57.520 12660 19115 D CAWARENESS_32269_OperatingDatabaseUtil: t_up_flex_task_status table update successful, update column count: 1
03-15 23:05:57.521  5754 19108 D CAWARENESS_34468_FlexJobExecutor: refreshTaskStatus: true
03-15 23:05:57.521  5754 19108 D CAWARENESS_34468_FlexJobExecutor: resource clean
03-15 23:05:57.522  5754 19108 D CAWARENESS_34468_FlexJobExecutor: taskParaArray: [[[],2,0,5,[1,12],["630000017","34"],[],[],[100,0,["1-0.1-0-0","1-0.1-0-0","3-0.1-0-0","3-0.8-0-0","7-3-1-0","15-5-3-1","15-8-3-1","31-15-7-3"]]]]
03-15 23:05:57.522  5754 19108 D CAWARENESS_34468_FlexJobExecutor: dd operatorArray: [[],2,0,5,[1,12],["630000017","34"],[],[],[100,0,["1-0.1-0-0","1-0.1-0-0","3-0.1-0-0","3-0.8-0-0","7-3-1-0","15-5-3-1","15-8-3-1","31-15-7-3"]]]
03-15 23:05:57.522  5754 19108 D CAWARENESS_34468_FlexJobExecutor: operatorType: 2
03-15 23:05:57.522  5754 19108 D CAWARENESS_34468_FlexJobExecutor: taskId: 601001947, lastAnalyseTime: -1, curAnalyseTime: 1773504000000
03-15 23:05:57.523  5754 19108 I CAWARENESS_34468_CommonLabelOperator: init: dataId=601001947 jsonArray=[[],2,0,5,[1,12],["630000017","34"],[],[],[100,0,["1-0.1-0-0","1-0.1-0-0","3-0.1-0-0","3-0.8-0-0","7-3-1-0","15-5-3-1","15-8-3-1","31-15-7-3"]]]
03-15 23:05:57.524  5754 19108 D CAWARENESS_34468_ConfigChecker: checkeLabelOperatorConfig
03-15 23:05:57.530  5754 19108 W CAWARENESS_34468_CommonLabelOperator: query labelName fail
03-15 23:05:57.532  5754 19108 W CAWARENESS_34468_CommonLabelOperator: execute: no need generate 601001947
03-15 23:05:57.532  5754 19108 D CAWARENESS_34468_FlexJobExecutor: 601001947 result data size: 0
03-15 23:05:57.532  5754 19108 W CAWARENESS_34468_FlexJobExecutor: 601001947 execute fail: result empty
03-15 23:05:57.539 12660 19115 D CAWARENESS_32269_OperatingDatabaseUtil: t_up_flex_task_status table update successful, update column count: 1
03-15 23:05:57.540  5754 19108 D CAWARENESS_34468_FlexJobExecutor: refreshTaskStatus: true
03-15 23:05:57.540  5754 19108 D CAWARENESS_34468_FlexJobExecutor: resource clean
03-15 23:05:57.541  5754 19108 D CAWARENESS_34468_FlexJobExecutor: taskParaArray: [[[],3,0,5,[1,12],["630000017","34"],[],[],[100,0,["1-0-0-0","1-0-0-0","2-1-0-0","2-1-0-0","3-1-0-0","4-2-1-0","6-3-2-1","9-4-3-2"]]]]
03-15 23:05:57.541  5754 19108 D CAWARENESS_34468_FlexJobExecutor: dd operatorArray: [[],3,0,5,[1,12],["630000017","34"],[],[],[100,0,["1-0-0-0","1-0-0-0","2-1-0-0","2-1-0-0","3-1-0-0","4-2-1-0","6-3-2-1","9-4-3-2"]]]
03-15 23:05:57.541  5754 19108 D CAWARENESS_34468_FlexJobExecutor: operatorType: 3
