03-15 23:05:56.821  5754 19108 D CAWARENESS_34468_FlexJobExecutor: resource clean
03-15 23:05:56.822  5754 19108 D CAWARENESS_34468_FlexJobExecutor: taskParaArray: [[[],51,93,5,[1,8],["630000012","0"],[13],[".*"],[100,7,["2-1-0-0-0.2","2-1-0-0-0.2","2-1-0-0-0.2","2-1-0-0-0.2","2-1-0-0-0.2","","",""]]],[[],51,93,5,[1,8],["630000012","1"],[13],[".*"],[100,7,["3-2-1-0-0.3","4-2-1-0-0.3","4-2-1-0-0.3","4-3-2-1-0.3","4-3-2-1-0.3","","",""]]],[[],51,93,5,[1,8],["630000012","2"],[13],[".*"],[100,7,["2-1-0-0-0.2","3-2-1-0-0.2","3-2-1-0-0.2","3-2-1-0-0.2","3-2-1-0-0.2","","",""]]],[[],51,93,5,[1,8],["630000012","5"],[13],[".*"],[100,7,["5-3-2-1-0.5","6-3-2-1-0.5","7-4-2-1-0.5","8-4-2-1-0.5","10-5-3-2-0.5","","",""]]],[[],51,93,5,[1,8],["630000012","6"],[13],[".*"],[100,7,["2-1-0-0-0.1","3-2-1-0-0.1","4-3-2-1-0.1","5-3-2-1-0.1","7-3-2-1-0.1","","",""]]],[[],51,93,5,[1,8],["630000012","7"],[13],[".*"],[100,7,["2-1-0-0-0.1","2-1-0-0-0.1","2-1-0-0-0.1","2-1-0-0-0.1","2-1-0-0-0.1","","",""]]],[[],51,93,5,[1,8],["630000012","10"],[13],[".*"],[100,7,["3-2-1-0-0.3","3-2-1-0-0.3","3-2-1-0-0.3","3-2-1-0-0.3","4-2-1-0-0.3","","",""]]]]
03-15 23:05:56.822  5754 19108 D CAWARENESS_34468_FlexJobExecutor: dd operatorArray: [[],51,93,5,[1,8],["630000012","0"],[13],[".*"],[100,7,["2-1-0-0-0.2","2-1-0-0-0.2","2-1-0-0-0.2","2-1-0-0-0.2","2-1-0-0-0.2","","",""]]]
03-15 23:05:56.822  5754 19108 D CAWARENESS_34468_FlexJobExecutor: operatorType: 51
03-15 23:05:56.822  5754 19108 D CAWARENESS_34468_FlexJobExecutor: taskId: 601001811, lastAnalyseTime: -1, curAnalyseTime: 1773504000000
03-15 23:05:56.823  5754 19108 I CAWARENESS_34468_FusionLabelOperator: init: dataId=601001811 jsonArray=[[],51,93,5,[1,8],["630000012","0"],[13],[".*"],[100,7,["2-1-0-0-0.2","2-1-0-0-0.2","2-1-0-0-0.2","2-1-0-0-0.2","2-1-0-0-0.2","","",""]]]
03-15 23:05:56.823  5754 19108 D CAWARENESS_34468_ConfigChecker: checkeLabelOperatorConfig
03-15 23:05:56.826  5754 19108 I CAWARENESS_34468_FusionLabelOperator: execute:[operIndex,OperSize]=[0, 7]
03-15 23:05:56.829  5754 19108 D CAWARENESS_34468_FlexJobExecutor: dd operatorArray: [[],51,93,5,[1,8],["630000012","1"],[13],[".*"],[100,7,["3-2-1-0-0.3","4-2-1-0-0.3","4-2-1-0-0.3","4-3-2-1-0.3","4-3-2-1-0.3","","",""]]]
03-15 23:05:56.829  5754 19108 D CAWARENESS_34468_FlexJobExecutor: operatorType: 51
03-15 23:05:56.829  5754 19108 D CAWARENESS_34468_FlexJobExecutor: taskId: 601001811, lastAnalyseTime: 1773504000000, curAnalyseTime: 1773504000000
03-15 23:05:56.830  5754 19108 I CAWARENESS_34468_FusionLabelOperator: init: dataId=601001811 jsonArray=[[],51,93,5,[1,8],["630000012","1"],[13],[".*"],[100,7,["3-2-1-0-0.3","4-2-1-0-0.3","4-2-1-0-0.3","4-3-2-1-0.3","4-3-2-1-0.3","","",""]]]
03-15 23:05:56.830  5754 19108 D CAWARENESS_34468_ConfigChecker: checkeLabelOperatorConfig
03-15 23:05:56.833  5754 19108 I CAWARENESS_34468_FusionLabelOperator: execute:[operIndex,OperSize]=[1, 7]
03-15 23:05:56.834  5754 19108 D CAWARENESS_34468_FlexJobExecutor: dd operatorArray: [[],51,93,5,[1,8],["630000012","2"],[13],[".*"],[100,7,["2-1-0-0-0.2","3-2-1-0-0.2","3-2-1-0-0.2","3-2-1-0-0.2","3-2-1-0-0.2","","",""]]]
03-15 23:05:56.834  5754 19108 D CAWARENESS_34468_FlexJobExecutor: operatorType: 51
03-15 23:05:56.834  5754 19108 D CAWARENESS_34468_FlexJobExecutor: taskId: 601001811, lastAnalyseTime: 1773504000000, curAnalyseTime: 1773504000000
03-15 23:05:56.835  5754 19108 I CAWARENESS_34468_FusionLabelOperator: init: dataId=601001811 jsonArray=[[],51,93,5,[1,8],["630000012","2"],[13],[".*"],[100,7,["2-1-0-0-0.2","3-2-1-0-0.2","3-2-1-0-0.2","3-2-1-0-0.2","3-2-1-0-0.2","","",""]]]
03-15 23:05:56.835  5754 19108 D CAWARENESS_34468_ConfigChecker: checkeLabelOperatorConfig
03-15 23:05:56.838  5754 19108 I CAWARENESS_34468_FusionLabelOperator: execute:[operIndex,OperSize]=[2, 7]
03-15 23:05:56.838  5754 19108 D CAWARENESS_34468_FlexJobExecutor: dd operatorArray: [[],51,93,5,[1,8],["630000012","5"],[13],[".*"],[100,7,["5-3-2-1-0.5","6-3-2-1-0.5","7-4-2-1-0.5","8-4-2-1-0.5","10-5-3-2-0.5","","",""]]]
03-15 23:05:56.839  5754 19108 D CAWARENESS_34468_FlexJobExecutor: operatorType: 51
03-15 23:05:56.839  5754 19108 D CAWARENESS_34468_FlexJobExecutor: taskId: 601001811, lastAnalyseTime: 1773504000000, curAnalyseTime: 1773504000000
03-15 23:05:56.839  5754 19108 I CAWARENESS_34468_FusionLabelOperator: init: dataId=601001811 jsonArray=[[],51,93,5,[1,8],["630000012","5"],[13],[".*"],[100,7,["5-3-2-1-0.5","6-3-2-1-0.5","7-4-2-1-0.5","8-4-2-1-0.5","10-5-3-2-0.5","","",""]]]
03-15 23:05:56.840  5754 19108 D CAWARENESS_34468_ConfigChecker: checkeLabelOperatorConfig
03-15 23:05:56.843  5754 19108 I CAWARENESS_34468_FusionLabelOperator: execute:[operIndex,OperSize]=[3, 7]
03-15 23:05:56.844  5754 19108 D CAWARENESS_34468_FlexJobExecutor: dd operatorArray: [[],51,93,5,[1,8],["630000012","6"],[13],[".*"],[100,7,["2-1-0-0-0.1","3-2-1-0-0.1","4-3-2-1-0.1","5-3-2-1-0.1","7-3-2-1-0.1","","",""]]]
03-15 23:05:56.844  5754 19108 D CAWARENESS_34468_FlexJobExecutor: operatorType: 51
03-15 23:05:56.844  5754 19108 D CAWARENESS_34468_FlexJobExecutor: taskId: 601001811, lastAnalyseTime: 1773504000000, curAnalyseTime: 1773504000000
03-15 23:05:56.844  5754 19108 I CAWARENESS_34468_FusionLabelOperator: init: dataId=601001811 jsonArray=[[],51,93,5,[1,8],["630000012","6"],[13],[".*"],[100,7,["2-1-0-0-0.1","3-2-1-0-0.1","4-3-2-1-0.1","5-3-2-1-0.1","7-3-2-1-0.1","","",""]]]
03-15 23:05:56.844  5754 19108 D CAWARENESS_34468_ConfigChecker: checkeLabelOperatorConfig
03-15 23:05:56.846  5754 19108 I CAWARENESS_34468_FusionLabelOperator: execute:[operIndex,OperSize]=[4, 7]
03-15 23:05:56.846  5754 19108 D CAWARENESS_34468_FlexJobExecutor: dd operatorArray: [[],51,93,5,[1,8],["630000012","7"],[13],[".*"],[100,7,["2-1-0-0-0.1","2-1-0-0-0.1","2-1-0-0-0.1","2-1-0-0-0.1","2-1-0-0-0.1","","",""]]]
03-15 23:05:56.846  5754 19108 D CAWARENESS_34468_FlexJobExecutor: operatorType: 51
03-15 23:05:56.846  5754 19108 D CAWARENESS_34468_FlexJobExecutor: taskId: 601001811, lastAnalyseTime: 1773504000000, curAnalyseTime: 1773504000000
03-15 23:05:56.846  5754 19108 I CAWARENESS_34468_FusionLabelOperator: init: dataId=601001811 jsonArray=[[],51,93,5,[1,8],["630000012","7"],[13],[".*"],[100,7,["2-1-0-0-0.1","2-1-0-0-0.1","2-1-0-0-0.1","2-1-0-0-0.1","2-1-0-0-0.1","","",""]]]
03-15 23:05:56.847  5754 19108 D CAWARENESS_34468_ConfigChecker: checkeLabelOperatorConfig
03-15 23:05:56.848  5754 19108 I CAWARENESS_34468_FusionLabelOperator: execute:[operIndex,OperSize]=[5, 7]
03-15 23:05:56.848  5754 19108 D CAWARENESS_34468_FlexJobExecutor: dd operatorArray: [[],51,93,5,[1,8],["630000012","10"],[13],[".*"],[100,7,["3-2-1-0-0.3","3-2-1-0-0.3","3-2-1-0-0.3","3-2-1-0-0.3","4-2-1-0-0.3","","",""]]]
03-15 23:05:56.848  5754 19108 D CAWARENESS_34468_FlexJobExecutor: operatorType: 51
03-15 23:05:56.848  5754 19108 D CAWARENESS_34468_FlexJobExecutor: taskId: 601001811, lastAnalyseTime: 1773504000000, curAnalyseTime: 1773504000000
03-15 23:05:56.849  5754 19108 I CAWARENESS_34468_FusionLabelOperator: init: dataId=601001811 jsonArray=[[],51,93,5,[1,8],["630000012","10"],[13],[".*"],[100,7,["3-2-1-0-0.3","3-2-1-0-0.3","3-2-1-0-0.3","3-2-1-0-0.3","4-2-1-0-0.3","","",""]]]
03-15 23:05:56.849  5754 19108 D CAWARENESS_34468_ConfigChecker: checkeLabelOperatorConfig
03-15 23:05:56.850  5754 19108 I CAWARENESS_34468_FusionLabelOperator: execute:[operIndex,OperSize]=[6, 7]
03-15 23:05:56.851  5754 19108 D CAWARENESS_34468_FlexJobExecutor: 601001811 result data size: 1
03-15 23:05:56.852  5754  5771 I com.huawei.hia: Background young concurrent copying GC freed 171222(8009KB) AllocSpace objects, 0(0B) LOS objects, 12% free, 52MB/60MB,  current_footprint is 59MB, capacity is 512MB, growth limit is 512MB, paused 340us,116us total 46.237ms cpu time 39.457ms DisableRefAccess:4.684ms(4.366ms), NotOnTop, cpufreq(0-7): 1550000 1550000 1550000 1550000 1536000 1536000 1536000 1536000, curUsage: 0.839286, Perceptible, last gc 1377.712ms, last Background young 1377.712ms, last free 8894600, 0, process name: "com.huawei.hiai"
03-15 23:05:56.855  5754 19108 D CAWARENESS_34468_UpPersistManager: insert size: 1, result: 1
03-15 23:05:56.855  5754 19108 D CAWARENESS_34468_FlexJobExecutor: 601001811 result save success
03-15 23:05:56.857 12660 19112 D CAWARENESS_32269_OperatingDatabaseUtil: t_up_flex_task_status table update successful, update column count: 1
03-15 23:05:56.858  5754 19108 D CAWARENESS_34468_FlexJobExecutor: refreshTaskStatus: true
03-15 23:05:56.858  5754 19108 D CAWARENESS_34468_FlexJobExecutor: resource clean
03-15 23:05:56.859  5754 19108 D CAWARENESS_34468_FlexJobExecutor: taskParaArray: [[[],51,93,5,[1,8],["630000012","0"],[14],[".*"],[100,7,["2-1-0-0-0.2","2-1-0-0-0.2","2-1-0-0-0.2","2-1-0-0-0.2","2-1-0-0-0.2","","",""]]],[[],51,93,5,[1,8],["630000012","1"],[14],[".*"],[100,7,["3-2-1-0-0.3","3-2-1-0-0.3","3-2-1-0-0.3","4-2-1-0-0.3","4-2-1-0-0.3","","",""]]],[[],51,93,5,[1,8],["630000012","2"],[14],[".*"],[100,7,["2-1-0-0-0.2","2-1-0-0-0.2","2-1-0-0-0.2","3-2-1-0-0.2","3-2-1-0-0.2","","",""]]],[[],51,93,5,[1,8],["630000012","5"],[14],[".*"],[100,7,["4-2-1-0-0.5","5-3-2-1-0.5","5-3-2-1-0.5","6-3-2-1-0.5","6-3-2-1-0.5","","",""]]],[[],51,93,5,[1,8],["630000012","6"],[14],[".*"],[100,7,["2-1-0-0-0.1","3-2-1-0-0.1","3-2-1-0-0.1","4-2-1-0-0.1","4-2-1-0-0.1","","",""]]],[[],51,93,5,[1,8],["630000012","7"],[14],[".*"],[100,7,["2-1-0-0-0.1","2-1-0-0-0.1","2-1-0-0-0.1","2-1-0-0-0.1","2-1-0-0-0.1","","",""]]],[[],51,93,5,[1,8],["630000012","10"],[14],[".*"],[100,7,["3-2-1-0-0.3","3-2-1-0-0.3","3-2-1-0-0.3","3-2-1-0-0.3","3-2-1-0-0.3","","",""]]]]
03-15 23:05:56.859  5754 19108 D CAWARENESS_34468_FlexJobExecutor: dd operatorArray: [[],51,93,5,[1,8],["630000012","0"],[14],[".*"],[100,7,["2-1-0-0-0.2","2-1-0-0-0.2","2-1-0-0-0.2","2-1-0-0-0.2","2-1-0-0-0.2","","",""]]]
03-15 23:05:56.859  5754 19108 D CAWARENESS_34468_FlexJobExecutor: operatorType: 51
03-15 23:05:56.859  5754 19108 D CAWARENESS_34468_FlexJobExecutor: taskId: 601001812, lastAnalyseTime: -1, curAnalyseTime: 1773504000000
03-15 23:05:56.859  5754 19108 I CAWARENESS_34468_FusionLabelOperator: init: dataId=601001812 jsonArray=[[],51,93,5,[1,8],["630000012","0"],[14],[".*"],[100,7,["2-1-0-0-0.2","2-1-0-0-0.2","2-1-0-0-0.2","2-1-0-0-0.2","2-1-0-0-0.2","","",""]]]
03-15 23:05:56.860  5754 19108 D CAWARENESS_34468_ConfigChecker: checkeLabelOperatorConfig
03-15 23:05:56.863  5754 19108 I CAWARENESS_34468_FusionLabelOperator: execute:[operIndex,OperSize]=[0, 7]
03-15 23:05:56.863  5754 19108 D CAWARENESS_34468_FlexJobExecutor: dd operatorArray: [[],51,93,5,[1,8],["630000012","1"],[14],[".*"],[100,7,["3-2-1-0-0.3","3-2-1-0-0.3","3-2-1-0-0.3","4-2-1-0-0.3","4-2-1-0-0.3","","",""]]]
03-15 23:05:56.863  5754 19108 D CAWARENESS_34468_FlexJobExecutor: operatorType: 51
03-15 23:05:56.863  5754 19108 D CAWARENESS_34468_FlexJobExecutor: taskId: 601001812, lastAnalyseTime: 1773504000000, curAnalyseTime: 1773504000000
03-15 23:05:56.864  5754 19108 I CAWARENESS_34468_FusionLabelOperator: init: dataId=601001812 jsonArray=[[],51,93,5,[1,8],["630000012","1"],[14],[".*"],[100,7,["3-2-1-0-0.3","3-2-1-0-0.3","3-2-1-0-0.3","4-2-1-0-0.3","4-2-1-0-0.3","","",""]]]
03-15 23:05:56.865  5754 19108 D CAWARENESS_34468_ConfigChecker: checkeLabelOperatorConfig
03-15 23:05:56.868  5754 19108 I CAWARENESS_34468_FusionLabelOperator: execute:[operIndex,OperSize]=[1, 7]
03-15 23:05:56.869  5754 19108 D CAWARENESS_34468_FlexJobExecutor: dd operatorArray: [[],51,93,5,[1,8],["630000012","2"],[14],[".*"],[100,7,["2-1-0-0-0.2","2-1-0-0-0.2","2-1-0-0-0.2","3-2-1-0-0.2","3-2-1-0-0.2","","",""]]]
03-15 23:05:56.869  5754 19108 D CAWARENESS_34468_FlexJobExecutor: operatorType: 51
03-15 23:05:56.869  5754 19108 D CAWARENESS_34468_FlexJobExecutor: taskId: 601001812, lastAnalyseTime: 1773504000000, curAnalyseTime: 1773504000000
03-15 23:05:56.869  5754 19108 I CAWARENESS_34468_FusionLabelOperator: init: dataId=601001812 jsonArray=[[],51,93,5,[1,8],["630000012","2"],[14],[".*"],[100,7,["2-1-0-0-0.2","2-1-0-0-0.2","2-1-0-0-0.2","3-2-1-0-0.2","3-2-1-0-0.2","","",""]]]
03-15 23:05:56.870  5754 19108 D CAWARENESS_34468_ConfigChecker: checkeLabelOperatorConfig
03-15 23:05:56.873  5754 19108 I CAWARENESS_34468_FusionLabelOperator: execute:[operIndex,OperSize]=[2, 7]
03-15 23:05:56.874  5754 19108 D CAWARENESS_34468_FlexJobExecutor: dd operatorArray: [[],51,93,5,[1,8],["630000012","5"],[14],[".*"],[100,7,["4-2-1-0-0.5","5-3-2-1-0.5","5-3-2-1-0.5","6-3-2-1-0.5","6-3-2-1-0.5","","",""]]]
03-15 23:05:56.874  5754 19108 D CAWARENESS_34468_FlexJobExecutor: operatorType: 51
03-15 23:05:56.874  5754 19108 D CAWARENESS_34468_FlexJobExecutor: taskId: 601001812, lastAnalyseTime: 1773504000000, curAnalyseTime: 1773504000000
03-15 23:05:56.875  5754 19108 I CAWARENESS_34468_FusionLabelOperator: init: dataId=601001812 jsonArray=[[],51,93,5,[1,8],["630000012","5"],[14],[".*"],[100,7,["4-2-1-0-0.5","5-3-2-1-0.5","5-3-2-1-0.5","6-3-2-1-0.5","6-3-2-1-0.5","","",""]]]
03-15 23:05:56.875  5754 19108 D CAWARENESS_34468_ConfigChecker: checkeLabelOperatorConfig
03-15 23:05:56.878  5754 19108 I CAWARENESS_34468_FusionLabelOperator: execute:[operIndex,OperSize]=[3, 7]
03-15 23:05:56.879  5754 19108 D CAWARENESS_34468_FlexJobExecutor: dd operatorArray: [[],51,93,5,[1,8],["630000012","6"],[14],[".*"],[100,7,["2-1-0-0-0.1","3-2-1-0-0.1","3-2-1-0-0.1","4-2-1-0-0.1","4-2-1-0-0.1","","",""]]]
03-15 23:05:56.879  5754 19108 D CAWARENESS_34468_FlexJobExecutor: operatorType: 51
03-15 23:05:56.879  5754 19108 D CAWARENESS_34468_FlexJobExecutor: taskId: 601001812, lastAnalyseTime: 1773504000000, curAnalyseTime: 1773504000000
03-15 23:05:56.879  5754 19108 I CAWARENESS_34468_FusionLabelOperator: init: dataId=601001812 jsonArray=[[],51,93,5,[1,8],["630000012","6"],[14],[".*"],[100,7,["2-1-0-0-0.1","3-2-1-0-0.1","3-2-1-0-0.1","4-2-1-0-0.1","4-2-1-0-0.1","","",""]]]
03-15 23:05:56.880  5754 19108 D CAWARENESS_34468_ConfigChecker: checkeLabelOperatorConfig
03-15 23:05:56.883  5754 19108 I CAWARENESS_34468_FusionLabelOperator: execute:[operIndex,OperSize]=[4, 7]
03-15 23:05:56.884  5754 19108 D CAWARENESS_34468_FlexJobExecutor: dd operatorArray: [[],51,93,5,[1,8],["630000012","7"],[14],[".*"],[100,7,["2-1-0-0-0.1","2-1-0-0-0.1","2-1-0-0-0.1","2-1-0-0-0.1","2-1-0-0-0.1","","",""]]]
03-15 23:05:56.884  5754 19108 D CAWARENESS_34468_FlexJobExecutor: operatorType: 51
03-15 23:05:56.884  5754 19108 D CAWARENESS_34468_FlexJobExecutor: taskId: 601001812, lastAnalyseTime: 1773504000000, curAnalyseTime: 1773504000000
03-15 23:05:56.884  5754 19108 I CAWARENESS_34468_FusionLabelOperator: init: dataId=601001812 jsonArray=[[],51,93,5,[1,8],["630000012","7"],[14],[".*"],[100,7,["2-1-0-0-0.1","2-1-0-0-0.1","2-1-0-0-0.1","2-1-0-0-0.1","2-1-0-0-0.1","","",""]]]
03-15 23:05:56.885  5754 19108 D CAWARENESS_34468_ConfigChecker: checkeLabelOperatorConfig
03-15 23:05:56.888  5754 19108 I CAWARENESS_34468_FusionLabelOperator: execute:[operIndex,OperSize]=[5, 7]
03-15 23:05:56.888  5754 19108 D CAWARENESS_34468_FlexJobExecutor: dd operatorArray: [[],51,93,5,[1,8],["630000012","10"],[14],[".*"],[100,7,["3-2-1-0-0.3","3-2-1-0-0.3","3-2-1-0-0.3","3-2-1-0-0.3","3-2-1-0-0.3","","",""]]]
03-15 23:05:56.889  5754 19108 D CAWARENESS_34468_FlexJobExecutor: operatorType: 51
03-15 23:05:56.889  5754 19108 D CAWARENESS_34468_FlexJobExecutor: taskId: 601001812, lastAnalyseTime: 1773504000000, curAnalyseTime: 1773504000000
03-15 23:05:56.889  5754 19108 I CAWARENESS_34468_FusionLabelOperator: init: dataId=601001812 jsonArray=[[],51,93,5,[1,8],["630000012","10"],[14],[".*"],[100,7,["3-2-1-0-0.3","3-2-1-0-0.3","3-2-1-0-0.3","3-2-1-0-0.3","3-2-1-0-0.3","","",""]]]
03-15 23:05:56.890  5754 19108 D CAWARENESS_34468_ConfigChecker: checkeLabelOperatorConfig
03-15 23:05:56.892  5754 19108 I CAWARENESS_34468_FusionLabelOperator: execute:[operIndex,OperSize]=[6, 7]
03-15 23:05:56.896  5754 19108 D CAWARENESS_34468_FlexJobExecutor: 601001812 result data size: 1
03-15 23:05:56.901  5754 19108 D CAWARENESS_34468_UpPersistManager: insert size: 1, result: 1
03-15 23:05:56.901  5754 19108 D CAWARENESS_34468_FlexJobExecutor: 601001812 result save success
03-15 23:05:56.903 12660 19115 D CAWARENESS_32269_OperatingDatabaseUtil: t_up_flex_task_status table update successful, update column count: 1
03-15 23:05:56.903  5754 19108 D CAWARENESS_34468_FlexJobExecutor: refreshTaskStatus: true
03-15 23:05:56.903  5754 19108 D CAWARENESS_34468_FlexJobExecutor: resource clean
03-15 23:05:56.904  5754 19108 D CAWARENESS_34468_FlexJobExecutor: taskParaArray: [[[],1,11,5,[1,8],["630000051","2"],[12],[".*"],[100,0,["3-2-1-0","6-3-2-1","11-6-4-3","22-12-8-4","51-26-16-8","99-51-30-16","139-64-32-23","278-90-40-30"]]]]
03-15 23:05:56.904  5754 19108 D CAWARENESS_34468_FlexJobExecutor: dd operatorArray: [[],1,11,5,[1,8],["630000051","2"],[12],[".*"],[100,0,["3-2-1-0","6-3-2-1","11-6-4-3","22-12-8-4","51-26-16-8","99-51-30-16","139-64-32-23","278-90-40-30"]]]
03-15 23:05:56.904  5754 19108 D CAWARENESS_34468_FlexJobExecutor: operatorType: 1
03-15 23:05:56.904  5754 19108 D CAWARENESS_34468_FlexJobExecutor: taskId: 601001918, lastAnalyseTime: -1, curAnalyseTime: 1773504000000
03-15 23:05:56.904  5754 19108 I CAWARENESS_34468_CommonLabelOperator: init: dataId=601001918 jsonArray=[[],1,11,5,[1,8],["630000051","2"],[12],[".*"],[100,0,["3-2-1-0","6-3-2-1","11-6-4-3","22-12-8-4","51-26-16-8","99-51-30-16","139-64-32-23","278-90-40-30"]]]
03-15 23:05:56.905  5754 19108 D CAWARENESS_34468_ConfigChecker: checkeLabelOperatorConfig
03-15 23:05:56.909  5754 19108 D CAWARENESS_34468_CommonLabelOperator: labelStatTemplateType=11
03-15 23:05:56.909  5754 19108 D CAWARENESS_34468_FlexJobExecutor: 601001918 result data size: 1
03-15 23:05:56.913  5754 19108 D CAWARENESS_34468_UpPersistManager: insert size: 1, result: 1
03-15 23:05:56.913  5754 19108 D CAWARENESS_34468_FlexJobExecutor: 601001918 result save success
03-15 23:05:56.915 12660 19115 D CAWARENESS_32269_OperatingDatabaseUtil: t_up_flex_task_status table update successful, update column count: 1
03-15 23:05:56.915  5754 19108 D CAWARENESS_34468_FlexJobExecutor: refreshTaskStatus: true
03-15 23:05:56.915  5754 19108 D CAWARENESS_34468_FlexJobExecutor: resource clean
03-15 23:05:56.916  5754 19108 D CAWARENESS_34468_FlexJobExecutor: taskParaArray: [[[],1,11,5,[1,8],["630000051","3"],[12],[".*"],[100,0,["4-2-1-0","7-4-3-2","16-8-5-3","34-16-10-5","81-37-20-9","188-91-46-24","297-140-63-30","515-238-97-42"]]]]
03-15 23:05:56.916  5754 19108 D CAWARENESS_34468_FlexJobExecutor: dd operatorArray: [[],1,11,5,[1,8],["630000051","3"],[12],[".*"],[100,0,["4-2-1-0","7-4-3-2","16-8-5-3","34-16-10-5","81-37-20-9","188-91-46-24","297-140-63-30","515-238-97-42"]]]
03-15 23:05:56.916  5754 19108 D CAWARENESS_34468_FlexJobExecutor: operatorType: 1
03-15 23:05:56.916  5754 19108 D CAWARENESS_34468_FlexJobExecutor: taskId: 601001919, lastAnalyseTime: -1, curAnalyseTime: 1773504000000
03-15 23:05:56.916  5754 19108 I CAWARENESS_34468_CommonLabelOperator: init: dataId=601001919 jsonArray=[[],1,11,5,[1,8],["630000051","3"],[12],[".*"],[100,0,["4-2-1-0","7-4-3-2","16-8-5-3","34-16-10-5","81-37-20-9","188-91-46-24","297-140-63-30","515-238-97-42"]]]
03-15 23:05:56.917  5754 19108 D CAWARENESS_34468_ConfigChecker: checkeLabelOperatorConfig
03-15 23:05:56.921  5754 19108 D CAWARENESS_34468_CommonLabelOperator: labelStatTemplateType=11
03-15 23:05:56.922  5754 19108 D CAWARENESS_34468_FlexJobExecutor: 601001919 result data size: 1
03-15 23:05:56.926  5754 19108 D CAWARENESS_34468_UpPersistManager: insert size: 1, result: 1
03-15 23:05:56.926  5754 19108 D CAWARENESS_34468_FlexJobExecutor: 601001919 result save success
03-15 23:05:56.928 12660 19115 D CAWARENESS_32269_OperatingDatabaseUtil: t_up_flex_task_status table update successful, update column count: 1
03-15 23:05:56.928  5754 19108 D CAWARENESS_34468_FlexJobExecutor: refreshTaskStatus: true
03-15 23:05:56.929  5754 19108 D CAWARENESS_34468_FlexJobExecutor: resource clean
03-15 23:05:56.929  5754 19108 D CAWARENESS_34468_FlexJobExecutor: taskParaArray: [[[],1,11,5,[1,8],["630000051","4"],[12],[".*"],[100,0,["7-4-2-1","15-7-4-2","37-16-8-4","84-34-15-8","237-90-38-16","690-279-110-33","1155-430-151-47","2085-532-233-75"]]]]
03-15 23:05:56.929  5754 19108 D CAWARENESS_34468_FlexJobExecutor: dd operatorArray: [[],1,11,5,[1,8],["630000051","4"],[12],[".*"],[100,0,["7-4-2-1","15-7-4-2","37-16-8-4","84-34-15-8","237-90-38-16","690-279-110-33","1155-430-151-47","2085-532-233-75"]]]
03-15 23:05:56.929  5754 19108 D CAWARENESS_34468_FlexJobExecutor: operatorType: 1
03-15 23:05:56.929  5754 19108 D CAWARENESS_34468_FlexJobExecutor: taskId: 601001920, lastAnalyseTime: -1, curAnalyseTime: 1773504000000
03-15 23:05:56.929  5754 19108 I CAWARENESS_34468_CommonLabelOperator: init: dataId=601001920 jsonArray=[[],1,11,5,[1,8],["630000051","4"],[12],[".*"],[100,0,["7-4-2-1","15-7-4-2","37-16-8-4","84-34-15-8","237-90-38-16","690-279-110-33","1155-430-151-47","2085-532-233-75"]]]
03-15 23:05:56.930  5754 19108 D CAWARENESS_34468_ConfigChecker: checkeLabelOperatorConfig
03-15 23:05:56.934  5754 19108 D CAWARENESS_34468_CommonLabelOperator: labelStatTemplateType=11
03-15 23:05:56.934  5754 19108 D CAWARENESS_34468_FlexJobExecutor: 601001920 result data size: 1
03-15 23:05:56.938  5754 19108 D CAWARENESS_34468_UpPersistManager: insert size: 1, result: 1
03-15 23:05:56.939  5754 19108 D CAWARENESS_34468_FlexJobExecutor: 601001920 result save success
03-15 23:05:56.940 12660 19115 D CAWARENESS_32269_OperatingDatabaseUtil: t_up_flex_task_status table update successful, update column count: 1
03-15 23:05:56.941  5754 19108 D CAWARENESS_34468_FlexJobExecutor: refreshTaskStatus: true
03-15 23:05:56.941  5754 19108 D CAWARENESS_34468_FlexJobExecutor: resource clean
03-15 23:05:56.941  5754 19108 D CAWARENESS_34468_FlexJobExecutor: taskParaArray: [[[],1,11,5,[1,8],["630000051","5"],[12],[".*"],[100,0,["2-1-0-0","4-3-2-1","8-6-4-2","14-9-6-3","26-15-9-4","33-22-13-6","43-27-16-8","63-37-22-12"]]]]
03-15 23:05:56.941  5754 19108 D CAWARENESS_34468_FlexJobExecutor: dd operatorArray: [[],1,11,5,[1,8],["630000051","5"],[12],[".*"],[100,0,["2-1-0-0","4-3-2-1","8-6-4-2","14-9-6-3","26-15-9-4","33-22-13-6","43-27-16-8","63-37-22-12"]]]
03-15 23:05:56.942  5754 19108 D CAWARENESS_34468_FlexJobExecutor: operatorType: 1
03-15 23:05:56.942  5754 19108 D CAWARENESS_34468_FlexJobExecutor: taskId: 601001921, lastAnalyseTime: -1, curAnalyseTime: 1773504000000
03-15 23:05:56.942  5754 19108 I CAWARENESS_34468_CommonLabelOperator: init: dataId=601001921 jsonArray=[[],1,11,5,[1,8],["630000051","5"],[12],[".*"],[100,0,["2-1-0-0","4-3-2-1","8-6-4-2","14-9-6-3","26-15-9-4","33-22-13-6","43-27-16-8","63-37-22-12"]]]
03-15 23:05:56.943  5754 19108 D CAWARENESS_34468_ConfigChecker: checkeLabelOperatorConfig
03-15 23:05:56.947  5754 19108 D CAWARENESS_34468_CommonLabelOperator: labelStatTemplateType=11
03-15 23:05:56.948  5754 19108 D CAWARENESS_34468_FlexJobExecutor: 601001921 result data size: 1
03-15 23:05:56.954  5754 19108 D CAWARENESS_34468_UpPersistManager: insert size: 1, result: 1
03-15 23:05:56.954  5754 19108 D CAWARENESS_34468_FlexJobExecutor: 601001921 result save success
03-15 23:05:56.955 12660 19115 D CAWARENESS_32269_OperatingDatabaseUtil: t_up_flex_task_status table update successful, update column count: 1
03-15 23:05:56.956  5754 19108 D CAWARENESS_34468_FlexJobExecutor: refreshTaskStatus: true
03-15 23:05:56.956  5754 19108 D CAWARENESS_34468_FlexJobExecutor: resource clean
03-15 23:05:56.957  5754 19108 D CAWARENESS_34468_FlexJobExecutor: taskParaArray: [[[],51,11,5,[1,8,13],["630000012","0","IN#100,101,102,103,104,107,108,111,114,117,118,119,120,121,123,124,125,131,133,134,136,137,138,139,140,141,142,149,182"],[13],[".*"],[100,7,["2-1-0-0-0.1","2-1-0-0-0.1","2-1-0-0-0.1","2-1-0-0-0.1","2-1-0-0-0.1","3-2-1-0-0.1","3-2-1-0-0.1","3-2-1-0-0.1"]]],[[],51,11,5,[1,8,13],["630000012","1","IN#100,101,102,103,104,107,108,111,114,117,118,119,120,121,123,124,125,131,133,134,136,137,138,139,140,141,142,149,182"],[13],[".*"],[100,7,["3-2-1-0-0.5","3-2-1-0-0.5","4-2-1-0-0.5","4-2-1-0-0.5","4-3-2-1-0.5","7-4-2-1-0.5","9-4-2-1-0.5","14-6-3-2-0.5"]]],[[],51,11,5,[1,8,13],["630000012","2","IN#100,101,102,103,104,107,108,111,114,117,118,119,120,121,123,124,125,131,133,134,136,137,138,139,140,141,142,149,182"],[13],[".*"],[100,7,["2-1-0-0-0.1","2-1-0-0-0.1","3-2-1-0-0.1","3-2-1-0-0.1","3-2-1-0-0.1","4-3-1-0-0.1","5-3-2-1-0.1","7-3-2-1-0.1"]]],[[],51,11,5,[1,8,13],["630000012","6","IN#100,101,102,103,104,107,108,111,114,117,118,119,120,121,123,124,125,131,133,134,136,137,138,139,140,141,142,149,182"],[13],[".*"],[100,7,["2-1-0-0-0.1","3-2-1-0-0.1","4-2-1-0-0.1","5-3-2-1-0.1","8-4-2-1-0.1","15-7-4-2-0.1","18-8-4-2-0.1","23-10-5-2-0.1"]]],[[],51,11,5,[1,8,13],["630000012","7","IN#100,101,102,103,104,107,108,111,114,117,118,119,120,121,123,124,125,131,133,134,136,137,138,139,140,141,142,149,182"],[13],[".*"],[100,7,["2-1-0-0-0.3","2-1-0-0-0.3","2-1-0-0-0.3","2-1-0-0-0.3","2-1-0-0-0.3","2-1-0-0-0.3","2-1-0-0-0.3","3-2-1-0-0.3"]]],[[],51,11,5,[1,8,13],["630000012","10","IN#100,101,102,103,104,107,108,111,114,117,118,119,120,121,123,124,125,131,133,134,136,137,138,139,140,141,142,149,182"],[13],[".*"],[100,7,["3-2-1-0-0.2","3-2-1-0-0.2","3-2-1-0-0.2","3-2-1-0-0.2","4-2-1-0-0.2","5-3-2-1-0.2","5-3-2-1-0.2","6-3-2-1-0.2"]]],[[],51,11,5,[1,8,13],["630000012","5","IN#100,101,102,103,104,107,108,111,114,117,118,119,120,121,123,124,125,131,133,134,136,137,138,139,140,141,142,149,182"],[13],[".*"],[100,7,["5-3-2-1-0.2","6-3-2-1-0.2","7-4-2-1-0.2","9-4-2-1-0.2","11-5-3-2-0.2","21-8-4-2-0.2","31-11-5-2-0.2","54-19-7-3-0.2"]]]]
03-15 23:05:56.958  5754 19108 D CAWARENESS_34468_FlexJobExecutor: dd operatorArray: [[],51,11,5,[1,8,13],["630000012","0","IN#100,101,102,103,104,107,108,111,114,117,118,119,120,121,123,124,125,131,133,134,136,137,138,139,140,141,142,149,182"],[13],[".*"],[100,7,["2-1-0-0-0.1","2-1-0-0-0.1","2-1-0-0-0.1","2-1-0-0-0.1","2-1-0-0-0.1","3-2-1-0-0.1","3-2-1-0-0.1","3-2-1-0-0.1"]]]
03-15 23:05:56.958  5754 19108 D CAWARENESS_34468_FlexJobExecutor: operatorType: 51
03-15 23:05:56.958  5754 19108 D CAWARENESS_34468_FlexJobExecutor: taskId: 601001922, lastAnalyseTime: -1, curAnalyseTime: 1773504000000
03-15 23:05:56.958  5754 19108 I CAWARENESS_34468_FusionLabelOperator: init: dataId=601001922 jsonArray=[[],51,11,5,[1,8,13],["630000012","0","IN#100,101,102,103,104,107,108,111,114,117,118,119,120,121,123,124,125,131,133,134,136,137,138,139,140,141,142,149,182"],[13],[".*"],[100,7,["2-1-0-0-0.1","2-1-0-0-0.1","2-1-0-0-0.1","2-1-0-0-0.1","2-1-0-0-0.1","3-2-1-0-0.1","3-2-1-0-0.1","3-2-1-0-0.1"]]]
03-15 23:05:56.959  5754 19108 D CAWARENESS_34468_ConfigChecker: checkeLabelOperatorConfig
03-15 23:05:56.962  5754 19108 I CAWARENESS_34468_FusionLabelOperator: execute:[operIndex,OperSize]=[0, 7]
03-15 23:05:56.963  5754 19108 D CAWARENESS_34468_FlexJobExecutor: dd operatorArray: [[],51,11,5,[1,8,13],["630000012","1","IN#100,101,102,103,104,107,108,111,114,117,118,119,120,121,123,124,125,131,133,134,136,137,138,139,140,141,142,149,182"],[13],[".*"],[100,7,["3-2-1-0-0.5","3-2-1-0-0.5","4-2-1-0-0.5","4-2-1-0-0.5","4-3-2-1-0.5","7-4-2-1-0.5","9-4-2-1-0.5","14-6-3-2-0.5"]]]
03-15 23:05:56.963  5754 19108 D CAWARENESS_34468_FlexJobExecutor: operatorType: 51
03-15 23:05:56.963  5754 19108 D CAWARENESS_34468_FlexJobExecutor: taskId: 601001922, lastAnalyseTime: 1773504000000, curAnalyseTime: 1773504000000
03-15 23:05:56.964  5754 19108 I CAWARENESS_34468_FusionLabelOperator: init: dataId=601001922 jsonArray=[[],51,11,5,[1,8,13],["630000012","1","IN#100,101,102,103,104,107,108,111,114,117,118,119,120,121,123,124,125,131,133,134,136,137,138,139,140,141,142,149,182"],[13],[".*"],[100,7,["3-2-1-0-0.5","3-2-1-0-0.5","4-2-1-0-0.5","4-2-1-0-0.5","4-3-2-1-0.5","7-4-2-1-0.5","9-4-2-1-0.5","14-6-3-2-0.5"]]]
03-15 23:05:56.965  5754 19108 D CAWARENESS_34468_ConfigChecker: checkeLabelOperatorConfig
03-15 23:05:56.967  5754 19108 I CAWARENESS_34468_FusionLabelOperator: execute:[operIndex,OperSize]=[1, 7]
03-15 23:05:56.968  5754 19108 D CAWARENESS_34468_FlexJobExecutor: dd operatorArray: [[],51,11,5,[1,8,13],["630000012","2","IN#100,101,102,103,104,107,108,111,114,117,118,119,120,121,123,124,125,131,133,134,136,137,138,139,140,141,142,149,182"],[13],[".*"],[100,7,["2-1-0-0-0.1","2-1-0-0-0.1","3-2-1-0-0.1","3-2-1-0-0.1","3-2-1-0-0.1","4-3-1-0-0.1","5-3-2-1-0.1","7-3-2-1-0.1"]]]
03-15 23:05:56.968  5754 19108 D CAWARENESS_34468_FlexJobExecutor: operatorType: 51
03-15 23:05:56.968  5754 19108 D CAWARENESS_34468_FlexJobExecutor: taskId: 601001922, lastAnalyseTime: 1773504000000, curAnalyseTime: 1773504000000
03-15 23:05:56.968  5754 19108 I CAWARENESS_34468_FusionLabelOperator: init: dataId=601001922 jsonArray=[[],51,11,5,[1,8,13],["630000012","2","IN#100,101,102,103,104,107,108,111,114,117,118,119,120,121,123,124,125,131,133,134,136,137,138,139,140,141,142,149,182"],[13],[".*"],[100,7,["2-1-0-0-0.1","2-1-0-0-0.1","3-2-1-0-0.1","3-2-1-0-0.1","3-2-1-0-0.1","4-3-1-0-0.1","5-3-2-1-0.1","7-3-2-1-0.1"]]]
03-15 23:05:56.969  5754 19108 D CAWARENESS_34468_ConfigChecker: checkeLabelOperatorConfig
03-15 23:05:56.972  5754 19108 I CAWARENESS_34468_FusionLabelOperator: execute:[operIndex,OperSize]=[2, 7]
03-15 23:05:56.973  5754 19108 D CAWARENESS_34468_FlexJobExecutor: dd operatorArray: [[],51,11,5,[1,8,13],["630000012","6","IN#100,101,102,103,104,107,108,111,114,117,118,119,120,121,123,124,125,131,133,134,136,137,138,139,140,141,142,149,182"],[13],[".*"],[100,7,["2-1-0-0-0.1","3-2-1-0-0.1","4-2-1-0-0.1","5-3-2-1-0.1","8-4-2-1-0.1","15-7-4-2-0.1","18-8-4-2-0.1","23-10-5-2-0.1"]]]
03-15 23:05:56.973  5754 19108 D CAWARENESS_34468_FlexJobExecutor: operatorType: 51
03-15 23:05:56.973  5754 19108 D CAWARENESS_34468_FlexJobExecutor: taskId: 601001922, lastAnalyseTime: 1773504000000, curAnalyseTime: 1773504000000
03-15 23:05:56.973  5754 19108 I CAWARENESS_34468_FusionLabelOperator: init: dataId=601001922 jsonArray=[[],51,11,5,[1,8,13],["630000012","6","IN#100,101,102,103,104,107,108,111,114,117,118,119,120,121,123,124,125,131,133,134,136,137,138,139,140,141,142,149,182"],[13],[".*"],[100,7,["2-1-0-0-0.1","3-2-1-0-0.1","4-2-1-0-0.1","5-3-2-1-0.1","8-4-2-1-0.1","15-7-4-2-0.1","18-8-4-2-0.1","23-10-5-2-0.1"]]]
03-15 23:05:56.974  5754 19108 D CAWARENESS_34468_ConfigChecker: checkeLabelOperatorConfig
03-15 23:05:56.977  5754 19108 I CAWARENESS_34468_FusionLabelOperator: execute:[operIndex,OperSize]=[3, 7]
03-15 23:05:56.977  5754 19108 D CAWARENESS_34468_FlexJobExecutor: dd operatorArray: [[],51,11,5,[1,8,13],["630000012","7","IN#100,101,102,103,104,107,108,111,114,117,118,119,120,121,123,124,125,131,133,134,136,137,138,139,140,141,142,149,182"],[13],[".*"],[100,7,["2-1-0-0-0.3","2-1-0-0-0.3","2-1-0-0-0.3","2-1-0-0-0.3","2-1-0-0-0.3","2-1-0-0-0.3","2-1-0-0-0.3","3-2-1-0-0.3"]]]
03-15 23:05:56.978  5754 19108 D CAWARENESS_34468_FlexJobExecutor: operatorType: 51
03-15 23:05:56.978  5754 19108 D CAWARENESS_34468_FlexJobExecutor: taskId: 601001922, lastAnalyseTime: 1773504000000, curAnalyseTime: 1773504000000
03-15 23:05:56.978  5754 19108 I CAWARENESS_34468_FusionLabelOperator: init: dataId=601001922 jsonArray=[[],51,11,5,[1,8,13],["630000012","7","IN#100,101,102,103,104,107,108,111,114,117,118,119,120,121,123,124,125,131,133,134,136,137,138,139,140,141,142,149,182"],[13],[".*"],[100,7,["2-1-0-0-0.3","2-1-0-0-0.3","2-1-0-0-0.3","2-1-0-0-0.3","2-1-0-0-0.3","2-1-0-0-0.3","2-1-0-0-0.3","3-2-1-0-0.3"]]]
03-15 23:05:56.979  5754 19108 D CAWARENESS_34468_ConfigChecker: checkeLabelOperatorConfig
03-15 23:05:56.982  5754 19108 I CAWARENESS_34468_FusionLabelOperator: execute:[operIndex,OperSize]=[4, 7]
03-15 23:05:56.983  5754 19108 D CAWARENESS_34468_FlexJobExecutor: dd operatorArray: [[],51,11,5,[1,8,13],["630000012","10","IN#100,101,102,103,104,107,108,111,114,117,118,119,120,121,123,124,125,131,133,134,136,137,138,139,140,141,142,149,182"],[13],[".*"],[100,7,["3-2-1-0-0.2","3-2-1-0-0.2","3-2-1-0-0.2","3-2-1-0-0.2","4-2-1-0-0.2","5-3-2-1-0.2","5-3-2-1-0.2","6-3-2-1-0.2"]]]
03-15 23:05:56.983  5754 19108 D CAWARENESS_34468_FlexJobExecutor: operatorType: 51
03-15 23:05:56.984  5754 19108 D CAWARENESS_34468_FlexJobExecutor: taskId: 601001922, lastAnalyseTime: 1773504000000, curAnalyseTime: 1773504000000
03-15 23:05:56.984  5754 19108 I CAWARENESS_34468_FusionLabelOperator: init: dataId=601001922 jsonArray=[[],51,11,5,[1,8,13],["630000012","10","IN#100,101,102,103,104,107,108,111,114,117,118,119,120,121,123,124,125,131,133,134,136,137,138,139,140,141,142,149,182"],[13],[".*"],[100,7,["3-2-1-0-0.2","3-2-1-0-0.2","3-2-1-0-0.2","3-2-1-0-0.2","4-2-1-0-0.2","5-3-2-1-0.2","5-3-2-1-0.2","6-3-2-1-0.2"]]]
03-15 23:05:56.986  5754 19108 D CAWARENESS_34468_ConfigChecker: checkeLabelOperatorConfig
03-15 23:05:56.989  5754 19108 I CAWARENESS_34468_FusionLabelOperator: execute:[operIndex,OperSize]=[5, 7]
03-15 23:05:56.990  5754 19108 D CAWARENESS_34468_FlexJobExecutor: dd operatorArray: [[],51,11,5,[1,8,13],["630000012","5","IN#100,101,102,103,104,107,108,111,114,117,118,119,120,121,123,124,125,131,133,134,136,137,138,139,140,141,142,149,182"],[13],[".*"],[100,7,["5-3-2-1-0.2","6-3-2-1-0.2","7-4-2-1-0.2","9-4-2-1-0.2","11-5-3-2-0.2","21-8-4-2-0.2","31-11-5-2-0.2","54-19-7-3-0.2"]]]
03-15 23:05:56.990  5754 19108 D CAWARENESS_34468_FlexJobExecutor: operatorType: 51
03-15 23:05:56.990  5754 19108 D CAWARENESS_34468_FlexJobExecutor: taskId: 601001922, lastAnalyseTime: 1773504000000, curAnalyseTime: 1773504000000
03-15 23:05:56.991  5754 19108 I CAWARENESS_34468_FusionLabelOperator: init: dataId=601001922 jsonArray=[[],51,11,5,[1,8,13],["630000012","5","IN#100,101,102,103,104,107,108,111,114,117,118,119,120,121,123,124,125,131,133,134,136,137,138,139,140,141,142,149,182"],[13],[".*"],[100,7,["5-3-2-1-0.2","6-3-2-1-0.2","7-4-2-1-0.2","9-4-2-1-0.2","11-5-3-2-0.2","21-8-4-2-0.2","31-11-5-2-0.2","54-19-7-3-0.2"]]]
03-15 23:05:56.992  5754 19108 D CAWARENESS_34468_ConfigChecker: checkeLabelOperatorConfig
03-15 23:05:56.995  5754 19108 I CAWARENESS_34468_FusionLabelOperator: execute:[operIndex,OperSize]=[6, 7]
03-15 23:05:56.999  5754 19108 D CAWARENESS_34468_FlexJobExecutor: 601001922 result data size: 1
03-15 23:05:57.006  5754 19108 D CAWARENESS_34468_UpPersistManager: insert size: 1, result: 1
03-15 23:05:57.006  5754 19108 D CAWARENESS_34468_FlexJobExecutor: 601001922 result save success
03-15 23:05:57.008 12660 19115 D CAWARENESS_32269_OperatingDatabaseUtil: t_up_flex_task_status table update successful, update column count: 1
03-15 23:05:57.009  5754 19108 D CAWARENESS_34468_FlexJobExecutor: refreshTaskStatus: true
03-15 23:05:57.009  5754 19108 D CAWARENESS_34468_FlexJobExecutor: resource clean
03-15 23:05:57.011  5754 19108 D CAWARENESS_34468_FlexJobExecutor: taskParaArray: [[[],51,11,5,[1,8,14],["630000012","0","IN#1001004,1021019,1021020,1021021,1021022,1021024,1021027,1041032,1071039,1071040,1071041,1071042,1071044,1071045,1071046,1071047,1071048,1071049,1071051,1071052,1071056,1071057,1071058,1081054,1111067,1111068,1141081,1141085,1141087,1141088,1151092,1151093,1171095,1171096,1171098,1201107,1201109,1211121,1241156,1241162,1251164,1251165,1251166,1251170,1281176,1281177,1281178,1311184,1311185,1311186,1311190,1311192,1361232,1371237,1371238,1371240,1371241,1391247,1391248,1391250,1391251,1391252,1391253,1391254,1391255,1391256,1391257,1391258,1391259,1401261,1401263,1401264,1401265,1411266,1411267,1411268,1411270,1411271,1411272,1411273,1411274,1821089"],[14],[".*"],[100,7,["2-1-0-0-0.1","2-1-0-0-0.1","2-1-0-0-0.1","2-1-0-0-0.1","2-1-0-0-0.1","3-2-1-0-0.1","3-2-1-0-0.1","3-2-1-0-0.1"]]],[[],51,11,5,[1,8,14],["630000012","1","IN#1001004,1021019,1021020,1021021,1021022,1021024,1021027,1041032,1071039,1071040,1071041,1071042,1071044,1071045,1071046,1071047,1071048,1071049,1071051,1071052,1071056,1071057,1071058,1081054,1111067,1111068,1141081,1141085,1141087,1141088,1151092,1151093,1171095,1171096,1171098,1201107,1201109,1211121,1241156,1241162,1251164,1251165,1251166,1251170,1281176,1281177,1281178,1311184,1311185,1311186,1311190,1311192,1361232,1371237,1371238,1371240,1371241,1391247,1391248,1391250,1391251,1391252,1391253,1391254,1391255,1391256,1391257,1391258,1391259,1401261,1401263,1401264,1401265,1411266,1411267,1411268,1411270,1411271,1411272,1411273,1411274,1821089"],[14],[".*"],[100,7,["3-2-1-0-0.5","3-2-1-0-0.5","3-2-1-0-0.5","3-2-1-0-0.5","4-2-1-0-0.5","5-3-2-1-0.5","6-3-2-1-0.5","8-4-2-1-0.5"]]],[[],51,11,5,[1,8,14],["630000012","2","IN#1001004,1021019,1021020,1021021,1021022,1021024,1021027,1041032,1071039,1071040,1071041,1071042,1071044,1071045,1071046,1071047,1071048,1071049,1071051,1071052,1071056,1071057,1071058,1081054,1111067,1111068,1141081,1141085,1141087,1141088,1151092,1151093,1171095,1171096,1171098,1201107,1201109,1211121,1241156,1241162,1251164,1251165,1251166,1251170,1281176,1281177,1281178,1311184,1311185,1311186,1311190,1311192,1361232,1371237,1371238,1371240,1371241,1391247,1391248,1391250,1391251,1391252,1391253,1391254,1391255,1391256,1391257,1391258,1391259,1401261,1401263,1401264,1401265,1411266,1411267,1411268,1411270,1411271,1411272,1411273,1411274,1821089"],[14],[".*"],[100,7,["2-1-0-0-0.1","2-1-0-0-0.1","2-1-0-0-0.1","2-1-0-0-0.1","2-1-0-0-0.1","3-2-1-0-0.1","4-2-1-0-0.1","5-3-2-1-0.1"]]],[[],51,11,5,[1,8,14],["630000012","6","IN#1001004,1021019,1021020,1021021,1021022,1021024,1021027,1041032,1071039,1071040,1071041,1071042,1071044,1071045,1071046,1071047,1071048,1071049,1071051,1071052,1071056,1071057,1071058,1081054,1111067,1111068,1141081,1141085,1141087,1141088,1151092,1151093,1171095,1171096,1171098,1201107,1201109,1211121,1241156,1241162,1251164,1251165,1251166,1251170,1281176,1281177,1281178,1311184,1311185,1311186,1311190,1311192,1361232,1371237,1371238,1371240,1371241,1391247,1391248,1391250,1391251,1391252,1391253,1391254,1391255,1391256,1391257,1391258,1391259,1401261,1401263,1401264,1401265,1411266,1411267,1411268,1411270,1411271,1411272,1411273,1411274,1821089"],[14],[".*"],[100,7,["2-1-0-0-0.1","2-1-0-0-0.1","3-2-1-0-0.1","4-2-1-0-0.1","5-3-1-0-0.1","7-4-2-1-0.1","9-4-2-1-0.1","11-5-3-2-0.1"]]],[[],51,11,5,[1,8,14],["630000012","7","IN#1001004,1021019,1021020,1021021,1021022,1021024,1021027,1041032,1071039,1071040,1071041,1071042,1071044,1071045,1071046,1071047,1071048,1071049,1071051,1071052,1071056,1071057,1071058,1081054,1111067,1111068,1141081,1141085,1141087,1141088,1151092,1151093,1171095,1171096,1171098,1201107,1201109,1211121,1241156,1241162,1251164,1251165,1251166,1251170,1281176,1281177,1281178,1311184,1311185,1311186,1311190,1311192,1361232,1371237,1371238,1371240,1371241,1391247,1391248,1391250,1391251,1391252,1391253,1391254,1391255,1391256,1391257,1391258,1391259,1401261,1401263,1401264,1401265,1411266,1411267,1411268,1411270,1411271,1411272,14
03-15 23:05:57.011  5754 19108 D CAWARENESS_34468_FlexJobExecutor: dd operatorArray: [[],51,11,5,[1,8,14],["630000012","0","IN#1001004,1021019,1021020,1021021,1021022,1021024,1021027,1041032,1071039,1071040,1071041,1071042,1071044,1071045,1071046,1071047,1071048,1071049,1071051,1071052,1071056,1071057,1071058,1081054,1111067,1111068,1141081,1141085,1141087,1141088,1151092,1151093,1171095,1171096,1171098,1201107,1201109,1211121,1241156,1241162,1251164,1251165,1251166,1251170,1281176,1281177,1281178,1311184,1311185,1311186,1311190,1311192,1361232,1371237,1371238,1371240,1371241,1391247,1391248,1391250,1391251,1391252,1391253,1391254,1391255,1391256,1391257,1391258,1391259,1401261,1401263,1401264,1401265,1411266,1411267,1411268,1411270,1411271,1411272,1411273,1411274,1821089"],[14],[".*"],[100,7,["2-1-0-0-0.1","2-1-0-0-0.1","2-1-0-0-0.1","2-1-0-0-0.1","2-1-0-0-0.1","3-2-1-0-0.1","3-2-1-0-0.1","3-2-1-0-0.1"]]]
03-15 23:05:57.011  5754 19108 D CAWARENESS_34468_FlexJobExecutor: operatorType: 51
03-15 23:05:57.011  5754 19108 D CAWARENESS_34468_FlexJobExecutor: taskId: 601001923, lastAnalyseTime: -1, curAnalyseTime: 1773504000000
03-15 23:05:57.011  5754 19108 I CAWARENESS_34468_FusionLabelOperator: init: dataId=601001923 jsonArray=[[],51,11,5,[1,8,14],["630000012","0","IN#1001004,1021019,1021020,1021021,1021022,1021024,1021027,1041032,1071039,1071040,1071041,1071042,1071044,1071045,1071046,1071047,1071048,1071049,1071051,1071052,1071056,1071057,1071058,1081054,1111067,1111068,1141081,1141085,1141087,1141088,1151092,1151093,1171095,1171096,1171098,1201107,1201109,1211121,1241156,1241162,1251164,1251165,1251166,1251170,1281176,1281177,1281178,1311184,1311185,1311186,1311190,1311192,1361232,1371237,1371238,1371240,1371241,1391247,1391248,1391250,1391251,1391252,1391253,1391254,1391255,1391256,1391257,1391258,1391259,1401261,1401263,1401264,1401265,1411266,1411267,1411268,1411270,1411271,1411272,1411273,1411274,1821089"],[14],[".*"],[100,7,["2-1-0-0-0.1","2-1-0-0-0.1","2-1-0-0-0.1","2-1-0-0-0.1","2-1-0-0-0.1","3-2-1-0-0.1","3-2-1-0-0.1","3-2-1-0-0.1"]]]
03-15 23:05:57.013  5754 19108 D CAWARENESS_34468_ConfigChecker: checkeLabelOperatorConfig
03-15 23:05:57.017  5754 19108 I CAWARENESS_34468_FusionLabelOperator: execute:[operIndex,OperSize]=[0, 7]
03-15 23:05:57.018  5754 19108 D CAWARENESS_34468_FlexJobExecutor: dd operatorArray: [[],51,11,5,[1,8,14],["630000012","1","IN#1001004,1021019,1021020,1021021,1021022,1021024,1021027,1041032,1071039,1071040,1071041,1071042,1071044,1071045,1071046,1071047,1071048,1071049,1071051,1071052,1071056,1071057,1071058,1081054,1111067,1111068,1141081,1141085,1141087,1141088,1151092,1151093,1171095,1171096,1171098,1201107,1201109,1211121,1241156,1241162,1251164,1251165,1251166,1251170,1281176,1281177,1281178,1311184,1311185,1311186,1311190,1311192,1361232,1371237,1371238,1371240,1371241,1391247,1391248,1391250,1391251,1391252,1391253,1391254,1391255,1391256,1391257,1391258,1391259,1401261,1401263,1401264,1401265,1411266,1411267,1411268,1411270,1411271,1411272,1411273,1411274,1821089"],[14],[".*"],[100,7,["3-2-1-0-0.5","3-2-1-0-0.5","3-2-1-0-0.5","3-2-1-0-0.5","4-2-1-0-0.5","5-3-2-1-0.5","6-3-2-1-0.5","8-4-2-1-0.5"]]]
03-15 23:05:57.019  5754 19108 D CAWARENESS_34468_FlexJobExecutor: operatorType: 51
03-15 23:05:57.019  5754 19108 D CAWARENESS_34468_FlexJobExecutor: taskId: 601001923, lastAnalyseTime: 1773504000000, curAnalyseTime: 1773504000000
03-15 23:05:57.019  5754 19108 I CAWARENESS_34468_FusionLabelOperator: init: dataId=601001923 jsonArray=[[],51,11,5,[1,8,14],["630000012","1","IN#1001004,1021019,1021020,1021021,1021022,1021024,1021027,1041032,1071039,1071040,1071041,1071042,1071044,1071045,1071046,1071047,1071048,1071049,1071051,1071052,1071056,1071057,1071058,1081054,1111067,1111068,1141081,1141085,1141087,1141088,1151092,1151093,1171095,1171096,1171098,1201107,1201109,1211121,1241156,1241162,1251164,1251165,1251166,1251170,1281176,1281177,1281178,1311184,1311185,1311186,1311190,1311192,1361232,1371237,1371238,1371240,1371241,1391247,1391248,1391250,1391251,1391252,1391253,1391254,1391255,1391256,1391257,1391258,1391259,1401261,1401263,1401264,1401265,1411266,1411267,1411268,1411270,1411271,1411272,1411273,1411274,1821089"],[14],[".*"],[100,7,["3-2-1-0-0.5","3-2-1-0-0.5","3-2-1-0-0.5","3-2-1-0-0.5","4-2-1-0-0.5","5-3-2-1-0.5","6-3-2-1-0.5","8-4-2-1-0.5"]]]
03-15 23:05:57.020  5754 19108 D CAWARENESS_34468_ConfigChecker: checkeLabelOperatorConfig
03-15 23:05:57.025  5754 19108 I CAWARENESS_34468_FusionLabelOperator: execute:[operIndex,OperSize]=[1, 7]
03-15 23:05:57.026  5754 19108 D CAWARENESS_34468_FlexJobExecutor: dd operatorArray: [[],51,11,5,[1,8,14],["630000012","2","IN#1001004,1021019,1021020,1021021,1021022,1021024,1021027,1041032,1071039,1071040,1071041,1071042,1071044,1071045,1071046,1071047,1071048,1071049,1071051,1071052,1071056,1071057,1071058,1081054,1111067,1111068,1141081,1141085,1141087,1141088,1151092,1151093,1171095,1171096,1171098,1201107,1201109,1211121,1241156,1241162,1251164,1251165,1251166,1251170,1281176,1281177,1281178,1311184,1311185,1311186,1311190,1311192,1361232,1371237,1371238,1371240,1371241,1391247,1391248,1391250,1391251,1391252,1391253,1391254,1391255,1391256,1391257,1391258,1391259,1401261,1401263,1401264,1401265,1411266,1411267,1411268,1411270,1411271,1411272,1411273,1411274,1821089"],[14],[".*"],[100,7,["2-1-0-0-0.1","2-1-0-0-0.1","2-1-0-0-0.1","2-1-0-0-0.1","2-1-0-0-0.1","3-2-1-0-0.1","4-2-1-0-0.1","5-3-2-1-0.1"]]]
03-15 23:05:57.026  5754 19108 D CAWARENESS_34468_FlexJobExecutor: operatorType: 51
03-15 23:05:57.026  5754 19108 D CAWARENESS_34468_FlexJobExecutor: taskId: 601001923, lastAnalyseTime: 1773504000000, curAnalyseTime: 1773504000000
03-15 23:05:57.027  5754 19108 I CAWARENESS_34468_FusionLabelOperator: init: dataId=601001923 jsonArray=[[],51,11,5,[1,8,14],["630000012","2","IN#1001004,1021019,1021020,1021021,1021022,1021024,1021027,1041032,1071039,1071040,1071041,1071042,1071044,1071045,1071046,1071047,1071048,1071049,1071051,1071052,1071056,1071057,1071058,1081054,1111067,1111068,1141081,1141085,1141087,1141088,1151092,1151093,1171095,1171096,1171098,1201107,1201109,1211121,1241156,1241162,1251164,1251165,1251166,1251170,1281176,1281177,1281178,1311184,1311185,1311186,1311190,1311192,1361232,1371237,1371238,1371240,1371241,1391247,1391248,1391250,1391251,1391252,1391253,1391254,1391255,1391256,1391257,1391258,1391259,1401261,1401263,1401264,1401265,1411266,1411267,1411268,1411270,1411271,1411272,1411273,1411274,1821089"],[14],[".*"],[100,7,["2-1-0-0-0.1","2-1-0-0-0.1","2-1-0-0-0.1","2-1-0-0-0.1","2-1-0-0-0.1","3-2-1-0-0.1","4-2-1-0-0.1","5-3-2-1-0.1"]]]
03-15 23:05:57.028  5754 19108 D CAWARENESS_34468_ConfigChecker: checkeLabelOperatorConfig
03-15 23:05:57.032  5754 19108 I CAWARENESS_34468_FusionLabelOperator: execute:[operIndex,OperSize]=[2, 7]
03-15 23:05:57.033  5754 19108 D CAWARENESS_34468_FlexJobExecutor: dd operatorArray: [[],51,11,5,[1,8,14],["630000012","6","IN#1001004,1021019,1021020,1021021,1021022,1021024,1021027,1041032,1071039,1071040,1071041,1071042,1071044,1071045,1071046,1071047,1071048,1071049,1071051,1071052,1071056,1071057,1071058,1081054,1111067,1111068,1141081,1141085,1141087,1141088,1151092,1151093,1171095,1171096,1171098,1201107,1201109,1211121,1241156,1241162,1251164,1251165,1251166,1251170,1281176,1281177,1281178,1311184,1311185,1311186,1311190,1311192,1361232,1371237,1371238,1371240,1371241,1391247,1391248,1391250,1391251,1391252,1391253,1391254,1391255,1391256,1391257,1391258,1391259,1401261,1401263,1401264,1401265,1411266,1411267,1411268,1411270,1411271,1411272,1411273,1411274,1821089"],[14],[".*"],[100,7,["2-1-0-0-0.1","2-1-0-0-0.1","3-2-1-0-0.1","4-2-1-0-0.1","5-3-1-0-0.1","7-4-2-1-0.1","9-4-2-1-0.1","11-5-3-2-0.1"]]]
03-15 23:05:57.033  5754 19108 D CAWARENESS_34468_FlexJobExecutor: operatorType: 51
03-15 23:05:57.034  5754 19108 D CAWARENESS_34468_FlexJobExecutor: taskId: 601001923, lastAnalyseTime: 1773504000000, curAnalyseTime: 1773504000000
03-15 23:05:57.034  5754 19108 I CAWARENESS_34468_FusionLabelOperator: init: dataId=601001923 jsonArray=[[],51,11,5,[1,8,14],["630000012","6","IN#1001004,1021019,1021020,1021021,1021022,1021024,1021027,1041032,1071039,1071040,1071041,1071042,1071044,1071045,1071046,1071047,1071048,1071049,1071051,1071052,1071056,1071057,1071058,1081054,1111067,1111068,1141081,1141085,1141087,1141088,1151092,1151093,1171095,1171096,1171098,1201107,1201109,1211121,1241156,1241162,1251164,1251165,1251166,1251170,1281176,1281177,1281178,1311184,1311185,1311186,1311190,1311192,1361232,1371237,1371238,1371240,1371241,1391247,1391248,1391250,1391251,1391252,1391253,1391254,1391255,1391256,1391257,1391258,1391259,1401261,1401263,1401264,1401265,1411266,1411267,1411268,1411270,1411271,1411272,1411273,1411274,1821089"],[14],[".*"],[100,7,["2-1-0-0-0.1","2-1-0-0-0.1","3-2-1-0-0.1","4-2-1-0-0.1","5-3-1-0-0.1","7-4-2-1-0.1","9-4-2-1-0.1","11-5-3-2-0.1"]]]
03-15 23:05:57.035  5754 19108 D CAWARENESS_34468_ConfigChecker: checkeLabelOperatorConfig
03-15 23:05:57.040  5754 19108 I CAWARENESS_34468_FusionLabelOperator: execute:[operIndex,OperSize]=[3, 7]
03-15 23:05:57.041  5754 19108 D CAWARENESS_34468_FlexJobExecutor: dd operatorArray: [[],51,11,5,[1,8,14],["630000012","7","IN#1001004,1021019,1021020,1021021,1021022,1021024,1021027,1041032,1071039,1071040,1071041,1071042,1071044,1071045,1071046,1071047,1071048,1071049,1071051,1071052,1071056,1071057,1071058,1081054,1111067,1111068,1141081,1141085,1141087,1141088,1151092,1151093,1171095,1171096,1171098,1201107,1201109,1211121,1241156,1241162,1251164,1251165,1251166,1251170,1281176,1281177,1281178,1311184,1311185,1311186,1311190,1311192,1361232,1371237,1371238,1371240,1371241,1391247,1391248,1391250,1391251,1391252,1391253,1391254,1391255,1391256,1391257,1391258,1391259,1401261,1401263,1401264,1401265,1411266,1411267,1411268,1411270,1411271,1411272,1411273,1411274,1821089"],[14],[".*"],[100,7,["2-1-0-0-0.3","2-1-0-0-0.3","2-1-0-0-0.3","2-1-0-0-0.3","2-1-0-0-0.3","2-1-0-0-0.3","2-1-0-0-0.3","2-1-0-0-0.3"]]]
03-15 23:05:57.041  5754 19108 D CAWARENESS_34468_FlexJobExecutor: operatorType: 51
03-15 23:05:57.041  5754 19108 D CAWARENESS_34468_FlexJobExecutor: taskId: 601001923, lastAnalyseTime: 1773504000000, curAnalyseTime: 1773504000000
