03-15 23:05:56.470  5754 19108 D CAWARENESS_34468_FusionLabelOperator: dd result={"dataVersion":100,"labelName":"PettyLoanIntention","labelValue":"{\"level_1days\":\"pe\",\"level_3days\":\"pe\",\"level_7days\":\"pe\",\"level_14days\":\"pe\",\"level_30days\":\"pe\",\"level_60days\":\"pe\",\"level_90days\":\"pe\",\"level_180days\":\"pe\"}","dataId":601001449,"timestamp":1773587156470}
03-15 23:05:56.470  5754 19108 D CAWARENESS_34468_FlexJobExecutor: 601001449 result data size: 1
03-15 23:05:56.479  5754 19108 D CAWARENESS_34468_UpPersistManager: insert size: 1, result: 1
03-15 23:05:56.479  5754 19108 D CAWARENESS_34468_FlexJobExecutor: 601001449 result save success
03-15 23:05:56.482 12660 19115 D CAWARENESS_32269_OperatingDatabaseUtil: t_up_flex_task_status table update successful, update column count: 1
03-15 23:05:56.483  5754 19108 D CAWARENESS_34468_FlexJobExecutor: refreshTaskStatus: true
03-15 23:05:56.484  5754 19108 D CAWARENESS_34468_FlexJobExecutor: resource clean
03-15 23:05:56.485  5754 19108 D CAWARENESS_34468_FlexJobExecutor: taskParaArray: [[[],51,90,5,[1,13],["630000043","210"],[],[],[100,7,["4-3-2-1-0.1","4-3-2-1-0.1","4-3-2-1-0.1","5-3-2-1-0.1","7-4-3-2-0.1","8-4-3-2-0.1","9-4-3-2-0.1","9-4-3-2-0.1"]]],[[],53,90,5,[1,13],["630000043","210"],[],[],[100,7,["1-0-0-0-0.4","2-1-0-0-0.4","3-2-1-0-0.4","4-2-1-0-0.4","5-3-2-1-0.4","6-3-2-1-0.4","6-3-2-1-0.4","7-4-2-1-0.4"]]],[[],55,90,5,[1,13],["630000043","210"],[],[],[100,7,["112-47-27-11-0.5","150-60-35-13-0.5","228-91-50-17-0.5","300-118-66-21-0.5","447-175-96-28-0.5","615-231-121-34-0.5","680-248-128-35-0.5","703-254-131-36-0.5"]]]]
03-15 23:05:56.486  5754 19108 D CAWARENESS_34468_FlexJobExecutor: dd operatorArray: [[],51,90,5,[1,13],["630000043","210"],[],[],[100,7,["4-3-2-1-0.1","4-3-2-1-0.1","4-3-2-1-0.1","5-3-2-1-0.1","7-4-3-2-0.1","8-4-3-2-0.1","9-4-3-2-0.1","9-4-3-2-0.1"]]]
03-15 23:05:56.486  5754 19108 D CAWARENESS_34468_FlexJobExecutor: operatorType: 51
03-15 23:05:56.486  5754 19108 D CAWARENESS_34468_FlexJobExecutor: taskId: 601001452, lastAnalyseTime: -1, curAnalyseTime: 1773504000000
03-15 23:05:56.487  5754 19108 I CAWARENESS_34468_FusionLabelOperator: init: dataId=601001452 jsonArray=[[],51,90,5,[1,13],["630000043","210"],[],[],[100,7,["4-3-2-1-0.1","4-3-2-1-0.1","4-3-2-1-0.1","5-3-2-1-0.1","7-4-3-2-0.1","8-4-3-2-0.1","9-4-3-2-0.1","9-4-3-2-0.1"]]]
03-15 23:05:56.489  5754 19108 D CAWARENESS_34468_ConfigChecker: checkeLabelOperatorConfig
03-15 23:05:56.494  5754 19108 I CAWARENESS_34468_FusionLabelOperator: execute:[operIndex,OperSize]=[0, 3]
03-15 23:05:56.498  5754 19108 D CAWARENESS_34468_ThresholdUtil: dd is not exist threshold from cloud
03-15 23:05:56.499  5754 19108 D CAWARENESS_34468_FusionLabelOperator: specType labelOperatorType=51 tblList size=0
03-15 23:05:56.500  5754 19108 D CAWARENESS_34468_FusionLabelOperator: dd labelDaysSum {"days1Sum":0.0,"days3Sum":0.0,"days7Sum":0.0,"days14Sum":0.0,"days30Sum":0.0,"days60Sum":0.0,"days90Sum":0.0,"days180Sum":0.0}
03-15 23:05:56.500  5754 19108 D CAWARENESS_34468_FusionLabelOperator: specType=7
03-15 23:05:56.500  5754 19108 D CAWARENESS_34468_FusionLabelOperator: singleNormalLise: [sum,spec][0.0, 4-3-2-1-0.1]
03-15 23:05:56.500  5754 19108 D CAWARENESS_34468_FusionLabelOperator: singleNormalLise: [sum,spec][0.0, 4-3-2-1-0.1]
03-15 23:05:56.501  5754 19108 D CAWARENESS_34468_FusionLabelOperator: singleNormalLise: [sum,spec][0.0, 4-3-2-1-0.1]
03-15 23:05:56.501  5754 19108 D CAWARENESS_34468_FusionLabelOperator: singleNormalLise: [sum,spec][0.0, 5-3-2-1-0.1]
03-15 23:05:56.501  5754 19108 D CAWARENESS_34468_FusionLabelOperator: singleNormalLise: [sum,spec][0.0, 7-4-3-2-0.1]
03-15 23:05:56.501  5754 19108 D CAWARENESS_34468_FusionLabelOperator: singleNormalLise: [sum,spec][0.0, 8-4-3-2-0.1]
03-15 23:05:56.501  5754 19108 D CAWARENESS_34468_FusionLabelOperator: singleNormalLise: [sum,spec][0.0, 9-4-3-2-0.1]
03-15 23:05:56.502  5754 19108 D CAWARENESS_34468_FusionLabelOperator: singleNormalLise: [sum,spec][0.0, 9-4-3-2-0.1]
03-15 23:05:56.502  5754 19108 D CAWARENESS_34468_FusionLabelOperator: dd mergedValues=[0.0, 0.0, 0.0, 0.0, 0.0, 0.0, 0.0, 0.0]
03-15 23:05:56.503  5754 19108 D CAWARENESS_34468_FusionLabelOperator: dd result=[0.0,0.0,0.0,0.0,0.0,0.0,0.0,0.0]
03-15 23:05:56.504  5754 19108 D CAWARENESS_34468_FlexJobExecutor: dd operatorArray: [[],53,90,5,[1,13],["630000043","210"],[],[],[100,7,["1-0-0-0-0.4","2-1-0-0-0.4","3-2-1-0-0.4","4-2-1-0-0.4","5-3-2-1-0.4","6-3-2-1-0.4","6-3-2-1-0.4","7-4-2-1-0.4"]]]
03-15 23:05:56.504  5754 19108 D CAWARENESS_34468_FlexJobExecutor: operatorType: 53
03-15 23:05:56.504  5754 19108 D CAWARENESS_34468_FlexJobExecutor: iOperator: Optional[com.huawei.hiai.awareness.extend.pengine.v3.ability.operator.label.m7@c583286]
03-15 23:05:56.505  5754 19108 D CAWARENESS_34468_FlexJobExecutor: taskId: 601001452, lastAnalyseTime: 1773504000000, curAnalyseTime: 1773504000000
03-15 23:05:56.505  5754 19108 I CAWARENESS_34468_FusionLabelOperator: init: dataId=601001452 jsonArray=[[],53,90,5,[1,13],["630000043","210"],[],[],[100,7,["1-0-0-0-0.4","2-1-0-0-0.4","3-2-1-0-0.4","4-2-1-0-0.4","5-3-2-1-0.4","6-3-2-1-0.4","6-3-2-1-0.4","7-4-2-1-0.4"]]]
03-15 23:05:56.507  5754 19108 D CAWARENESS_34468_ConfigChecker: checkeLabelOperatorConfig
03-15 23:05:56.512  5754 19108 I CAWARENESS_34468_FusionLabelOperator: execute:[operIndex,OperSize]=[1, 3]
03-15 23:05:56.516  5754 19108 D CAWARENESS_34468_ThresholdUtil: dd is not exist threshold from cloud
03-15 23:05:56.516  5754 19108 D CAWARENESS_34468_FusionLabelOperator: specType labelOperatorType=53 tblList size=0
03-15 23:05:56.519  5754 19108 D CAWARENESS_34468_FusionLabelOperator: dd labelDaysSum {"days1Sum":0.0,"days3Sum":0.0,"days7Sum":0.0,"days14Sum":0.0,"days30Sum":0.0,"days60Sum":0.0,"days90Sum":0.0,"days180Sum":0.0}
03-15 23:05:56.519  5754 19108 D CAWARENESS_34468_FusionLabelOperator: specType=7
03-15 23:05:56.520  5754 19108 D CAWARENESS_34468_FusionLabelOperator: singleNormalLise: [sum,spec][0.0, 1-0-0-0-0.4]
03-15 23:05:56.520  5754 19108 D CAWARENESS_34468_FusionLabelOperator: singleNormalLise: [sum,spec][0.0, 2-1-0-0-0.4]
03-15 23:05:56.520  5754 19108 D CAWARENESS_34468_FusionLabelOperator: singleNormalLise: [sum,spec][0.0, 3-2-1-0-0.4]
03-15 23:05:56.520  5754 19108 D CAWARENESS_34468_FusionLabelOperator: singleNormalLise: [sum,spec][0.0, 4-2-1-0-0.4]
03-15 23:05:56.520  5754 19108 D CAWARENESS_34468_FusionLabelOperator: singleNormalLise: [sum,spec][0.0, 5-3-2-1-0.4]
03-15 23:05:56.520  5754 19108 D CAWARENESS_34468_FusionLabelOperator: singleNormalLise: [sum,spec][0.0, 6-3-2-1-0.4]
03-15 23:05:56.520  5754 19108 D CAWARENESS_34468_FusionLabelOperator: singleNormalLise: [sum,spec][0.0, 6-3-2-1-0.4]
03-15 23:05:56.520  5754 19108 D CAWARENESS_34468_FusionLabelOperator: singleNormalLise: [sum,spec][0.0, 7-4-2-1-0.4]
03-15 23:05:56.520  5754 19108 D CAWARENESS_34468_FusionLabelOperator: dd mergedValues=[0.0, 0.0, 0.0, 0.0, 0.0, 0.0, 0.0, 0.0]
03-15 23:05:56.521  5754 19108 D CAWARENESS_34468_FusionLabelOperator: dd result=[0.0,0.0,0.0,0.0,0.0,0.0,0.0,0.0]
03-15 23:05:56.521  5754 19108 D CAWARENESS_34468_FlexJobExecutor: dd operatorArray: [[],55,90,5,[1,13],["630000043","210"],[],[],[100,7,["112-47-27-11-0.5","150-60-35-13-0.5","228-91-50-17-0.5","300-118-66-21-0.5","447-175-96-28-0.5","615-231-121-34-0.5","680-248-128-35-0.5","703-254-131-36-0.5"]]]
03-15 23:05:56.521  5754 19108 D CAWARENESS_34468_FlexJobExecutor: operatorType: 55
03-15 23:05:56.521  5754 19108 D CAWARENESS_34468_FlexJobExecutor: taskId: 601001452, lastAnalyseTime: 1773504000000, curAnalyseTime: 1773504000000
03-15 23:05:56.522  5754 19108 I CAWARENESS_34468_FusionLabelOperator: init: dataId=601001452 jsonArray=[[],55,90,5,[1,13],["630000043","210"],[],[],[100,7,["112-47-27-11-0.5","150-60-35-13-0.5","228-91-50-17-0.5","300-118-66-21-0.5","447-175-96-28-0.5","615-231-121-34-0.5","680-248-128-35-0.5","703-254-131-36-0.5"]]]
03-15 23:05:56.523  5754 19108 D CAWARENESS_34468_ConfigChecker: checkeLabelOperatorConfig
03-15 23:05:56.527  5754 19108 I CAWARENESS_34468_FusionLabelOperator: execute:[operIndex,OperSize]=[2, 3]
03-15 23:05:56.530  5754 19108 D CAWARENESS_34468_ThresholdUtil: dd is not exist threshold from cloud
03-15 23:05:56.530  5754 19108 D CAWARENESS_34468_FusionLabelOperator: specType labelOperatorType=55 tblList size=0
03-15 23:05:56.531  5754 19108 D CAWARENESS_34468_FusionLabelOperator: dd labelDaysSum {"days1Sum":0.0,"days3Sum":0.0,"days7Sum":0.0,"days14Sum":0.0,"days30Sum":0.0,"days60Sum":0.0,"days90Sum":0.0,"days180Sum":0.0}
03-15 23:05:56.531  5754 19108 D CAWARENESS_34468_FusionLabelOperator: specType=7
03-15 23:05:56.531  5754 19108 D CAWARENESS_34468_FusionLabelOperator: singleNormalLise: [sum,spec][0.0, 112-47-27-11-0.5]
03-15 23:05:56.531  5754 19108 D CAWARENESS_34468_FusionLabelOperator: singleNormalLise: [sum,spec][0.0, 150-60-35-13-0.5]
03-15 23:05:56.531  5754 19108 D CAWARENESS_34468_FusionLabelOperator: singleNormalLise: [sum,spec][0.0, 228-91-50-17-0.5]
03-15 23:05:56.531  5754 19108 D CAWARENESS_34468_FusionLabelOperator: singleNormalLise: [sum,spec][0.0, 300-118-66-21-0.5]
03-15 23:05:56.531  5754 19108 D CAWARENESS_34468_FusionLabelOperator: singleNormalLise: [sum,spec][0.0, 447-175-96-28-0.5]
03-15 23:05:56.531  5754 19108 D CAWARENESS_34468_FusionLabelOperator: singleNormalLise: [sum,spec][0.0, 615-231-121-34-0.5]
03-15 23:05:56.531  5754 19108 D CAWARENESS_34468_FusionLabelOperator: singleNormalLise: [sum,spec][0.0, 680-248-128-35-0.5]
03-15 23:05:56.531  5754 19108 D CAWARENESS_34468_FusionLabelOperator: singleNormalLise: [sum,spec][0.0, 703-254-131-36-0.5]
03-15 23:05:56.532  5754 19108 D CAWARENESS_34468_FusionLabelOperator: dd mergedValues=[0.0, 0.0, 0.0, 0.0, 0.0, 0.0, 0.0, 0.0]
03-15 23:05:56.532  5754 19108 D CAWARENESS_34468_FusionLabelOperator: toSingleStrLabel:[pe, pe, pe, pe, pe, pe, pe, pe]
03-15 23:05:56.536  5754 19108 D CAWARENESS_34468_FusionLabelOperator: dd result={"dataVersion":100,"labelName":"EcommerceBusinessPay","labelValue":"pe","dataId":601001452,"timestamp":1773587156535}
03-15 23:05:56.536  5754 19108 D CAWARENESS_34468_FlexJobExecutor: 601001452 result data size: 1
03-15 23:05:56.545  5754 19108 D CAWARENESS_34468_UpPersistManager: insert size: 1, result: 1
03-15 23:05:56.545  5754 19108 D CAWARENESS_34468_FlexJobExecutor: 601001452 result save success
03-15 23:05:56.548 12660 19115 D CAWARENESS_32269_OperatingDatabaseUtil: t_up_flex_task_status table update successful, update column count: 1
03-15 23:05:56.549  5754 19108 D CAWARENESS_34468_FlexJobExecutor: refreshTaskStatus: true
03-15 23:05:56.550  5754 19108 D CAWARENESS_34468_FlexJobExecutor: resource clean
03-15 23:05:56.551  5754 19108 D CAWARENESS_34468_FlexJobExecutor: taskParaArray: [[[],1,11,5,[1,4,8],["630000012","%","10"],[13],[".*"],[100,0,["3-2-1-0","3-2-1-0","4-2-1-0","5-3-2-1","6-3-2-1","8-4-2-1","10-5-3-2","16-7-4-2"]]]]
03-15 23:05:56.551  5754 19108 D CAWARENESS_34468_FlexJobExecutor: dd operatorArray: [[],1,11,5,[1,4,8],["630000012","%","10"],[13],[".*"],[100,0,["3-2-1-0","3-2-1-0","4-2-1-0","5-3-2-1","6-3-2-1","8-4-2-1","10-5-3-2","16-7-4-2"]]]
03-15 23:05:56.551  5754 19108 D CAWARENESS_34468_FlexJobExecutor: operatorType: 1
03-15 23:05:56.551  5754 19108 D CAWARENESS_34468_FlexJobExecutor: taskId: 601001453, lastAnalyseTime: -1, curAnalyseTime: 1773504000000
03-15 23:05:56.552  5754 19108 I CAWARENESS_34468_CommonLabelOperator: init: dataId=601001453 jsonArray=[[],1,11,5,[1,4,8],["630000012","%","10"],[13],[".*"],[100,0,["3-2-1-0","3-2-1-0","4-2-1-0","5-3-2-1","6-3-2-1","8-4-2-1","10-5-3-2","16-7-4-2"]]]
03-15 23:05:56.553  5754 19108 D CAWARENESS_34468_ConfigChecker: checkeLabelOperatorConfig
03-15 23:05:56.561  5754 19108 D CAWARENESS_34468_CommonLabelOperator: labelStatTemplateType=11
03-15 23:05:56.562  5754 19108 D CAWARENESS_34468_FlexJobExecutor: 601001453 result data size: 1
03-15 23:05:56.571  5754 19108 D CAWARENESS_34468_UpPersistManager: insert size: 1, result: 1
03-15 23:05:56.571  5754 19108 D CAWARENESS_34468_FlexJobExecutor: 601001453 result save success
03-15 23:05:56.574 12660 19115 D CAWARENESS_32269_OperatingDatabaseUtil: t_up_flex_task_status table update successful, update column count: 1
03-15 23:05:56.574  5754 19108 D CAWARENESS_34468_FlexJobExecutor: refreshTaskStatus: true
03-15 23:05:56.575  5754 19108 D CAWARENESS_34468_FlexJobExecutor: resource clean
03-15 23:05:56.575  5754 19108 D CAWARENESS_34468_FlexJobExecutor: taskParaArray: [[[],1,11,5,[1,4,8],["630000012","%","10"],[14],[".*"],[100,0,["3-2-1-0","3-2-1-0","3-2-1-0","4-2-1-0","5-3-2-1","6-3-2-1","6-3-2-1","7-4-2-1"]]]]
03-15 23:05:56.576  5754 19108 D CAWARENESS_34468_FlexJobExecutor: dd operatorArray: [[],1,11,5,[1,4,8],["630000012","%","10"],[14],[".*"],[100,0,["3-2-1-0","3-2-1-0","3-2-1-0","4-2-1-0","5-3-2-1","6-3-2-1","6-3-2-1","7-4-2-1"]]]
03-15 23:05:56.576  5754 19108 D CAWARENESS_34468_FlexJobExecutor: operatorType: 1
03-15 23:05:56.576  5754 19108 D CAWARENESS_34468_FlexJobExecutor: taskId: 601001454, lastAnalyseTime: -1, curAnalyseTime: 1773504000000
03-15 23:05:56.577  5754 19108 I CAWARENESS_34468_CommonLabelOperator: init: dataId=601001454 jsonArray=[[],1,11,5,[1,4,8],["630000012","%","10"],[14],[".*"],[100,0,["3-2-1-0","3-2-1-0","3-2-1-0","4-2-1-0","5-3-2-1","6-3-2-1","6-3-2-1","7-4-2-1"]]]
03-15 23:05:56.578  5754 19108 D CAWARENESS_34468_ConfigChecker: checkeLabelOperatorConfig
03-15 23:05:56.588  5754 19108 D CAWARENESS_34468_CommonLabelOperator: labelStatTemplateType=11
03-15 23:05:56.589  5754 19108 D CAWARENESS_34468_FlexJobExecutor: 601001454 result data size: 1
03-15 23:05:56.599  5754 19108 D CAWARENESS_34468_UpPersistManager: insert size: 1, result: 1
03-15 23:05:56.599  5754 19108 D CAWARENESS_34468_FlexJobExecutor: 601001454 result save success
03-15 23:05:56.602 12660 19115 D CAWARENESS_32269_OperatingDatabaseUtil: t_up_flex_task_status table update successful, update column count: 1
03-15 23:05:56.603  5754 19108 D CAWARENESS_34468_FlexJobExecutor: refreshTaskStatus: true
03-15 23:05:56.603  5754 19108 D CAWARENESS_34468_FlexJobExecutor: resource clean
03-15 23:05:56.604  5754 19108 D CAWARENESS_34468_FlexJobExecutor: taskParaArray: [[[],1,11,5,[1,4,8],["630000012","%","10"],[15],[".*"],[100,0,["2-1-0-0","2-1-0-0","3-1-0-0","7-2-1-0","31-7-3-1","63-14-7-1","63-19-7-3","127-26-15-3"]]]]
03-15 23:05:56.604  5754 19108 D CAWARENESS_34468_FlexJobExecutor: dd operatorArray: [[],1,11,5,[1,4,8],["630000012","%","10"],[15],[".*"],[100,0,["2-1-0-0","2-1-0-0","3-1-0-0","7-2-1-0","31-7-3-1","63-14-7-1","63-19-7-3","127-26-15-3"]]]
03-15 23:05:56.604  5754 19108 D CAWARENESS_34468_FlexJobExecutor: operatorType: 1
03-15 23:05:56.605  5754 19108 D CAWARENESS_34468_FlexJobExecutor: taskId: 601001455, lastAnalyseTime: -1, curAnalyseTime: 1773504000000
03-15 23:05:56.605  5754 19108 I CAWARENESS_34468_CommonLabelOperator: init: dataId=601001455 jsonArray=[[],1,11,5,[1,4,8],["630000012","%","10"],[15],[".*"],[100,0,["2-1-0-0","2-1-0-0","3-1-0-0","7-2-1-0","31-7-3-1","63-14-7-1","63-19-7-3","127-26-15-3"]]]
03-15 23:05:56.606  5754 19108 D CAWARENESS_34468_ConfigChecker: checkeLabelOperatorConfig
03-15 23:05:56.614  5754 19108 D CAWARENESS_34468_CommonLabelOperator: labelStatTemplateType=11
03-15 23:05:56.615  5754 19108 D CAWARENESS_34468_FlexJobExecutor: 601001455 result data size: 1
03-15 23:05:56.624  5754 19108 D CAWARENESS_34468_UpPersistManager: insert size: 1, result: 1
03-15 23:05:56.625  5754 19108 D CAWARENESS_34468_FlexJobExecutor: 601001455 result save success
03-15 23:05:56.627 12660 19115 D CAWARENESS_32269_OperatingDatabaseUtil: t_up_flex_task_status table update successful, update column count: 1
03-15 23:05:56.628  5754 19108 D CAWARENESS_34468_FlexJobExecutor: refreshTaskStatus: true
03-15 23:05:56.628  5754 19108 D CAWARENESS_34468_FlexJobExecutor: resource clean
03-15 23:05:56.629  5754 19108 D CAWARENESS_34468_FlexJobExecutor: taskParaArray: [[[],1,11,5,[1,4,8],["630000012","%","10"],[16],[".*"],[100,0,["2-1-0-0","2-1-0-0","3-1-0-0","7-2-1-0","31-7-3-1","63-14-7-1","63-19-7-3","127-26-15-3"]]]]
03-15 23:05:56.630  5754 19108 D CAWARENESS_34468_FlexJobExecutor: dd operatorArray: [[],1,11,5,[1,4,8],["630000012","%","10"],[16],[".*"],[100,0,["2-1-0-0","2-1-0-0","3-1-0-0","7-2-1-0","31-7-3-1","63-14-7-1","63-19-7-3","127-26-15-3"]]]
03-15 23:05:56.630  5754 19108 D CAWARENESS_34468_FlexJobExecutor: operatorType: 1
03-15 23:05:56.630  5754 19108 D CAWARENESS_34468_FlexJobExecutor: taskId: 601001456, lastAnalyseTime: -1, curAnalyseTime: 1773504000000
03-15 23:05:56.631  5754 19108 I CAWARENESS_34468_CommonLabelOperator: init: dataId=601001456 jsonArray=[[],1,11,5,[1,4,8],["630000012","%","10"],[16],[".*"],[100,0,["2-1-0-0","2-1-0-0","3-1-0-0","7-2-1-0","31-7-3-1","63-14-7-1","63-19-7-3","127-26-15-3"]]]
03-15 23:05:56.633  5754 19108 D CAWARENESS_34468_ConfigChecker: checkeLabelOperatorConfig
03-15 23:05:56.642  5754 19108 D CAWARENESS_34468_CommonLabelOperator: labelStatTemplateType=11
03-15 23:05:56.643  5754 19108 D CAWARENESS_34468_FlexJobExecutor: 601001456 result data size: 1
03-15 23:05:56.654  5754 19108 D CAWARENESS_34468_UpPersistManager: insert size: 1, result: 1
03-15 23:05:56.654  5754 19108 D CAWARENESS_34468_FlexJobExecutor: 601001456 result save success
03-15 23:05:56.657 12660 19115 D CAWARENESS_32269_OperatingDatabaseUtil: t_up_flex_task_status table update successful, update column count: 1
03-15 23:05:56.658  5754 19108 D CAWARENESS_34468_FlexJobExecutor: refreshTaskStatus: true
03-15 23:05:56.658  5754 19108 D CAWARENESS_34468_FlexJobExecutor: resource clean
03-15 23:05:56.662  5754 19108 D CAWARENESS_34468_FlexJobExecutor: taskParaArray: [[[],51,0,5,[1,12],["630000016","26"],[],[],[100,7,["2-1-0-0-0.2","2-1-0-0-0.2","2-1-0-0-0.2","2-1-0-0-0.2","2-1-0-0-0.2","2-1-0-0-0.2","2-1-0-0-0.2","2-1-0-0-0.2"]]],[[],51,0,5,[1,12],["630000016","27"],[],[],[100,7,["3-2-1-0-0.5","3-2-1-0-0.5","3-2-1-0-0.5","3-2-1-0-0.5","3-2-1-0-0.5","3-2-1-0-0.5","3-2-1-0-0.5","3-2-1-0-0.5"]]],[[],51,0,5,[1,12],["630000017","27"],[],[],[100,7,["4-3-2-1-0.2","5-4-3-2-0.2","5-3-2-1-0.2","6-3-2-1-0.2","7-4-2-1-0.2","10-6-4-2-0.2","15-6-4-2-0.2","15-6-4-2-0.2"]]],[[],51,0,5,[1,12],["630000017","28"],[],[],[100,7,["6-3-2-1-0.5","8-4-3-2-0.5","10-4-3-2-0.5","12-5-3-2-0.5","18-7-4-2-0.5","26-10-6-2-0.5","33-12-6-2-0.5","35-12-7-2-0.5"]]],[[],51,0,5,[1,8,18],["630000012","0","1"],[],[],[100,7,["6-3-2-1-0.5","6-3-2-1-0.5","6-3-2-1-0.5","6-3-2-1-0.5","6-3-2-1-0.5","6-3-2-1-0.5","6-3-2-1-0.5","6-3-2-1-0.5"]]],[[],51,0,5,[1,8,18],["630000012","1","1"],[],[],[100,7,["9-6-3-2-0.3","9-6-5-3-0.3","9-6-5-3-0.3","9-6-5-3-0.3","12-6-5-3-0.3","12-6-5-3-0.3","12-6-5-3-0.3","12-6-5-3-0.3"]]],[[],51,0,5,[1,8,18],["630000012","2","1"],[],[],[100,7,["6-5-3-2-0.1","6-5-3-2-0.1","6-5-3-2-0.1","6-5-3-2-0.1","6-5-3-2-0.1","6-5-3-2-0.1","6-5-3-2-0.1","6-5-3-2-0.1"]]],[[],51,0,5,[1,8,18],["630000012","6","1"],[],[],[100,7,["6-3-2-1-0.1","9-6-3-2-0.1","9-6-5-3-0.1","12-6-5-3-0.1","12-6-5-3-0.1","12-6-5-3-0.1","12-6-5-3-0.1","12-6-5-3-0.1"]]],[[],51,0,5,[1,8,18],["630000012","7","1"],[],[],[100,7,["6-3-2-1-0.5","6-3-2-1-0.5","6-3-2-1-0.5","6-3-2-1-0.5","6-3-2-1-0.5","6-3-2-1-0.5","6-3-2-1-0.5","6-3-2-1-0.5"]]],[[],51,0,5,[1,8,18],["630000012","10","1"],[],[],[100,7,["6-5-3-2-1","9-6-3-2-1","9-6-3-2-1","9-6-3-2-1","9-6-3-2-1","9-6-3-2-1","9-6-3-2-1","9-6-3-2-1"]]]]
03-15 23:05:56.662  5754 19108 D CAWARENESS_34468_FlexJobExecutor: dd operatorArray: [[],51,0,5,[1,12],["630000016","26"],[],[],[100,7,["2-1-0-0-0.2","2-1-0-0-0.2","2-1-0-0-0.2","2-1-0-0-0.2","2-1-0-0-0.2","2-1-0-0-0.2","2-1-0-0-0.2","2-1-0-0-0.2"]]]
03-15 23:05:56.662  5754 19108 D CAWARENESS_34468_FlexJobExecutor: operatorType: 51
03-15 23:05:56.663  5754 19108 D CAWARENESS_34468_FlexJobExecutor: taskId: 601001457, lastAnalyseTime: -1, curAnalyseTime: 1773504000000
03-15 23:05:56.663  5754 19108 I CAWARENESS_34468_FusionLabelOperator: init: dataId=601001457 jsonArray=[[],51,0,5,[1,12],["630000016","26"],[],[],[100,7,["2-1-0-0-0.2","2-1-0-0-0.2","2-1-0-0-0.2","2-1-0-0-0.2","2-1-0-0-0.2","2-1-0-0-0.2","2-1-0-0-0.2","2-1-0-0-0.2"]]]
03-15 23:05:56.665  5754 19108 D CAWARENESS_34468_ConfigChecker: checkeLabelOperatorConfig
03-15 23:05:56.670  5754 19108 I CAWARENESS_34468_FusionLabelOperator: execute:[operIndex,OperSize]=[0, 10]
03-15 23:05:56.675  5754 19108 D CAWARENESS_34468_ThresholdUtil: dd is not exist threshold from cloud
03-15 23:05:56.676  5754 19108 D CAWARENESS_34468_FusionLabelOperator: specType labelOperatorType=51 tblList size=0
03-15 23:05:56.677  5754 19108 D CAWARENESS_34468_FusionLabelOperator: dd labelDaysSum {"days1Sum":0.0,"days3Sum":0.0,"days7Sum":0.0,"days14Sum":0.0,"days30Sum":0.0,"days60Sum":0.0,"days90Sum":0.0,"days180Sum":0.0}
03-15 23:05:56.677  5754 19108 D CAWARENESS_34468_FusionLabelOperator: specType=7
03-15 23:05:56.677  5754 19108 D CAWARENESS_34468_FusionLabelOperator: singleNormalLise: [sum,spec][0.0, 2-1-0-0-0.2]
03-15 23:05:56.677  5754 19108 D CAWARENESS_34468_FusionLabelOperator: singleNormalLise: [sum,spec][0.0, 2-1-0-0-0.2]
03-15 23:05:56.677  5754 19108 D CAWARENESS_34468_FusionLabelOperator: singleNormalLise: [sum,spec][0.0, 2-1-0-0-0.2]
03-15 23:05:56.677  5754 19108 D CAWARENESS_34468_FusionLabelOperator: singleNormalLise: [sum,spec][0.0, 2-1-0-0-0.2]
03-15 23:05:56.678  5754 19108 D CAWARENESS_34468_FusionLabelOperator: singleNormalLise: [sum,spec][0.0, 2-1-0-0-0.2]
03-15 23:05:56.678  5754 19108 D CAWARENESS_34468_FusionLabelOperator: singleNormalLise: [sum,spec][0.0, 2-1-0-0-0.2]
03-15 23:05:56.678  5754 19108 D CAWARENESS_34468_FusionLabelOperator: singleNormalLise: [sum,spec][0.0, 2-1-0-0-0.2]
03-15 23:05:56.678  5754 19108 D CAWARENESS_34468_FusionLabelOperator: singleNormalLise: [sum,spec][0.0, 2-1-0-0-0.2]
03-15 23:05:56.678  5754 19108 D CAWARENESS_34468_FusionLabelOperator: dd mergedValues=[0.0, 0.0, 0.0, 0.0, 0.0, 0.0, 0.0, 0.0]
03-15 23:05:56.679  5754 19108 D CAWARENESS_34468_FusionLabelOperator: dd result=[0.0,0.0,0.0,0.0,0.0,0.0,0.0,0.0]
03-15 23:05:56.679  5754 19108 D CAWARENESS_34468_FlexJobExecutor: dd operatorArray: [[],51,0,5,[1,12],["630000016","27"],[],[],[100,7,["3-2-1-0-0.5","3-2-1-0-0.5","3-2-1-0-0.5","3-2-1-0-0.5","3-2-1-0-0.5","3-2-1-0-0.5","3-2-1-0-0.5","3-2-1-0-0.5"]]]
03-15 23:05:56.680  5754 19108 D CAWARENESS_34468_FlexJobExecutor: operatorType: 51
03-15 23:05:56.680  5754 19108 D CAWARENESS_34468_FlexJobExecutor: taskId: 601001457, lastAnalyseTime: 1773504000000, curAnalyseTime: 1773504000000
03-15 23:05:56.680  5754 19108 I CAWARENESS_34468_FusionLabelOperator: init: dataId=601001457 jsonArray=[[],51,0,5,[1,12],["630000016","27"],[],[],[100,7,["3-2-1-0-0.5","3-2-1-0-0.5","3-2-1-0-0.5","3-2-1-0-0.5","3-2-1-0-0.5","3-2-1-0-0.5","3-2-1-0-0.5","3-2-1-0-0.5"]]]
03-15 23:05:56.682  5754 19108 D CAWARENESS_34468_ConfigChecker: checkeLabelOperatorConfig
03-15 23:05:56.687  5754 19108 I CAWARENESS_34468_FusionLabelOperator: execute:[operIndex,OperSize]=[1, 10]
03-15 23:05:56.692  5754 19108 D CAWARENESS_34468_ThresholdUtil: dd is not exist threshold from cloud
03-15 23:05:56.692  5754 19108 D CAWARENESS_34468_FusionLabelOperator: specType labelOperatorType=51 tblList size=0
03-15 23:05:56.693  5754 19108 D CAWARENESS_34468_FusionLabelOperator: dd labelDaysSum {"days1Sum":0.0,"days3Sum":0.0,"days7Sum":0.0,"days14Sum":0.0,"days30Sum":0.0,"days60Sum":0.0,"days90Sum":0.0,"days180Sum":0.0}
03-15 23:05:56.693  5754 19108 D CAWARENESS_34468_FusionLabelOperator: specType=7
03-15 23:05:56.693  5754 19108 D CAWARENESS_34468_FusionLabelOperator: singleNormalLise: [sum,spec][0.0, 3-2-1-0-0.5]
03-15 23:05:56.693  5754 19108 D CAWARENESS_34468_FusionLabelOperator: singleNormalLise: [sum,spec][0.0, 3-2-1-0-0.5]
03-15 23:05:56.693  5754 19108 D CAWARENESS_34468_FusionLabelOperator: singleNormalLise: [sum,spec][0.0, 3-2-1-0-0.5]
03-15 23:05:56.693  5754 19108 D CAWARENESS_34468_FusionLabelOperator: singleNormalLise: [sum,spec][0.0, 3-2-1-0-0.5]
03-15 23:05:56.693  5754 19108 D CAWARENESS_34468_FusionLabelOperator: singleNormalLise: [sum,spec][0.0, 3-2-1-0-0.5]
03-15 23:05:56.693  5754 19108 D CAWARENESS_34468_FusionLabelOperator: singleNormalLise: [sum,spec][0.0, 3-2-1-0-0.5]
03-15 23:05:56.694  5754 19108 D CAWARENESS_34468_FusionLabelOperator: singleNormalLise: [sum,spec][0.0, 3-2-1-0-0.5]
03-15 23:05:56.694  5754 19108 D CAWARENESS_34468_FusionLabelOperator: singleNormalLise: [sum,spec][0.0, 3-2-1-0-0.5]
03-15 23:05:56.694  5754 19108 D CAWARENESS_34468_FusionLabelOperator: dd mergedValues=[0.0, 0.0, 0.0, 0.0, 0.0, 0.0, 0.0, 0.0]
03-15 23:05:56.695  5754 19108 D CAWARENESS_34468_FusionLabelOperator: dd result=[0.0,0.0,0.0,0.0,0.0,0.0,0.0,0.0]
03-15 23:05:56.695  5754 19108 D CAWARENESS_34468_FlexJobExecutor: dd operatorArray: [[],51,0,5,[1,12],["630000017","27"],[],[],[100,7,["4-3-2-1-0.2","5-4-3-2-0.2","5-3-2-1-0.2","6-3-2-1-0.2","7-4-2-1-0.2","10-6-4-2-0.2","15-6-4-2-0.2","15-6-4-2-0.2"]]]
03-15 23:05:56.695  5754 19108 D CAWARENESS_34468_FlexJobExecutor: operatorType: 51
03-15 23:05:56.695  5754 19108 D CAWARENESS_34468_FlexJobExecutor: taskId: 601001457, lastAnalyseTime: 1773504000000, curAnalyseTime: 1773504000000
03-15 23:05:56.696  5754 19108 I CAWARENESS_34468_FusionLabelOperator: init: dataId=601001457 jsonArray=[[],51,0,5,[1,12],["630000017","27"],[],[],[100,7,["4-3-2-1-0.2","5-4-3-2-0.2","5-3-2-1-0.2","6-3-2-1-0.2","7-4-2-1-0.2","10-6-4-2-0.2","15-6-4-2-0.2","15-6-4-2-0.2"]]]
03-15 23:05:56.697  5754 19108 D CAWARENESS_34468_ConfigChecker: checkeLabelOperatorConfig
03-15 23:05:56.702  5754 19108 I CAWARENESS_34468_FusionLabelOperator: execute:[operIndex,OperSize]=[2, 10]
03-15 23:05:56.706  5754 19108 D CAWARENESS_34468_ThresholdUtil: dd is not exist threshold from cloud
03-15 23:05:56.706  5754 19108 D CAWARENESS_34468_FusionLabelOperator: specType labelOperatorType=51 tblList size=0
03-15 23:05:56.707  5754 19108 D CAWARENESS_34468_FusionLabelOperator: dd labelDaysSum {"days1Sum":0.0,"days3Sum":0.0,"days7Sum":0.0,"days14Sum":0.0,"days30Sum":0.0,"days60Sum":0.0,"days90Sum":0.0,"days180Sum":0.0}
03-15 23:05:56.707  5754 19108 D CAWARENESS_34468_FusionLabelOperator: specType=7
03-15 23:05:56.707  5754 19108 D CAWARENESS_34468_FusionLabelOperator: singleNormalLise: [sum,spec][0.0, 4-3-2-1-0.2]
03-15 23:05:56.707  5754 19108 D CAWARENESS_34468_FusionLabelOperator: singleNormalLise: [sum,spec][0.0, 5-4-3-2-0.2]
03-15 23:05:56.707  5754 19108 D CAWARENESS_34468_FusionLabelOperator: singleNormalLise: [sum,spec][0.0, 5-3-2-1-0.2]
03-15 23:05:56.707  5754 19108 D CAWARENESS_34468_FusionLabelOperator: singleNormalLise: [sum,spec][0.0, 6-3-2-1-0.2]
03-15 23:05:56.707  5754 19108 D CAWARENESS_34468_FusionLabelOperator: singleNormalLise: [sum,spec][0.0, 7-4-2-1-0.2]
03-15 23:05:56.707  5754 19108 D CAWARENESS_34468_FusionLabelOperator: singleNormalLise: [sum,spec][0.0, 10-6-4-2-0.2]
03-15 23:05:56.707  5754 19108 D CAWARENESS_34468_FusionLabelOperator: singleNormalLise: [sum,spec][0.0, 15-6-4-2-0.2]
03-15 23:05:56.707  5754 19108 D CAWARENESS_34468_FusionLabelOperator: singleNormalLise: [sum,spec][0.0, 15-6-4-2-0.2]
03-15 23:05:56.708  5754 19108 D CAWARENESS_34468_FusionLabelOperator: dd mergedValues=[0.0, 0.0, 0.0, 0.0, 0.0, 0.0, 0.0, 0.0]
03-15 23:05:56.708  5754 19108 D CAWARENESS_34468_FusionLabelOperator: dd result=[0.0,0.0,0.0,0.0,0.0,0.0,0.0,0.0]
03-15 23:05:56.709  5754 19108 D CAWARENESS_34468_FlexJobExecutor: dd operatorArray: [[],51,0,5,[1,12],["630000017","28"],[],[],[100,7,["6-3-2-1-0.5","8-4-3-2-0.5","10-4-3-2-0.5","12-5-3-2-0.5","18-7-4-2-0.5","26-10-6-2-0.5","33-12-6-2-0.5","35-12-7-2-0.5"]]]
03-15 23:05:56.709  5754 19108 D CAWARENESS_34468_FlexJobExecutor: operatorType: 51
03-15 23:05:56.709  5754 19108 D CAWARENESS_34468_FlexJobExecutor: taskId: 601001457, lastAnalyseTime: 1773504000000, curAnalyseTime: 1773504000000
03-15 23:05:56.709  5754 19108 I CAWARENESS_34468_FusionLabelOperator: init: dataId=601001457 jsonArray=[[],51,0,5,[1,12],["630000017","28"],[],[],[100,7,["6-3-2-1-0.5","8-4-3-2-0.5","10-4-3-2-0.5","12-5-3-2-0.5","18-7-4-2-0.5","26-10-6-2-0.5","33-12-6-2-0.5","35-12-7-2-0.5"]]]
03-15 23:05:56.710  5754 19108 D CAWARENESS_34468_ConfigChecker: checkeLabelOperatorConfig
03-15 23:05:56.715  5754 19108 I CAWARENESS_34468_FusionLabelOperator: execute:[operIndex,OperSize]=[3, 10]
03-15 23:05:56.719  5754 19108 D CAWARENESS_34468_ThresholdUtil: dd is not exist threshold from cloud
03-15 23:05:56.719  5754 19108 D CAWARENESS_34468_FusionLabelOperator: specType labelOperatorType=51 tblList size=0
03-15 23:05:56.720  5754 19108 D CAWARENESS_34468_FusionLabelOperator: dd labelDaysSum {"days1Sum":0.0,"days3Sum":0.0,"days7Sum":0.0,"days14Sum":0.0,"days30Sum":0.0,"days60Sum":0.0,"days90Sum":0.0,"days180Sum":0.0}
03-15 23:05:56.721  5754 19108 D CAWARENESS_34468_FusionLabelOperator: specType=7
03-15 23:05:56.721  5754 19108 D CAWARENESS_34468_FusionLabelOperator: singleNormalLise: [sum,spec][0.0, 6-3-2-1-0.5]
03-15 23:05:56.721  5754 19108 D CAWARENESS_34468_FusionLabelOperator: singleNormalLise: [sum,spec][0.0, 8-4-3-2-0.5]
03-15 23:05:56.721  5754 19108 D CAWARENESS_34468_FusionLabelOperator: singleNormalLise: [sum,spec][0.0, 10-4-3-2-0.5]
03-15 23:05:56.721  5754 19108 D CAWARENESS_34468_FusionLabelOperator: singleNormalLise: [sum,spec][0.0, 12-5-3-2-0.5]
03-15 23:05:56.721  5754 19108 D CAWARENESS_34468_FusionLabelOperator: singleNormalLise: [sum,spec][0.0, 18-7-4-2-0.5]
03-15 23:05:56.721  5754 19108 D CAWARENESS_34468_FusionLabelOperator: singleNormalLise: [sum,spec][0.0, 26-10-6-2-0.5]
03-15 23:05:56.721  5754 19108 D CAWARENESS_34468_FusionLabelOperator: singleNormalLise: [sum,spec][0.0, 33-12-6-2-0.5]
03-15 23:05:56.721  5754 19108 D CAWARENESS_34468_FusionLabelOperator: singleNormalLise: [sum,spec][0.0, 35-12-7-2-0.5]
03-15 23:05:56.721  5754 19108 D CAWARENESS_34468_FusionLabelOperator: dd mergedValues=[0.0, 0.0, 0.0, 0.0, 0.0, 0.0, 0.0, 0.0]
03-15 23:05:56.722  5754 19108 D CAWARENESS_34468_FusionLabelOperator: dd result=[0.0,0.0,0.0,0.0,0.0,0.0,0.0,0.0]
03-15 23:05:56.723  5754 19108 D CAWARENESS_34468_FlexJobExecutor: dd operatorArray: [[],51,0,5,[1,8,18],["630000012","0","1"],[],[],[100,7,["6-3-2-1-0.5","6-3-2-1-0.5","6-3-2-1-0.5","6-3-2-1-0.5","6-3-2-1-0.5","6-3-2-1-0.5","6-3-2-1-0.5","6-3-2-1-0.5"]]]
03-15 23:05:56.723  5754 19108 D CAWARENESS_34468_FlexJobExecutor: operatorType: 51
03-15 23:05:56.723  5754 19108 D CAWARENESS_34468_FlexJobExecutor: taskId: 601001457, lastAnalyseTime: 1773504000000, curAnalyseTime: 1773504000000
03-15 23:05:56.723  5754 19108 I CAWARENESS_34468_FusionLabelOperator: init: dataId=601001457 jsonArray=[[],51,0,5,[1,8,18],["630000012","0","1"],[],[],[100,7,["6-3-2-1-0.5","6-3-2-1-0.5","6-3-2-1-0.5","6-3-2-1-0.5","6-3-2-1-0.5","6-3-2-1-0.5","6-3-2-1-0.5","6-3-2-1-0.5"]]]
03-15 23:05:56.725  5754 19108 D CAWARENESS_34468_ConfigChecker: checkeLabelOperatorConfig
03-15 23:05:56.730  5754 19108 I CAWARENESS_34468_FusionLabelOperator: execute:[operIndex,OperSize]=[4, 10]
03-15 23:05:56.734  5754 19108 D CAWARENESS_34468_ThresholdUtil: dd is not exist threshold from cloud
03-15 23:05:56.735  5754 19108 D CAWARENESS_34468_FusionLabelOperator: specType labelOperatorType=51 tblList size=0
03-15 23:05:56.735  5754 19108 D CAWARENESS_34468_FusionLabelOperator: dd labelDaysSum {"days1Sum":0.0,"days3Sum":0.0,"days7Sum":0.0,"days14Sum":0.0,"days30Sum":0.0,"days60Sum":0.0,"days90Sum":0.0,"days180Sum":0.0}
03-15 23:05:56.736  5754 19108 D CAWARENESS_34468_FusionLabelOperator: specType=7
03-15 23:05:56.736  5754 19108 D CAWARENESS_34468_FusionLabelOperator: singleNormalLise: [sum,spec][0.0, 6-3-2-1-0.5]
03-15 23:05:56.736  5754 19108 D CAWARENESS_34468_FusionLabelOperator: singleNormalLise: [sum,spec][0.0, 6-3-2-1-0.5]
03-15 23:05:56.736  5754 19108 D CAWARENESS_34468_FusionLabelOperator: singleNormalLise: [sum,spec][0.0, 6-3-2-1-0.5]
03-15 23:05:56.736  5754 19108 D CAWARENESS_34468_FusionLabelOperator: singleNormalLise: [sum,spec][0.0, 6-3-2-1-0.5]
03-15 23:05:56.736  5754 19108 D CAWARENESS_34468_FusionLabelOperator: singleNormalLise: [sum,spec][0.0, 6-3-2-1-0.5]
03-15 23:05:56.736  5754 19108 D CAWARENESS_34468_FusionLabelOperator: singleNormalLise: [sum,spec][0.0, 6-3-2-1-0.5]
03-15 23:05:56.736  5754 19108 D CAWARENESS_34468_FusionLabelOperator: singleNormalLise: [sum,spec][0.0, 6-3-2-1-0.5]
03-15 23:05:56.737  5754 19108 D CAWARENESS_34468_FusionLabelOperator: singleNormalLise: [sum,spec][0.0, 6-3-2-1-0.5]
03-15 23:05:56.737  5754 19108 D CAWARENESS_34468_FusionLabelOperator: dd mergedValues=[0.0, 0.0, 0.0, 0.0, 0.0, 0.0, 0.0, 0.0]
03-15 23:05:56.737  5754 19108 D CAWARENESS_34468_FusionLabelOperator: dd result=[0.0,0.0,0.0,0.0,0.0,0.0,0.0,0.0]
03-15 23:05:56.738  5754 19108 D CAWARENESS_34468_FlexJobExecutor: dd operatorArray: [[],51,0,5,[1,8,18],["630000012","1","1"],[],[],[100,7,["9-6-3-2-0.3","9-6-5-3-0.3","9-6-5-3-0.3","9-6-5-3-0.3","12-6-5-3-0.3","12-6-5-3-0.3","12-6-5-3-0.3","12-6-5-3-0.3"]]]
03-15 23:05:56.738  5754 19108 D CAWARENESS_34468_FlexJobExecutor: operatorType: 51
03-15 23:05:56.738  5754 19108 D CAWARENESS_34468_FlexJobExecutor: taskId: 601001457, lastAnalyseTime: 1773504000000, curAnalyseTime: 1773504000000
03-15 23:05:56.738  5754 19108 I CAWARENESS_34468_FusionLabelOperator: init: dataId=601001457 jsonArray=[[],51,0,5,[1,8,18],["630000012","1","1"],[],[],[100,7,["9-6-3-2-0.3","9-6-5-3-0.3","9-6-5-3-0.3","9-6-5-3-0.3","12-6-5-3-0.3","12-6-5-3-0.3","12-6-5-3-0.3","12-6-5-3-0.3"]]]
03-15 23:05:56.740  5754 19108 D CAWARENESS_34468_ConfigChecker: checkeLabelOperatorConfig
03-15 23:05:56.743  5754 19108 I CAWARENESS_34468_FusionLabelOperator: execute:[operIndex,OperSize]=[5, 10]
03-15 23:05:56.747  5754 19108 D CAWARENESS_34468_ThresholdUtil: dd is not exist threshold from cloud
03-15 23:05:56.747  5754 19108 D CAWARENESS_34468_FusionLabelOperator: specType labelOperatorType=51 tblList size=0
03-15 23:05:56.748  5754 19108 D CAWARENESS_34468_FusionLabelOperator: dd labelDaysSum {"days1Sum":0.0,"days3Sum":0.0,"days7Sum":0.0,"days14Sum":0.0,"days30Sum":0.0,"days60Sum":0.0,"days90Sum":0.0,"days180Sum":0.0}
03-15 23:05:56.748  5754 19108 D CAWARENESS_34468_FusionLabelOperator: specType=7
03-15 23:05:56.748  5754 19108 D CAWARENESS_34468_FusionLabelOperator: singleNormalLise: [sum,spec][0.0, 9-6-3-2-0.3]
03-15 23:05:56.748  5754 19108 D CAWARENESS_34468_FusionLabelOperator: singleNormalLise: [sum,spec][0.0, 9-6-5-3-0.3]
03-15 23:05:56.748  5754 19108 D CAWARENESS_34468_FusionLabelOperator: singleNormalLise: [sum,spec][0.0, 9-6-5-3-0.3]
03-15 23:05:56.748  5754 19108 D CAWARENESS_34468_FusionLabelOperator: singleNormalLise: [sum,spec][0.0, 9-6-5-3-0.3]
03-15 23:05:56.748  5754 19108 D CAWARENESS_34468_FusionLabelOperator: singleNormalLise: [sum,spec][0.0, 12-6-5-3-0.3]
03-15 23:05:56.748  5754 19108 D CAWARENESS_34468_FusionLabelOperator: singleNormalLise: [sum,spec][0.0, 12-6-5-3-0.3]
03-15 23:05:56.748  5754 19108 D CAWARENESS_34468_FusionLabelOperator: singleNormalLise: [sum,spec][0.0, 12-6-5-3-0.3]
03-15 23:05:56.749  5754 19108 D CAWARENESS_34468_FusionLabelOperator: singleNormalLise: [sum,spec][0.0, 12-6-5-3-0.3]
03-15 23:05:56.749  5754 19108 D CAWARENESS_34468_FusionLabelOperator: dd mergedValues=[0.0, 0.0, 0.0, 0.0, 0.0, 0.0, 0.0, 0.0]
03-15 23:05:56.749  5754 19108 D CAWARENESS_34468_FusionLabelOperator: dd result=[0.0,0.0,0.0,0.0,0.0,0.0,0.0,0.0]
03-15 23:05:56.750  5754 19108 D CAWARENESS_34468_FlexJobExecutor: dd operatorArray: [[],51,0,5,[1,8,18],["630000012","2","1"],[],[],[100,7,["6-5-3-2-0.1","6-5-3-2-0.1","6-5-3-2-0.1","6-5-3-2-0.1","6-5-3-2-0.1","6-5-3-2-0.1","6-5-3-2-0.1","6-5-3-2-0.1"]]]
03-15 23:05:56.750  5754 19108 D CAWARENESS_34468_FlexJobExecutor: operatorType: 51
03-15 23:05:56.750  5754 19108 D CAWARENESS_34468_FlexJobExecutor: taskId: 601001457, lastAnalyseTime: 1773504000000, curAnalyseTime: 1773504000000
03-15 23:05:56.750  5754 19108 I CAWARENESS_34468_FusionLabelOperator: init: dataId=601001457 jsonArray=[[],51,0,5,[1,8,18],["630000012","2","1"],[],[],[100,7,["6-5-3-2-0.1","6-5-3-2-0.1","6-5-3-2-0.1","6-5-3-2-0.1","6-5-3-2-0.1","6-5-3-2-0.1","6-5-3-2-0.1","6-5-3-2-0.1"]]]
03-15 23:05:56.751  5754 19108 D CAWARENESS_34468_ConfigChecker: checkeLabelOperatorConfig
03-15 23:05:56.755  5754 19108 I CAWARENESS_34468_FusionLabelOperator: execute:[operIndex,OperSize]=[6, 10]
03-15 23:05:56.758  5754 19108 D CAWARENESS_34468_ThresholdUtil: dd is not exist threshold from cloud
03-15 23:05:56.758  5754 19108 D CAWARENESS_34468_FusionLabelOperator: specType labelOperatorType=51 tblList size=0
03-15 23:05:56.759  5754 19108 D CAWARENESS_34468_FusionLabelOperator: dd labelDaysSum {"days1Sum":0.0,"days3Sum":0.0,"days7Sum":0.0,"days14Sum":0.0,"days30Sum":0.0,"days60Sum":0.0,"days90Sum":0.0,"days180Sum":0.0}
03-15 23:05:56.759  5754 19108 D CAWARENESS_34468_FusionLabelOperator: specType=7
03-15 23:05:56.759  5754 19108 D CAWARENESS_34468_FusionLabelOperator: singleNormalLise: [sum,spec][0.0, 6-5-3-2-0.1]
03-15 23:05:56.759  5754 19108 D CAWARENESS_34468_FusionLabelOperator: singleNormalLise: [sum,spec][0.0, 6-5-3-2-0.1]
03-15 23:05:56.759  5754 19108 D CAWARENESS_34468_FusionLabelOperator: singleNormalLise: [sum,spec][0.0, 6-5-3-2-0.1]
03-15 23:05:56.760  5754 19108 D CAWARENESS_34468_FusionLabelOperator: singleNormalLise: [sum,spec][0.0, 6-5-3-2-0.1]
03-15 23:05:56.760  5754 19108 D CAWARENESS_34468_FusionLabelOperator: singleNormalLise: [sum,spec][0.0, 6-5-3-2-0.1]
03-15 23:05:56.760  5754 19108 D CAWARENESS_34468_FusionLabelOperator: singleNormalLise: [sum,spec][0.0, 6-5-3-2-0.1]
03-15 23:05:56.760  5754 19108 D CAWARENESS_34468_FusionLabelOperator: singleNormalLise: [sum,spec][0.0, 6-5-3-2-0.1]
03-15 23:05:56.760  5754 19108 D CAWARENESS_34468_FusionLabelOperator: singleNormalLise: [sum,spec][0.0, 6-5-3-2-0.1]
03-15 23:05:56.760  5754 19108 D CAWARENESS_34468_FusionLabelOperator: dd mergedValues=[0.0, 0.0, 0.0, 0.0, 0.0, 0.0, 0.0, 0.0]
03-15 23:05:56.760  5754 19108 D CAWARENESS_34468_FusionLabelOperator: dd result=[0.0,0.0,0.0,0.0,0.0,0.0,0.0,0.0]
03-15 23:05:56.761  5754 19108 D CAWARENESS_34468_FlexJobExecutor: dd operatorArray: [[],51,0,5,[1,8,18],["630000012","6","1"],[],[],[100,7,["6-3-2-1-0.1","9-6-3-2-0.1","9-6-5-3-0.1","12-6-5-3-0.1","12-6-5-3-0.1","12-6-5-3-0.1","12-6-5-3-0.1","12-6-5-3-0.1"]]]
03-15 23:05:56.761  5754 19108 D CAWARENESS_34468_FlexJobExecutor: operatorType: 51
03-15 23:05:56.761  5754 19108 D CAWARENESS_34468_FlexJobExecutor: taskId: 601001457, lastAnalyseTime: 1773504000000, curAnalyseTime: 1773504000000
03-15 23:05:56.761  5754 19108 I CAWARENESS_34468_FusionLabelOperator: init: dataId=601001457 jsonArray=[[],51,0,5,[1,8,18],["630000012","6","1"],[],[],[100,7,["6-3-2-1-0.1","9-6-3-2-0.1","9-6-5-3-0.1","12-6-5-3-0.1","12-6-5-3-0.1","12-6-5-3-0.1","12-6-5-3-0.1","12-6-5-3-0.1"]]]
03-15 23:05:56.762  5754 19108 D CAWARENESS_34468_ConfigChecker: checkeLabelOperatorConfig
03-15 23:05:56.765  5754 19108 I CAWARENESS_34468_FusionLabelOperator: execute:[operIndex,OperSize]=[7, 10]
03-15 23:05:56.768  5754 19108 D CAWARENESS_34468_ThresholdUtil: dd is not exist threshold from cloud
03-15 23:05:56.768  5754 19108 D CAWARENESS_34468_FusionLabelOperator: specType labelOperatorType=51 tblList size=0
03-15 23:05:56.768  5754 19108 D CAWARENESS_34468_FusionLabelOperator: dd labelDaysSum {"days1Sum":0.0,"days3Sum":0.0,"days7Sum":0.0,"days14Sum":0.0,"days30Sum":0.0,"days60Sum":0.0,"days90Sum":0.0,"days180Sum":0.0}
03-15 23:05:56.769  5754 19108 D CAWARENESS_34468_FusionLabelOperator: specType=7
03-15 23:05:56.769  5754 19108 D CAWARENESS_34468_FusionLabelOperator: singleNormalLise: [sum,spec][0.0, 6-3-2-1-0.1]
03-15 23:05:56.769  5754 19108 D CAWARENESS_34468_FusionLabelOperator: singleNormalLise: [sum,spec][0.0, 9-6-3-2-0.1]
03-15 23:05:56.769  5754 19108 D CAWARENESS_34468_FusionLabelOperator: singleNormalLise: [sum,spec][0.0, 9-6-5-3-0.1]
03-15 23:05:56.769  5754 19108 D CAWARENESS_34468_FusionLabelOperator: singleNormalLise: [sum,spec][0.0, 12-6-5-3-0.1]
03-15 23:05:56.769  5754 19108 D CAWARENESS_34468_FusionLabelOperator: singleNormalLise: [sum,spec][0.0, 12-6-5-3-0.1]
03-15 23:05:56.769  5754 19108 D CAWARENESS_34468_FusionLabelOperator: singleNormalLise: [sum,spec][0.0, 12-6-5-3-0.1]
03-15 23:05:56.769  5754 19108 D CAWARENESS_34468_FusionLabelOperator: singleNormalLise: [sum,spec][0.0, 12-6-5-3-0.1]
03-15 23:05:56.769  5754 19108 D CAWARENESS_34468_FusionLabelOperator: singleNormalLise: [sum,spec][0.0, 12-6-5-3-0.1]
03-15 23:05:56.770  5754 19108 D CAWARENESS_34468_FusionLabelOperator: dd mergedValues=[0.0, 0.0, 0.0, 0.0, 0.0, 0.0, 0.0, 0.0]
03-15 23:05:56.770  5754 19108 D CAWARENESS_34468_FusionLabelOperator: dd result=[0.0,0.0,0.0,0.0,0.0,0.0,0.0,0.0]
03-15 23:05:56.770  5754 19108 D CAWARENESS_34468_FlexJobExecutor: dd operatorArray: [[],51,0,5,[1,8,18],["630000012","7","1"],[],[],[100,7,["6-3-2-1-0.5","6-3-2-1-0.5","6-3-2-1-0.5","6-3-2-1-0.5","6-3-2-1-0.5","6-3-2-1-0.5","6-3-2-1-0.5","6-3-2-1-0.5"]]]
03-15 23:05:56.770  5754 19108 D CAWARENESS_34468_FlexJobExecutor: operatorType: 51
03-15 23:05:56.771  5754 19108 D CAWARENESS_34468_FlexJobExecutor: taskId: 601001457, lastAnalyseTime: 1773504000000, curAnalyseTime: 1773504000000
03-15 23:05:56.771  5754 19108 I CAWARENESS_34468_FusionLabelOperator: init: dataId=601001457 jsonArray=[[],51,0,5,[1,8,18],["630000012","7","1"],[],[],[100,7,["6-3-2-1-0.5","6-3-2-1-0.5","6-3-2-1-0.5","6-3-2-1-0.5","6-3-2-1-0.5","6-3-2-1-0.5","6-3-2-1-0.5","6-3-2-1-0.5"]]]
03-15 23:05:56.772  5754 19108 D CAWARENESS_34468_ConfigChecker: checkeLabelOperatorConfig
03-15 23:05:56.775  5754 19108 I CAWARENESS_34468_FusionLabelOperator: execute:[operIndex,OperSize]=[8, 10]
03-15 23:05:56.778  5754 19108 D CAWARENESS_34468_ThresholdUtil: dd is not exist threshold from cloud
03-15 23:05:56.778  5754 19108 D CAWARENESS_34468_FusionLabelOperator: specType labelOperatorType=51 tblList size=0
03-15 23:05:56.778  5754 19108 D CAWARENESS_34468_FusionLabelOperator: dd labelDaysSum {"days1Sum":0.0,"days3Sum":0.0,"days7Sum":0.0,"days14Sum":0.0,"days30Sum":0.0,"days60Sum":0.0,"days90Sum":0.0,"days180Sum":0.0}
03-15 23:05:56.779  5754 19108 D CAWARENESS_34468_FusionLabelOperator: specType=7
03-15 23:05:56.779  5754 19108 D CAWARENESS_34468_FusionLabelOperator: singleNormalLise: [sum,spec][0.0, 6-3-2-1-0.5]
03-15 23:05:56.779  5754 19108 D CAWARENESS_34468_FusionLabelOperator: singleNormalLise: [sum,spec][0.0, 6-3-2-1-0.5]
03-15 23:05:56.779  5754 19108 D CAWARENESS_34468_FusionLabelOperator: singleNormalLise: [sum,spec][0.0, 6-3-2-1-0.5]
03-15 23:05:56.779  5754 19108 D CAWARENESS_34468_FusionLabelOperator: singleNormalLise: [sum,spec][0.0, 6-3-2-1-0.5]
03-15 23:05:56.779  5754 19108 D CAWARENESS_34468_FusionLabelOperator: singleNormalLise: [sum,spec][0.0, 6-3-2-1-0.5]
03-15 23:05:56.779  5754 19108 D CAWARENESS_34468_FusionLabelOperator: singleNormalLise: [sum,spec][0.0, 6-3-2-1-0.5]
03-15 23:05:56.779  5754 19108 D CAWARENESS_34468_FusionLabelOperator: singleNormalLise: [sum,spec][0.0, 6-3-2-1-0.5]
03-15 23:05:56.779  5754 19108 D CAWARENESS_34468_FusionLabelOperator: singleNormalLise: [sum,spec][0.0, 6-3-2-1-0.5]
03-15 23:05:56.780  5754 19108 D CAWARENESS_34468_FusionLabelOperator: dd mergedValues=[0.0, 0.0, 0.0, 0.0, 0.0, 0.0, 0.0, 0.0]
03-15 23:05:56.780  5754 19108 D CAWARENESS_34468_FusionLabelOperator: dd result=[0.0,0.0,0.0,0.0,0.0,0.0,0.0,0.0]
03-15 23:05:56.780  5754 19108 D CAWARENESS_34468_FlexJobExecutor: dd operatorArray: [[],51,0,5,[1,8,18],["630000012","10","1"],[],[],[100,7,["6-5-3-2-1","9-6-3-2-1","9-6-3-2-1","9-6-3-2-1","9-6-3-2-1","9-6-3-2-1","9-6-3-2-1","9-6-3-2-1"]]]
03-15 23:05:56.781  5754 19108 D CAWARENESS_34468_FlexJobExecutor: operatorType: 51
03-15 23:05:56.781  5754 19108 D CAWARENESS_34468_FlexJobExecutor: taskId: 601001457, lastAnalyseTime: 1773504000000, curAnalyseTime: 1773504000000
03-15 23:05:56.781  5754 19108 I CAWARENESS_34468_FusionLabelOperator: init: dataId=601001457 jsonArray=[[],51,0,5,[1,8,18],["630000012","10","1"],[],[],[100,7,["6-5-3-2-1","9-6-3-2-1","9-6-3-2-1","9-6-3-2-1","9-6-3-2-1","9-6-3-2-1","9-6-3-2-1","9-6-3-2-1"]]]
03-15 23:05:56.782  5754 19108 D CAWARENESS_34468_ConfigChecker: checkeLabelOperatorConfig
03-15 23:05:56.785  5754 19108 I CAWARENESS_34468_FusionLabelOperator: execute:[operIndex,OperSize]=[9, 10]
03-15 23:05:56.788  5754 19108 D CAWARENESS_34468_ThresholdUtil: dd is not exist threshold from cloud
03-15 23:05:56.788  5754 19108 D CAWARENESS_34468_FusionLabelOperator: specType labelOperatorType=51 tblList size=0
03-15 23:05:56.788  5754 19108 D CAWARENESS_34468_FusionLabelOperator: dd labelDaysSum {"days1Sum":0.0,"days3Sum":0.0,"days7Sum":0.0,"days14Sum":0.0,"days30Sum":0.0,"days60Sum":0.0,"days90Sum":0.0,"days180Sum":0.0}
03-15 23:05:56.789  5754 19108 D CAWARENESS_34468_FusionLabelOperator: specType=7
03-15 23:05:56.789  5754 19108 D CAWARENESS_34468_FusionLabelOperator: singleNormalLise: [sum,spec][0.0, 6-5-3-2-1]
03-15 23:05:56.789  5754 19108 D CAWARENESS_34468_FusionLabelOperator: singleNormalLise: [sum,spec][0.0, 9-6-3-2-1]
03-15 23:05:56.789  5754 19108 D CAWARENESS_34468_FusionLabelOperator: singleNormalLise: [sum,spec][0.0, 9-6-3-2-1]
03-15 23:05:56.789  5754 19108 D CAWARENESS_34468_FusionLabelOperator: singleNormalLise: [sum,spec][0.0, 9-6-3-2-1]
03-15 23:05:56.789  5754 19108 D CAWARENESS_34468_FusionLabelOperator: singleNormalLise: [sum,spec][0.0, 9-6-3-2-1]
03-15 23:05:56.789  5754 19108 D CAWARENESS_34468_FusionLabelOperator: singleNormalLise: [sum,spec][0.0, 9-6-3-2-1]
03-15 23:05:56.789  5754 19108 D CAWARENESS_34468_FusionLabelOperator: singleNormalLise: [sum,spec][0.0, 9-6-3-2-1]
03-15 23:05:56.789  5754 19108 D CAWARENESS_34468_FusionLabelOperator: singleNormalLise: [sum,spec][0.0, 9-6-3-2-1]
03-15 23:05:56.790  5754 19108 D CAWARENESS_34468_FusionLabelOperator: dd mergedValues=[0.0, 0.0, 0.0, 0.0, 0.0, 0.0, 0.0, 0.0]
03-15 23:05:56.790  5754 19108 D CAWARENESS_34468_WeightConversionUtil: dd conversion before {"level_14days":"pe","level_180days":"pe","level_30days":"pe","level_90days":"pe","level_1days":"pe","level_7days":"pe","level_60days":"pe","level_3days":"pe"}
03-15 23:05:56.790  5754 19108 D CAWARENESS_34468_WeightConversionUtil: dd conversion after {"level_14days":"pe","level_180days":"pe","level_30days":"pe","level_90days":"pe","level_1days":"pe","level_7days":"pe","level_60days":"pe","level_3days":"pe"}
03-15 23:05:56.793  5754 19108 D CAWARENESS_34468_FusionLabelOperator: dd result={"dataVersion":100,"labelName":"PurchaseLuxuryPreference","labelValue":"{\"level_1days\":\"pe\",\"level_3days\":\"pe\",\"level_7days\":\"pe\",\"level_14days\":\"pe\",\"level_30days\":\"pe\",\"level_60days\":\"pe\",\"level_90days\":\"pe\",\"level_180days\":\"pe\"}","dataId":601001457,"timestamp":1773587156793}
03-15 23:05:56.793  5754 19108 D CAWARENESS_34468_FlexJobExecutor: 601001457 result data size: 1
03-15 23:05:56.799  5754 19108 D CAWARENESS_34468_UpPersistManager: insert size: 1, result: 1
03-15 23:05:56.799  5754 19108 D CAWARENESS_34468_FlexJobExecutor: 601001457 result save success
03-15 23:05:56.801 12660 19115 D CAWARENESS_32269_OperatingDatabaseUtil: t_up_flex_task_status table update successful, update column count: 1
03-15 23:05:56.802  5754 19108 D CAWARENESS_34468_FlexJobExecutor: refreshTaskStatus: true
03-15 23:05:56.802  5754 19108 D CAWARENESS_34468_FlexJobExecutor: resource clean
03-15 23:05:56.802  5754 19108 D CAWARENESS_34468_FlexJobExecutor: taskParaArray: [[[],9,0,5,[1,12],["630000054","32"],[],[],[100,0,["75-29-10-5","150-35-14-7","225-42-19-9","300-59-24-9","600-82-32-10","1000-116-40-13","1200-140-49-14","1200-140-49-14"]]]]
03-15 23:05:56.803  5754 19108 D CAWARENESS_34468_FlexJobExecutor: dd operatorArray: [[],9,0,5,[1,12],["630000054","32"],[],[],[100,0,["75-29-10-5","150-35-14-7","225-42-19-9","300-59-24-9","600-82-32-10","1000-116-40-13","1200-140-49-14","1200-140-49-14"]]]
03-15 23:05:56.803  5754 19108 D CAWARENESS_34468_FlexJobExecutor: operatorType: 9
03-15 23:05:56.803  5754 19108 D CAWARENESS_34468_FlexJobExecutor: taskId: 601001711, lastAnalyseTime: -1, curAnalyseTime: 1773504000000
03-15 23:05:56.803  5754 19108 I CAWARENESS_34468_CommonLabelOperator: init: dataId=601001711 jsonArray=[[],9,0,5,[1,12],["630000054","32"],[],[],[100,0,["75-29-10-5","150-35-14-7","225-42-19-9","300-59-24-9","600-82-32-10","1000-116-40-13","1200-140-49-14","1200-140-49-14"]]]
03-15 23:05:56.804  5754 19108 D CAWARENESS_34468_ConfigChecker: checkeLabelOperatorConfig
03-15 23:05:56.810  5754 19108 D CAWARENESS_34468_CommonLabelOperator: labelStatTemplateType=0
03-15 23:05:56.810  5754 19108 D CAWARENESS_34468_CommonLabelOperator: specType labelOperatorType=9 tblList size=0
03-15 23:05:56.810  5754 19108 D CAWARENESS_34468_CommonLabelOperator: specType=0
03-15 23:05:56.812  5754 19108 D CAWARENESS_34468_ThresholdUtil: dd is not exist threshold from cloud
03-15 23:05:56.812  5754 19108 D CAWARENESS_34468_WeightConversionUtil: dd conversion before {"level_14days":"pe","level_180days":"pe","level_30days":"pe","level_90days":"pe","level_1days":"pe","level_7days":"pe","level_60days":"pe","level_3days":"pe"}
03-15 23:05:56.812  5754 19108 D CAWARENESS_34468_WeightConversionUtil: dd conversion after {"level_14days":"pe","level_180days":"pe","level_30days":"pe","level_90days":"pe","level_1days":"pe","level_7days":"pe","level_60days":"pe","level_3days":"pe"}
03-15 23:05:56.813  5754 19108 D CAWARENESS_34468_FlexJobExecutor: 601001711 result data size: 1
03-15 23:05:56.819  5754 19108 D CAWARENESS_34468_UpPersistManager: insert size: 1, result: 1
03-15 23:05:56.819  5754 19108 D CAWARENESS_34468_FlexJobExecutor: 601001711 result save success
03-15 23:05:56.820 12660 19115 D CAWARENESS_32269_OperatingDatabaseUtil: t_up_flex_task_status table update successful, update column count: 1
03-15 23:05:56.821  5754 19108 D CAWARENESS_34468_FlexJobExecutor: refreshTaskStatus: true
