03-15 23:05:57.542  5754 19108 D CAWARENESS_34468_FlexJobExecutor: taskId: 601001948, lastAnalyseTime: -1, curAnalyseTime: 1773504000000
03-15 23:05:57.542  5754 19108 I CAWARENESS_34468_CommonLabelOperator: init: dataId=601001948 jsonArray=[[],3,0,5,[1,12],["630000017","34"],[],[],[100,0,["1-0-0-0","1-0-0-0","2-1-0-0","2-1-0-0","3-1-0-0","4-2-1-0","6-3-2-1","9-4-3-2"]]]
03-15 23:05:57.543  5754 19108 D CAWARENESS_34468_ConfigChecker: checkeLabelOperatorConfig
03-15 23:05:57.549  5754 19108 W CAWARENESS_34468_CommonLabelOperator: query labelName fail
03-15 23:05:57.550  5754 19108 W CAWARENESS_34468_CommonLabelOperator: execute: no need generate 601001948
03-15 23:05:57.551  5754 19108 D CAWARENESS_34468_FlexJobExecutor: 601001948 result data size: 0
03-15 23:05:57.551  5754 19108 W CAWARENESS_34468_FlexJobExecutor: 601001948 execute fail: result empty
03-15 23:05:57.558 12660 19115 D CAWARENESS_32269_OperatingDatabaseUtil: t_up_flex_task_status table update successful, update column count: 1
03-15 23:05:57.559  5754 19108 D CAWARENESS_34468_FlexJobExecutor: refreshTaskStatus: true
03-15 23:05:57.559  5754 19108 D CAWARENESS_34468_FlexJobExecutor: resource clean
03-15 23:05:57.562  5754 19108 D CAWARENESS_34468_FlexJobExecutor: taskParaArray: [[[],51,92,5,[1,8],["630000012","0"],[15],[".*"],[100,7,["1-0-0-0-0.5","1-0-0-0-0.5","2-1-0-0-0.5","3-1-0-0-0.5","","","",""]]],[[],51,92,5,[1,8],["630000012","1"],[15],[".*"],[100,7,["2-1-0-0-0.3","3-2-1-0-0.3","5-2-1-0-0.3","8-4-2-1-0.3","","","",""]]],[[],51,92,5,[1,8],["630000012","2"],[15],[".*"],[100,7,["1-0-0-0-0.1","2-1-0-0-0.1","3-2-1-0-0.1","4-2-1-0-0.1","","","",""]]],[[],51,92,5,[1,8],["630000012","6"],[15],[".*"],[100,7,["1-0-0-0-0.1","2-1-0-0-0.1","3-2-1-0-0.1","4-2-1-0-0.1","","","",""]]],[[],51,92,5,[1,8],["630000012","7"],[15],[".*"],[100,7,["1-0-0-0-0.5","1-0-0-0-0.5","2-1-0-0-0.5","3-1-0-0-0.5","","","",""]]],[[],51,92,5,[1,8],["630000012","10"],[15],[".*"],[100,7,["1-0-0-0-1","1-0-0-0-1","2-1-0-0-1","3-1-0-0-1","","","",""]]]]
03-15 23:05:57.562  5754 19108 D CAWARENESS_34468_FlexJobExecutor: dd operatorArray: [[],51,92,5,[1,8],["630000012","0"],[15],[".*"],[100,7,["1-0-0-0-0.5","1-0-0-0-0.5","2-1-0-0-0.5","3-1-0-0-0.5","","","",""]]]
03-15 23:05:57.562  5754 19108 D CAWARENESS_34468_FlexJobExecutor: operatorType: 51
03-15 23:05:57.562  5754 19108 D CAWARENESS_34468_FlexJobExecutor: taskId: 601002018, lastAnalyseTime: -1, curAnalyseTime: 1773504000000
03-15 23:05:57.563  5754 19108 I CAWARENESS_34468_FusionLabelOperator: init: dataId=601002018 jsonArray=[[],51,92,5,[1,8],["630000012","0"],[15],[".*"],[100,7,["1-0-0-0-0.5","1-0-0-0-0.5","2-1-0-0-0.5","3-1-0-0-0.5","","","",""]]]
03-15 23:05:57.564  5754 19108 D CAWARENESS_34468_ConfigChecker: checkeLabelOperatorConfig
03-15 23:05:57.568  5754 19108 I CAWARENESS_34468_FusionLabelOperator: execute:[operIndex,OperSize]=[0, 6]
03-15 23:05:57.570  5754 19108 D CAWARENESS_34468_FlexJobExecutor: dd operatorArray: [[],51,92,5,[1,8],["630000012","1"],[15],[".*"],[100,7,["2-1-0-0-0.3","3-2-1-0-0.3","5-2-1-0-0.3","8-4-2-1-0.3","","","",""]]]
03-15 23:05:57.570  5754 19108 D CAWARENESS_34468_FlexJobExecutor: operatorType: 51
03-15 23:05:57.570  5754 19108 D CAWARENESS_34468_FlexJobExecutor: taskId: 601002018, lastAnalyseTime: 1773504000000, curAnalyseTime: 1773504000000
03-15 23:05:57.571  5754 19108 I CAWARENESS_34468_FusionLabelOperator: init: dataId=601002018 jsonArray=[[],51,92,5,[1,8],["630000012","1"],[15],[".*"],[100,7,["2-1-0-0-0.3","3-2-1-0-0.3","5-2-1-0-0.3","8-4-2-1-0.3","","","",""]]]
03-15 23:05:57.572  5754 19108 D CAWARENESS_34468_ConfigChecker: checkeLabelOperatorConfig
03-15 23:05:57.577  5754 19108 I CAWARENESS_34468_FusionLabelOperator: execute:[operIndex,OperSize]=[1, 6]
03-15 23:05:57.578  5754 19108 D CAWARENESS_34468_FlexJobExecutor: dd operatorArray: [[],51,92,5,[1,8],["630000012","2"],[15],[".*"],[100,7,["1-0-0-0-0.1","2-1-0-0-0.1","3-2-1-0-0.1","4-2-1-0-0.1","","","",""]]]
03-15 23:05:57.578  5754 19108 D CAWARENESS_34468_FlexJobExecutor: operatorType: 51
03-15 23:05:57.578  5754 19108 D CAWARENESS_34468_FlexJobExecutor: taskId: 601002018, lastAnalyseTime: 1773504000000, curAnalyseTime: 1773504000000
03-15 23:05:57.578  5754 19108 I CAWARENESS_34468_FusionLabelOperator: init: dataId=601002018 jsonArray=[[],51,92,5,[1,8],["630000012","2"],[15],[".*"],[100,7,["1-0-0-0-0.1","2-1-0-0-0.1","3-2-1-0-0.1","4-2-1-0-0.1","","","",""]]]
03-15 23:05:57.579  5754 19108 D CAWARENESS_34468_ConfigChecker: checkeLabelOperatorConfig
03-15 23:05:57.582  5754 19108 I CAWARENESS_34468_FusionLabelOperator: execute:[operIndex,OperSize]=[2, 6]
03-15 23:05:57.583  5754 19108 D CAWARENESS_34468_FlexJobExecutor: dd operatorArray: [[],51,92,5,[1,8],["630000012","6"],[15],[".*"],[100,7,["1-0-0-0-0.1","2-1-0-0-0.1","3-2-1-0-0.1","4-2-1-0-0.1","","","",""]]]
03-15 23:05:57.583  5754 19108 D CAWARENESS_34468_FlexJobExecutor: operatorType: 51
03-15 23:05:57.584  5754 19108 D CAWARENESS_34468_FlexJobExecutor: taskId: 601002018, lastAnalyseTime: 1773504000000, curAnalyseTime: 1773504000000
03-15 23:05:57.584  5754 19108 I CAWARENESS_34468_FusionLabelOperator: init: dataId=601002018 jsonArray=[[],51,92,5,[1,8],["630000012","6"],[15],[".*"],[100,7,["1-0-0-0-0.1","2-1-0-0-0.1","3-2-1-0-0.1","4-2-1-0-0.1","","","",""]]]
03-15 23:05:57.585  5754 19108 D CAWARENESS_34468_ConfigChecker: checkeLabelOperatorConfig
03-15 23:05:57.588  5754 19108 I CAWARENESS_34468_FusionLabelOperator: execute:[operIndex,OperSize]=[3, 6]
03-15 23:05:57.589  5754 19108 D CAWARENESS_34468_FlexJobExecutor: dd operatorArray: [[],51,92,5,[1,8],["630000012","7"],[15],[".*"],[100,7,["1-0-0-0-0.5","1-0-0-0-0.5","2-1-0-0-0.5","3-1-0-0-0.5","","","",""]]]
03-15 23:05:57.589  5754 19108 D CAWARENESS_34468_FlexJobExecutor: operatorType: 51
03-15 23:05:57.590  5754 19108 D CAWARENESS_34468_FlexJobExecutor: taskId: 601002018, lastAnalyseTime: 1773504000000, curAnalyseTime: 1773504000000
03-15 23:05:57.590  5754 19108 I CAWARENESS_34468_FusionLabelOperator: init: dataId=601002018 jsonArray=[[],51,92,5,[1,8],["630000012","7"],[15],[".*"],[100,7,["1-0-0-0-0.5","1-0-0-0-0.5","2-1-0-0-0.5","3-1-0-0-0.5","","","",""]]]
03-15 23:05:57.591  5754 19108 D CAWARENESS_34468_ConfigChecker: checkeLabelOperatorConfig
03-15 23:05:57.594  5754 19108 I CAWARENESS_34468_FusionLabelOperator: execute:[operIndex,OperSize]=[4, 6]
03-15 23:05:57.595  5754 19108 D CAWARENESS_34468_FlexJobExecutor: dd operatorArray: [[],51,92,5,[1,8],["630000012","10"],[15],[".*"],[100,7,["1-0-0-0-1","1-0-0-0-1","2-1-0-0-1","3-1-0-0-1","","","",""]]]
03-15 23:05:57.595  5754 19108 D CAWARENESS_34468_FlexJobExecutor: operatorType: 51
03-15 23:05:57.595  5754 19108 D CAWARENESS_34468_FlexJobExecutor: taskId: 601002018, lastAnalyseTime: 1773504000000, curAnalyseTime: 1773504000000
03-15 23:05:57.596  5754 19108 I CAWARENESS_34468_FusionLabelOperator: init: dataId=601002018 jsonArray=[[],51,92,5,[1,8],["630000012","10"],[15],[".*"],[100,7,["1-0-0-0-1","1-0-0-0-1","2-1-0-0-1","3-1-0-0-1","","","",""]]]
03-15 23:05:57.597  5754 19108 D CAWARENESS_34468_ConfigChecker: checkeLabelOperatorConfig
03-15 23:05:57.599  5754 19108 I CAWARENESS_34468_FusionLabelOperator: execute:[operIndex,OperSize]=[5, 6]
03-15 23:05:57.602  5754 19108 D CAWARENESS_34468_FlexJobExecutor: 601002018 result data size: 1
03-15 23:05:57.606  1779  2050 V HwWifiServiceFactory: get AllImpl object = com.android.server.wifi.HwWifiServiceFactoryImpl@f8e66c3
03-15 23:05:57.608  5754 19108 D CAWARENESS_34468_UpPersistManager: insert size: 1, result: 1
03-15 23:05:57.608  5754 19108 D CAWARENESS_34468_FlexJobExecutor: 601002018 result save success
03-15 23:05:57.610 12660 19115 D CAWARENESS_32269_OperatingDatabaseUtil: t_up_flex_task_status table update successful, update column count: 1
03-15 23:05:57.611  5754 19108 D CAWARENESS_34468_FlexJobExecutor: refreshTaskStatus: true
03-15 23:05:57.611  5754 19108 D CAWARENESS_34468_FlexJobExecutor: resource clean
03-15 23:05:57.613  5754 19108 D CAWARENESS_34468_FlexJobExecutor: taskParaArray: [[[],51,92,5,[1,8],["630000012","0"],[12],[".*"],[100,7,["","","2-1-0-0-0.5","3-2-1-0-0.5","3-2-1-0-0.5","3-2-1-0-0.5","3-2-1-0-0.5","3-2-1-0-0.5"]]],[[],51,92,5,[1,8],["630000012","1"],[12],[".*"],[100,7,["","","3-2-1-0-0.3","3-2-1-0-0.3","3-2-1-0-0.3","3-2-1-0-0.3","3-2-1-0-0.3","3-2-1-0-0.3"]]],[[],51,92,5,[1,8],["630000012","2"],[12],[".*"],[100,7,["","","3-2-1-0-0.1","3-2-1-0-0.1","3-2-1-0-0.1","3-2-1-0-0.1","3-2-1-0-0.1","3-2-1-0-0.1"]]],[[],51,92,5,[1,8],["630000012","6"],[12],[".*"],[100,7,["","","4-2-1-0-0.1","5-3-2-1-0.1","6-3-2-1-0.1","6-3-2-1-0.1","6-3-2-1-0.1","6-3-2-1-0.1"]]],[[],51,92,5,[1,8],["630000012","7"],[12],[".*"],[100,7,["","","2-1-0-0-0.5","2-1-0-0-0.5","2-1-0-0-0.5","2-1-0-0-0.5","2-1-0-0-0.5","2-1-0-0-0.5"]]],[[],51,92,5,[1,8],["630000012","10"],[12],[".*"],[100,7,["","","3-2-1-0-1","4-2-1-0-1","4-3-2-1-1","4-3-2-1-1","4-3-2-1-1","4-3-2-1-1"]]]]
03-15 23:05:57.613  5754 19108 D CAWARENESS_34468_FlexJobExecutor: dd operatorArray: [[],51,92,5,[1,8],["630000012","0"],[12],[".*"],[100,7,["","","2-1-0-0-0.5","3-2-1-0-0.5","3-2-1-0-0.5","3-2-1-0-0.5","3-2-1-0-0.5","3-2-1-0-0.5"]]]
03-15 23:05:57.613  5754 19108 D CAWARENESS_34468_FlexJobExecutor: operatorType: 51
03-15 23:05:57.613  5754 19108 D CAWARENESS_34468_FlexJobExecutor: taskId: 601002019, lastAnalyseTime: -1, curAnalyseTime: 1773504000000
03-15 23:05:57.613  5754 19108 I CAWARENESS_34468_FusionLabelOperator: init: dataId=601002019 jsonArray=[[],51,92,5,[1,8],["630000012","0"],[12],[".*"],[100,7,["","","2-1-0-0-0.5","3-2-1-0-0.5","3-2-1-0-0.5","3-2-1-0-0.5","3-2-1-0-0.5","3-2-1-0-0.5"]]]
03-15 23:05:57.614  5754 19108 D CAWARENESS_34468_ConfigChecker: checkeLabelOperatorConfig
03-15 23:05:57.618  5754 19108 I CAWARENESS_34468_FusionLabelOperator: execute:[operIndex,OperSize]=[0, 6]
03-15 23:05:57.619  5754 19108 D CAWARENESS_34468_FlexJobExecutor: dd operatorArray: [[],51,92,5,[1,8],["630000012","1"],[12],[".*"],[100,7,["","","3-2-1-0-0.3","3-2-1-0-0.3","3-2-1-0-0.3","3-2-1-0-0.3","3-2-1-0-0.3","3-2-1-0-0.3"]]]
03-15 23:05:57.619  5754 19108 D CAWARENESS_34468_FlexJobExecutor: operatorType: 51
03-15 23:05:57.619  5754 19108 D CAWARENESS_34468_FlexJobExecutor: taskId: 601002019, lastAnalyseTime: 1773504000000, curAnalyseTime: 1773504000000
03-15 23:05:57.619  5754 19108 I CAWARENESS_34468_FusionLabelOperator: init: dataId=601002019 jsonArray=[[],51,92,5,[1,8],["630000012","1"],[12],[".*"],[100,7,["","","3-2-1-0-0.3","3-2-1-0-0.3","3-2-1-0-0.3","3-2-1-0-0.3","3-2-1-0-0.3","3-2-1-0-0.3"]]]
03-15 23:05:57.620  5754 19108 D CAWARENESS_34468_ConfigChecker: checkeLabelOperatorConfig
03-15 23:05:57.624  5754 19108 I CAWARENESS_34468_FusionLabelOperator: execute:[operIndex,OperSize]=[1, 6]
03-15 23:05:57.625  5754 19108 D CAWARENESS_34468_FlexJobExecutor: dd operatorArray: [[],51,92,5,[1,8],["630000012","2"],[12],[".*"],[100,7,["","","3-2-1-0-0.1","3-2-1-0-0.1","3-2-1-0-0.1","3-2-1-0-0.1","3-2-1-0-0.1","3-2-1-0-0.1"]]]
03-15 23:05:57.625  5754 19108 D CAWARENESS_34468_FlexJobExecutor: operatorType: 51
03-15 23:05:57.625  5754 19108 D CAWARENESS_34468_FlexJobExecutor: taskId: 601002019, lastAnalyseTime: 1773504000000, curAnalyseTime: 1773504000000
03-15 23:05:57.625  5754 19108 I CAWARENESS_34468_FusionLabelOperator: init: dataId=601002019 jsonArray=[[],51,92,5,[1,8],["630000012","2"],[12],[".*"],[100,7,["","","3-2-1-0-0.1","3-2-1-0-0.1","3-2-1-0-0.1","3-2-1-0-0.1","3-2-1-0-0.1","3-2-1-0-0.1"]]]
03-15 23:05:57.626  5754 19108 D CAWARENESS_34468_ConfigChecker: checkeLabelOperatorConfig
03-15 23:05:57.630  5754 19108 I CAWARENESS_34468_FusionLabelOperator: execute:[operIndex,OperSize]=[2, 6]
03-15 23:05:57.631  5754 19108 D CAWARENESS_34468_FlexJobExecutor: dd operatorArray: [[],51,92,5,[1,8],["630000012","6"],[12],[".*"],[100,7,["","","4-2-1-0-0.1","5-3-2-1-0.1","6-3-2-1-0.1","6-3-2-1-0.1","6-3-2-1-0.1","6-3-2-1-0.1"]]]
03-15 23:05:57.631  5754 19108 D CAWARENESS_34468_FlexJobExecutor: operatorType: 51
03-15 23:05:57.631  5754 19108 D CAWARENESS_34468_FlexJobExecutor: taskId: 601002019, lastAnalyseTime: 1773504000000, curAnalyseTime: 1773504000000
03-15 23:05:57.631  5754 19108 I CAWARENESS_34468_FusionLabelOperator: init: dataId=601002019 jsonArray=[[],51,92,5,[1,8],["630000012","6"],[12],[".*"],[100,7,["","","4-2-1-0-0.1","5-3-2-1-0.1","6-3-2-1-0.1","6-3-2-1-0.1","6-3-2-1-0.1","6-3-2-1-0.1"]]]
03-15 23:05:57.632  5754 19108 D CAWARENESS_34468_ConfigChecker: checkeLabelOperatorConfig
03-15 23:05:57.636  5754 19108 I CAWARENESS_34468_FusionLabelOperator: execute:[operIndex,OperSize]=[3, 6]
03-15 23:05:57.637  5754 19108 D CAWARENESS_34468_FlexJobExecutor: dd operatorArray: [[],51,92,5,[1,8],["630000012","7"],[12],[".*"],[100,7,["","","2-1-0-0-0.5","2-1-0-0-0.5","2-1-0-0-0.5","2-1-0-0-0.5","2-1-0-0-0.5","2-1-0-0-0.5"]]]
03-15 23:05:57.637  5754 19108 D CAWARENESS_34468_FlexJobExecutor: operatorType: 51
03-15 23:05:57.637  5754 19108 D CAWARENESS_34468_FlexJobExecutor: taskId: 601002019, lastAnalyseTime: 1773504000000, curAnalyseTime: 1773504000000
03-15 23:05:57.637  5754 19108 I CAWARENESS_34468_FusionLabelOperator: init: dataId=601002019 jsonArray=[[],51,92,5,[1,8],["630000012","7"],[12],[".*"],[100,7,["","","2-1-0-0-0.5","2-1-0-0-0.5","2-1-0-0-0.5","2-1-0-0-0.5","2-1-0-0-0.5","2-1-0-0-0.5"]]]
03-15 23:05:57.638  5754 19108 D CAWARENESS_34468_ConfigChecker: checkeLabelOperatorConfig
03-15 23:05:57.641  5754 19108 I CAWARENESS_34468_FusionLabelOperator: execute:[operIndex,OperSize]=[4, 6]
03-15 23:05:57.641  5754 19108 D CAWARENESS_34468_FlexJobExecutor: dd operatorArray: [[],51,92,5,[1,8],["630000012","10"],[12],[".*"],[100,7,["","","3-2-1-0-1","4-2-1-0-1","4-3-2-1-1","4-3-2-1-1","4-3-2-1-1","4-3-2-1-1"]]]
03-15 23:05:57.642  5754 19108 D CAWARENESS_34468_FlexJobExecutor: operatorType: 51
03-15 23:05:57.642  5754 19108 D CAWARENESS_34468_FlexJobExecutor: taskId: 601002019, lastAnalyseTime: 1773504000000, curAnalyseTime: 1773504000000
03-15 23:05:57.642  5754 19108 I CAWARENESS_34468_FusionLabelOperator: init: dataId=601002019 jsonArray=[[],51,92,5,[1,8],["630000012","10"],[12],[".*"],[100,7,["","","3-2-1-0-1","4-2-1-0-1","4-3-2-1-1","4-3-2-1-1","4-3-2-1-1","4-3-2-1-1"]]]
03-15 23:05:57.643  5754 19108 D CAWARENESS_34468_ConfigChecker: checkeLabelOperatorConfig
03-15 23:05:57.646  5754 19108 I CAWARENESS_34468_FusionLabelOperator: execute:[operIndex,OperSize]=[5, 6]
03-15 23:05:57.649  5754 19108 D CAWARENESS_34468_FlexJobExecutor: 601002019 result data size: 1
03-15 23:05:57.656  5754 19108 D CAWARENESS_34468_UpPersistManager: insert size: 1, result: 1
03-15 23:05:57.656  5754 19108 D CAWARENESS_34468_FlexJobExecutor: 601002019 result save success
03-15 23:05:57.659 12660 19115 D CAWARENESS_32269_OperatingDatabaseUtil: t_up_flex_task_status table update successful, update column count: 1
03-15 23:05:57.659  5754 19108 D CAWARENESS_34468_FlexJobExecutor: refreshTaskStatus: true
03-15 23:05:57.659  5754 19108 D CAWARENESS_34468_FlexJobExecutor: resource clean
03-15 23:05:57.660  5754 19108 D CAWARENESS_34468_FlexJobExecutor: taskParaArray: [[[],51,0,5,[1],["630000045"],[],[],[100,7,["39-18-10-4-0.3","94-41-22-6-0.3","198-81-40-8-0.3","359-141-65-11-0.3","692-257-111-16-0.3","1256-444-180-21-0.3","1524-528-209-24-0.3","1524-528-209-24-0.3"]]],[[],52,0,5,[1],["630000045"],[],[],[100,7,["69.1-26.1-12.1-2.1-0.7","163.6-63-29.7-4.1-0.7","339.1-129-59-7-0.7","624.4-232.1-101.1-10.1-0.7","1208-432-175.7-14.2-0.7","2178.1-764.4-293.7-21-0.7","2594-916-346-23.3-0.7","2594-916-346-23.3-0.7"]]]]
03-15 23:05:57.661  5754 19108 D CAWARENESS_34468_FlexJobExecutor: dd operatorArray: [[],51,0,5,[1],["630000045"],[],[],[100,7,["39-18-10-4-0.3","94-41-22-6-0.3","198-81-40-8-0.3","359-141-65-11-0.3","692-257-111-16-0.3","1256-444-180-21-0.3","1524-528-209-24-0.3","1524-528-209-24-0.3"]]]
03-15 23:05:57.661  5754 19108 D CAWARENESS_34468_FlexJobExecutor: operatorType: 51
03-15 23:05:57.661  5754 19108 D CAWARENESS_34468_FlexJobExecutor: taskId: 601002021, lastAnalyseTime: -1, curAnalyseTime: 1773504000000
03-15 23:05:57.661  5754 19108 I CAWARENESS_34468_FusionLabelOperator: init: dataId=601002021 jsonArray=[[],51,0,5,[1],["630000045"],[],[],[100,7,["39-18-10-4-0.3","94-41-22-6-0.3","198-81-40-8-0.3","359-141-65-11-0.3","692-257-111-16-0.3","1256-444-180-21-0.3","1524-528-209-24-0.3","1524-528-209-24-0.3"]]]
03-15 23:05:57.662  5754 19108 D CAWARENESS_34468_ConfigChecker: checkeLabelOperatorConfig
03-15 23:05:57.666  5754 19108 I CAWARENESS_34468_FusionLabelOperator: execute:[operIndex,OperSize]=[0, 2]
03-15 23:05:57.669  2565  2755 I Booster_BoosterdDelegate: [handleMessage]handleMessage, enter
03-15 23:05:57.669  2565  2755 E Booster_BoosterdDelegate: [bindService]bindService start
03-15 23:05:57.669  5754 19108 D CAWARENESS_34468_ThresholdUtil: dd is not exist threshold from cloud
03-15 23:05:57.669  5754 19108 D CAWARENESS_34468_FusionLabelOperator: specType labelOperatorType=51 tblList size=0
03-15 23:05:57.670  2565  2755 E Booster_BoosterdDelegate: [getBoosterdNativeService]Failed to get boosterd native service
03-15 23:05:57.670  5754 19108 D CAWARENESS_34468_FusionLabelOperator: dd labelDaysSum {"days1Sum":0.0,"days3Sum":0.0,"days7Sum":0.0,"days14Sum":0.0,"days30Sum":0.0,"days60Sum":0.0,"days90Sum":0.0,"days180Sum":0.0}
03-15 23:05:57.670  5754 19108 D CAWARENESS_34468_FusionLabelOperator: specType=7
03-15 23:05:57.670  2565  2755 E Booster_BoosterdDelegate: [bindService]mService is null
03-15 23:05:57.670  5754 19108 D CAWARENESS_34468_FusionLabelOperator: singleNormalLise: [sum,spec][0.0, 39-18-10-4-0.3]
03-15 23:05:57.670  5754 19108 D CAWARENESS_34468_FusionLabelOperator: singleNormalLise: [sum,spec][0.0, 94-41-22-6-0.3]
03-15 23:05:57.670  2565  2755 I Booster_BoosterdDelegate: [startRebindServieTimer] startRebindServieTimer
03-15 23:05:57.670  5754 19108 D CAWARENESS_34468_FusionLabelOperator: singleNormalLise: [sum,spec][0.0, 198-81-40-8-0.3]
03-15 23:05:57.670  5754 19108 D CAWARENESS_34468_FusionLabelOperator: singleNormalLise: [sum,spec][0.0, 359-141-65-11-0.3]
03-15 23:05:57.670  5754 19108 D CAWARENESS_34468_FusionLabelOperator: singleNormalLise: [sum,spec][0.0, 692-257-111-16-0.3]
03-15 23:05:57.670  2565  2755 I OllieMsgCenter: publishEvt=2135097353
03-15 23:05:57.670  5754 19108 D CAWARENESS_34468_FusionLabelOperator: singleNormalLise: [sum,spec][0.0, 1256-444-180-21-0.3]
03-15 23:05:57.670  5754 19108 D CAWARENESS_34468_FusionLabelOperator: singleNormalLise: [sum,spec][0.0, 1524-528-209-24-0.3]
03-15 23:05:57.670  5754 19108 D CAWARENESS_34468_FusionLabelOperator: singleNormalLise: [sum,spec][0.0, 1524-528-209-24-0.3]
03-15 23:05:57.671  5754 19108 D CAWARENESS_34468_FusionLabelOperator: dd mergedValues=[0.0, 0.0, 0.0, 0.0, 0.0, 0.0, 0.0, 0.0]
03-15 23:05:57.671  5754 19108 D CAWARENESS_34468_FusionLabelOperator: dd result=[0.0,0.0,0.0,0.0,0.0,0.0,0.0,0.0]
03-15 23:05:57.672  5754 19108 D CAWARENESS_34468_FlexJobExecutor: dd operatorArray: [[],52,0,5,[1],["630000045"],[],[],[100,7,["69.1-26.1-12.1-2.1-0.7","163.6-63-29.7-4.1-0.7","339.1-129-59-7-0.7","624.4-232.1-101.1-10.1-0.7","1208-432-175.7-14.2-0.7","2178.1-764.4-293.7-21-0.7","2594-916-346-23.3-0.7","2594-916-346-23.3-0.7"]]]
03-15 23:05:57.672  5754 19108 D CAWARENESS_34468_FlexJobExecutor: operatorType: 52
03-15 23:05:57.672  5754 19108 D CAWARENESS_34468_FlexJobExecutor: taskId: 601002021, lastAnalyseTime: 1773504000000, curAnalyseTime: 1773504000000
03-15 23:05:57.672  5754 19108 I CAWARENESS_34468_FusionLabelOperator: init: dataId=601002021 jsonArray=[[],52,0,5,[1],["630000045"],[],[],[100,7,["69.1-26.1-12.1-2.1-0.7","163.6-63-29.7-4.1-0.7","339.1-129-59-7-0.7","624.4-232.1-101.1-10.1-0.7","1208-432-175.7-14.2-0.7","2178.1-764.4-293.7-21-0.7","2594-916-346-23.3-0.7","2594-916-346-23.3-0.7"]]]
03-15 23:05:57.674  5754 19108 D CAWARENESS_34468_ConfigChecker: checkeLabelOperatorConfig
03-15 23:05:57.677  5754 19108 I CAWARENESS_34468_FusionLabelOperator: execute:[operIndex,OperSize]=[1, 2]
03-15 23:05:57.680  5754 19108 D CAWARENESS_34468_ThresholdUtil: dd is not exist threshold from cloud
03-15 23:05:57.681  5754 19108 D CAWARENESS_34468_FusionLabelOperator: specType labelOperatorType=52 tblList size=0
03-15 23:05:57.681  5754 19108 D CAWARENESS_34468_FusionLabelOperator: dd labelDaysSum {"days1Sum":0.0,"days3Sum":0.0,"days7Sum":0.0,"days14Sum":0.0,"days30Sum":0.0,"days60Sum":0.0,"days90Sum":0.0,"days180Sum":0.0}
03-15 23:05:57.681  5754 19108 D CAWARENESS_34468_FusionLabelOperator: specType=7
03-15 23:05:57.681  5754 19108 D CAWARENESS_34468_FusionLabelOperator: singleNormalLise: [sum,spec][0.0, 69.1-26.1-12.1-2.1-0.7]
03-15 23:05:57.681  5754 19108 D CAWARENESS_34468_FusionLabelOperator: singleNormalLise: [sum,spec][0.0, 163.6-63-29.7-4.1-0.7]
03-15 23:05:57.681  5754 19108 D CAWARENESS_34468_FusionLabelOperator: singleNormalLise: [sum,spec][0.0, 339.1-129-59-7-0.7]
03-15 23:05:57.681  5754 19108 D CAWARENESS_34468_FusionLabelOperator: singleNormalLise: [sum,spec][0.0, 624.4-232.1-101.1-10.1-0.7]
03-15 23:05:57.681  5754 19108 D CAWARENESS_34468_FusionLabelOperator: singleNormalLise: [sum,spec][0.0, 1208-432-175.7-14.2-0.7]
03-15 23:05:57.681  5754 19108 D CAWARENESS_34468_FusionLabelOperator: singleNormalLise: [sum,spec][0.0, 2178.1-764.4-293.7-21-0.7]
03-15 23:05:57.681  5754 19108 D CAWARENESS_34468_FusionLabelOperator: singleNormalLise: [sum,spec][0.0, 2594-916-346-23.3-0.7]
03-15 23:05:57.682  5754 19108 D CAWARENESS_34468_FusionLabelOperator: singleNormalLise: [sum,spec][0.0, 2594-916-346-23.3-0.7]
03-15 23:05:57.682  5754 19108 D CAWARENESS_34468_FusionLabelOperator: dd mergedValues=[0.0, 0.0, 0.0, 0.0, 0.0, 0.0, 0.0, 0.0]
03-15 23:05:57.682  5754 19108 D CAWARENESS_34468_WeightConversionUtil: dd conversion before {"level_14days":"pe","level_180days":"pe","level_30days":"pe","level_90days":"pe","level_1days":"pe","level_7days":"pe","level_60days":"pe","level_3days":"pe"}
03-15 23:05:57.682  5754 19108 D CAWARENESS_34468_WeightConversionUtil: dd conversion after {"level_14days":"pe","level_180days":"pe","level_30days":"pe","level_90days":"pe","level_1days":"pe","level_7days":"pe","level_60days":"pe","level_3days":"pe"}
03-15 23:05:57.685  5754 19108 D CAWARENESS_34468_FusionLabelOperator: dd result={"dataVersion":100,"labelName":"EcommerceViaLiveStreamPreference","labelValue":"{\"level_1days\":\"pe\",\"level_3days\":\"pe\",\"level_7days\":\"pe\",\"level_14days\":\"pe\",\"level_30days\":\"pe\",\"level_60days\":\"pe\",\"level_90days\":\"pe\",\"level_180days\":\"pe\"}","dataId":601002021,"timestamp":1773587157685}
03-15 23:05:57.686  5754 19108 D CAWARENESS_34468_FlexJobExecutor: 601002021 result data size: 1
03-15 23:05:57.693  5754 19108 D CAWARENESS_34468_UpPersistManager: insert size: 1, result: 1
03-15 23:05:57.693  5754 19108 D CAWARENESS_34468_FlexJobExecutor: 601002021 result save success
03-15 23:05:57.695 12660 19115 D CAWARENESS_32269_OperatingDatabaseUtil: t_up_flex_task_status table update successful, update column count: 1
03-15 23:05:57.696  5754 19108 D CAWARENESS_34468_FlexJobExecutor: refreshTaskStatus: true
03-15 23:05:57.696  5754 19108 D CAWARENESS_34468_FlexJobExecutor: resource clean
03-15 23:05:57.698  5754 19108 D CAWARENESS_34468_FlexJobExecutor: taskParaArray: [[[],51,92,5,[1,8,18],["630000012","0","1"],[14],[".*"],[100,7,["","","2-1-0-0-0.5","2-1-0-0-0.5","2-1-0-0-0.5","2-1-0-0-0.5","2-1-0-0-0.5","2-1-0-0-0.5"]]],[[],51,92,5,[1,8,18],["630000012","1","1"],[14],[".*"],[100,7,["","","3-2-1-0-0.3","3-2-1-0-0.3","3-2-1-0-0.3","3-2-1-0-0.3","3-2-1-0-0.3","3-2-1-0-0.3"]]],[[],51,92,5,[1,8,18],["630000012","2","1"],[14],[".*"],[100,7,["","","2-1-0-0-0.1","2-1-0-0-0.1","2-1-0-0-0.1","2-1-0-0-0.1","2-1-0-0-0.1","2-1-0-0-0.1"]]],[[],51,92,5,[1,8,18],["630000012","6","1"],[14],[".*"],[100,7,["","","3-2-1-0-0.1","3-2-1-0-0.1","4-2-1-0-0.1","4-2-1-0-0.1","4-2-1-0-0.1","4-2-1-0-0.1"]]],[[],51,92,5,[1,8,18],["630000012","7","1"],[14],[".*"],[100,7,["","","2-1-0-0-0.5","2-1-0-0-0.5","2-1-0-0-0.5","2-1-0-0-0.5","2-1-0-0-0.5","2-1-0-0-0.5"]]],[[],51,92,5,[1,8,18],["630000012","10","1"],[14],[".*"],[100,7,["","","2-1-0-0-1","2-1-0-0-1","3-2-1-0-1","3-2-1-0-1","3-2-1-0-1","3-2-1-0-1"]]]]
03-15 23:05:57.698  5754 19108 D CAWARENESS_34468_FlexJobExecutor: dd operatorArray: [[],51,92,5,[1,8,18],["630000012","0","1"],[14],[".*"],[100,7,["","","2-1-0-0-0.5","2-1-0-0-0.5","2-1-0-0-0.5","2-1-0-0-0.5","2-1-0-0-0.5","2-1-0-0-0.5"]]]
03-15 23:05:57.698  5754 19108 D CAWARENESS_34468_FlexJobExecutor: operatorType: 51
03-15 23:05:57.698  5754 19108 D CAWARENESS_34468_FlexJobExecutor: taskId: 601002024, lastAnalyseTime: -1, curAnalyseTime: 1773504000000
03-15 23:05:57.699  5754 19108 I CAWARENESS_34468_FusionLabelOperator: init: dataId=601002024 jsonArray=[[],51,92,5,[1,8,18],["630000012","0","1"],[14],[".*"],[100,7,["","","2-1-0-0-0.5","2-1-0-0-0.5","2-1-0-0-0.5","2-1-0-0-0.5","2-1-0-0-0.5","2-1-0-0-0.5"]]]
03-15 23:05:57.700  5754 19108 D CAWARENESS_34468_ConfigChecker: checkeLabelOperatorConfig
03-15 23:05:57.703  5754 19108 I CAWARENESS_34468_FusionLabelOperator: execute:[operIndex,OperSize]=[0, 6]
03-15 23:05:57.705  5754 19108 D CAWARENESS_34468_FlexJobExecutor: dd operatorArray: [[],51,92,5,[1,8,18],["630000012","1","1"],[14],[".*"],[100,7,["","","3-2-1-0-0.3","3-2-1-0-0.3","3-2-1-0-0.3","3-2-1-0-0.3","3-2-1-0-0.3","3-2-1-0-0.3"]]]
03-15 23:05:57.705  5754 19108 D CAWARENESS_34468_FlexJobExecutor: operatorType: 51
03-15 23:05:57.705  5754 19108 D CAWARENESS_34468_FlexJobExecutor: taskId: 601002024, lastAnalyseTime: 1773504000000, curAnalyseTime: 1773504000000
03-15 23:05:57.705  5754 19108 I CAWARENESS_34468_FusionLabelOperator: init: dataId=601002024 jsonArray=[[],51,92,5,[1,8,18],["630000012","1","1"],[14],[".*"],[100,7,["","","3-2-1-0-0.3","3-2-1-0-0.3","3-2-1-0-0.3","3-2-1-0-0.3","3-2-1-0-0.3","3-2-1-0-0.3"]]]
03-15 23:05:57.707  5754 19108 D CAWARENESS_34468_ConfigChecker: checkeLabelOperatorConfig
03-15 23:05:57.710  5754 19108 I CAWARENESS_34468_FusionLabelOperator: execute:[operIndex,OperSize]=[1, 6]
03-15 23:05:57.711  5754 19108 D CAWARENESS_34468_FlexJobExecutor: dd operatorArray: [[],51,92,5,[1,8,18],["630000012","2","1"],[14],[".*"],[100,7,["","","2-1-0-0-0.1","2-1-0-0-0.1","2-1-0-0-0.1","2-1-0-0-0.1","2-1-0-0-0.1","2-1-0-0-0.1"]]]
03-15 23:05:57.712  5754 19108 D CAWARENESS_34468_FlexJobExecutor: operatorType: 51
03-15 23:05:57.712  5754 19108 D CAWARENESS_34468_FlexJobExecutor: taskId: 601002024, lastAnalyseTime: 1773504000000, curAnalyseTime: 1773504000000
03-15 23:05:57.713  5754 19108 I CAWARENESS_34468_FusionLabelOperator: init: dataId=601002024 jsonArray=[[],51,92,5,[1,8,18],["630000012","2","1"],[14],[".*"],[100,7,["","","2-1-0-0-0.1","2-1-0-0-0.1","2-1-0-0-0.1","2-1-0-0-0.1","2-1-0-0-0.1","2-1-0-0-0.1"]]]
03-15 23:05:57.714  5754 19108 D CAWARENESS_34468_ConfigChecker: checkeLabelOperatorConfig
03-15 23:05:57.717  5754 19108 I CAWARENESS_34468_FusionLabelOperator: execute:[operIndex,OperSize]=[2, 6]
03-15 23:05:57.718  5754 19108 D CAWARENESS_34468_FlexJobExecutor: dd operatorArray: [[],51,92,5,[1,8,18],["630000012","6","1"],[14],[".*"],[100,7,["","","3-2-1-0-0.1","3-2-1-0-0.1","4-2-1-0-0.1","4-2-1-0-0.1","4-2-1-0-0.1","4-2-1-0-0.1"]]]
03-15 23:05:57.718  5754 19108 D CAWARENESS_34468_FlexJobExecutor: operatorType: 51
03-15 23:05:57.718  5754 19108 D CAWARENESS_34468_FlexJobExecutor: taskId: 601002024, lastAnalyseTime: 1773504000000, curAnalyseTime: 1773504000000
03-15 23:05:57.719  5754 19108 I CAWARENESS_34468_FusionLabelOperator: init: dataId=601002024 jsonArray=[[],51,92,5,[1,8,18],["630000012","6","1"],[14],[".*"],[100,7,["","","3-2-1-0-0.1","3-2-1-0-0.1","4-2-1-0-0.1","4-2-1-0-0.1","4-2-1-0-0.1","4-2-1-0-0.1"]]]
03-15 23:05:57.719  5754 19108 D CAWARENESS_34468_ConfigChecker: checkeLabelOperatorConfig
03-15 23:05:57.722  5754 19108 I CAWARENESS_34468_FusionLabelOperator: execute:[operIndex,OperSize]=[3, 6]
03-15 23:05:57.723  5754 19108 D CAWARENESS_34468_FlexJobExecutor: dd operatorArray: [[],51,92,5,[1,8,18],["630000012","7","1"],[14],[".*"],[100,7,["","","2-1-0-0-0.5","2-1-0-0-0.5","2-1-0-0-0.5","2-1-0-0-0.5","2-1-0-0-0.5","2-1-0-0-0.5"]]]
03-15 23:05:57.723  5754 19108 D CAWARENESS_34468_FlexJobExecutor: operatorType: 51
03-15 23:05:57.723  5754 19108 D CAWARENESS_34468_FlexJobExecutor: taskId: 601002024, lastAnalyseTime: 1773504000000, curAnalyseTime: 1773504000000
03-15 23:05:57.723  5754 19108 I CAWARENESS_34468_FusionLabelOperator: init: dataId=601002024 jsonArray=[[],51,92,5,[1,8,18],["630000012","7","1"],[14],[".*"],[100,7,["","","2-1-0-0-0.5","2-1-0-0-0.5","2-1-0-0-0.5","2-1-0-0-0.5","2-1-0-0-0.5","2-1-0-0-0.5"]]]
03-15 23:05:57.724  5754 19108 D CAWARENESS_34468_ConfigChecker: checkeLabelOperatorConfig
03-15 23:05:57.726  5754 19108 I CAWARENESS_34468_FusionLabelOperator: execute:[operIndex,OperSize]=[4, 6]
03-15 23:05:57.727  5754 19108 D CAWARENESS_34468_FlexJobExecutor: dd operatorArray: [[],51,92,5,[1,8,18],["630000012","10","1"],[14],[".*"],[100,7,["","","2-1-0-0-1","2-1-0-0-1","3-2-1-0-1","3-2-1-0-1","3-2-1-0-1","3-2-1-0-1"]]]
03-15 23:05:57.727  5754 19108 D CAWARENESS_34468_FlexJobExecutor: operatorType: 51
03-15 23:05:57.727  5754 19108 D CAWARENESS_34468_FlexJobExecutor: taskId: 601002024, lastAnalyseTime: 1773504000000, curAnalyseTime: 1773504000000
03-15 23:05:57.727  5754 19108 I CAWARENESS_34468_FusionLabelOperator: init: dataId=601002024 jsonArray=[[],51,92,5,[1,8,18],["630000012","10","1"],[14],[".*"],[100,7,["","","2-1-0-0-1","2-1-0-0-1","3-2-1-0-1","3-2-1-0-1","3-2-1-0-1","3-2-1-0-1"]]]
03-15 23:05:57.728  5754 19108 D CAWARENESS_34468_ConfigChecker: checkeLabelOperatorConfig
03-15 23:05:57.731  5754 19108 I CAWARENESS_34468_FusionLabelOperator: execute:[operIndex,OperSize]=[5, 6]
03-15 23:05:57.734  5754 19108 D CAWARENESS_34468_FlexJobExecutor: 601002024 result data size: 1
03-15 23:05:57.741  5754 19108 D CAWARENESS_34468_UpPersistManager: insert size: 1, result: 1
03-15 23:05:57.741  5754 19108 D CAWARENESS_34468_FlexJobExecutor: 601002024 result save success
03-15 23:05:57.743 12660 19115 D CAWARENESS_32269_OperatingDatabaseUtil: t_up_flex_task_status table update successful, update column count: 1
03-15 23:05:57.744  5754 19108 D CAWARENESS_34468_FlexJobExecutor: refreshTaskStatus: true
03-15 23:05:57.744  5754 19108 D CAWARENESS_34468_FlexJobExecutor: resource clean
03-15 23:05:57.746  5754 19108 D CAWARENESS_34468_FlexJobExecutor: taskParaArray: [[[],51,92,5,[1,8,18],["630000012","0","1"],[12],[".*"],[100,7,["","","2-1-0-0-0.5","2-1-0-0-0.5","2-1-0-0-0.5","2-1-0-0-0.5","2-1-0-0-0.5","2-1-0-0-0.5"]]],[[],51,92,5,[1,8,18],["630000012","1","1"],[12],[".*"],[100,7,["","","3-2-1-0-0.3","3-2-1-0-0.3","3-2-1-0-0.3","3-2-1-0-0.3","3-2-1-0-0.3","3-2-1-0-0.3"]]],[[],51,92,5,[1,8,18],["630000012","2","1"],[12],[".*"],[100,7,["","","2-1-0-0-0.1","2-1-0-0-0.1","2-1-0-0-0.1","2-1-0-0-0.1","2-1-0-0-0.1","2-1-0-0-0.1"]]],[[],51,92,5,[1,8,18],["630000012","6","1"],[12],[".*"],[100,7,["","","3-2-1-0-0.1","4-2-1-0-0.1","4-2-1-0-0.1","4-2-1-0-0.1","4-2-1-0-0.1","4-2-1-0-0.1"]]],[[],51,92,5,[1,8,18],["630000012","7","1"],[12],[".*"],[100,7,["","","2-1-0-0-0.5","2-1-0-0-0.5","2-1-0-0-0.5","2-1-0-0-0.5","2-1-0-0-0.5","2-1-0-0-0.5"]]],[[],51,92,5,[1,8,18],["630000012","10","1"],[12],[".*"],[100,7,["","","2-1-0-0-1","3-2-1-0-1","3-2-1-0-1","3-2-1-0-1","3-2-1-0-1","3-2-1-0-1"]]]]
03-15 23:05:57.746  5754 19108 D CAWARENESS_34468_FlexJobExecutor: dd operatorArray: [[],51,92,5,[1,8,18],["630000012","0","1"],[12],[".*"],[100,7,["","","2-1-0-0-0.5","2-1-0-0-0.5","2-1-0-0-0.5","2-1-0-0-0.5","2-1-0-0-0.5","2-1-0-0-0.5"]]]
03-15 23:05:57.746  5754 19108 D CAWARENESS_34468_FlexJobExecutor: operatorType: 51
03-15 23:05:57.746  5754 19108 D CAWARENESS_34468_FlexJobExecutor: taskId: 601002025, lastAnalyseTime: -1, curAnalyseTime: 1773504000000
03-15 23:05:57.746  5754 19108 I CAWARENESS_34468_FusionLabelOperator: init: dataId=601002025 jsonArray=[[],51,92,5,[1,8,18],["630000012","0","1"],[12],[".*"],[100,7,["","","2-1-0-0-0.5","2-1-0-0-0.5","2-1-0-0-0.5","2-1-0-0-0.5","2-1-0-0-0.5","2-1-0-0-0.5"]]]
03-15 23:05:57.748  5754 19108 D CAWARENESS_34468_ConfigChecker: checkeLabelOperatorConfig
03-15 23:05:57.751  5754 19108 I CAWARENESS_34468_FusionLabelOperator: execute:[operIndex,OperSize]=[0, 6]
03-15 23:05:57.752  5754 19108 D CAWARENESS_34468_FlexJobExecutor: dd operatorArray: [[],51,92,5,[1,8,18],["630000012","1","1"],[12],[".*"],[100,7,["","","3-2-1-0-0.3","3-2-1-0-0.3","3-2-1-0-0.3","3-2-1-0-0.3","3-2-1-0-0.3","3-2-1-0-0.3"]]]
03-15 23:05:57.752  5754 19108 D CAWARENESS_34468_FlexJobExecutor: operatorType: 51
03-15 23:05:57.752  5754 19108 D CAWARENESS_34468_FlexJobExecutor: taskId: 601002025, lastAnalyseTime: 1773504000000, curAnalyseTime: 1773504000000
03-15 23:05:57.752  5754 19108 I CAWARENESS_34468_FusionLabelOperator: init: dataId=601002025 jsonArray=[[],51,92,5,[1,8,18],["630000012","1","1"],[12],[".*"],[100,7,["","","3-2-1-0-0.3","3-2-1-0-0.3","3-2-1-0-0.3","3-2-1-0-0.3","3-2-1-0-0.3","3-2-1-0-0.3"]]]
03-15 23:05:57.753  1779  2012 I InputReader: eventHub getEvents 0
03-15 23:05:57.753  5754 19108 D CAWARENESS_34468_ConfigChecker: checkeLabelOperatorConfig
03-15 23:05:57.753  1779  1856 I EventHub: EventHub monitor: no key events in the past 335s, no motion events in the past 120s
03-15 23:05:57.756  5754 19108 I CAWARENESS_34468_FusionLabelOperator: execute:[operIndex,OperSize]=[1, 6]
03-15 23:05:57.757  5754 19108 D CAWARENESS_34468_FlexJobExecutor: dd operatorArray: [[],51,92,5,[1,8,18],["630000012","2","1"],[12],[".*"],[100,7,["","","2-1-0-0-0.1","2-1-0-0-0.1","2-1-0-0-0.1","2-1-0-0-0.1","2-1-0-0-0.1","2-1-0-0-0.1"]]]
03-15 23:05:57.757  5754 19108 D CAWARENESS_34468_FlexJobExecutor: operatorType: 51
03-15 23:05:57.758  5754 19108 D CAWARENESS_34468_FlexJobExecutor: taskId: 601002025, lastAnalyseTime: 1773504000000, curAnalyseTime: 1773504000000
03-15 23:05:57.758  5754 19108 I CAWARENESS_34468_FusionLabelOperator: init: dataId=601002025 jsonArray=[[],51,92,5,[1,8,18],["630000012","2","1"],[12],[".*"],[100,7,["","","2-1-0-0-0.1","2-1-0-0-0.1","2-1-0-0-0.1","2-1-0-0-0.1","2-1-0-0-0.1","2-1-0-0-0.1"]]]
03-15 23:05:57.759  5754 19108 D CAWARENESS_34468_ConfigChecker: checkeLabelOperatorConfig
03-15 23:05:57.763  5754 19108 I CAWARENESS_34468_FusionLabelOperator: execute:[operIndex,OperSize]=[2, 6]
03-15 23:05:57.764  5754 19108 D CAWARENESS_34468_FlexJobExecutor: dd operatorArray: [[],51,92,5,[1,8,18],["630000012","6","1"],[12],[".*"],[100,7,["","","3-2-1-0-0.1","4-2-1-0-0.1","4-2-1-0-0.1","4-2-1-0-0.1","4-2-1-0-0.1","4-2-1-0-0.1"]]]
03-15 23:05:57.764  5754 19108 D CAWARENESS_34468_FlexJobExecutor: operatorType: 51
03-15 23:05:57.764  5754 19108 D CAWARENESS_34468_FlexJobExecutor: taskId: 601002025, lastAnalyseTime: 1773504000000, curAnalyseTime: 1773504000000
03-15 23:05:57.764  5754 19108 I CAWARENESS_34468_FusionLabelOperator: init: dataId=601002025 jsonArray=[[],51,92,5,[1,8,18],["630000012","6","1"],[12],[".*"],[100,7,["","","3-2-1-0-0.1","4-2-1-0-0.1","4-2-1-0-0.1","4-2-1-0-0.1","4-2-1-0-0.1","4-2-1-0-0.1"]]]
03-15 23:05:57.765  5754 19108 D CAWARENESS_34468_ConfigChecker: checkeLabelOperatorConfig
03-15 23:05:57.769  5754 19108 I CAWARENESS_34468_FusionLabelOperator: execute:[operIndex,OperSize]=[3, 6]
03-15 23:05:57.770  5754 19108 D CAWARENESS_34468_FlexJobExecutor: dd operatorArray: [[],51,92,5,[1,8,18],["630000012","7","1"],[12],[".*"],[100,7,["","","2-1-0-0-0.5","2-1-0-0-0.5","2-1-0-0-0.5","2-1-0-0-0.5","2-1-0-0-0.5","2-1-0-0-0.5"]]]
03-15 23:05:57.770  5754 19108 D CAWARENESS_34468_FlexJobExecutor: operatorType: 51
03-15 23:05:57.770  5754 19108 D CAWARENESS_34468_FlexJobExecutor: taskId: 601002025, lastAnalyseTime: 1773504000000, curAnalyseTime: 1773504000000
03-15 23:05:57.770  5754 19108 I CAWARENESS_34468_FusionLabelOperator: init: dataId=601002025 jsonArray=[[],51,92,5,[1,8,18],["630000012","7","1"],[12],[".*"],[100,7,["","","2-1-0-0-0.5","2-1-0-0-0.5","2-1-0-0-0.5","2-1-0-0-0.5","2-1-0-0-0.5","2-1-0-0-0.5"]]]
03-15 23:05:57.772  5754 19108 D CAWARENESS_34468_ConfigChecker: checkeLabelOperatorConfig
03-15 23:05:57.775  5754 19108 I CAWARENESS_34468_FusionLabelOperator: execute:[operIndex,OperSize]=[4, 6]
03-15 23:05:57.776  5754 19108 D CAWARENESS_34468_FlexJobExecutor: dd operatorArray: [[],51,92,5,[1,8,18],["630000012","10","1"],[12],[".*"],[100,7,["","","2-1-0-0-1","3-2-1-0-1","3-2-1-0-1","3-2-1-0-1","3-2-1-0-1","3-2-1-0-1"]]]
03-15 23:05:57.776  5754 19108 D CAWARENESS_34468_FlexJobExecutor: operatorType: 51
03-15 23:05:57.776  5754 19108 D CAWARENESS_34468_FlexJobExecutor: taskId: 601002025, lastAnalyseTime: 1773504000000, curAnalyseTime: 1773504000000
03-15 23:05:57.777  5754 19108 I CAWARENESS_34468_FusionLabelOperator: init: dataId=601002025 jsonArray=[[],51,92,5,[1,8,18],["630000012","10","1"],[12],[".*"],[100,7,["","","2-1-0-0-1","3-2-1-0-1","3-2-1-0-1","3-2-1-0-1","3-2-1-0-1","3-2-1-0-1"]]]
03-15 23:05:57.778  5754 19108 D CAWARENESS_34468_ConfigChecker: checkeLabelOperatorConfig
03-15 23:05:57.782  5754 19108 I CAWARENESS_34468_FusionLabelOperator: execute:[operIndex,OperSize]=[5, 6]
03-15 23:05:57.786  5754 19108 D CAWARENESS_34468_FlexJobExecutor: 601002025 result data size: 1
03-15 23:05:57.793  5754 19108 D CAWARENESS_34468_UpPersistManager: insert size: 1, result: 1
03-15 23:05:57.794  5754 19108 D CAWARENESS_34468_FlexJobExecutor: 601002025 result save success
03-15 23:05:57.796 12660 19115 D CAWARENESS_32269_OperatingDatabaseUtil: t_up_flex_task_status table update successful, update column count: 1
03-15 23:05:57.797  5754 19108 D CAWARENESS_34468_FlexJobExecutor: refreshTaskStatus: true
03-15 23:05:57.797  5754 19108 D CAWARENESS_34468_FlexJobExecutor: resource clean
03-15 23:05:57.797  5754 19108 D CAWARENESS_34468_FlexJobExecutor: taskParaArray: [[[],1,11,5,[1,8],["630000051","1"],[12],[".*"],[100,0,["15-7-4-2","36-15-7-3","91-34-14-6","225-80-31-11","706-244-87-27","2366-882-273-64","4230-1278-363-85","8460-2456-676-106"]]]]
03-15 23:05:57.798  5754 19108 D CAWARENESS_34468_FlexJobExecutor: dd operatorArray: [[],1,11,5,[1,8],["630000051","1"],[12],[".*"],[100,0,["15-7-4-2","36-15-7-3","91-34-14-6","225-80-31-11","706-244-87-27","2366-882-273-64","4230-1278-363-85","8460-2456-676-106"]]]
03-15 23:05:57.798  5754 19108 D CAWARENESS_34468_FlexJobExecutor: operatorType: 1
03-15 23:05:57.798  5754 19108 D CAWARENESS_34468_FlexJobExecutor: taskId: 601002080, lastAnalyseTime: -1, curAnalyseTime: 1773504000000
03-15 23:05:57.798  5754 19108 I CAWARENESS_34468_CommonLabelOperator: init: dataId=601002080 jsonArray=[[],1,11,5,[1,8],["630000051","1"],[12],[".*"],[100,0,["15-7-4-2","36-15-7-3","91-34-14-6","225-80-31-11","706-244-87-27","2366-882-273-64","4230-1278-363-85","8460-2456-676-106"]]]
03-15 23:05:57.800  5754 19108 D CAWARENESS_34468_ConfigChecker: checkeLabelOperatorConfig
03-15 23:05:57.807  5754 19108 D CAWARENESS_34468_CommonLabelOperator: labelStatTemplateType=11
03-15 23:05:57.808  5754 19108 D CAWARENESS_34468_FlexJobExecutor: 601002080 result data size: 1
03-15 23:05:57.817  5754 19108 D CAWARENESS_34468_UpPersistManager: insert size: 1, result: 1
03-15 23:05:57.817  5754 19108 D CAWARENESS_34468_FlexJobExecutor: 601002080 result save success
03-15 23:05:57.819 12660 19115 D CAWARENESS_32269_OperatingDatabaseUtil: t_up_flex_task_status table update successful, update column count: 1
03-15 23:05:57.820  5754 19108 D CAWARENESS_34468_FlexJobExecutor: refreshTaskStatus: true
03-15 23:05:57.820  5754 19108 D CAWARENESS_34468_FlexJobExecutor: resource clean
03-15 23:05:57.821  5754 19108 D CAWARENESS_34468_FlexJobExecutor: taskParaArray: [[[],1,11,5,[1],["630000052"],[12],[".*"],[100,0,["4-3-2-1","9-5-3-2","14-7-5-3","29-14-9-5","69-31-18-10","109-46-23-15","149-61-28-20","298-122-56-35"]]]]
03-15 23:05:57.821  5754 19108 D CAWARENESS_34468_FlexJobExecutor: dd operatorArray: [[],1,11,5,[1],["630000052"],[12],[".*"],[100,0,["4-3-2-1","9-5-3-2","14-7-5-3","29-14-9-5","69-31-18-10","109-46-23-15","149-61-28-20","298-122-56-35"]]]
03-15 23:05:57.821  5754 19108 D CAWARENESS_34468_FlexJobExecutor: operatorType: 1
03-15 23:05:57.821  5754 19108 D CAWARENESS_34468_FlexJobExecutor: taskId: 601002081, lastAnalyseTime: -1, curAnalyseTime: 1773504000000
03-15 23:05:57.822  5754 19108 I CAWARENESS_34468_CommonLabelOperator: init: dataId=601002081 jsonArray=[[],1,11,5,[1],["630000052"],[12],[".*"],[100,0,["4-3-2-1","9-5-3-2","14-7-5-3","29-14-9-5","69-31-18-10","109-46-23-15","149-61-28-20","298-122-56-35"]]]
03-15 23:05:57.823  5754 19108 D CAWARENESS_34468_ConfigChecker: checkeLabelOperatorConfig
03-15 23:05:57.830  5754 19108 D CAWARENESS_34468_CommonLabelOperator: labelStatTemplateType=11
03-15 23:05:57.830  5754 19108 D CAWARENESS_34468_FlexJobExecutor: 601002081 result data size: 1
03-15 23:05:57.839  5754 19108 D CAWARENESS_34468_UpPersistManager: insert size: 1, result: 1
03-15 23:05:57.839  5754 19108 D CAWARENESS_34468_FlexJobExecutor: 601002081 result save success
03-15 23:05:57.841 12660 19115 D CAWARENESS_32269_OperatingDatabaseUtil: t_up_flex_task_status table update successful, update column count: 1
03-15 23:05:57.841  5754 19108 D CAWARENESS_34468_FlexJobExecutor: refreshTaskStatus: true
03-15 23:05:57.841  5754 19108 D CAWARENESS_34468_FlexJobExecutor: resource clean
03-15 23:05:57.842  5754 19108 D CAWARENESS_34468_FlexJobExecutor: taskParaArray: [[[],1,11,5,[1,8],["630000051","0"],[12],[".*"],[100,0,["15-7-4-2","36-15-7-3","90-33-14-6","221-79-30-11","712-244-88-27","2361-867-278-67","4116-1289-379-91","8232-2378-759-148"]]]]
03-15 23:05:57.843  5754 19108 D CAWARENESS_34468_FlexJobExecutor: dd operatorArray: [[],1,11,5,[1,8],["630000051","0"],[12],[".*"],[100,0,["15-7-4-2","36-15-7-3","90-33-14-6","221-79-30-11","712-244-88-27","2361-867-278-67","4116-1289-379-91","8232-2378-759-148"]]]
03-15 23:05:57.843  5754 19108 D CAWARENESS_34468_FlexJobExecutor: operatorType: 1
03-15 23:05:57.843  5754 19108 D CAWARENESS_34468_FlexJobExecutor: taskId: 601002082, lastAnalyseTime: -1, curAnalyseTime: 1773504000000
03-15 23:05:57.843  5754 19108 I CAWARENESS_34468_CommonLabelOperator: init: dataId=601002082 jsonArray=[[],1,11,5,[1,8],["630000051","0"],[12],[".*"],[100,0,["15-7-4-2","36-15-7-3","90-33-14-6","221-79-30-11","712-244-88-27","2361-867-278-67","4116-1289-379-91","8232-2378-759-148"]]]
03-15 23:05:57.845  5754 19108 D CAWARENESS_34468_ConfigChecker: checkeLabelOperatorConfig
03-15 23:05:57.850  5754 19108 D CAWARENESS_34468_CommonLabelOperator: labelStatTemplateType=11
03-15 23:05:57.851  5754 19108 D CAWARENESS_34468_FlexJobExecutor: 601002082 result data size: 1
03-15 23:05:57.854  5754  5771 I com.huawei.hia: Background young concurrent copying GC freed 142288(7459KB) AllocSpace objects, 1(24KB) LOS objects, 12% free, 52MB/60MB,  current_footprint is 60MB, capacity is 512MB, growth limit is 512MB, paused 541us,290us total 52.312ms cpu time 50.997ms DisableRefAccess:5.822ms(5.445ms), NotOnTop, cpufreq(0-7): 1229000 1229000 1229000 1229000 558000 558000 558000 558000, curUsage: 0.909091, Perceptible, last gc 1002.475ms, last Background young 1002.475ms, last free 8201728, 0, process name: "com.huawei.hiai"
03-15 23:05:57.858  5754 19108 D CAWARENESS_34468_UpPersistManager: insert size: 1, result: 1
03-15 23:05:57.858  5754 19108 D CAWARENESS_34468_FlexJobExecutor: 601002082 result save success
03-15 23:05:57.859 12660 13027 D CAWARENESS_32269_OperatingDatabaseUtil: t_up_flex_task_status table update successful, update column count: 1
03-15 23:05:57.861  5754 19108 D CAWARENESS_34468_FlexJobExecutor: refreshTaskStatus: true
03-15 23:05:57.861  5754 19108 D CAWARENESS_34468_FlexJobExecutor: resource clean
03-15 23:05:57.861  5754 19108 D CAWARENESS_34468_FlexJobExecutor: taskParaArray: [[[],1,11,5,[1,8],["630000053","0"],[12],[".*"],[100,0,["2-1-0-0"," 5-3-2-1","7-5-3-1","9-7-3-1","15-7-5-2","20-10-5-2","25-15-8-4","36-25-15-8"]]]]
03-15 23:05:57.862  5754 19108 D CAWARENESS_34468_FlexJobExecutor: dd operatorArray: [[],1,11,5,[1,8],["630000053","0"],[12],[".*"],[100,0,["2-1-0-0"," 5-3-2-1","7-5-3-1","9-7-3-1","15-7-5-2","20-10-5-2","25-15-8-4","36-25-15-8"]]]
03-15 23:05:57.862  5754 19108 D CAWARENESS_34468_FlexJobExecutor: operatorType: 1
03-15 23:05:57.862  5754 19108 D CAWARENESS_34468_FlexJobExecutor: taskId: 601002087, lastAnalyseTime: -1, curAnalyseTime: 1773504000000
03-15 23:05:57.862  5754 19108 I CAWARENESS_34468_CommonLabelOperator: init: dataId=601002087 jsonArray=[[],1,11,5,[1,8],["630000053","0"],[12],[".*"],[100,0,["2-1-0-0"," 5-3-2-1","7-5-3-1","9-7-3-1","15-7-5-2","20-10-5-2","25-15-8-4","36-25-15-8"]]]
03-15 23:05:57.863  5754 19108 D CAWARENESS_34468_ConfigChecker: checkeLabelOperatorConfig
03-15 23:05:57.869  5754 19108 D CAWARENESS_34468_CommonLabelOperator: labelStatTemplateType=11
03-15 23:05:57.869  5754 19108 D CAWARENESS_34468_FlexJobExecutor: 601002087 result data size: 1
03-15 23:05:57.876  5754 19108 D CAWARENESS_34468_UpPersistManager: insert size: 1, result: 1
03-15 23:05:57.876  5754 19108 D CAWARENESS_34468_FlexJobExecutor: 601002087 result save success
03-15 23:05:57.878 12660 13027 D CAWARENESS_32269_OperatingDatabaseUtil: t_up_flex_task_status table update successful, update column count: 1
03-15 23:05:57.879  5754 19108 D CAWARENESS_34468_FlexJobExecutor: refreshTaskStatus: true
03-15 23:05:57.879  5754 19108 D CAWARENESS_34468_FlexJobExecutor: resource clean
03-15 23:05:57.880  5754 19108 D CAWARENESS_34468_FlexJobExecutor: taskParaArray: [[[],51,0,5,[1,8],["630000049","0"],[],[],[100,7,["3-2-1-0-0.8","3-2-1-0-0.8","3-2-1-0-0.8","4-3-2-1-0.8","5-3-2-1-0.8","6-4-2-1-0.8","6-4-3-2-0.8","6-4-3-2-0.8"]]],[[],51,0,5,[1,8],["630000003","2"],[],[],[100,7,["3-2-1-0-0.8","3-2-1-0-0.8","3-2-1-0-0.8","4-2-1-0-0.8","4-2-1-0-0.8","5-3-2-1-0.8","5-3-2-1-0.8","5-3-2-1-0.8"]]],[[],51,0,5,[1,12],["630000017","6"],[],[],[100,7,["10-4-3-2-0.2","13-5-3-2-0.2","17-6-3-2-0.2","22-7-4-2-0.2","30-9-5-2-0.2","40-11-5-2-0.2","52-14-6-2-0.2","73-17-7-2-0.2"]]],[[],51,0,5,[1,12],["630000017","30"],[],[],[100,7,["9-4-3-2-0.2","10-4-3-2-0.2","11-4-3-2-0.2","12-5-3-2-0.2","14-5-3-2-0.2","16-6-4-2-0.2","17-6-4-2-0.2","17-6-4-2-0.2"]]],[[],51,0,5,[1,12],["630000017","31"],[],[],[100,7,["14-6-4-2-0.2","19-7-4-2-0.2","23-8-4-2-0.2","28-8-4-2-0.2","32-8-4-2-0.2","32-8-5-2-0.2","33-9-5-2-0.2","33-9-5-2-0.2"]]]]
03-15 23:05:57.880  5754 19108 D CAWARENESS_34468_FlexJobExecutor: dd operatorArray: [[],51,0,5,[1,8],["630000049","0"],[],[],[100,7,["3-2-1-0-0.8","3-2-1-0-0.8","3-2-1-0-0.8","4-3-2-1-0.8","5-3-2-1-0.8","6-4-2-1-0.8","6-4-3-2-0.8","6-4-3-2-0.8"]]]
03-15 23:05:57.880  5754 19108 D CAWARENESS_34468_FlexJobExecutor: operatorType: 51
03-15 23:05:57.880  5754 19108 D CAWARENESS_34468_FlexJobExecutor: taskId: 601002124, lastAnalyseTime: -1, curAnalyseTime: 1773504000000
03-15 23:05:57.880  5754 19108 I CAWARENESS_34468_FusionLabelOperator: init: dataId=601002124 jsonArray=[[],51,0,5,[1,8],["630000049","0"],[],[],[100,7,["3-2-1-0-0.8","3-2-1-0-0.8","3-2-1-0-0.8","4-3-2-1-0.8","5-3-2-1-0.8","6-4-2-1-0.8","6-4-3-2-0.8","6-4-3-2-0.8"]]]
03-15 23:05:57.881  5754 19108 D CAWARENESS_34468_ConfigChecker: checkeLabelOperatorConfig
03-15 23:05:57.884  5754 19108 I CAWARENESS_34468_FusionLabelOperator: execute:[operIndex,OperSize]=[0, 5]
03-15 23:05:57.887  5754 19108 D CAWARENESS_34468_ThresholdUtil: dd is not exist threshold from cloud
03-15 23:05:57.887  5754 19108 D CAWARENESS_34468_FusionLabelOperator: specType labelOperatorType=51 tblList size=0
03-15 23:05:57.888  5754 19108 D CAWARENESS_34468_FusionLabelOperator: dd labelDaysSum {"days1Sum":0.0,"days3Sum":0.0,"days7Sum":0.0,"days14Sum":0.0,"days30Sum":0.0,"days60Sum":0.0,"days90Sum":0.0,"days180Sum":0.0}
03-15 23:05:57.888  5754 19108 D CAWARENESS_34468_FusionLabelOperator: specType=7
03-15 23:05:57.888  5754 19108 D CAWARENESS_34468_FusionLabelOperator: singleNormalLise: [sum,spec][0.0, 3-2-1-0-0.8]
03-15 23:05:57.888  5754 19108 D CAWARENESS_34468_FusionLabelOperator: singleNormalLise: [sum,spec][0.0, 3-2-1-0-0.8]
03-15 23:05:57.888  5754 19108 D CAWARENESS_34468_FusionLabelOperator: singleNormalLise: [sum,spec][0.0, 3-2-1-0-0.8]
03-15 23:05:57.888  5754 19108 D CAWARENESS_34468_FusionLabelOperator: singleNormalLise: [sum,spec][0.0, 4-3-2-1-0.8]
03-15 23:05:57.888  5754 19108 D CAWARENESS_34468_FusionLabelOperator: singleNormalLise: [sum,spec][0.0, 5-3-2-1-0.8]
03-15 23:05:57.888  5754 19108 D CAWARENESS_34468_FusionLabelOperator: singleNormalLise: [sum,spec][0.0, 6-4-2-1-0.8]
03-15 23:05:57.888  5754 19108 D CAWARENESS_34468_FusionLabelOperator: singleNormalLise: [sum,spec][0.0, 6-4-3-2-0.8]
03-15 23:05:57.888  5754 19108 D CAWARENESS_34468_FusionLabelOperator: singleNormalLise: [sum,spec][0.0, 6-4-3-2-0.8]
03-15 23:05:57.888  5754 19108 D CAWARENESS_34468_FusionLabelOperator: dd mergedValues=[0.0, 0.0, 0.0, 0.0, 0.0, 0.0, 0.0, 0.0]
03-15 23:05:57.889  5754 19108 D CAWARENESS_34468_FusionLabelOperator: dd result=[0.0,0.0,0.0,0.0,0.0,0.0,0.0,0.0]
03-15 23:05:57.889  5754 19108 D CAWARENESS_34468_FlexJobExecutor: dd operatorArray: [[],51,0,5,[1,8],["630000003","2"],[],[],[100,7,["3-2-1-0-0.8","3-2-1-0-0.8","3-2-1-0-0.8","4-2-1-0-0.8","4-2-1-0-0.8","5-3-2-1-0.8","5-3-2-1-0.8","5-3-2-1-0.8"]]]
03-15 23:05:57.889  5754 19108 D CAWARENESS_34468_FlexJobExecutor: operatorType: 51
03-15 23:05:57.889  5754 19108 D CAWARENESS_34468_FlexJobExecutor: taskId: 601002124, lastAnalyseTime: 1773504000000, curAnalyseTime: 1773504000000
03-15 23:05:57.890  5754 19108 I CAWARENESS_34468_FusionLabelOperator: init: dataId=601002124 jsonArray=[[],51,0,5,[1,8],["630000003","2"],[],[],[100,7,["3-2-1-0-0.8","3-2-1-0-0.8","3-2-1-0-0.8","4-2-1-0-0.8","4-2-1-0-0.8","5-3-2-1-0.8","5-3-2-1-0.8","5-3-2-1-0.8"]]]
03-15 23:05:57.891  5754 19108 D CAWARENESS_34468_ConfigChecker: checkeLabelOperatorConfig
03-15 23:05:57.894  5754 19108 I CAWARENESS_34468_FusionLabelOperator: execute:[operIndex,OperSize]=[1, 5]
