03-15 23:15:31.815 I/HuaweiWifiWatchdogStateMachine( 1779): high data flow: protection_counter = 0,  not_detect_counter = 105
03-15 23:15:31.815 I/HuaweiWifiWatchdogStateMachine( 1779): high data flow scenario: 0 --> 0 rx rate =0KB/s
03-15 23:15:31.816 I/WiFi_PRO( 1779): MSG_RETURN_AP_CURRY_RSSI rssi = -68
03-15 23:15:31.816 I/HuaweiWifiWatchdogStateMachine( 1779): POta txb txg rxg:0, 11, 0. Lr =0% Totpkt=11
03-15 23:15:31.816 I/QosMonitor( 1779): queryRtt: rttType = 3
03-15 23:15:31.816 I/HwDualBandManager( 1779): handle2gApStrongWifiRssiChange
03-15 23:15:31.816 I/QosMonitor( 1779): call ctrlHwWifiNetwork
03-15 23:15:31.816 V/HwWifiServiceFactory( 1779): get AllImpl object = com.android.server.wifi.HwWifiServiceFactoryImpl@f8e66c3
03-15 23:15:31.817 I/QosMonitor( 1779): postEventFromNative: msg=100,arg1=4,arg2=10
03-15 23:15:31.817 I/QosMonitor( 1779): call ctrlHwWifiNetwork
03-15 23:15:31.817 I/QosMonitor( 1779): postEventFromNative: msg=100,arg1=0,arg2=10
03-15 23:15:31.817 I/MQoS    ( 1779): rtt=288,tcpTxPkts=12711,tcpRxPkts=26894
03-15 23:15:31.817 I/HwConnectivityServiceEx( 1779): set 1000, metered: false, value: false
03-15 23:15:31.818 I/HuaweiWifiWatchdogStateMachine( 1779): PTcp RTT:0, rtt pkt=0, tcp_rx=0, tcp_tx=0, tcp_reTran=0, rtRate=0
03-15 23:15:31.818 I/HwWifiProServiceProxy( 1779): ctrlHwWifiNetwork pkgName: WIFIPRO_SERVICE interfaceId: 101
03-15 23:15:31.818 I/HuaweiWifiWatchdogStateMachine( 1779): start computeQosLevel tcpRtt = 0 ,rssi = -68 ,mBestSpeedInPeriod = 807
03-15 23:15:31.818 I/HuaweiWifiWatchdogStateMachine( 1779): smoothConsecutiveQosResults, currentQosLevel = 3
03-15 23:15:31.818 I/QosMonitor( 1779): resetRtt: rttType = 3
03-15 23:15:31.818 I/QosMonitor( 1779): call ctrlHwWifiNetwork
03-15 23:15:31.819 I/MQoS    ( 1779): QOS_level:0(0),wifi-link;SIM error;use level-0
03-15 23:15:31.820 I/MQoS    ( 1779): skip-low-Level:0(0),wifi-link;SIM error;use level-0
03-15 23:15:31.845 V/SensorManager( 1779): dispatchSensorEvent() was called, handle=3, values=[698.25, 4010.0, 0.0, 0.0, 0.0, 0.0, 0.0, 0.0, 0.0, 0.0, 0.0, 0.0, 0.0, 0.0, 0.0, 0.0], inAccuracy=3, timestamp=2463505970624
03-15 23:15:31.845 V/SensorManager( 2451): dispatchSensorEvent() was called, handle=3, values=[698.25, 4010.0, 0.0, 0.0, 0.0, 0.0, 0.0, 0.0, 0.0, 0.0, 0.0, 0.0, 0.0, 0.0, 0.0, 0.0], inAccuracy=3, timestamp=2463505970624
03-15 23:15:31.929 V/HwWifiServiceFactory( 1779): get AllImpl object = com.android.server.wifi.HwWifiServiceFactoryImpl@f8e66c3
03-15 23:15:31.964 V/SensorManager( 1779): dispatchSensorEvent() was called, handle=3, values=[698.375, 4010.0, 0.0, 0.0, 0.0, 0.0, 0.0, 0.0, 0.0, 0.0, 0.0, 0.0, 0.0, 0.0, 0.0, 0.0], inAccuracy=3, timestamp=2463625970624
03-15 23:15:31.964 V/SensorManager( 2451): dispatchSensorEvent() was called, handle=3, values=[698.375, 4010.0, 0.0, 0.0, 0.0, 0.0, 0.0, 0.0, 0.0, 0.0, 0.0, 0.0, 0.0, 0.0, 0.0, 0.0], inAccuracy=3, timestamp=2463625970624
03-15 23:15:31.977 D/HwCommBoosterService( 2565): reportBoosterPara enter
03-15 23:15:31.977 D/HwCommBoosterManager( 2565): reportBoosterPara enter
03-15 23:15:31.977 D/HwCommBoosterManager( 2565): pluginId: 2dataType:801
03-15 23:15:31.977 D/HwCommBoosterManager( 2565): handleBoosterMessageSendModuleDataToPlugin enter
03-15 23:15:31.978 I/Booster_ConfigManager( 2565): [handleReceiveAPModuleData]handleReceiveAPModuleData dataType = 801
03-15 23:15:31.996 V/SensorManager( 2694): dispatchSensorEvent() was called, handle=0, values=[-0.39801207, 0.60894126, 9.814935, 4.2E-45, 0.0, 0.0, 0.0, 0.0, 0.0, 0.0, 0.0, 0.0, 0.0, 0.0, 0.0, 0.0], inAccuracy=3, timestamp=2463459970312
03-15 23:15:32.084 V/SensorManager( 1779): dispatchSensorEvent() was called, handle=3, values=[698.625, 4010.0, 0.0, 0.0, 0.0, 0.0, 0.0, 0.0, 0.0, 0.0, 0.0, 0.0, 0.0, 0.0, 0.0, 0.0], inAccuracy=3, timestamp=2463745970624
03-15 23:15:32.084 V/SensorManager( 2451): dispatchSensorEvent() was called, handle=3, values=[698.625, 4010.0, 0.0, 0.0, 0.0, 0.0, 0.0, 0.0, 0.0, 0.0, 0.0, 0.0, 0.0, 0.0, 0.0, 0.0], inAccuracy=3, timestamp=2463745970624
03-15 23:15:32.096 I/Booster_BoosterdDelegate( 2565): [handleMessage]handleMessage, enter
03-15 23:15:32.097 E/Booster_BoosterdDelegate( 2565): [bindService]bindService start
03-15 23:15:32.097 E/Booster_BoosterdDelegate( 2565): [getBoosterdNativeService]Failed to get boosterd native service
03-15 23:15:32.098 E/Booster_BoosterdDelegate( 2565): [bindService]mService is null
03-15 23:15:32.098 I/Booster_BoosterdDelegate( 2565): [startRebindServieTimer] startRebindServieTimer
03-15 23:15:32.098 I/OllieMsgCenter( 2565): publishEvt=2135097353
03-15 23:15:32.109 I/InputReader( 1779): eventHub getEvents 0
03-15 23:15:32.109 I/EventHub( 1779): EventHub monitor: no key events in the past 85s, 
03-15 23:15:32.197 V/SensorManager( 2694): dispatchSensorEvent() was called, handle=0, values=[-0.40235037, 0.58833194, 9.815577, 4.2E-45, 0.0, 0.0, 0.0, 0.0, 0.0, 0.0, 0.0, 0.0, 0.0, 0.0, 0.0, 0.0], inAccuracy=3, timestamp=2463659970468
03-15 23:15:32.205 V/SensorManager( 1779): dispatchSensorEvent() was called, handle=3, values=[698.75, 4010.0, 0.0, 0.0, 0.0, 0.0, 0.0, 0.0, 0.0, 0.0, 0.0, 0.0, 0.0, 0.0, 0.0, 0.0], inAccuracy=3, timestamp=2463865970624
03-15 23:15:32.205 V/SensorManager( 2451): dispatchSensorEvent() was called, handle=3, values=[698.75, 4010.0, 0.0, 0.0, 0.0, 0.0, 0.0, 0.0, 0.0, 0.0, 0.0, 0.0, 0.0, 0.0, 0.0, 0.0], inAccuracy=3, timestamp=2463865970624
03-15 23:15:32.241 I/WifiNl80211Manager( 1779): Noise: -88, Snr: 26, Chload: 85, rssi: -68, txBitrate: 173, rxBitrate: 115, frequency: 5180, UlDelay: 1, currentTxBytes: 71207088, currentTxPackets: 60728, currentTxFailed: 0, currentRxBytes: 30199805, currentRxPackets: 35803, chloadSelf: 0, c0RssiDbm: 0, c1RssiDbm: 0
03-15 23:15:32.241 I/HwDualBandLearningAlg( 1779): update5gBetaAttribute, m24gConnectionRateList is empty or not full, ignore
03-15 23:15:32.330 V/SensorManager( 2451): dispatchSensorEvent() was called, handle=3, values=[698.375, 4010.0, 0.0, 0.0, 0.0, 0.0, 0.0, 0.0, 0.0, 0.0, 0.0, 0.0, 0.0, 0.0, 0.0, 0.0], inAccuracy=3, timestamp=2463985970624
03-15 23:15:32.330 V/SensorManager( 1779): dispatchSensorEvent() was called, handle=3, values=[698.375, 4010.0, 0.0, 0.0, 0.0, 0.0, 0.0, 0.0, 0.0, 0.0, 0.0, 0.0, 0.0, 0.0, 0.0, 0.0], inAccuracy=3, timestamp=2463985970624
03-15 23:15:32.380 I/bms_behavior( 5630): [WaitConditionStatus]: runState = 1, cvStatus = 1 
03-15 23:15:32.383 D/bms_behavior( 5630): [GetChargeMaxPower]: mode:0, max_power:0
03-15 23:15:32.383 D/bms_behavior( 5630): [GetCableType]: cable type:0
03-15 23:15:32.390 E/bms_file( 5630): [BmsFileReadBuffer]: file /sys/class/hw_power/coul/coul_data/rbatt is invalid
03-15 23:15:32.396 I/ZrHung.AppEyeUiProbe( 9965): restart watching of heap dump.
03-15 23:15:32.397 V/SensorManager( 2694): dispatchSensorEvent() was called, handle=0, values=[-0.3918446, 0.5997762, 9.822864, 4.2E-45, 0.0, 0.0, 0.0, 0.0, 0.0, 0.0, 0.0, 0.0, 0.0, 0.0, 0.0, 0.0], inAccuracy=3, timestamp=2463859970156
03-15 23:15:32.397 I/bms_behavior( 5630): [Monitor]: monitor interval count 486, name: Battery
03-15 23:15:32.406 I/ZrHung.AppEyeUiProbe( 9209): not watching, wait.
03-15 23:15:32.444 V/SensorManager( 1779): dispatchSensorEvent() was called, handle=3, values=[698.25, 4010.0, 0.0, 0.0, 0.0, 0.0, 0.0, 0.0, 0.0, 0.0, 0.0, 0.0, 0.0, 0.0, 0.0, 0.0], inAccuracy=3, timestamp=2464105970156
03-15 23:15:32.445 V/SensorManager( 2451): dispatchSensorEvent() was called, handle=3, values=[698.25, 4010.0, 0.0, 0.0, 0.0, 0.0, 0.0, 0.0, 0.0, 0.0, 0.0, 0.0, 0.0, 0.0, 0.0, 0.0], inAccuracy=3, timestamp=2464105970156
03-15 23:15:32.527 I/HwMSDPMovementManager( 3138): getCurrentMovement type 0
03-15 23:15:32.529 I/ArHal   (  933): (ArDataGetState:1478):id[2]
03-15 23:15:32.532 I/L_HmsMsdpClient( 3138): [LocKit LogLocation.java:1] arId = 4
03-15 23:15:32.564 V/SensorManager( 1779): dispatchSensorEvent() was called, handle=3, values=[698.25, 4010.0, 0.0, 0.0, 0.0, 0.0, 0.0, 0.0, 0.0, 0.0, 0.0, 0.0, 0.0, 0.0, 0.0, 0.0], inAccuracy=3, timestamp=2464225970156
03-15 23:15:32.564 V/SensorManager( 2451): dispatchSensorEvent() was called, handle=3, values=[698.25, 4010.0, 0.0, 0.0, 0.0, 0.0, 0.0, 0.0, 0.0, 0.0, 0.0, 0.0, 0.0, 0.0, 0.0, 0.0], inAccuracy=3, timestamp=2464225970156
03-15 23:15:32.597 V/SensorManager( 2694): dispatchSensorEvent() was called, handle=0, values=[-0.40205348, 0.6098606, 9.833474, 4.2E-45, 0.0, 0.0, 0.0, 0.0, 0.0, 0.0, 0.0, 0.0, 0.0, 0.0, 0.0, 0.0], inAccuracy=3, timestamp=2464059970781
03-15 23:15:32.636 I/Collector( 2565): GetEntityNum: dataType:2, rptType:9, bufLen:688, dataLen:684, structSize:88, result:0!
03-15 23:15:32.680 I/ZrHung.AppEyeUiProbe( 9935): not watching, wait.
03-15 23:15:32.684 V/SensorManager( 1779): dispatchSensorEvent() was called, handle=3, values=[698.75, 4010.0, 0.0, 0.0, 0.0, 0.0, 0.0, 0.0, 0.0, 0.0, 0.0, 0.0, 0.0, 0.0, 0.0, 0.0], inAccuracy=3, timestamp=2464345970156
03-15 23:15:32.684 V/SensorManager( 2451): dispatchSensorEvent() was called, handle=3, values=[698.75, 4010.0, 0.0, 0.0, 0.0, 0.0, 0.0, 0.0, 0.0, 0.0, 0.0, 0.0, 0.0, 0.0, 0.0, 0.0], inAccuracy=3, timestamp=2464345970156
03-15 23:15:32.721 I/Booster_Qoe( 2565): Ada,index:8,NisPsSlow:0,NProba:309,rsrp(rssi):-40,rsrq(noise):-60,rtt(chload):200,BFH(uldelay):0,BFC(rtt):0 Real:0,0,0,0,0, dlBler:0, ulBler:0
03-15 23:15:32.721 I/Booster_Qoe( 2565): Ada,index:2,NisPsSlow:0,NProba:309,rsrp(rssi):-40,rsrq(noise):-60,rtt(chload):200,BFH(uldelay):0,BFC(rtt):0 Real:0,0,0,0,0, dlBler:0, ulBler:0
03-15 23:15:32.721 I/Booster_ChannelQoeData( 2565): [dumpChannelData] Base:10233,0,0,-1,8 DNS:0,0,0 UID:1051 ChId:2 TcpData:0,0,0,0,0,0,0,0,0,0,0,0,0,0,0,0,0,0 UID:0 ChId:2 TcpData:0,0,0,0,0,0,0,0,0,0,0,0,0,0,0,0,0,0 UID:10233 ChId:2 TcpData:0,0,0,0,0,0,0,0,0,0,0,0,0,0,0,0,0,0 FastDecayData:1 AsymmetricLinkData:0
03-15 23:15:32.721 E/NetworkQoeProxy( 2565): invalid channelId = 0
03-15 23:15:32.721 E/NetworkQoeProxy( 2565): invalid channelId = 1
03-15 23:15:32.722 D/BoosterUtil( 2565): convertSubIdToSlotId, subId invalid: -1
03-15 23:15:32.722 D/BoosterUtil( 2565): getDefaultDataSlotId failed, invalid slotId:-1, subId:-1
03-15 23:15:32.722 D/BoosterUtil( 2565): convertSubIdToSlotId, subId invalid: -1
03-15 23:15:32.722 D/BoosterUtil( 2565): getDefaultDataSlotId failed, invalid slotId:-1, subId:-1
03-15 23:15:32.723 E/Booster_BroadcastProxy( 2565): [isDebugModemEnabled]get package info fail.
03-15 23:15:32.723 I/Booster_BroadcastProxy( 2565): [isDebugModemEnabled]mode: false
03-15 23:15:32.723 I/CloudServiceChr( 2565): App Qoe normal
03-15 23:15:32.723 E/Booster_NetworkQoeChr( 2565): [chrBlerMonitorAndReport]modemQoeData is not present
03-15 23:15:32.724 I/Booster_NetworkQoeMonitor( 2565): [createQoeBundle]networkQoeChanged:10233,4,0,309,1,2,4,0,309,0,0,10,10,0,0,0,0,0,2,1024,1024
03-15 23:15:32.724 I/CloudNetworkStateMachine( 2565): the Wi-Fi action state is true
03-15 23:15:32.724 I/CloudNetworkStateMachine( 2565): wifi is active, the Wi-Fi is connected.
03-15 23:15:32.725 D/Hicom_XEngineProc( 2565): isSupportLocalSocketKit packageNam: ai.axiomaster.BoJi isSupported: false
03-15 23:15:32.726 I/WiFi_PRO_WifiProStateMachine( 1779): APP_SERVICE_QOE_NOTIFY Qoe info 10233,4,0,309,1,2,4,0,309,0,0,10,10,0,0,0,0 CID 2 mMasterWifiRssi 0 mMasterCardAmbr 1048576 mSlaveCardAmbr 1048576
03-15 23:15:32.726 I/HwWifiProServiceProxy( 1779): ctrlHwWifiNetwork pkgName: WIFIPRO_SERVICE interfaceId: 9
03-15 23:15:32.726 I/WiFi_PRO_WifiProStateMachine( 1779): isWifi2WifiProcess = false, mIsNeedIgnoreQoeUpdate = false, mIsAppInBlacklistFullScreen = false, mIsWiFiNoInternet false, screen on = true, full screen = false, isLandscapeMode = false, mNotifyWifiLinkPoorReason = -1, mIsAppInBlacklistQoe false, mIsAppInBlackListAll false
03-15 23:15:32.726 E/WiFi_PROHumanFactorRecommend( 1779): isEconomicTrafficUser, invalid slotId=-1
03-15 23:15:32.726 I/WiFi_PRO_WifiProStateMachine( 1779): , mAppQoeBadCnt = 0, mNetworkSlowReason = 0, isEconomicTrafficUser =false, mStrategy =0
03-15 23:15:32.726 I/WiFi_PRO_WifiProStateMachine( 1779): getAppQoeInfoReason badReason:0
03-15 23:15:32.726 I/WiFi_PRO_WifiProStateMachine( 1779): resetWifiQoeBad
03-15 23:15:32.726 I/WiFi_PRO_WifiProStateMachine( 1779): the fast decay result in WifiProStateMachine : 1
03-15 23:15:32.726 I/WiFi_PRO_WifiProStateMachine( 1779): start handle fast decay
03-15 23:15:32.726 V/HwWifiServiceFactory( 1779): get AllImpl object = com.android.server.wifi.HwWifiServiceFactoryImpl@f8e66c3
03-15 23:15:32.726 I/WiFi_PRO_WifiProStateMachine( 1779): the asymmetric link result in WifiProStateMachine : 0
03-15 23:15:32.796 V/SensorManager( 2694): dispatchSensorEvent() was called, handle=0, values=[-0.41029912, 0.5827966, 9.833456, 4.2E-45, 0.0, 0.0, 0.0, 0.0, 0.0, 0.0, 0.0, 0.0, 0.0, 0.0, 0.0, 0.0], inAccuracy=3, timestamp=2464259970468
03-15 23:15:32.805 V/SensorManager( 2451): dispatchSensorEvent() was called, handle=3, values=[698.25, 4010.0, 0.0, 0.0, 0.0, 0.0, 0.0, 0.0, 0.0, 0.0, 0.0, 0.0, 0.0, 0.0, 0.0, 0.0], inAccuracy=3, timestamp=2464465970156
03-15 23:15:32.805 V/SensorManager( 1779): dispatchSensorEvent() was called, handle=3, values=[698.25, 4010.0, 0.0, 0.0, 0.0, 0.0, 0.0, 0.0, 0.0, 0.0, 0.0, 0.0, 0.0, 0.0, 0.0, 0.0], inAccuracy=3, timestamp=2464465970156
03-15 23:15:32.865 D/CompositionEngine(  984): Display:0 layers:4
03-15 23:15:32.930 V/SensorManager( 2451): dispatchSensorEvent() was called, handle=3, values=[697.75, 4010.0, 0.0, 0.0, 0.0, 0.0, 0.0, 0.0, 0.0, 0.0, 0.0, 0.0, 0.0, 0.0, 0.0, 0.0], inAccuracy=3, timestamp=2464585970624
03-15 23:15:32.930 V/SensorManager( 1779): dispatchSensorEvent() was called, handle=3, values=[697.75, 4010.0, 0.0, 0.0, 0.0, 0.0, 0.0, 0.0, 0.0, 0.0, 0.0, 0.0, 0.0, 0.0, 0.0, 0.0], inAccuracy=3, timestamp=2464585970624
03-15 23:15:32.957 I/PGServer( 2535): getThermalInfo. calling pkg: com.huawei.iaware
03-15 23:15:32.981 D/HwCommBoosterService( 2565): reportBoosterPara enter
03-15 23:15:32.981 D/HwCommBoosterManager( 2565): reportBoosterPara enter
03-15 23:15:32.981 D/HwCommBoosterManager( 2565): pluginId: 2dataType:801
03-15 23:15:32.981 D/HwCommBoosterManager( 2565): handleBoosterMessageSendModuleDataToPlugin enter
03-15 23:15:32.982 I/Booster_ConfigManager( 2565): [handleReceiveAPModuleData]handleReceiveAPModuleData dataType = 801
03-15 23:15:32.996 V/SensorManager( 2694): dispatchSensorEvent() was called, handle=0, values=[-0.40989688, 0.5939056, 9.810654, 4.2E-45, 0.0, 0.0, 0.0, 0.0, 0.0, 0.0, 0.0, 0.0, 0.0, 0.0, 0.0, 0.0], inAccuracy=3, timestamp=2464459970624
03-15 23:15:33.044 V/SensorManager( 2451): dispatchSensorEvent() was called, handle=3, values=[697.75, 4010.0, 0.0, 0.0, 0.0, 0.0, 0.0, 0.0, 0.0, 0.0, 0.0, 0.0, 0.0, 0.0, 0.0, 0.0], inAccuracy=3, timestamp=2464705970624
03-15 23:15:33.044 V/SensorManager( 1779): dispatchSensorEvent() was called, handle=3, values=[697.75, 4010.0, 0.0, 0.0, 0.0, 0.0, 0.0, 0.0, 0.0, 0.0, 0.0, 0.0, 0.0, 0.0, 0.0, 0.0], inAccuracy=3, timestamp=2464705970624
03-15 23:15:33.164 V/SensorManager( 1779): dispatchSensorEvent() was called, handle=3, values=[697.5, 4010.0, 0.0, 0.0, 0.0, 0.0, 0.0, 0.0, 0.0, 0.0, 0.0, 0.0, 0.0, 0.0, 0.0, 0.0], inAccuracy=3, timestamp=2464825970624
03-15 23:15:33.164 V/SensorManager( 2451): dispatchSensorEvent() was called, handle=3, values=[697.5, 4010.0, 0.0, 0.0, 0.0, 0.0, 0.0, 0.0, 0.0, 0.0, 0.0, 0.0, 0.0, 0.0, 0.0, 0.0], inAccuracy=3, timestamp=2464825970624
03-15 23:15:33.196 V/SensorManager( 2694): dispatchSensorEvent() was called, handle=0, values=[-0.38940254, 0.5992782, 9.810299, 4.2E-45, 0.0, 0.0, 0.0, 0.0, 0.0, 0.0, 0.0, 0.0, 0.0, 0.0, 0.0, 0.0], inAccuracy=3, timestamp=2464659970781
03-15 23:15:33.284 V/SensorManager( 1779): dispatchSensorEvent() was called, handle=3, values=[698.25, 4010.0, 0.0, 0.0, 0.0, 0.0, 0.0, 0.0, 0.0, 0.0, 0.0, 0.0, 0.0, 0.0, 0.0, 0.0], inAccuracy=3, timestamp=2464945970624
03-15 23:15:33.284 V/SensorManager( 2451): dispatchSensorEvent() was called, handle=3, values=[698.25, 4010.0, 0.0, 0.0, 0.0, 0.0, 0.0, 0.0, 0.0, 0.0, 0.0, 0.0, 0.0, 0.0, 0.0, 0.0], inAccuracy=3, timestamp=2464945970624
03-15 23:15:33.303 I/axiomaster.BoJ(10053): jit_compiled:[OK] void android.graphics.HardwareRendererObserver.lambda$notifyDataAvailable$0$HardwareRendererObserver() @ /system/framework/framework.jar
03-15 23:15:33.304 I/CPU_STATS( 1451): iawared: query next cpu load with 2!
03-15 23:15:33.304 I/CPU_STATS( 1451): total cost time 2007804375 ns
03-15 23:15:33.305 I/CPU_STATS( 1451): iawared: current total load is 0.056500, capacity : 5658, pre load:  588061591372, current load : 588688397353
03-15 23:15:33.306 I/CPU_STATS( 1451): read once cost time 1750 us
03-15 23:15:33.396 V/SensorManager( 2694): dispatchSensorEvent() was called, handle=0, values=[-0.402676, 0.5995464, 9.820575, 4.2E-45, 0.0, 0.0, 0.0, 0.0, 0.0, 0.0, 0.0, 0.0, 0.0, 0.0, 0.0, 0.0], inAccuracy=3, timestamp=2464859970468
03-15 23:15:33.396 I/ZrHung.AppEyeUiProbe( 9965): not watching, wait.
03-15 23:15:33.404 V/SensorManager( 1779): dispatchSensorEvent() was called, handle=3, values=[698.25, 4010.0, 0.0, 0.0, 0.0, 0.0, 0.0, 0.0, 0.0, 0.0, 0.0, 0.0, 0.0, 0.0, 0.0, 0.0], inAccuracy=3, timestamp=2465065970624
03-15 23:15:33.404 V/SensorManager( 2451): dispatchSensorEvent() was called, handle=3, values=[698.25, 4010.0, 0.0, 0.0, 0.0, 0.0, 0.0, 0.0, 0.0, 0.0, 0.0, 0.0, 0.0, 0.0, 0.0, 0.0], inAccuracy=3, timestamp=2465065970624
03-15 23:15:33.464 I/axiomaster.BoJ(10053): Background young concurrent copying GC freed 198241(8169KB) AllocSpace objects, 0(0B) LOS objects, 49% free, 8260KB/16MB,  current_footprint is 15MB, capacity is 384MB, growth limit is 384MB, paused 763us,93us total 18.660ms cpu time 17.900ms DisableRefAccess:2.796ms(2.771ms), OnTop, cpufreq(0-7): 1229000 1229000 1229000 1229000 1536000 1536000 1536000 1536000, Perceptible, last gc 5439.046ms, last Background young 9484.824ms, last free 8903688, 0, process name: "<pre-initialized>"
03-15 23:15:33.528 I/HwMSDPMovementManager( 3138): getCurrentMovement type 0
03-15 23:15:33.529 I/ArHal   (  933): (ArDataGetState:1478):id[2]
03-15 23:15:33.531 V/SensorManager( 2451): dispatchSensorEvent() was called, handle=3, values=[698.25, 4010.0, 0.0, 0.0, 0.0, 0.0, 0.0, 0.0, 0.0, 0.0, 0.0, 0.0, 0.0, 0.0, 0.0, 0.0], inAccuracy=3, timestamp=2465185970624
03-15 23:15:33.531 V/SensorManager( 1779): dispatchSensorEvent() was called, handle=3, values=[698.25, 4010.0, 0.0, 0.0, 0.0, 0.0, 0.0, 0.0, 0.0, 0.0, 0.0, 0.0, 0.0, 0.0, 0.0, 0.0], inAccuracy=3, timestamp=2465185970624
03-15 23:15:33.533 I/L_HmsMsdpClient( 3138): [LocKit LogLocation.java:1] arId = 4
03-15 23:15:33.535 I/HwAmbientLuxFilterAlgo( 1779): t=2465195,lx=[698.5417/2463628, 698.5833/2463994, 698.25/2464228, 698.25/2464594, 697.625/2464828, 698.25/2465195],mLx=464.6,mOffLux=464.6,s=5.0,ss=0.5584992,Avened=false,mPxs=false,mTPxs=false,mBLux=1177.05,mDlux=200.09601,backLux=0.0,mDt=1000,mBt=650
03-15 23:15:33.597 V/SensorManager( 2694): dispatchSensorEvent() was called, handle=0, values=[-0.4072824, 0.6156833, 9.816341, 4.2E-45, 0.0, 0.0, 0.0, 0.0, 0.0, 0.0, 0.0, 0.0, 0.0, 0.0, 0.0, 0.0], inAccuracy=3, timestamp=2465059970624
03-15 23:15:33.645 V/SensorManager( 2451): dispatchSensorEvent() was called, handle=3, values=[698.375, 4010.0, 0.0, 0.0, 0.0, 0.0, 0.0, 0.0, 0.0, 0.0, 0.0, 0.0, 0.0, 0.0, 0.0, 0.0], inAccuracy=3, timestamp=2465305970624
03-15 23:15:33.645 V/SensorManager( 1779): dispatchSensorEvent() was called, handle=3, values=[698.375, 4010.0, 0.0, 0.0, 0.0, 0.0, 0.0, 0.0, 0.0, 0.0, 0.0, 0.0, 0.0, 0.0, 0.0, 0.0], inAccuracy=3, timestamp=2465305970624
03-15 23:15:33.659 I/Collector( 2565): GetEntityNum: dataType:2, rptType:9, bufLen:688, dataLen:684, structSize:88, result:0!
03-15 23:15:33.745 I/Booster_Qoe( 2565): Ada,index:8,NisPsSlow:0,NProba:309,rsrp(rssi):-40,rsrq(noise):-60,rtt(chload):200,BFH(uldelay):0,BFC(rtt):0 Real:0,0,0,0,0, dlBler:0, ulBler:0
03-15 23:15:33.745 I/Booster_Qoe( 2565): Ada,index:2,NisPsSlow:0,NProba:309,rsrp(rssi):-40,rsrq(noise):-60,rtt(chload):200,BFH(uldelay):0,BFC(rtt):0 Real:0,0,0,0,0, dlBler:0, ulBler:0
03-15 23:15:33.745 I/Booster_ChannelQoeData( 2565): [dumpChannelData] Base:10233,0,0,-1,8 DNS:0,0,0 UID:1051 ChId:2 TcpData:0,0,0,0,0,0,0,0,0,0,0,0,0,0,0,0,0,0 UID:0 ChId:2 TcpData:0,0,0,0,0,0,0,0,0,0,0,0,0,0,0,0,0,0 UID:10233 ChId:2 TcpData:0,0,0,0,0,0,0,0,0,0,0,0,0,0,0,0,0,0 FastDecayData:1 AsymmetricLinkData:0
03-15 23:15:33.745 E/NetworkQoeProxy( 2565): invalid channelId = 0
03-15 23:15:33.745 E/NetworkQoeProxy( 2565): invalid channelId = 1
03-15 23:15:33.745 D/BoosterUtil( 2565): convertSubIdToSlotId, subId invalid: -1
03-15 23:15:33.745 D/BoosterUtil( 2565): getDefaultDataSlotId failed, invalid slotId:-1, subId:-1
03-15 23:15:33.746 D/BoosterUtil( 2565): convertSubIdToSlotId, subId invalid: -1
03-15 23:15:33.746 D/BoosterUtil( 2565): getDefaultDataSlotId failed, invalid slotId:-1, subId:-1
03-15 23:15:33.746 E/Booster_BroadcastProxy( 2565): [isDebugModemEnabled]get package info fail.
03-15 23:15:33.746 I/Booster_BroadcastProxy( 2565): [isDebugModemEnabled]mode: false
03-15 23:15:33.747 I/CloudServiceChr( 2565): App Qoe normal
03-15 23:15:33.747 E/Booster_NetworkQoeChr( 2565): [chrBlerMonitorAndReport]modemQoeData is not present
03-15 23:15:33.747 I/Booster_NetworkQoeMonitor( 2565): [createQoeBundle]networkQoeChanged:10233,4,0,309,1,2,4,0,309,0,0,10,10,0,0,0,0,0,2,1024,1024
03-15 23:15:33.748 I/CloudNetworkStateMachine( 2565): the Wi-Fi action state is true
03-15 23:15:33.748 I/CloudNetworkStateMachine( 2565): wifi is active, the Wi-Fi is connected.
03-15 23:15:33.749 I/WiFi_PRO_WifiProStateMachine( 1779): APP_SERVICE_QOE_NOTIFY Qoe info 10233,4,0,309,1,2,4,0,309,0,0,10,10,0,0,0,0 CID 2 mMasterWifiRssi 0 mMasterCardAmbr 1048576 mSlaveCardAmbr 1048576
03-15 23:15:33.749 D/Hicom_XEngineProc( 2565): isSupportLocalSocketKit packageNam: ai.axiomaster.BoJi isSupported: false
03-15 23:15:33.749 I/HwWifiProServiceProxy( 1779): ctrlHwWifiNetwork pkgName: WIFIPRO_SERVICE interfaceId: 9
03-15 23:15:33.749 I/WiFi_PRO_WifiProStateMachine( 1779): isWifi2WifiProcess = false, mIsNeedIgnoreQoeUpdate = false, mIsAppInBlacklistFullScreen = false, mIsWiFiNoInternet false, screen on = true, full screen = false, isLandscapeMode = false, mNotifyWifiLinkPoorReason = -1, mIsAppInBlacklistQoe false, mIsAppInBlackListAll false
03-15 23:15:33.749 E/WiFi_PROHumanFactorRecommend( 1779): isEconomicTrafficUser, invalid slotId=-1
03-15 23:15:33.749 I/WiFi_PRO_WifiProStateMachine( 1779): , mAppQoeBadCnt = 0, mNetworkSlowReason = 0, isEconomicTrafficUser =false, mStrategy =0
03-15 23:15:33.749 I/WiFi_PRO_WifiProStateMachine( 1779): getAppQoeInfoReason badReason:0
03-15 23:15:33.749 I/WiFi_PRO_WifiProStateMachine( 1779): resetWifiQoeBad
03-15 23:15:33.749 I/WiFi_PRO_WifiProStateMachine( 1779): the fast decay result in WifiProStateMachine : 1
03-15 23:15:33.749 I/WiFi_PRO_WifiProStateMachine( 1779): start handle fast decay
03-15 23:15:33.750 V/HwWifiServiceFactory( 1779): get AllImpl object = com.android.server.wifi.HwWifiServiceFactoryImpl@f8e66c3
03-15 23:15:33.750 I/WiFi_PRO_WifiProStateMachine( 1779): the asymmetric link result in WifiProStateMachine : 0
03-15 23:15:33.764 V/SensorManager( 2451): dispatchSensorEvent() was called, handle=3, values=[698.125, 4010.0, 0.0, 0.0, 0.0, 0.0, 0.0, 0.0, 0.0, 0.0, 0.0, 0.0, 0.0, 0.0, 0.0, 0.0], inAccuracy=3, timestamp=2465425970624
03-15 23:15:33.764 V/SensorManager( 1779): dispatchSensorEvent() was called, handle=3, values=[698.125, 4010.0, 0.0, 0.0, 0.0, 0.0, 0.0, 0.0, 0.0, 0.0, 0.0, 0.0, 0.0, 0.0, 0.0, 0.0], inAccuracy=3, timestamp=2465425970624
03-15 23:15:33.796 V/SensorManager( 2694): dispatchSensorEvent() was called, handle=0, values=[-0.39033148, 0.61831695, 9.799621, 4.2E-45, 0.0, 0.0, 0.0, 0.0, 0.0, 0.0, 0.0, 0.0, 0.0, 0.0, 0.0, 0.0], inAccuracy=3, timestamp=2465259970781
03-15 23:15:33.885 V/SensorManager( 2451): dispatchSensorEvent() was called, handle=3, values=[697.75, 4010.0, 0.0, 0.0, 0.0, 0.0, 0.0, 0.0, 0.0, 0.0, 0.0, 0.0, 0.0, 0.0, 0.0, 0.0], inAccuracy=3, timestamp=2465545970156
03-15 23:15:33.885 V/SensorManager( 1779): dispatchSensorEvent() was called, handle=3, values=[697.75, 4010.0, 0.0, 0.0, 0.0, 0.0, 0.0, 0.0, 0.0, 0.0, 0.0, 0.0, 0.0, 0.0, 0.0, 0.0], inAccuracy=3, timestamp=2465545970156
03-15 23:15:33.985 D/HwCommBoosterService( 2565): reportBoosterPara enter
03-15 23:15:33.985 D/HwCommBoosterManager( 2565): reportBoosterPara enter
03-15 23:15:33.985 D/HwCommBoosterManager( 2565): pluginId: 2dataType:801
03-15 23:15:33.985 D/HwCommBoosterManager( 2565): handleBoosterMessageSendModuleDataToPlugin enter
03-15 23:15:33.986 I/Booster_ConfigManager( 2565): [handleReceiveAPModuleData]handleReceiveAPModuleData dataType = 801
03-15 23:15:33.996 V/SensorManager( 2694): dispatchSensorEvent() was called, handle=0, values=[-0.38733393, 0.60972655, 9.816391, 4.2E-45, 0.0, 0.0, 0.0, 0.0, 0.0, 0.0, 0.0, 0.0, 0.0, 0.0, 0.0, 0.0], inAccuracy=3, timestamp=2465459970468
03-15 23:15:34.004 V/SensorManager( 1779): dispatchSensorEvent() was called, handle=3, values=[698.0, 4010.0, 0.0, 0.0, 0.0, 0.0, 0.0, 0.0, 0.0, 0.0, 0.0, 0.0, 0.0, 0.0, 0.0, 0.0], inAccuracy=3, timestamp=2465665970156
03-15 23:15:34.004 V/SensorManager( 2451): dispatchSensorEvent() was called, handle=3, values=[698.0, 4010.0, 0.0, 0.0, 0.0, 0.0, 0.0, 0.0, 0.0, 0.0, 0.0, 0.0, 0.0, 0.0, 0.0, 0.0], inAccuracy=3, timestamp=2465665970156
03-15 23:15:34.101 I/Booster_BoosterdDelegate( 2565): [handleMessage]handleMessage, enter
03-15 23:15:34.101 E/Booster_BoosterdDelegate( 2565): [bindService]bindService start
03-15 23:15:34.102 E/Booster_BoosterdDelegate( 2565): [getBoosterdNativeService]Failed to get boosterd native service
03-15 23:15:34.102 E/Booster_BoosterdDelegate( 2565): [bindService]mService is null
03-15 23:15:34.102 I/Booster_BoosterdDelegate( 2565): [startRebindServieTimer] startRebindServieTimer
03-15 23:15:34.102 I/OllieMsgCenter( 2565): publishEvt=2135097353
03-15 23:15:34.130 V/SensorManager( 1779): dispatchSensorEvent() was called, handle=3, values=[697.75, 4010.0, 0.0, 0.0, 0.0, 0.0, 0.0, 0.0, 0.0, 0.0, 0.0, 0.0, 0.0, 0.0, 0.0, 0.0], inAccuracy=3, timestamp=2465785970156
03-15 23:15:34.130 V/SensorManager( 2451): dispatchSensorEvent() was called, handle=3, values=[697.75, 4010.0, 0.0, 0.0, 0.0, 0.0, 0.0, 0.0, 0.0, 0.0, 0.0, 0.0, 0.0, 0.0, 0.0, 0.0], inAccuracy=3, timestamp=2465785970156
03-15 23:15:34.196 V/SensorManager( 2694): dispatchSensorEvent() was called, handle=0, values=[-0.39211276, 0.60554147, 9.829596, 4.2E-45, 0.0, 0.0, 0.0, 0.0, 0.0, 0.0, 0.0, 0.0, 0.0, 0.0, 0.0, 0.0], inAccuracy=3, timestamp=2465659970624
03-15 23:15:34.244 V/SensorManager( 2451): dispatchSensorEvent() was called, handle=3, values=[698.625, 4010.0, 0.0, 0.0, 0.0, 0.0, 0.0, 0.0, 0.0, 0.0, 0.0, 0.0, 0.0, 0.0, 0.0, 0.0], inAccuracy=3, timestamp=2465905970624
03-15 23:15:34.244 V/SensorManager( 1779): dispatchSensorEvent() was called, handle=3, values=[698.625, 4010.0, 0.0, 0.0, 0.0, 0.0, 0.0, 0.0, 0.0, 0.0, 0.0, 0.0, 0.0, 0.0, 0.0, 0.0], inAccuracy=3, timestamp=2465905970624
03-15 23:15:34.304 I/TrafficStatisticsBoosterPlugin( 2565): handleMessage, msg = 2
03-15 23:15:34.365 V/SensorManager( 2451): dispatchSensorEvent() was called, handle=3, values=[698.25, 4010.0, 0.0, 0.0, 0.0, 0.0, 0.0, 0.0, 0.0, 0.0, 0.0, 0.0, 0.0, 0.0, 0.0, 0.0], inAccuracy=3, timestamp=2466025970624
03-15 23:15:34.365 V/SensorManager( 1779): dispatchSensorEvent() was called, handle=3, values=[698.25, 4010.0, 0.0, 0.0, 0.0, 0.0, 0.0, 0.0, 0.0, 0.0, 0.0, 0.0, 0.0, 0.0, 0.0, 0.0], inAccuracy=3, timestamp=2466025970624
03-15 23:15:34.396 V/SensorManager( 2694): dispatchSensorEvent() was called, handle=0, values=[-0.4046392, 0.6150321, 9.833275, 4.2E-45, 0.0, 0.0, 0.0, 0.0, 0.0, 0.0, 0.0, 0.0, 0.0, 0.0, 0.0, 0.0], inAccuracy=3, timestamp=2465859970312
03-15 23:15:34.408 I/ZrHung.AppEyeUiProbe(17128): restart watching of heap dump.
03-15 23:15:34.486 V/SensorManager( 2451): dispatchSensorEvent() was called, handle=3, values=[699.75, 4010.0, 0.0, 0.0, 0.0, 0.0, 0.0, 0.0, 0.0, 0.0, 0.0, 0.0, 0.0, 0.0, 0.0, 0.0], inAccuracy=3, timestamp=2466145970624
03-15 23:15:34.486 V/SensorManager( 1779): dispatchSensorEvent() was called, handle=3, values=[699.75, 4010.0, 0.0, 0.0, 0.0, 0.0, 0.0, 0.0, 0.0, 0.0, 0.0, 0.0, 0.0, 0.0, 0.0, 0.0], inAccuracy=3, timestamp=2466145970624
03-15 23:15:34.540 I/HwMSDPMovementManager( 3138): getCurrentMovement type 0
03-15 23:15:34.542 I/ArHal   (  933): (ArDataGetState:1478):id[2]
03-15 23:15:34.547 I/L_HmsMsdpClient( 3138): [LocKit LogLocation.java:1] arId = 4
03-15 23:15:34.556 D/CompositionEngine(  984): Display:0 layers:4
03-15 23:15:34.570 I/WifiNl80211Manager( 1779): Noise: -88, Snr: 26, Chload: 85, rssi: -67, txBitrate: 173, rxBitrate: 115, frequency: 5180, UlDelay: 1, currentTxBytes: 71207088, currentTxPackets: 60728, currentTxFailed: 0, currentRxBytes: 30199805, currentRxPackets: 35803, chloadSelf: 0, c0RssiDbm: 0, c1RssiDbm: 0
03-15 23:15:34.572 V/HwWifiServiceFactory( 1779): get AllImpl object = com.android.server.wifi.HwWifiServiceFactoryImpl@f8e66c3
03-15 23:15:34.597 V/SensorManager( 2694): dispatchSensorEvent() was called, handle=0, values=[-0.39926663, 0.5892034, 9.8346815, 4.2E-45, 0.0, 0.0, 0.0, 0.0, 0.0, 0.0, 0.0, 0.0, 0.0, 0.0, 0.0, 0.0], inAccuracy=3, timestamp=2466059970468
03-15 23:15:34.604 V/SensorManager( 1779): dispatchSensorEvent() was called, handle=3, values=[697.75, 4010.0, 0.0, 0.0, 0.0, 0.0, 0.0, 0.0, 0.0, 0.0, 0.0, 0.0, 0.0, 0.0, 0.0, 0.0], inAccuracy=3, timestamp=2466265970624
03-15 23:15:34.604 V/SensorManager( 2451): dispatchSensorEvent() was called, handle=3, values=[697.75, 4010.0, 0.0, 0.0, 0.0, 0.0, 0.0, 0.0, 0.0, 0.0, 0.0, 0.0, 0.0, 0.0, 0.0, 0.0], inAccuracy=3, timestamp=2466265970624
03-15 23:15:34.685 I/Collector( 2565): GetEntityNum: dataType:2, rptType:9, bufLen:688, dataLen:684, structSize:88, result:0!
03-15 23:15:34.730 V/SensorManager( 2451): dispatchSensorEvent() was called, handle=3, values=[698.875, 4010.0, 0.0, 0.0, 0.0, 0.0, 0.0, 0.0, 0.0, 0.0, 0.0, 0.0, 0.0, 0.0, 0.0, 0.0], inAccuracy=3, timestamp=2466385970624
03-15 23:15:34.730 V/SensorManager( 1779): dispatchSensorEvent() was called, handle=3, values=[698.875, 4010.0, 0.0, 0.0, 0.0, 0.0, 0.0, 0.0, 0.0, 0.0, 0.0, 0.0, 0.0, 0.0, 0.0, 0.0], inAccuracy=3, timestamp=2466385970624
03-15 23:15:34.769 I/Booster_Qoe( 2565): Ada,index:8,NisPsSlow:0,NProba:309,rsrp(rssi):-40,rsrq(noise):-60,rtt(chload):200,BFH(uldelay):0,BFC(rtt):0 Real:0,0,0,0,0, dlBler:0, ulBler:0
03-15 23:15:34.769 I/Booster_Qoe( 2565): Ada,index:2,NisPsSlow:0,NProba:309,rsrp(rssi):-40,rsrq(noise):-60,rtt(chload):200,BFH(uldelay):0,BFC(rtt):0 Real:0,0,0,0,0, dlBler:0, ulBler:0
03-15 23:15:34.769 I/Booster_ChannelQoeData( 2565): [dumpChannelData] Base:10233,0,0,-1,8 DNS:0,0,0 UID:1051 ChId:2 TcpData:0,0,0,0,0,0,0,0,0,0,0,0,0,0,0,0,0,0 UID:0 ChId:2 TcpData:0,0,0,0,0,0,0,0,0,0,0,0,0,0,0,0,0,0 UID:10233 ChId:2 TcpData:0,0,0,0,0,0,0,0,0,0,0,0,0,0,0,0,0,0 FastDecayData:1 AsymmetricLinkData:0
03-15 23:15:34.769 E/NetworkQoeProxy( 2565): invalid channelId = 0
03-15 23:15:34.769 E/NetworkQoeProxy( 2565): invalid channelId = 1
03-15 23:15:34.770 D/BoosterUtil( 2565): convertSubIdToSlotId, subId invalid: -1
03-15 23:15:34.770 D/BoosterUtil( 2565): getDefaultDataSlotId failed, invalid slotId:-1, subId:-1
03-15 23:15:34.770 D/BoosterUtil( 2565): convertSubIdToSlotId, subId invalid: -1
03-15 23:15:34.770 D/BoosterUtil( 2565): getDefaultDataSlotId failed, invalid slotId:-1, subId:-1
03-15 23:15:34.771 E/Booster_BroadcastProxy( 2565): [isDebugModemEnabled]get package info fail.
03-15 23:15:34.771 I/Booster_BroadcastProxy( 2565): [isDebugModemEnabled]mode: false
03-15 23:15:34.771 I/CloudServiceChr( 2565): App Qoe normal
03-15 23:15:34.771 E/Booster_NetworkQoeChr( 2565): [chrBlerMonitorAndReport]modemQoeData is not present
03-15 23:15:34.772 I/Booster_NetworkQoeMonitor( 2565): [createQoeBundle]networkQoeChanged:10233,4,0,309,1,2,4,0,309,0,0,10,10,0,0,0,0,0,2,1024,1024
03-15 23:15:34.772 I/CloudNetworkStateMachine( 2565): the Wi-Fi action state is true
03-15 23:15:34.772 I/CloudNetworkStateMachine( 2565): wifi is active, the Wi-Fi is connected.
03-15 23:15:34.773 I/WiFi_PRO_WifiProStateMachine( 1779): APP_SERVICE_QOE_NOTIFY Qoe info 10233,4,0,309,1,2,4,0,309,0,0,10,10,0,0,0,0 CID 2 mMasterWifiRssi 0 mMasterCardAmbr 1048576 mSlaveCardAmbr 1048576
03-15 23:15:34.773 D/Hicom_XEngineProc( 2565): isSupportLocalSocketKit packageNam: ai.axiomaster.BoJi isSupported: false
03-15 23:15:34.773 I/HwWifiProServiceProxy( 1779): ctrlHwWifiNetwork pkgName: WIFIPRO_SERVICE interfaceId: 9
03-15 23:15:34.773 I/WiFi_PRO_WifiProStateMachine( 1779): isWifi2WifiProcess = false, mIsNeedIgnoreQoeUpdate = false, mIsAppInBlacklistFullScreen = false, mIsWiFiNoInternet false, screen on = true, full screen = false, isLandscapeMode = false, mNotifyWifiLinkPoorReason = -1, mIsAppInBlacklistQoe false, mIsAppInBlackListAll false
03-15 23:15:34.773 E/WiFi_PROHumanFactorRecommend( 1779): isEconomicTrafficUser, invalid slotId=-1
03-15 23:15:34.773 I/WiFi_PRO_WifiProStateMachine( 1779): , mAppQoeBadCnt = 0, mNetworkSlowReason = 0, isEconomicTrafficUser =false, mStrategy =0
03-15 23:15:34.773 I/WiFi_PRO_WifiProStateMachine( 1779): getAppQoeInfoReason badReason:0
03-15 23:15:34.774 I/WiFi_PRO_WifiProStateMachine( 1779): resetWifiQoeBad
03-15 23:15:34.774 I/WiFi_PRO_WifiProStateMachine( 1779): the fast decay result in WifiProStateMachine : 1
03-15 23:15:34.774 I/WiFi_PRO_WifiProStateMachine( 1779): start handle fast decay
03-15 23:15:34.774 V/HwWifiServiceFactory( 1779): get AllImpl object = com.android.server.wifi.HwWifiServiceFactoryImpl@f8e66c3
03-15 23:15:34.774 I/WiFi_PRO_WifiProStateMachine( 1779): the asymmetric link result in WifiProStateMachine : 0
03-15 23:15:34.797 V/SensorManager( 2694): dispatchSensorEvent() was called, handle=0, values=[-0.39360675, 0.60050404, 9.8048315, 4.2E-45, 0.0, 0.0, 0.0, 0.0, 0.0, 0.0, 0.0, 0.0, 0.0, 0.0, 0.0, 0.0], inAccuracy=3, timestamp=2466259970624
03-15 23:15:34.845 V/SensorManager( 2451): dispatchSensorEvent() was called, handle=3, values=[698.25, 4010.0, 0.0, 0.0, 0.0, 0.0, 0.0, 0.0, 0.0, 0.0, 0.0, 0.0, 0.0, 0.0, 0.0, 0.0], inAccuracy=3, timestamp=2466505970624
03-15 23:15:34.845 V/SensorManager( 1779): dispatchSensorEvent() was called, handle=3, values=[698.25, 4010.0, 0.0, 0.0, 0.0, 0.0, 0.0, 0.0, 0.0, 0.0, 0.0, 0.0, 0.0, 0.0, 0.0, 0.0], inAccuracy=3, timestamp=2466505970624
03-15 23:15:34.858 W/AwareLog( 2535): UniScheduleDMEPlugin: add load record in temp
03-15 23:15:34.859 W/AwareLog( 2535): UniScheduleDMEPlugin: downgradeSwitch is not open.
03-15 23:15:34.859 I/SensorManager( 2535): reg, type:5, listener:x0.l1
03-15 23:15:34.859 I/SensorManager( 2535): nativeInitSensorEventQueue pkg:x0.l1
03-15 23:15:34.860 I/SensorService( 1779): createSensorEventConnection begin
03-15 23:15:34.860 I/SensorService( 1779): SensorEventConnection begin
03-15 23:15:34.861 I/SensorService( 1779): SensorEventConnection end
03-15 23:15:34.861 I/SensorService( 1779): createSensorEventConnection end
03-15 23:15:34.861 E/Parcel  ( 1779): Attempt to read from protected data in Parcel 0x7819ea07a0
03-15 23:15:34.862 E/Parcel  ( 1779): Attempt to read from protected data in Parcel 0x7819ea07a0
03-15 23:15:34.862 D/SensorManager( 2535): 0x799ba94260 addFd fd=185
03-15 23:15:34.862 I/SensorManager( 2535): nativeEnableSensor handle:3
03-15 23:15:34.863 I/SensorService( 1779): enable begin
03-15 23:15:34.863 V/SensorManager( 2535): dispatchSensorEvent() was called, handle=3, values=[698.25, 4010.0, 0.0, 0.0, 0.0, 0.0, 0.0, 0.0, 0.0, 0.0, 0.0, 0.0, 0.0, 0.0, 0.0, 0.0], inAccuracy=3, timestamp=2466505970624
03-15 23:15:34.863 I/SensorService( 1779): batch begin
03-15 23:15:34.863 I/SensorService( 1779): batch end
03-15 23:15:34.863 I/SensorService( 1779): enableSensor handle:3, packageName:x0.l1, rate=200000000
03-15 23:15:34.863 I/SensorService( 1779): enable activate begin
03-15 23:15:34.864 I/SensorService( 1779): SensorDevice::activate: ident=0x78ddca53c0, handle=0x00000003, enabled=1, count=3
03-15 23:15:34.864 I/SensorService( 1779): enable index=0
03-15 23:15:34.864 I/SensorService( 1779): enable activate end
03-15 23:15:34.864 I/SensorService( 1779): enable end
03-15 23:15:34.933 V/HwWifiServiceFactory( 1779): get AllImpl object = com.android.server.wifi.HwWifiServiceFactoryImpl@f8e66c3
03-15 23:15:34.965 V/SensorManager( 1779): dispatchSensorEvent() was called, handle=3, values=[698.375, 4010.0, 0.0, 0.0, 0.0, 0.0, 0.0, 0.0, 0.0, 0.0, 0.0, 0.0, 0.0, 0.0, 0.0, 0.0], inAccuracy=3, timestamp=2466625970624
03-15 23:15:34.965 V/SensorManager( 2535): dispatchSensorEvent() was called, handle=3, values=[698.375, 4010.0, 0.0, 0.0, 0.0, 0.0, 0.0, 0.0, 0.0, 0.0, 0.0, 0.0, 0.0, 0.0, 0.0, 0.0], inAccuracy=3, timestamp=2466625970624
03-15 23:15:34.965 V/SensorManager( 2451): dispatchSensorEvent() was called, handle=3, values=[698.375, 4010.0, 0.0, 0.0, 0.0, 0.0, 0.0, 0.0, 0.0, 0.0, 0.0, 0.0, 0.0, 0.0, 0.0, 0.0], inAccuracy=3, timestamp=2466625970624
03-15 23:15:34.989 D/HwCommBoosterService( 2565): reportBoosterPara enter
03-15 23:15:34.989 D/HwCommBoosterManager( 2565): reportBoosterPara enter
03-15 23:15:34.989 D/HwCommBoosterManager( 2565): pluginId: 2dataType:801
03-15 23:15:34.989 D/HwCommBoosterManager( 2565): handleBoosterMessageSendModuleDataToPlugin enter
03-15 23:15:34.990 I/Booster_ConfigManager( 2565): [handleReceiveAPModuleData]handleReceiveAPModuleData dataType = 801
03-15 23:15:34.997 V/SensorManager( 2694): dispatchSensorEvent() was called, handle=0, values=[-0.40490738, 0.59884727, 9.816208, 4.2E-45, 0.0, 0.0, 0.0, 0.0, 0.0, 0.0, 0.0, 0.0, 0.0, 0.0, 0.0, 0.0], inAccuracy=3, timestamp=2466459970781
03-15 23:15:35.084 V/SensorManager( 2535): dispatchSensorEvent() was called, handle=3, values=[698.25, 4010.0, 0.0, 0.0, 0.0, 0.0, 0.0, 0.0, 0.0, 0.0, 0.0, 0.0, 0.0, 0.0, 0.0, 0.0], inAccuracy=3, timestamp=2466745970624
03-15 23:15:35.084 V/SensorManager( 2451): dispatchSensorEvent() was called, handle=3, values=[698.25, 4010.0, 0.0, 0.0, 0.0, 0.0, 0.0, 0.0, 0.0, 0.0, 0.0, 0.0, 0.0, 0.0, 0.0, 0.0], inAccuracy=3, timestamp=2466745970624
03-15 23:15:35.084 V/SensorManager( 1779): dispatchSensorEvent() was called, handle=3, values=[698.25, 4010.0, 0.0, 0.0, 0.0, 0.0, 0.0, 0.0, 0.0, 0.0, 0.0, 0.0, 0.0, 0.0, 0.0, 0.0], inAccuracy=3, timestamp=2466745970624
03-15 23:15:35.121 I/InputReader( 1779): eventHub getEvents 0
03-15 23:15:35.121 I/EventHub( 1779): EventHub monitor: no key events in the past 88s, 
03-15 23:15:35.196 V/SensorManager( 2694): dispatchSensorEvent() was called, handle=0, values=[-0.40431362, 0.6013851, 9.812004, 4.2E-45, 0.0, 0.0, 0.0, 0.0, 0.0, 0.0, 0.0, 0.0, 0.0, 0.0, 0.0, 0.0], inAccuracy=3, timestamp=2466659970468
03-15 23:15:35.204 V/SensorManager( 2535): dispatchSensorEvent() was called, handle=3, values=[698.0, 4010.0, 0.0, 0.0, 0.0, 0.0, 0.0, 0.0, 0.0, 0.0, 0.0, 0.0, 0.0, 0.0, 0.0, 0.0], inAccuracy=3, timestamp=2466865970624
03-15 23:15:35.204 V/SensorManager( 1779): dispatchSensorEvent() was called, handle=3, values=[698.0, 4010.0, 0.0, 0.0, 0.0, 0.0, 0.0, 0.0, 0.0, 0.0, 0.0, 0.0, 0.0, 0.0, 0.0, 0.0], inAccuracy=3, timestamp=2466865970624
03-15 23:15:35.205 V/SensorManager( 2451): dispatchSensorEvent() was called, handle=3, values=[698.0, 4010.0, 0.0, 0.0, 0.0, 0.0, 0.0, 0.0, 0.0, 0.0, 0.0, 0.0, 0.0, 0.0, 0.0, 0.0], inAccuracy=3, timestamp=2466865970624
03-15 23:15:35.245 I/WifiNl80211Manager( 1779): Noise: -88, Snr: 27, Chload: 85, rssi: -67, txBitrate: 173, rxBitrate: 115, frequency: 5180, UlDelay: 1, currentTxBytes: 71207088, currentTxPackets: 60728, currentTxFailed: 0, currentRxBytes: 30199805, currentRxPackets: 35803, chloadSelf: 0, c0RssiDbm: 0, c1RssiDbm: 0
03-15 23:15:35.245 I/HwDualBandLearningAlg( 1779): update5gBetaAttribute, m24gConnectionRateList is empty or not full, ignore
03-15 23:15:35.307 I/CPU_STATS( 1451): iawared: query next cpu load with 2!
03-15 23:15:35.307 I/CPU_STATS( 1451): total cost time 2002564375 ns
03-15 23:15:35.308 I/CPU_STATS( 1451): iawared: current total load is 0.055598, capacity : 5658, pre load:  588688397353, current load : 589303588376
03-15 23:15:35.312 I/CPU_STATS( 1451): read once cost time 4721 us
03-15 23:15:35.318 I/system_server( 1779): jit_compiled:[OK] int libcore.io.Linux.read(java.io.FileDescriptor, java.nio.ByteBuffer) @ /apex/com.android.art/javalib/core-libart.jar
03-15 23:15:35.330 V/SensorManager( 1779): dispatchSensorEvent() was called, handle=3, values=[699.625, 4010.0, 0.0, 0.0, 0.0, 0.0, 0.0, 0.0, 0.0, 0.0, 0.0, 0.0, 0.0, 0.0, 0.0, 0.0], inAccuracy=3, timestamp=2466985970156
03-15 23:15:35.330 V/SensorManager( 2451): dispatchSensorEvent() was called, handle=3, values=[699.625, 4010.0, 0.0, 0.0, 0.0, 0.0, 0.0, 0.0, 0.0, 0.0, 0.0, 0.0, 0.0, 0.0, 0.0, 0.0], inAccuracy=3, timestamp=2466985970156
03-15 23:15:35.330 V/SensorManager( 2535): dispatchSensorEvent() was called, handle=3, values=[699.625, 4010.0, 0.0, 0.0, 0.0, 0.0, 0.0, 0.0, 0.0, 0.0, 0.0, 0.0, 0.0, 0.0, 0.0, 0.0], inAccuracy=3, timestamp=2466985970156
03-15 23:15:35.383 I/HwBatteryService( 1779): power_ui state= 1 mQuickChargeStatus=1
03-15 23:15:35.383 I/HwBatteryService( 1779): handleWirelessTxStatus
03-15 23:15:35.384 I/HwBatteryService( 1779): switch not open, return, mWirelessTxFlag : 0
03-15 23:15:35.384 W/HwBatteryService( 1779): need return. Invalid value: 0
03-15 23:15:35.384 D/HwBatteryService( 1779): setHwChargeTimeRemaining, time = -1 String time: 0
03-15 23:15:35.384 I/HwBatteryService( 1779): IS_WATCH : false
03-15 23:15:35.390 I/BatteryService( 1779): Processing new values: info={.chargerAcOnline = false, .chargerUsbOnline = true, .chargerWirelessOnline = false, .maxChargingCurrent = 500000, .maxChargingVoltage = 5047000, .batteryStatus = CHARGING, .batteryHealth = GOOD, .batteryPresent = true, .batteryLevel = 51, .batteryVoltage = 3910, .batteryTemperature = 310, .batteryCurrent = 155, .batteryCycleCount = 44, .batteryFullCharge = 5428, .batteryChargeCounter = 2774973, .batteryTechnology = Li-poly}, mBatteryLevelCritical=false, mPlugType=2, batteryStatus=2
03-15 23:15:35.391 E/BatteryService( 1779): no autopoweroff in settings
03-15 23:15:35.397 V/SensorManager( 2694): dispatchSensorEvent() was called, handle=0, values=[-0.40611404, 0.606796, 9.832402, 4.2E-45, 0.0, 0.0, 0.0, 0.0, 0.0, 0.0, 0.0, 0.0, 0.0, 0.0, 0.0, 0.0], inAccuracy=3, timestamp=2466859970156
03-15 23:15:35.412 I/ZrHung.AppEyeUiProbe(17128): not watching, wait.
03-15 23:15:35.445 V/SensorManager( 1779): dispatchSensorEvent() was called, handle=3, values=[698.125, 4010.0, 0.0, 0.0, 0.0, 0.0, 0.0, 0.0, 0.0, 0.0, 0.0, 0.0, 0.0, 0.0, 0.0, 0.0], inAccuracy=3, timestamp=2467105970156
03-15 23:15:35.445 V/SensorManager( 2535): dispatchSensorEvent() was called, handle=3, values=[698.125, 4010.0, 0.0, 0.0, 0.0, 0.0, 0.0, 0.0, 0.0, 0.0, 0.0, 0.0, 0.0, 0.0, 0.0, 0.0], inAccuracy=3, timestamp=2467105970156
03-15 23:15:35.445 V/SensorManager( 2451): dispatchSensorEvent() was called, handle=3, values=[698.125, 4010.0, 0.0, 0.0, 0.0, 0.0, 0.0, 0.0, 0.0, 0.0, 0.0, 0.0, 0.0, 0.0, 0.0, 0.0], inAccuracy=3, timestamp=2467105970156
03-15 23:15:35.528 I/HwMSDPMovementManager( 3138): getCurrentMovement type 0
03-15 23:15:35.530 I/ArHal   (  933): (ArDataGetState:1478):id[2]
03-15 23:15:35.535 I/L_HmsMsdpClient( 3138): [LocKit LogLocation.java:1] arId = 4
03-15 23:15:35.565 V/SensorManager( 2451): dispatchSensorEvent() was called, handle=3, values=[698.25, 4010.0, 0.0, 0.0, 0.0, 0.0, 0.0, 0.0, 0.0, 0.0, 0.0, 0.0, 0.0, 0.0, 0.0, 0.0], inAccuracy=3, timestamp=2467225970624
03-15 23:15:35.565 V/SensorManager( 2535): dispatchSensorEvent() was called, handle=3, values=[698.25, 4010.0, 0.0, 0.0, 0.0, 0.0, 0.0, 0.0, 0.0, 0.0, 0.0, 0.0, 0.0, 0.0, 0.0, 0.0], inAccuracy=3, timestamp=2467225970624
03-15 23:15:35.565 V/SensorManager( 1779): dispatchSensorEvent() was called, handle=3, values=[698.25, 4010.0, 0.0, 0.0, 0.0, 0.0, 0.0, 0.0, 0.0, 0.0, 0.0, 0.0, 0.0, 0.0, 0.0, 0.0], inAccuracy=3, timestamp=2467225970624
03-15 23:15:35.596 V/SensorManager( 2694): dispatchSensorEvent() was called, handle=0, values=[-0.39782053, 0.59424084, 9.830018, 4.2E-45, 0.0, 0.0, 0.0, 0.0, 0.0, 0.0, 0.0, 0.0, 0.0, 0.0, 0.0, 0.0], inAccuracy=3, timestamp=2467059970312
03-15 23:15:35.644 I/HwAmbientLuxFilterAlgo( 1779): t=2467228,lx=[697.8333/2465794, 698.4375/2466028, 698.7917/2466394, 698.3125/2466628, 698.625/2466994, 698.1875/2467228],mLx=464.6,mOffLux=464.6,s=5.0,ss=7.332597,Avened=false,mPxs=false,mTPxs=false,mBLux=1177.05,mDlux=200.09601,backLux=0.0,mDt=1000,mBt=650
03-15 23:15:35.684 V/SensorManager( 2535): dispatchSensorEvent() was called, handle=3, values=[698.25, 4010.0, 0.0, 0.0, 0.0, 0.0, 0.0, 0.0, 0.0, 0.0, 0.0, 0.0, 0.0, 0.0, 0.0, 0.0], inAccuracy=3, timestamp=2467345970624
03-15 23:15:35.684 V/SensorManager( 2451): dispatchSensorEvent() was called, handle=3, values=[698.25, 4010.0, 0.0, 0.0, 0.0, 0.0, 0.0, 0.0, 0.0, 0.0, 0.0, 0.0, 0.0, 0.0, 0.0, 0.0], inAccuracy=3, timestamp=2467345970624
03-15 23:15:35.684 V/SensorManager( 1779): dispatchSensorEvent() was called, handle=3, values=[698.25, 4010.0, 0.0, 0.0, 0.0, 0.0, 0.0, 0.0, 0.0, 0.0, 0.0, 0.0, 0.0, 0.0, 0.0, 0.0], inAccuracy=3, timestamp=2467345970624
03-15 23:15:35.707 I/Collector( 2565): GetEntityNum: dataType:2, rptType:9, bufLen:688, dataLen:684, structSize:88, result:0!
03-15 23:15:35.796 V/SensorManager( 2694): dispatchSensorEvent() was called, handle=0, values=[-0.42278728, 0.5971139, 9.829989, 4.2E-45, 0.0, 0.0, 0.0, 0.0, 0.0, 0.0, 0.0, 0.0, 0.0, 0.0, 0.0, 0.0], inAccuracy=3, timestamp=2467259970468
03-15 23:15:35.797 I/Booster_Qoe( 2565): Ada,index:8,NisPsSlow:0,NProba:309,rsrp(rssi):-40,rsrq(noise):-60,rtt(chload):200,BFH(uldelay):0,BFC(rtt):0 Real:0,0,0,0,0, dlBler:0, ulBler:0
03-15 23:15:35.797 I/Booster_Qoe( 2565): Ada,index:2,NisPsSlow:0,NProba:309,rsrp(rssi):-40,rsrq(noise):-60,rtt(chload):200,BFH(uldelay):0,BFC(rtt):0 Real:0,0,0,0,0, dlBler:0, ulBler:0
03-15 23:15:35.798 I/Booster_ChannelQoeData( 2565): [dumpChannelData] Base:10233,0,0,-1,8 DNS:0,0,0 UID:1051 ChId:2 TcpData:0,0,0,0,0,0,0,0,0,0,0,0,0,0,0,0,0,0 UID:0 ChId:2 TcpData:0,0,0,0,0,0,0,0,0,0,0,0,0,0,0,0,0,0 UID:10233 ChId:2 TcpData:0,0,0,0,0,0,0,0,0,0,0,0,0,0,0,0,0,0 FastDecayData:1 AsymmetricLinkData:0
03-15 23:15:35.798 E/NetworkQoeProxy( 2565): invalid channelId = 0
03-15 23:15:35.798 E/NetworkQoeProxy( 2565): invalid channelId = 1
03-15 23:15:35.798 D/BoosterUtil( 2565): convertSubIdToSlotId, subId invalid: -1
03-15 23:15:35.798 D/BoosterUtil( 2565): getDefaultDataSlotId failed, invalid slotId:-1, subId:-1
03-15 23:15:35.799 D/BoosterUtil( 2565): convertSubIdToSlotId, subId invalid: -1
03-15 23:15:35.799 D/BoosterUtil( 2565): getDefaultDataSlotId failed, invalid slotId:-1, subId:-1
03-15 23:15:35.800 E/Booster_BroadcastProxy( 2565): [isDebugModemEnabled]get package info fail.
03-15 23:15:35.800 I/Booster_BroadcastProxy( 2565): [isDebugModemEnabled]mode: false
03-15 23:15:35.801 I/CloudServiceChr( 2565): App Qoe normal
03-15 23:15:35.801 E/Booster_NetworkQoeChr( 2565): [chrBlerMonitorAndReport]modemQoeData is not present
03-15 23:15:35.802 I/Booster_NetworkQoeMonitor( 2565): [createQoeBundle]networkQoeChanged:10233,4,0,309,1,2,4,0,309,0,0,10,10,0,0,0,0,0,2,1024,1024
03-15 23:15:35.803 I/CloudNetworkStateMachine( 2565): the Wi-Fi action state is true
03-15 23:15:35.803 I/CloudNetworkStateMachine( 2565): wifi is active, the Wi-Fi is connected.
03-15 23:15:35.804 I/WiFi_PRO_WifiProStateMachine( 1779): APP_SERVICE_QOE_NOTIFY Qoe info 10233,4,0,309,1,2,4,0,309,0,0,10,10,0,0,0,0 CID 2 mMasterWifiRssi 0 mMasterCardAmbr 1048576 mSlaveCardAmbr 1048576
03-15 23:15:35.804 I/HwWifiProServiceProxy( 1779): ctrlHwWifiNetwork pkgName: WIFIPRO_SERVICE interfaceId: 9
03-15 23:15:35.804 I/WiFi_PRO_WifiProStateMachine( 1779): isWifi2WifiProcess = false, mIsNeedIgnoreQoeUpdate = false, mIsAppInBlacklistFullScreen = false, mIsWiFiNoInternet false, screen on = true, full screen = false, isLandscapeMode = false, mNotifyWifiLinkPoorReason = -1, mIsAppInBlacklistQoe false, mIsAppInBlackListAll false
03-15 23:15:35.804 E/WiFi_PROHumanFactorRecommend( 1779): isEconomicTrafficUser, invalid slotId=-1
03-15 23:15:35.804 I/WiFi_PRO_WifiProStateMachine( 1779): , mAppQoeBadCnt = 0, mNetworkSlowReason = 0, isEconomicTrafficUser =false, mStrategy =0
03-15 23:15:35.804 I/WiFi_PRO_WifiProStateMachine( 1779): getAppQoeInfoReason badReason:0
03-15 23:15:35.804 I/WiFi_PRO_WifiProStateMachine( 1779): resetWifiQoeBad
03-15 23:15:35.804 D/Hicom_XEngineProc( 2565): isSupportLocalSocketKit packageNam: ai.axiomaster.BoJi isSupported: false
03-15 23:15:35.804 I/WiFi_PRO_WifiProStateMachine( 1779): the fast decay result in WifiProStateMachine : 1
03-15 23:15:35.804 I/WiFi_PRO_WifiProStateMachine( 1779): start handle fast decay
03-15 23:15:35.804 V/HwWifiServiceFactory( 1779): get AllImpl object = com.android.server.wifi.HwWifiServiceFactoryImpl@f8e66c3
03-15 23:15:35.805 I/WiFi_PRO_WifiProStateMachine( 1779): the asymmetric link result in WifiProStateMachine : 0
03-15 23:15:35.805 V/SensorManager( 1779): dispatchSensorEvent() was called, handle=3, values=[698.125, 4010.0, 0.0, 0.0, 0.0, 0.0, 0.0, 0.0, 0.0, 0.0, 0.0, 0.0, 0.0, 0.0, 0.0, 0.0], inAccuracy=3, timestamp=2467465970624
03-15 23:15:35.805 V/SensorManager( 2535): dispatchSensorEvent() was called, handle=3, values=[698.125, 4010.0, 0.0, 0.0, 0.0, 0.0, 0.0, 0.0, 0.0, 0.0, 0.0, 0.0, 0.0, 0.0, 0.0, 0.0], inAccuracy=3, timestamp=2467465970624
03-15 23:15:35.805 V/SensorManager( 2451): dispatchSensorEvent() was called, handle=3, values=[698.125, 4010.0, 0.0, 0.0, 0.0, 0.0, 0.0, 0.0, 0.0, 0.0, 0.0, 0.0, 0.0, 0.0, 0.0, 0.0], inAccuracy=3, timestamp=2467465970624
