03-15 23:15:35.821 I/WifiNl80211Manager( 1779): Noise: -88, Snr: 27, Chload: 85, rssi: -67, txBitrate: 173, rxBitrate: 115, frequency: 5180, UlDelay: 1, currentTxBytes: 71207088, currentTxPackets: 60728, currentTxFailed: 0, currentRxBytes: 30199805, currentRxPackets: 35803, chloadSelf: 0, c0RssiDbm: 0, c1RssiDbm: 0
03-15 23:15:35.822 I/HuaweiWifiWatchdogStateMachine( 1779): POta txb txg rxg:0, 11, 0. Lr =0% Totpkt=11
03-15 23:15:35.822 I/WiFi_PRO( 1779): MSG_RETURN_AP_CURRY_RSSI rssi = -67
03-15 23:15:35.822 I/QosMonitor( 1779): queryRtt: rttType = 3
03-15 23:15:35.822 I/QosMonitor( 1779): call ctrlHwWifiNetwork
03-15 23:15:35.822 I/HwDualBandManager( 1779): handle2gApStrongWifiRssiChange
03-15 23:15:35.822 V/HwWifiServiceFactory( 1779): get AllImpl object = com.android.server.wifi.HwWifiServiceFactoryImpl@f8e66c3
03-15 23:15:35.822 I/QosMonitor( 1779): postEventFromNative: msg=100,arg1=4,arg2=10
03-15 23:15:35.822 I/QosMonitor( 1779): call ctrlHwWifiNetwork
03-15 23:15:35.823 I/QosMonitor( 1779): postEventFromNative: msg=100,arg1=0,arg2=10
03-15 23:15:35.823 I/MQoS    ( 1779): rtt=288,tcpTxPkts=12711,tcpRxPkts=26894
03-15 23:15:35.823 I/BatteryService( 1779): Processing new values: info={.chargerAcOnline = false, .chargerUsbOnline = true, .chargerWirelessOnline = false, .maxChargingCurrent = 500000, .maxChargingVoltage = 5041000, .batteryStatus = CHARGING, .batteryHealth = GOOD, .batteryPresent = true, .batteryLevel = 51, .batteryVoltage = 3910, .batteryTemperature = 310, .batteryCurrent = 144, .batteryCycleCount = 44, .batteryFullCharge = 5428, .batteryChargeCounter = 2774983, .batteryTechnology = Li-poly}, mBatteryLevelCritical=false, mPlugType=2, batteryStatus=2
03-15 23:15:35.823 I/HwConnectivityServiceEx( 1779): set 1000, metered: false, value: false
03-15 23:15:35.824 E/BatteryService( 1779): no autopoweroff in settings
03-15 23:15:35.824 I/HuaweiWifiWatchdogStateMachine( 1779): PTcp RTT:0, rtt pkt=0, tcp_rx=0, tcp_tx=0, tcp_reTran=0, rtRate=0
03-15 23:15:35.824 I/HwWifiProServiceProxy( 1779): ctrlHwWifiNetwork pkgName: WIFIPRO_SERVICE interfaceId: 101
03-15 23:15:35.824 I/HuaweiWifiWatchdogStateMachine( 1779): start computeQosLevel tcpRtt = 0 ,rssi = -67 ,mBestSpeedInPeriod = 807
03-15 23:15:35.824 I/HuaweiWifiWatchdogStateMachine( 1779): smoothConsecutiveQosResults, currentQosLevel = 3
03-15 23:15:35.824 I/QosMonitor( 1779): resetRtt: rttType = 3
03-15 23:15:35.824 I/QosMonitor( 1779): call ctrlHwWifiNetwork
03-15 23:15:35.825 I/MQoS    ( 1779): QOS_level:0(0),wifi-link;SIM error;use level-0
03-15 23:15:35.930 V/SensorManager( 2451): dispatchSensorEvent() was called, handle=3, values=[698.25, 4010.0, 0.0, 0.0, 0.0, 0.0, 0.0, 0.0, 0.0, 0.0, 0.0, 0.0, 0.0, 0.0, 0.0, 0.0], inAccuracy=3, timestamp=2467585970156
03-15 23:15:35.930 V/SensorManager( 2535): dispatchSensorEvent() was called, handle=3, values=[698.25, 4010.0, 0.0, 0.0, 0.0, 0.0, 0.0, 0.0, 0.0, 0.0, 0.0, 0.0, 0.0, 0.0, 0.0, 0.0], inAccuracy=3, timestamp=2467585970156
03-15 23:15:35.930 V/SensorManager( 1779): dispatchSensorEvent() was called, handle=3, values=[698.25, 4010.0, 0.0, 0.0, 0.0, 0.0, 0.0, 0.0, 0.0, 0.0, 0.0, 0.0, 0.0, 0.0, 0.0, 0.0], inAccuracy=3, timestamp=2467585970156
03-15 23:15:35.993 D/HwCommBoosterService( 2565): reportBoosterPara enter
03-15 23:15:35.993 D/HwCommBoosterManager( 2565): reportBoosterPara enter
03-15 23:15:35.993 D/HwCommBoosterManager( 2565): pluginId: 2dataType:801
03-15 23:15:35.994 D/HwCommBoosterManager( 2565): handleBoosterMessageSendModuleDataToPlugin enter
03-15 23:15:35.994 I/Booster_ConfigManager( 2565): [handleReceiveAPModuleData]handleReceiveAPModuleData dataType = 801
03-15 23:15:35.996 V/SensorManager( 2694): dispatchSensorEvent() was called, handle=0, values=[-0.39322367, 0.59072614, 9.814935, 4.2E-45, 0.0, 0.0, 0.0, 0.0, 0.0, 0.0, 0.0, 0.0, 0.0, 0.0, 0.0, 0.0], inAccuracy=3, timestamp=2467459970624
03-15 23:15:36.024 W/hilogcat( 1390): type=1400 audit(0.0:2299): avc: denied { read } for name="brightness" dev="sysfs" ino=76242 scontext=u:r:glogcat:s0 tcontext=u:object_r:sysfs:s0 tclass=file permissive=0
03-15 23:15:36.025 E/selinux_dmd( 1405): type=1400 audit(0.0:2299): avc: denied { read } for comm="hilogcat" name="brightness" dev="sysfs" ino=76242 scontext=u:r:glogcat:s0 tcontext=u:object_r:sysfs:s0 tclass=file permissive=0 find  pid= failed
03-15 23:15:36.026 E/selinux_dmd( 1405): type=1400 audit(0.0:2299): avc: denied { read } for comm="hilogcat" name="brightness" dev="sysfs" ino=76242 scontext=u:r:glogcat:s0 tcontext=u:object_r:sysfs:s0 tclass=file permissive=0 ExtractKeys failed
03-15 23:15:36.045 V/SensorManager( 2535): dispatchSensorEvent() was called, handle=3, values=[698.25, 4010.0, 0.0, 0.0, 0.0, 0.0, 0.0, 0.0, 0.0, 0.0, 0.0, 0.0, 0.0, 0.0, 0.0, 0.0], inAccuracy=3, timestamp=2467705970624
03-15 23:15:36.045 V/SensorManager( 2451): dispatchSensorEvent() was called, handle=3, values=[698.25, 4010.0, 0.0, 0.0, 0.0, 0.0, 0.0, 0.0, 0.0, 0.0, 0.0, 0.0, 0.0, 0.0, 0.0, 0.0], inAccuracy=3, timestamp=2467705970624
03-15 23:15:36.045 V/SensorManager( 1779): dispatchSensorEvent() was called, handle=3, values=[698.25, 4010.0, 0.0, 0.0, 0.0, 0.0, 0.0, 0.0, 0.0, 0.0, 0.0, 0.0, 0.0, 0.0, 0.0, 0.0], inAccuracy=3, timestamp=2467705970624
03-15 23:15:36.045 I/SensorService( 1779): disable begin
03-15 23:15:36.046 I/SensorService( 1779): disable activate begin
03-15 23:15:36.046 I/SensorService( 1779): SensorDevice::activate: ident=0x78ddca53c0, handle=0x00000003, enabled=0, count=3
03-15 23:15:36.046 I/SensorService( 1779): disable index=0
03-15 23:15:36.046 I/SensorService( 1779): 	>>> actuating h/w batch 0x00000003 100000000 0
03-15 23:15:36.047 E/Sensors@1.3-impl( 1459): Sensors::batch: sensorHandle: 3, samplingPeriodNs: 100000000, maxReportLatencyNs: 0
03-15 23:15:36.047 I/Sensors@1.3-impl( 1459): IsConfigParamNeedUpdate: service: 1779, sensor: 3, first set config, create it
03-15 23:15:36.047 I/Sensors@1.3-impl( 1459): SetReportConfig: period 100000000, report interval 0
03-15 23:15:36.047 I/Sensors@1.3-impl( 1459): GetSensorConfig: sensor: 3, Can't get param
03-15 23:15:36.047 I/Sensors@1.3-impl( 1459): JudgeOptimizeConfig: sensor: 3, oldPeriod: 100000000, initPeroid: 100000000
03-15 23:15:36.047 I/Sensors@1.3-impl( 1459): GetSensorConfig: sensor: 3, Can't get param
03-15 23:15:36.047 I/Sensors@1.3-impl( 1459): UpdateReportConfig: sensor: 3, report config period: 100000000, reportDelay: 0
03-15 23:15:36.048 I/Sensors@1.3-impl( 1459): UpdateSdcConfig, get report config is 100000000
03-15 23:15:36.048 I/SensorService( 1779): disableSensor handle:3, packageName:x0.l1
03-15 23:15:36.048 I/SensorService( 1779): disable activate end
03-15 23:15:36.048 I/SensorService( 1779): disable end
03-15 23:15:36.050 I/SensorService( 1779): ~SensorEventConnection begin
03-15 23:15:36.050 I/SensorService( 1779): cleanupConnection begin
03-15 23:15:36.050 I/SensorService( 1779): 6 active sensors
03-15 23:15:36.050 I/SensorService( 1779): cleanupConnection end
03-15 23:15:36.050 I/SensorService( 1779): ~SensorEventConnection end
03-15 23:15:36.105 I/Booster_BoosterdDelegate( 2565): [handleMessage]handleMessage, enter
03-15 23:15:36.105 E/Booster_BoosterdDelegate( 2565): [bindService]bindService start
03-15 23:15:36.106 E/Booster_BoosterdDelegate( 2565): [getBoosterdNativeService]Failed to get boosterd native service
03-15 23:15:36.106 E/Booster_BoosterdDelegate( 2565): [bindService]mService is null
03-15 23:15:36.106 I/Booster_BoosterdDelegate( 2565): [startRebindServieTimer] startRebindServieTimer
03-15 23:15:36.107 I/SpeedTestNotifier( 2565): is low speed scene
03-15 23:15:36.107 I/OllieMsgCenter( 2565): publishEvt=2135097353
03-15 23:15:36.130 I/TrafficMonitor( 1779): expired arrive. level:-1
03-15 23:15:36.131 I/TrafficMonitor( 1779): update:rxPkts:0,txPkts:0,rxBytes:0,txBytes:0
03-15 23:15:36.131 I/TrafficMonitor( 1779): gettimer:interval=5000
03-15 23:15:36.131 I/TrafficMonitor( 1779): during_ms:5005,period_ms:2000
03-15 23:15:36.131 I/TrafficMonitor( 1779): count:39,rx_sum:0,tx_sum:0,rxBytes:0,during_ms:5005,rx_speed:0.0,tx_speed:0.0,rto:0.0
03-15 23:15:36.131 I/HuaweiWifiWatchdogStateMachine( 1779): Get speed information rx_speed = 0 ,tx_speed = 0 ,isSpeedOk = false ,mBestSpeedInPeriod = 807
03-15 23:15:36.165 V/SensorManager( 2451): dispatchSensorEvent() was called, handle=3, values=[699.0, 4010.0, 0.0, 0.0, 0.0, 0.0, 0.0, 0.0, 0.0, 0.0, 0.0, 0.0, 0.0, 0.0, 0.0, 0.0], inAccuracy=3, timestamp=2467825970624
03-15 23:15:36.165 V/SensorManager( 1779): dispatchSensorEvent() was called, handle=3, values=[699.0, 4010.0, 0.0, 0.0, 0.0, 0.0, 0.0, 0.0, 0.0, 0.0, 0.0, 0.0, 0.0, 0.0, 0.0, 0.0], inAccuracy=3, timestamp=2467825970624
03-15 23:15:36.197 V/SensorManager( 2694): dispatchSensorEvent() was called, handle=0, values=[-0.39027402, 0.6039804, 9.821034, 4.2E-45, 0.0, 0.0, 0.0, 0.0, 0.0, 0.0, 0.0, 0.0, 0.0, 0.0, 0.0, 0.0], inAccuracy=3, timestamp=2467659970312
03-15 23:15:36.247 D/CompositionEngine(  984): Display:0 layers:4
03-15 23:15:36.285 V/SensorManager( 2451): dispatchSensorEvent() was called, handle=3, values=[698.25, 4010.0, 0.0, 0.0, 0.0, 0.0, 0.0, 0.0, 0.0, 0.0, 0.0, 0.0, 0.0, 0.0, 0.0, 0.0], inAccuracy=3, timestamp=2467945970624
03-15 23:15:36.285 V/SensorManager( 1779): dispatchSensorEvent() was called, handle=3, values=[698.25, 4010.0, 0.0, 0.0, 0.0, 0.0, 0.0, 0.0, 0.0, 0.0, 0.0, 0.0, 0.0, 0.0, 0.0, 0.0], inAccuracy=3, timestamp=2467945970624
03-15 23:15:36.397 V/SensorManager( 2694): dispatchSensorEvent() was called, handle=0, values=[-0.4145129, 0.59051543, 9.82319, 4.2E-45, 0.0, 0.0, 0.0, 0.0, 0.0, 0.0, 0.0, 0.0, 0.0, 0.0, 0.0, 0.0], inAccuracy=3, timestamp=2467859970468
03-15 23:15:36.404 V/SensorManager( 1779): dispatchSensorEvent() was called, handle=3, values=[698.0, 4010.0, 0.0, 0.0, 0.0, 0.0, 0.0, 0.0, 0.0, 0.0, 0.0, 0.0, 0.0, 0.0, 0.0, 0.0], inAccuracy=3, timestamp=2468065970624
03-15 23:15:36.404 V/SensorManager( 2451): dispatchSensorEvent() was called, handle=3, values=[698.0, 4010.0, 0.0, 0.0, 0.0, 0.0, 0.0, 0.0, 0.0, 0.0, 0.0, 0.0, 0.0, 0.0, 0.0, 0.0], inAccuracy=3, timestamp=2468065970624
03-15 23:15:36.527 I/HwMSDPMovementManager( 3138): getCurrentMovement type 0
03-15 23:15:36.530 I/ArHal   (  933): (ArDataGetState:1478):id[2]
03-15 23:15:36.530 V/SensorManager( 2451): dispatchSensorEvent() was called, handle=3, values=[699.0, 4010.0, 0.0, 0.0, 0.0, 0.0, 0.0, 0.0, 0.0, 0.0, 0.0, 0.0, 0.0, 0.0, 0.0, 0.0], inAccuracy=3, timestamp=2468185970624
03-15 23:15:36.530 V/SensorManager( 1779): dispatchSensorEvent() was called, handle=3, values=[699.0, 4010.0, 0.0, 0.0, 0.0, 0.0, 0.0, 0.0, 0.0, 0.0, 0.0, 0.0, 0.0, 0.0, 0.0, 0.0], inAccuracy=3, timestamp=2468185970624
03-15 23:15:36.533 I/L_HmsMsdpClient( 3138): [LocKit LogLocation.java:1] arId = 4
03-15 23:15:36.576 I/PowerManagerService( 1779):  eye defect before dim. notifyScreenState start
03-15 23:15:36.577 I/HwPowerManagerServiceEx( 1779): notifyScreenState state:1
03-15 23:15:36.577 I/HwSwingEyeGazeHub( 1779): PowerManagerCallback state = 1
03-15 23:15:36.578 I/HwSwingEyeGazeHub( 1779): eyeGazeSwitchValue = 1
03-15 23:15:36.578 I/HwSwingEyeGazeHub( 1779): refreshAwarenessConnection, registerEyeGazeFence, eyeGazeAction=1
03-15 23:15:36.578 I/HwSwingEyeGazeHub( 1779): registerEyeGazeFence mRegisteredFenceAction : 1, registerEyeGazeFence mIsAwarenessRegistered = false
03-15 23:15:36.578 I/HwSwingEyeGazeHub( 1779): do registerEyeGazeFence thread
03-15 23:15:36.579 D/CAWARENESS_CLIENT: AwarenessParseHelper( 1779): buildContentForRelationFence() needMergeCount not satisfy
03-15 23:15:36.579 D/CAWARENESS_CLIENT: AwarenessParseHelper( 1779): parseAwareness2String() fenceStr :1:1;13,3,1
03-15 23:15:36.579 D/CAWARENESS_CLIENT: AwarenessFence( 1779): build() key = 1:1;13,3,1
03-15 23:15:36.579 D/CAWARENESS_CLIENT: AwarenessManager( 1779): isConnectAwarenessService() mIsConnectAwarenessService:true mIAwarenessService: com.huawei.hiai.awareness.service.IAwarenessService$Stub$Proxy@4d86c51
03-15 23:15:36.579 I/CAWARENESS_CLIENT: AwarenessManager( 1779): registerAwarenessListener() call binder awarenessFence :AwarenessFence{null, null, 0, android_1:1;13,3,1}
03-15 23:15:36.579 I/CAWARENESS_32269_CompatibleBinder(12660): registerAwarenessListener
03-15 23:15:36.580 I/KStateManager( 2535): send binder call message, called pid:12660, calling pid:[1779]
03-15 23:15:36.580 I/CAWARENESS_CLIENT: AwarenessManager( 1779): registerAwarenessListener() isRegisterSuccess : true
03-15 23:15:36.580 I/CAWARENESS_32269_PackageUtil(12660): getPkgName getNameForUid: android.uid.system:1000
03-15 23:15:36.581 I/PG_ash  ( 2535): 1779 binder call 12660
03-15 23:15:36.582 D/CAWARENESS_32269_PackageUtil(12660): getPkgNames : pkgNames : [com.android.networkstack.inprocess, android, com.android.providers.settings, com.android.server.telecom, com.android.networkstack.tethering.inprocess, com.android.location.fused]
03-15 23:15:36.582 I/CAWARENESS_32269_OpenInterfaceAccessManager(12660): config type : fence
03-15 23:15:36.582 D/CAWARENESS_32269_FenceChecker(12660): isPermitted : {"type":"fence","interface":"AwarenessFence{13,3,1}","callerInfo":{"nameForUid":"android.uid.system:1000","packageName":"android","pid":1779,"uid":1000}} result : true
03-15 23:15:36.583 I/CAWARENESS_32269_LocationCompatibleFenceFactory(12660): createFence type error
03-15 23:15:36.583 I/CAWARENESS_32269_ManagedFenceFactory(12660): AwarenessFence parsing to Optional[EyeGazeFence[3E[13, 3, 1]]]
03-15 23:15:36.584 D/CAWARENESS_32269_PermissionChecker(12660): isPermitted: caller=android items=[{"dataId":100000091,"mode":0,"params":{}}]
03-15 23:15:36.584 D/CAWARENESS_32269_PermissionChecker(12660): isPermitted: true, check pass
03-15 23:15:36.584 I/CAWARENESS_32269_AbilityScheduler(12660): subscribe {dataId=100000091, mode=0} from null
03-15 23:15:36.585 I/CAWARENESS_32269_SwingAbility(12660): Not need verify
03-15 23:15:36.585 D/CAWARENESS_32269_SubscribeInfoUtil(12660): subscribe {dataId=100000091, mode=0}, receiver EyeGazeCompatibleFence@4f6c4a4, isTemporal: false
03-15 23:15:36.585 D/CAWARENESS_32269_SubscribeInfoUtil(12660): increment reference count to 1
03-15 23:15:36.585 I/CAWARENESS_32269_FenceManager(12660): add EyeGazeFence[3E[13, 3, 1]]@4f6c4a4 association with AwarenessFence(type = inner_compatible_fence,identifier = null)@7d3e20d success
03-15 23:15:36.585 I/CAWARENESS_32269_SwingAbility(12660): Handler swing message:100000091, args1:0
03-15 23:15:36.585 I/CAWARENESS_32269_AbilityScheduler(12660): async query {dataId=100000091, mode=0} from null
03-15 23:15:36.586 I/CAWARENESS_32269_FenceManager(12660): onResult AwarenessFence(type = inner_compatible_fence,identifier = null), code=10000
03-15 23:15:36.586 I/CAWARENESS_32269_SwingAbility(12660): Not need verify
03-15 23:15:36.586 I/HwSwingEyeGazeHub( 1779): registerFence result = RequestResult{13, 3, 1, null, 0, 0, 100, android_1:1;13,3,1, 1, null, 3, 200000, null}
03-15 23:15:36.586 E/CAWARENESS_32269__ENCRYPTED(12660): Query exception
03-15 23:15:36.588 I/PowerMS ( 1779): acquire:L=20137573,F=0x1,T=SwingAbility,N=com.huawei.hiai,WS=null,U=5514,P=12660
03-15 23:15:36.588 I/PowerManagerService( 1779):  schedul eye detect nextTimeout: 2478238 now: 2468251 mRemainTime: 10000
03-15 23:15:36.589 I/android.system.suspend@1.0-service(  712): incSuspendCounter kname=native_PowerManagerService.WakeLocks ++mSuspendCounter= 3
03-15 23:15:36.589 D/CAWARENESS_32269_OperatingDatabaseUtil(12660): system_data table update successful, update column count: 1
03-15 23:15:36.590 D/CAWARENESS_32269_RebootNotifyStore(12660): notifyType or info is invalid.
03-15 23:15:36.591 I/CAWARENESS_32269_SwingParameterGenerator(12660): Get the swing parameter, and the event id is 3
03-15 23:15:36.591 I/CAWARENESS_32269_SwingParameterGenerator(12660): Get the swing parameter, and the event id is 3
03-15 23:15:36.591 D/CAWARENESS_32269_SwingAbility(12660): generateSwingAlgorithmParameter = SwingAlgorithmParameter{samplingPeriodTime=400, maxPersonNumber=3, darkLightEnable=0, fillLightMode=0, directionAngle=20, trackingFaceInfoValidTimer=1000, darkSamplingPeriodTime=0, cameraFovRatio=100, alsModeEnable=1, alsSamplingPeriodTime=10, faceTrackingUnlockType=0} generateSwingEventParameter = SwingEventParameter{eventDurationPeriodTime=400, eventReportPeriodTime=0, durationTimePercentage=100, minDistance=20, maxDistance=20, enterEventTime=3000, exitEventTime=2000, gestureMask=0xFFFFFFFF, sncPitchAngle=35, cameraId=0, eventControl=0}
03-15 23:15:36.591 I/CAWARENESS_32269_EyeGazeParamAdjustment(12660): isEnable:true input mode: isStrictnessGazeRegister:false strictnessGazeRegisteredCount:0
03-15 23:15:36.591 D/CAWARENESS_32269_EyeGazeParamAdjustment(12660): mode is not strictness return
03-15 23:15:36.592 I/CAWARENESS_32269_SwingManager(12660): enable swing event = 3
03-15 23:15:36.592 I/CAWARENESS_32269_SwingManager(12660): register event = 3
03-15 23:15:36.592 I/CAWARENESS_32269_SwingManager(12660): swing is started
03-15 23:15:36.592 I/CAWARENESS_32269_SwingManager(12660): isScreenOn = true
03-15 23:15:36.592 I/CAWARENESS_32269_AiSwingClientWrapper(12660): setSysState screen status is no change
03-15 23:15:36.592 I/CAWARENESS_32269_AiSwingClientWrapper(12660): eventId 3 algorithmParameterStr is samplingPeriodTime:400;maxPersonNumber:3;darkLightEnable:0;fillLightMode:0;directionAngle:20;trackingFaceInfoValidTimer:1000;darkSamplingPeriodTime:0;cameraFOVRatio:100;ALSModeEnable:1;ALSSamplingPeriodTime:10;faceTrackingUnlockType:0 eventParameterStr is eventDurationPeriodTime:400;eventReportPeriodTime:0;durationTimePercentage:100;minDistance:20;maxDistance:20;enterEventTime:3000;exitEventTime:2000;gestureMask:0xFFFFFFFF;sncPitchAngle:35;cameraId:0;eventControl:0
03-15 23:15:36.592 I/AiIgsClientImpl(12660): [IGS]RegisterListener(170): "registerListener:3 begin."
03-15 23:15:36.593 I/AiIgsClientParaProcess(12660): [IGS]storeIgsRgstParams2Str(512): "IgsRgstParams: 0 400 1 0 0 1000 20 2 2 2 0 100 100 100 30 1000 100 0 400 0 100 0 20 20 3000 2000 4294967295 35 "
03-15 23:15:36.593 I/AiIgsClientHidl(12660): [IGS]RegisterListener(297): "begin..."
03-15 23:15:36.593 I/IgsListenerProxy(12660): [IGS]IgsListenerProxy(109): "construct..."
03-15 23:15:36.593 I/IgsListenerProxy(12660): [IGS]~IgsListenerProxy(114): "destruct..."
03-15 23:15:36.593 I/AIIgsServiceHidl( 1482): [IGS]registerListener(62): "registerListener begin...eventId:3"
03-15 23:15:36.593 I/AiIgsService( 1482): [IGS]IsExistClient(264): "registered client pid:12660."
03-15 23:15:36.594 I/FaceLightEyeGazeEvent( 1482): [IGS]Register(114): "pid[12660] Register eventId[3] enter."
03-15 23:15:36.594 I/FaceLightEyeGazeEvent( 1482): [IGS]Register(120): "registerParams:0 400 1 0 0 1000 20 2 2 2 0 100 100 100 30 1000 100 0 400 0 100 0 20 20 3000 2000 4294967295 35 ."
03-15 23:15:36.594 I/IgsDevManager( 1482): [IGS]FusionSet(146): "FusionSet: fusionId[0x7], dataType[0xb], dataAddr[0x0], size[0x190]."
03-15 23:15:36.595 I/IgsModelManager( 1482): [IGS]IsModelNeedLoad(91): "LoadTinyModel add cnt, modelId:0 counts:2."
03-15 23:15:36.595 I/IgsModelManager( 1482): [IGS]IsModelNeedLoad(104): "LoadTinyModel Success, modelId:1 service:0"
03-15 23:15:36.598 V/SensorManager( 2694): dispatchSensorEvent() was called, handle=0, values=[-0.4051372, 0.59960383, 9.815911, 4.2E-45, 0.0, 0.0, 0.0, 0.0, 0.0, 0.0, 0.0, 0.0, 0.0, 0.0, 0.0, 0.0], inAccuracy=3, timestamp=2468059970624
03-15 23:15:36.598 I/IgsModelManager( 1482): [IGS]LoadTinyModel(130): "modelbuffer is created, load model[swing-eye.tiny], size:565248."
03-15 23:15:36.598 D/AI_FMK  ( 1482): igs_model_manager.cpp InvokeUnloadModel(168)::"InvokeUnloadModel."
03-15 23:15:36.602 D/AI_FMK  ( 1482): igs_model_manager.cpp InvokeUnloadModel(177)::"CMD_ID_MODEL_TINY_UNLOAD SUCCESS."
03-15 23:15:36.602 I/teeos-ai_security( 1402): index: 3727: cpu0/20565:   03/15 23:15:37.390 [ai_security-2] [info] 149:ai_base_ta_service.cpp:---- Invoke Command Entry Point cmdId[10] ----
03-15 23:15:36.602 D/AI_FMK  ( 1482): igs_model_manager.cpp ProcessLoadModel(101)::"IgsNonSecMem::Alloc start"
03-15 23:15:36.603 I/teeos-ai_security( 1402): index: 3728: cpu0/20565:   03/15 23:15:37.390 [ai_security-2] [info] 135:igs_security_model_mngr.cpp:get executor by modelId executor with modelId=[1] not existed.
03-15 23:15:36.603 I/teeos-ai_security( 1402): index: 3729: cpu0/20565:   03/15 23:15:37.390 [ai_security-2] [info] 104:igs_security_model_mngr.cpp:can not file tiny executor for modelId:1.
03-15 23:15:36.603 I/teeos-ai_security( 1402): index: 3730: cpu0/20565:   03/15 23:15:37.390 [ai_security-2] [info] 279:tiny_executor.cpp:Send IPC to SensorHub: unload model 1.
03-15 23:15:36.603 E/teeos-platdrv_64( 1402): index: 3731: cpu0/20565:   03/15 23:15:37.390 [platdrv_64-35] [ERROR] 233:[convert_sfd_to_sddr] cmd 33 no need to convert sfd!
03-15 23:15:36.603 I/teeos-ai_security( 1402): index: 3732: cpu0/20565:   03/15 23:15:37.391 [ai_security-2] [info] 93:tiny_ipc.cpp:Send msg SW_SYSCALL_QUERY_ACK end, ret:128 time:1000.
03-15 23:15:36.604 I/teeos-ai_security( 1402): index: 3733: cpu0/20565:   03/15 23:15:37.393 [ai_security-2] [info] 294:tiny_executor.cpp:Unload model, Ipc send msg return: 0.
03-15 23:15:36.605 I/AI_FMK  ( 1482): igs_model_manager.cpp ProcessLoadModel(107)::"IgsNonSecMem::Alloc end"
03-15 23:15:36.609 I/AI_INFRA( 1482): buffer_heap_alloc.cpp MemoryAllocate(103)::"Alloc secure buffer get lock"
03-15 23:15:36.613 D/AI_FMK  ( 1482): igs_dev_attach.cpp RefCtrl(22)::"cmd:0x4002B1D7, igsFd:16."
03-15 23:15:36.614 I/AI_FMK  ( 1482): igs_model_manager.cpp ProcessLoadModel(118)::"IgsSecMem::Alloc end"
03-15 23:15:36.614 D/AI_FMK  ( 1482): igs_model_manager.cpp InvokePreloadModel(40)::"Enter InvokePreloadModel."
03-15 23:15:36.614 I/AI_FMK  ( 1482): igs_model_manager.cpp InvokePreloadModel(69)::"sharedFd=0x19, caSharedFd=0x13, safeFd=0x1f."
03-15 23:15:36.631 D/AI_FMK  ( 1482): igs_model_manager.cpp InvokePreloadModel(75)::"CMD_ID_MODEL_TINY_PRELOAD SUCCESS result."
03-15 23:15:36.631 I/teeos-ai_security( 1402): index: 3734: cpu2/20565:   03/15 23:15:37.405 [ai_security-2] [info] 149:ai_base_ta_service.cpp:---- Invoke Command Entry Point cmdId[7] ----
03-15 23:15:36.631 D/AI_FMK  ( 1482): igs_model_manager.cpp InvokeLoadModel(82)::"Enter InvokeLoadModel."
03-15 23:15:36.631 I/teeos-ai_security( 1402): index: 3735: cpu2/20565:   03/15 23:15:37.405 [ai_security-2] [info] 135:igs_security_model_mngr.cpp:get executor by modelId executor with modelId=[1] not existed.
03-15 23:15:36.632 I/teeos-platdrv_64( 1402): index: 3736: cpu1/20565:   03/15 23:15:37.415 [platdrv_64-35] [INFO] 414:swing-eye.tiny mch d
03-15 23:15:36.632 E/teeos-platdrv_64( 1402): index: 3737: cpu1/20565:   03/15 23:15:37.421 [platdrv_64-35] [ERROR] 187:[dcryptModel] omg magic:25098230!
03-15 23:15:36.633 I/teeos-ai_security( 1402): index: 3738: cpu1/20565:   03/15 23:15:37.423 [ai_security-2] [info] 149:ai_base_ta_service.cpp:---- Invoke Command Entry Point cmdId[9] ----
03-15 23:15:36.634 I/teeos-ai_security( 1402): index: 3739: cpu1/20565:   03/15 23:15:37.423 [ai_security-2] [info] 244:tiny_executor.cpp:Send IPC to SensorHub: load model 1.
03-15 23:15:36.634 E/teeos-platdrv_64( 1402): index: 3740: cpu1/20565:   03/15 23:15:37.423 [platdrv_64-35] [ERROR] 215:[convert_sfd_to_sddr] omg magic phys_addr:0x60502000, size:1040384!
03-15 23:15:36.634 I/teeos-ai_security( 1402): index: 3741: cpu1/20565:   03/15 23:15:37.424 [ai_security-2] [info] 93:tiny_ipc.cpp:Send msg SW_SYSCALL_QUERY_ACK end, ret:128 time:1000.
03-15 23:15:36.643 D/AI_FMK  ( 1482): igs_model_manager.cpp InvokeLoadModel(93)::"CMD_ID_MODEL_TINY_LOAD SUCCESS."
03-15 23:15:36.643 I/IgsModelManager( 1482): [IGS]LoadTinyModel(155): "LoadTinyModel real, modelId:1 service:0 counts:1."
03-15 23:15:36.644 I/IgsModelManager( 1482): [IGS]IsModelNeedLoad(91): "LoadTinyModel add cnt, modelId:25 counts:2."
03-15 23:15:36.644 I/IgsModelManager( 1482): [IGS]LoadModels(296): "LoadIgsXMLModels Done"
03-15 23:15:36.644 I/IgsDevManager( 1482): [IGS]FusionEn(131): "FusionEn: fusionId[0x7], en[1]."
03-15 23:15:36.644 V/SensorManager( 1779): dispatchSensorEvent() was called, handle=3, values=[698.75, 4010.0, 0.0, 0.0, 0.0, 0.0, 0.0, 0.0, 0.0, 0.0, 0.0, 0.0, 0.0, 0.0, 0.0, 0.0], inAccuracy=3, timestamp=2468305986562
03-15 23:15:36.644 V/SensorManager( 2451): dispatchSensorEvent() was called, handle=3, values=[698.75, 4010.0, 0.0, 0.0, 0.0, 0.0, 0.0, 0.0, 0.0, 0.0, 0.0, 0.0, 0.0, 0.0, 0.0, 0.0], inAccuracy=3, timestamp=2468305986562
03-15 23:15:36.645 I/FaceLightEyeGazeEvent( 1482): [IGS]Register(157): "Register eventId[3] success."
03-15 23:15:36.646 I/AiIgsClientImpl(12660): [IGS]RegisterListener(186): "registerListener:3 success."
03-15 23:15:36.646 I/HWIGSCA (12660): RegisterListener eventId=3 ret=0
03-15 23:15:36.646 I/CAWARENESS_32269_AiSwingClientWrapper(12660): resultCode is 0
03-15 23:15:36.646 I/CAWARENESS_32269_SwingManager(12660): registerSwing event = 3, result = true
03-15 23:15:36.646 D/CAWARENESS_32269_EyeGazeParamAdjustment(12660): adjustParam durationPeriodTime;400 lastDurationPeriodTime:400
03-15 23:15:36.646 I/CAWARENESS_32269_SwingRuntime(12660): Enable event = 3, current enable:SwingEnable[[2, 0][3, 0]]
03-15 23:15:36.646 I/CAWARENESS_32269_SwingRuntime(12660): Add record, current counter:SubscribeCounter[[2, 1, 0][3, 1, 0]]
03-15 23:15:36.647 I/PowerMS ( 1779): release:L=20137573,F=0x0,T=SwingAbility,N=com.huawei.hiai,WS=null,U=5514,P=12660
03-15 23:15:36.647 I/PowerManagerService( 1779):  schedul eye detect nextTimeout: 2478238 now: 2468310 mRemainTime: 10000
03-15 23:15:36.647 I/android.system.suspend@1.0-service(  712): decSuspendCounter kname=native_PowerManagerService.WakeLocks --mSuspendCounter= 2
03-15 23:15:36.730 I/Collector( 2565): GetEntityNum: dataType:2, rptType:9, bufLen:688, dataLen:684, structSize:88, result:0!
03-15 23:15:36.748 D/ScreemCommon( 1488): PerfInfo:PerfIoctlCmd 5
03-15 23:15:36.748 D/ScreemCommon( 1488): PerfInfoFrame#process info, magic 5
03-15 23:15:36.765 V/SensorManager( 2451): dispatchSensorEvent() was called, handle=3, values=[698.25, 4010.0, 0.0, 0.0, 0.0, 0.0, 0.0, 0.0, 0.0, 0.0, 0.0, 0.0, 0.0, 0.0, 0.0, 0.0], inAccuracy=3, timestamp=2468425970156
03-15 23:15:36.765 V/SensorManager( 1779): dispatchSensorEvent() was called, handle=3, values=[698.25, 4010.0, 0.0, 0.0, 0.0, 0.0, 0.0, 0.0, 0.0, 0.0, 0.0, 0.0, 0.0, 0.0, 0.0, 0.0], inAccuracy=3, timestamp=2468425970156
03-15 23:15:36.796 V/SensorManager( 2694): dispatchSensorEvent() was called, handle=0, values=[-0.41167817, 0.6071791, 9.8157015, 4.2E-45, 0.0, 0.0, 0.0, 0.0, 0.0, 0.0, 0.0, 0.0, 0.0, 0.0, 0.0, 0.0], inAccuracy=3, timestamp=2468259970781
03-15 23:15:36.817 I/Booster_Qoe( 2565): Ada,index:8,NisPsSlow:0,NProba:309,rsrp(rssi):-40,rsrq(noise):-60,rtt(chload):200,BFH(uldelay):0,BFC(rtt):0 Real:0,0,0,0,0, dlBler:0, ulBler:0
03-15 23:15:36.817 I/Booster_Qoe( 2565): Ada,index:2,NisPsSlow:0,NProba:309,rsrp(rssi):-40,rsrq(noise):-60,rtt(chload):200,BFH(uldelay):0,BFC(rtt):0 Real:0,0,0,0,0, dlBler:0, ulBler:0
03-15 23:15:36.818 I/Booster_ChannelQoeData( 2565): [dumpChannelData] Base:10233,0,0,-1,8 DNS:0,0,0 UID:1051 ChId:2 TcpData:0,0,0,0,0,0,0,0,0,0,0,0,0,0,0,0,0,0 UID:0 ChId:2 TcpData:0,0,0,0,0,0,0,0,0,0,0,0,0,0,0,0,0,0 UID:10233 ChId:2 TcpData:0,0,0,0,0,0,0,0,0,0,0,0,0,0,0,0,0,0 FastDecayData:1 AsymmetricLinkData:0
03-15 23:15:36.818 E/NetworkQoeProxy( 2565): invalid channelId = 0
03-15 23:15:36.818 E/NetworkQoeProxy( 2565): invalid channelId = 1
03-15 23:15:36.819 D/BoosterUtil( 2565): convertSubIdToSlotId, subId invalid: -1
03-15 23:15:36.819 D/BoosterUtil( 2565): getDefaultDataSlotId failed, invalid slotId:-1, subId:-1
03-15 23:15:36.819 D/BoosterUtil( 2565): convertSubIdToSlotId, subId invalid: -1
03-15 23:15:36.819 D/BoosterUtil( 2565): getDefaultDataSlotId failed, invalid slotId:-1, subId:-1
03-15 23:15:36.821 E/Booster_BroadcastProxy( 2565): [isDebugModemEnabled]get package info fail.
03-15 23:15:36.822 I/Booster_BroadcastProxy( 2565): [isDebugModemEnabled]mode: false
03-15 23:15:36.822 I/CloudServiceChr( 2565): App Qoe normal
03-15 23:15:36.822 E/Booster_NetworkQoeChr( 2565): [chrBlerMonitorAndReport]modemQoeData is not present
03-15 23:15:36.823 I/Booster_NetworkQoeMonitor( 2565): [createQoeBundle]networkQoeChanged:10233,4,0,309,1,2,4,0,309,0,0,10,10,0,0,0,0,0,2,1024,1024
03-15 23:15:36.824 I/CloudNetworkStateMachine( 2565): the Wi-Fi action state is true
03-15 23:15:36.824 I/CloudNetworkStateMachine( 2565): wifi is active, the Wi-Fi is connected.
03-15 23:15:36.825 I/WiFi_PRO_WifiProStateMachine( 1779): APP_SERVICE_QOE_NOTIFY Qoe info 10233,4,0,309,1,2,4,0,309,0,0,10,10,0,0,0,0 CID 2 mMasterWifiRssi 0 mMasterCardAmbr 1048576 mSlaveCardAmbr 1048576
03-15 23:15:36.826 I/HwWifiProServiceProxy( 1779): ctrlHwWifiNetwork pkgName: WIFIPRO_SERVICE interfaceId: 9
03-15 23:15:36.826 I/WiFi_PRO_WifiProStateMachine( 1779): isWifi2WifiProcess = false, mIsNeedIgnoreQoeUpdate = false, mIsAppInBlacklistFullScreen = false, mIsWiFiNoInternet false, screen on = true, full screen = false, isLandscapeMode = false, mNotifyWifiLinkPoorReason = -1, mIsAppInBlacklistQoe false, mIsAppInBlackListAll false
03-15 23:15:36.826 E/WiFi_PROHumanFactorRecommend( 1779): isEconomicTrafficUser, invalid slotId=-1
03-15 23:15:36.826 I/WiFi_PRO_WifiProStateMachine( 1779): , mAppQoeBadCnt = 0, mNetworkSlowReason = 0, isEconomicTrafficUser =false, mStrategy =0
03-15 23:15:36.826 I/WiFi_PRO_WifiProStateMachine( 1779): getAppQoeInfoReason badReason:0
03-15 23:15:36.826 I/WiFi_PRO_WifiProStateMachine( 1779): resetWifiQoeBad
03-15 23:15:36.826 D/Hicom_XEngineProc( 2565): isSupportLocalSocketKit packageNam: ai.axiomaster.BoJi isSupported: false
03-15 23:15:36.826 I/WiFi_PRO_WifiProStateMachine( 1779): the fast decay result in WifiProStateMachine : 1
03-15 23:15:36.827 I/WiFi_PRO_WifiProStateMachine( 1779): start handle fast decay
03-15 23:15:36.827 V/HwWifiServiceFactory( 1779): get AllImpl object = com.android.server.wifi.HwWifiServiceFactoryImpl@f8e66c3
03-15 23:15:36.827 I/WiFi_PRO_WifiProStateMachine( 1779): the asymmetric link result in WifiProStateMachine : 0
03-15 23:15:36.884 V/SensorManager( 1779): dispatchSensorEvent() was called, handle=3, values=[698.375, 4010.0, 0.0, 0.0, 0.0, 0.0, 0.0, 0.0, 0.0, 0.0, 0.0, 0.0, 0.0, 0.0, 0.0, 0.0], inAccuracy=3, timestamp=2468545970156
03-15 23:15:36.884 V/SensorManager( 2451): dispatchSensorEvent() was called, handle=3, values=[698.375, 4010.0, 0.0, 0.0, 0.0, 0.0, 0.0, 0.0, 0.0, 0.0, 0.0, 0.0, 0.0, 0.0, 0.0, 0.0], inAccuracy=3, timestamp=2468545970156
03-15 23:15:36.947 I/MINIISPDriver( 1460): T:14 HandleEvent:188 RecvMiniispMsg: evId: 253  MINI_EVENT_SENT[16]  EVENT_AO_CAMERA_OPEN[1]  msgId: 0xf1
03-15 23:15:36.947 D/MiniispSensorDevice( 1460): T:14 OnReceiveCameraOpen:751 enter sensorDeviceId:0x20006 ispCamId:0 eventMsg.cam_id:0
03-15 23:15:36.947 D/MiniispSensorDevice( 1460): T:14 OnReceiveCameraOpen:751 enter sensorDeviceId:0x20007 ispCamId:65537 eventMsg.cam_id:0
03-15 23:15:36.947 I/MiniispSensorDevice( 1460): T:17 PowerUp:663 cameraId 0
03-15 23:15:36.947 D/MiniispSensorDevice( 1460): T:17 SendExtendCmd:599 sub cmd:(12)
03-15 23:15:36.947 I/MINIISPDriver( 1460): T:17 SendMiniispMsg:84 COMMAND_MINIISP_EXTEND_SET[5]  SUBCMD_POWER_ON_OFF[12]  msgId: 0x100000de
03-15 23:15:36.948 I/MINIISPDriver( 1460): T:14 HandleEvent:188 RecvMiniispMsg: evId: 254  COMMAND_MINIISP_EXTEND_SET[5]  SUBCMD_POWER_ON_OFF[12]  msgId: 0x100000de
03-15 23:15:36.973 D/MiniispSensorDevice( 1460): T:17 OpenCamera:104 enter
03-15 23:15:36.973 I/MiniispSensorDevice( 1460): T:17 SendReqAcquireCameraMsg:186 sensor_mode[1] test_pattern[0], master_sensor[1],        phy_id[2], phy_mode[1], phy_work_mode[0]
03-15 23:15:36.973 I/MINIISPDriver( 1460): T:17 SendMiniispMsg:84 COMMAND_ACQUIRE_IGS_CAM[1]  msgId: 0x100000df
03-15 23:15:36.974 I/MINIISPDriver( 1460): T:14 HandleEvent:188 RecvMiniispMsg: evId: 255  COMMAND_ACQUIRE_IGS_CAM[1]  msgId: 0x100000df
03-15 23:15:36.974 I/MiniispSensorDevice( 1460): T:14 OnAcquireIgsCamAck:523 camId:0 ackCamId:0. status=0
03-15 23:15:36.975 I/MINIISPDriver( 1460): T:17 SendMiniispMsg:84 COMMAND_MINIISP_INIT_TIMESTAMP[7]  msgId: 0x100000e0
03-15 23:15:36.975 D/MiniispSensorDevice( 1460): T:17 SendExtendCmd:599 sub cmd:(9)
03-15 23:15:36.975 I/MINIISPDriver( 1460): T:17 SendMiniispMsg:84 COMMAND_MINIISP_EXTEND_SET[5]  SUBCMD_SET_DEVICE_STATUS[9]  msgId: 0x100000e1
03-15 23:15:36.975 I/MINIISPDriver( 1460): T:14 HandleEvent:188 RecvMiniispMsg: evId: 256  COMMAND_MINIISP_EXTEND_SET[5]  SUBCMD_SET_DEVICE_STATUS[9]  msgId: 0x100000e1
03-15 23:15:36.997 V/SensorManager( 2694): dispatchSensorEvent() was called, handle=0, values=[-0.40263766, 0.59934527, 9.826387, 4.2E-45, 0.0, 0.0, 0.0, 0.0, 0.0, 0.0, 0.0, 0.0, 0.0, 0.0, 0.0, 0.0], inAccuracy=3, timestamp=2468459970468
03-15 23:15:36.997 D/HwCommBoosterService( 2565): reportBoosterPara enter
03-15 23:15:36.997 D/HwCommBoosterManager( 2565): reportBoosterPara enter
03-15 23:15:36.997 D/HwCommBoosterManager( 2565): pluginId: 2dataType:801
03-15 23:15:36.997 D/HwCommBoosterManager( 2565): handleBoosterMessageSendModuleDataToPlugin enter
03-15 23:15:36.998 I/Booster_ConfigManager( 2565): [handleReceiveAPModuleData]handleReceiveAPModuleData dataType = 801
03-15 23:15:37.004 V/SensorManager( 2451): dispatchSensorEvent() was called, handle=3, values=[698.75, 4010.0, 0.0, 0.0, 0.0, 0.0, 0.0, 0.0, 0.0, 0.0, 0.0, 0.0, 0.0, 0.0, 0.0, 0.0], inAccuracy=3, timestamp=2468665970624
03-15 23:15:37.004 V/SensorManager( 1779): dispatchSensorEvent() was called, handle=3, values=[698.75, 4010.0, 0.0, 0.0, 0.0, 0.0, 0.0, 0.0, 0.0, 0.0, 0.0, 0.0, 0.0, 0.0, 0.0, 0.0], inAccuracy=3, timestamp=2468665970624
03-15 23:15:37.069 I/AiIgsService( 1482): [IGS]IgsReadThread(412): "IgsReadThread end."
03-15 23:15:37.069 I/FaceLightEyeGazeEvent( 1482): [IGS]Report(56): "report:eyeGaze:2#0 400 1 0 0 1000 20 2 2 2 0 100 100 100 30 1000 100 0 400 0 100 0 20 20 3000 2000 4294967295 35 ."
03-15 23:15:37.070 I/IgsListenerProxy(12660): [IGS]onIgsEventDone(137): "begin"
03-15 23:15:37.070 D/HWIGSCA (12660): -----onIgsEventDone----
03-15 23:15:37.070 I/CAWARENESS_32269_SwingManager(12660): onSwingEventDone eventId = 3 eventStr=eyeGaze:2
03-15 23:15:37.070 D/CAWARENESS_32269_EyeGazeAwarenessDataFactory(12660): dealEyeGazeEvent eyeGaze = 2
03-15 23:15:37.071 I/CAWARENESS_32269_AbilityContext(12660): [1773587737756] deliver {dataId=100000091, mode=0} to 1 receivers
03-15 23:15:37.071 D/CAWARENESS_32269_AbilityContext(12660): [1773587737756] deliver to receiver EyeGazeCompatibleFence@4f6c4a4
03-15 23:15:37.071 I/IgsListenerProxy(12660): [IGS]onIgsEventDone(169): "eventId = 3"
03-15 23:15:37.072 D/CAWARENESS_32269_CompatibleFenceTrigger(12660): now is ready to trigger EyeGazeFence[3E[13, 3, 1]]@4f6c4a4 caller is CallerInfo [packageName=android, nameForUid=android.uid.system:1000]
03-15 23:15:37.072 D/CAWARENESS_32269_CompatibleFenceTrigger(12660): Trigger swing fence
03-15 23:15:37.073 I/CAWARENESS_32269_CompatibleFenceTrigger(12660): triggerForSwing with IAwarenessListener
03-15 23:15:37.073 E/HwSwingEyeGazeHub( 1779): IAwarenessListener handleEvent awarenessFence.hashCode() = 157675322
03-15 23:15:37.073 I/HwSwingEyeGazeHub( 1779): isEyeGaze = false
03-15 23:15:37.130 V/SensorManager( 1779): dispatchSensorEvent() was called, handle=3, values=[697.5, 4010.0, 0.0, 0.0, 0.0, 0.0, 0.0, 0.0, 0.0, 0.0, 0.0, 0.0, 0.0, 0.0, 0.0, 0.0], inAccuracy=3, timestamp=2468785970624
03-15 23:15:37.130 V/SensorManager( 2451): dispatchSensorEvent() was called, handle=3, values=[697.5, 4010.0, 0.0, 0.0, 0.0, 0.0, 0.0, 0.0, 0.0, 0.0, 0.0, 0.0, 0.0, 0.0, 0.0, 0.0], inAccuracy=3, timestamp=2468785970624
03-15 23:15:37.196 V/SensorManager( 2694): dispatchSensorEvent() was called, handle=0, values=[-0.40471584, 0.59906757, 9.826273, 4.2E-45, 0.0, 0.0, 0.0, 0.0, 0.0, 0.0, 0.0, 0.0, 0.0, 0.0, 0.0, 0.0], inAccuracy=3, timestamp=2468659970624
03-15 23:15:37.244 V/SensorManager( 2451): dispatchSensorEvent() was called, handle=3, values=[698.25, 4010.0, 0.0, 0.0, 0.0, 0.0, 0.0, 0.0, 0.0, 0.0, 0.0, 0.0, 0.0, 0.0, 0.0, 0.0], inAccuracy=3, timestamp=2468905970624
03-15 23:15:37.244 V/SensorManager( 1779): dispatchSensorEvent() was called, handle=3, values=[698.25, 4010.0, 0.0, 0.0, 0.0, 0.0, 0.0, 0.0, 0.0, 0.0, 0.0, 0.0, 0.0, 0.0, 0.0, 0.0], inAccuracy=3, timestamp=2468905970624
03-15 23:15:37.308 I/TrafficStatisticsBoosterPlugin( 2565): handleMessage, msg = 2
03-15 23:15:37.312 I/CPU_STATS( 1451): iawared: query next cpu load with 2!
03-15 23:15:37.312 I/CPU_STATS( 1451): total cost time 2005467969 ns
03-15 23:15:37.313 I/CPU_STATS( 1451): iawared: current total load is 0.058396, capacity : 5658, pre load:  589303588376, current load : 589950669394
03-15 23:15:37.315 I/CPU_STATS( 1451): read once cost time 2894 us
03-15 23:15:37.364 V/SensorManager( 1779): dispatchSensorEvent() was called, handle=3, values=[698.0, 4010.0, 0.0, 0.0, 0.0, 0.0, 0.0, 0.0, 0.0, 0.0, 0.0, 0.0, 0.0, 0.0, 0.0, 0.0], inAccuracy=3, timestamp=2469025973906
03-15 23:15:37.364 V/SensorManager( 2451): dispatchSensorEvent() was called, handle=3, values=[698.0, 4010.0, 0.0, 0.0, 0.0, 0.0, 0.0, 0.0, 0.0, 0.0, 0.0, 0.0, 0.0, 0.0, 0.0, 0.0], inAccuracy=3, timestamp=2469025973906
03-15 23:15:37.397 V/SensorManager( 2694): dispatchSensorEvent() was called, handle=0, values=[-0.38621345, 0.6016724, 9.815278, 4.2E-45, 0.0, 0.0, 0.0, 0.0, 0.0, 0.0, 0.0, 0.0, 0.0, 0.0, 0.0, 0.0], inAccuracy=3, timestamp=2468859970312
03-15 23:15:37.400 I/bms_behavior( 5630): [WaitConditionStatus]: runState = 1, cvStatus = 1 
03-15 23:15:37.402 D/bms_behavior( 5630): [GetChargeMaxPower]: mode:0, max_power:0
03-15 23:15:37.402 D/bms_behavior( 5630): [GetCableType]: cable type:0
03-15 23:15:37.408 E/bms_file( 5630): [BmsFileReadBuffer]: file /sys/class/hw_power/coul/coul_data/rbatt is invalid
03-15 23:15:37.415 I/bms_behavior( 5630): [Monitor]: monitor interval count 487, name: Battery
03-15 23:15:37.485 V/SensorManager( 2451): dispatchSensorEvent() was called, handle=3, values=[698.25, 4010.0, 0.0, 0.0, 0.0, 0.0, 0.0, 0.0, 0.0, 0.0, 0.0, 0.0, 0.0, 0.0, 0.0, 0.0], inAccuracy=3, timestamp=2469145970624
03-15 23:15:37.485 V/SensorManager( 1779): dispatchSensorEvent() was called, handle=3, values=[698.25, 4010.0, 0.0, 0.0, 0.0, 0.0, 0.0, 0.0, 0.0, 0.0, 0.0, 0.0, 0.0, 0.0, 0.0, 0.0], inAccuracy=3, timestamp=2469145970624
03-15 23:15:37.537 I/HwMSDPMovementManager( 3138): getCurrentMovement type 0
03-15 23:15:37.540 I/ArHal   (  933): (ArDataGetState:1478):id[2]
03-15 23:15:37.543 I/L_HmsMsdpClient( 3138): [LocKit LogLocation.java:1] arId = 4
03-15 23:15:37.578 I/WifiNl80211Manager( 1779): Noise: -88, Snr: 26, Chload: 85, rssi: -67, txBitrate: 173, rxBitrate: 115, frequency: 5180, UlDelay: 1, currentTxBytes: 71207088, currentTxPackets: 60728, currentTxFailed: 0, currentRxBytes: 30199805, currentRxPackets: 35803, chloadSelf: 0, c0RssiDbm: 0, c1RssiDbm: 0
03-15 23:15:37.581 V/HwWifiServiceFactory( 1779): get AllImpl object = com.android.server.wifi.HwWifiServiceFactoryImpl@f8e66c3
03-15 23:15:37.596 V/SensorManager( 2694): dispatchSensorEvent() was called, handle=0, values=[-0.40792406, 0.5823273, 9.825958, 4.2E-45, 0.0, 0.0, 0.0, 0.0, 0.0, 0.0, 0.0, 0.0, 0.0, 0.0, 0.0, 0.0], inAccuracy=3, timestamp=2469059970468
03-15 23:15:37.604 V/SensorManager( 1779): dispatchSensorEvent() was called, handle=3, values=[698.375, 4010.0, 0.0, 0.0, 0.0, 0.0, 0.0, 0.0, 0.0, 0.0, 0.0, 0.0, 0.0, 0.0, 0.0, 0.0], inAccuracy=3, timestamp=2469265970624
03-15 23:15:37.604 V/SensorManager( 2451): dispatchSensorEvent() was called, handle=3, values=[698.375, 4010.0, 0.0, 0.0, 0.0, 0.0, 0.0, 0.0, 0.0, 0.0, 0.0, 0.0, 0.0, 0.0, 0.0, 0.0], inAccuracy=3, timestamp=2469265970624
03-15 23:15:37.730 V/SensorManager( 1779): dispatchSensorEvent() was called, handle=3, values=[699.625, 4010.0, 0.0, 0.0, 0.0, 0.0, 0.0, 0.0, 0.0, 0.0, 0.0, 0.0, 0.0, 0.0, 0.0, 0.0], inAccuracy=3, timestamp=2469385970624
03-15 23:15:37.730 V/SensorManager( 2451): dispatchSensorEvent() was called, handle=3, values=[699.625, 4010.0, 0.0, 0.0, 0.0, 0.0, 0.0, 0.0, 0.0, 0.0, 0.0, 0.0, 0.0, 0.0, 0.0, 0.0], inAccuracy=3, timestamp=2469385970624
03-15 23:15:37.750 I/HwAmbientLuxFilterAlgo( 1779): t=2469393,lx=[698.625/2467828, 698.4167/2468194, 698.5/2468429, 698.2083/2468793, 698.125/2469028, 698.75/2469393],mLx=464.6,mOffLux=464.6,s=5.0,ss=6.5869074,Avened=false,mPxs=false,mTPxs=false,mBLux=1177.05,mDlux=200.09601,backLux=0.0,mDt=1000,mBt=650
03-15 23:15:37.755 I/Collector( 2565): GetEntityNum: dataType:2, rptType:9, bufLen:688, dataLen:684, structSize:88, result:0!
03-15 23:15:37.796 V/SensorManager( 2694): dispatchSensorEvent() was called, handle=0, values=[-0.3939898, 0.61532897, 9.807934, 4.2E-45, 0.0, 0.0, 0.0, 0.0, 0.0, 0.0, 0.0, 0.0, 0.0, 0.0, 0.0, 0.0], inAccuracy=3, timestamp=2469259970624
03-15 23:15:37.841 I/Booster_Qoe( 2565): Ada,index:8,NisPsSlow:0,NProba:309,rsrp(rssi):-40,rsrq(noise):-60,rtt(chload):200,BFH(uldelay):0,BFC(rtt):0 Real:0,0,0,0,0, dlBler:0, ulBler:0
03-15 23:15:37.842 I/Booster_Qoe( 2565): Ada,index:2,NisPsSlow:0,NProba:309,rsrp(rssi):-40,rsrq(noise):-60,rtt(chload):200,BFH(uldelay):0,BFC(rtt):0 Real:0,0,0,0,0, dlBler:0, ulBler:0
03-15 23:15:37.842 I/Booster_ChannelQoeData( 2565): [dumpChannelData] Base:10233,0,0,-1,8 DNS:0,0,0 UID:1051 ChId:2 TcpData:0,0,0,0,0,0,0,0,0,0,0,0,0,0,0,0,0,0 UID:0 ChId:2 TcpData:0,0,0,0,0,0,0,0,0,0,0,0,0,0,0,0,0,0 UID:10233 ChId:2 TcpData:0,0,0,0,0,0,0,0,0,0,0,0,0,0,0,0,0,0 FastDecayData:1 AsymmetricLinkData:0
03-15 23:15:37.842 E/NetworkQoeProxy( 2565): invalid channelId = 0
03-15 23:15:37.842 E/NetworkQoeProxy( 2565): invalid channelId = 1
03-15 23:15:37.843 D/BoosterUtil( 2565): convertSubIdToSlotId, subId invalid: -1
03-15 23:15:37.843 D/BoosterUtil( 2565): getDefaultDataSlotId failed, invalid slotId:-1, subId:-1
03-15 23:15:37.843 D/BoosterUtil( 2565): convertSubIdToSlotId, subId invalid: -1
03-15 23:15:37.843 D/BoosterUtil( 2565): getDefaultDataSlotId failed, invalid slotId:-1, subId:-1
03-15 23:15:37.845 V/SensorManager( 1779): dispatchSensorEvent() was called, handle=3, values=[698.0, 4010.0, 0.0, 0.0, 0.0, 0.0, 0.0, 0.0, 0.0, 0.0, 0.0, 0.0, 0.0, 0.0, 0.0, 0.0], inAccuracy=3, timestamp=2469505970624
03-15 23:15:37.845 V/SensorManager( 2451): dispatchSensorEvent() was called, handle=3, values=[698.0, 4010.0, 0.0, 0.0, 0.0, 0.0, 0.0, 0.0, 0.0, 0.0, 0.0, 0.0, 0.0, 0.0, 0.0, 0.0], inAccuracy=3, timestamp=2469505970624
03-15 23:15:37.845 E/Booster_BroadcastProxy( 2565): [isDebugModemEnabled]get package info fail.
03-15 23:15:37.845 I/Booster_BroadcastProxy( 2565): [isDebugModemEnabled]mode: false
03-15 23:15:37.846 I/CloudServiceChr( 2565): App Qoe normal
03-15 23:15:37.846 E/Booster_NetworkQoeChr( 2565): [chrBlerMonitorAndReport]modemQoeData is not present
03-15 23:15:37.846 I/Booster_NetworkQoeMonitor( 2565): [createQoeBundle]networkQoeChanged:10233,4,0,309,1,2,4,0,309,0,0,10,10,0,0,0,0,0,2,1024,1024
03-15 23:15:37.848 I/CloudNetworkStateMachine( 2565): the Wi-Fi action state is true
03-15 23:15:37.848 I/CloudNetworkStateMachine( 2565): wifi is active, the Wi-Fi is connected.
03-15 23:15:37.849 I/WiFi_PRO_WifiProStateMachine( 1779): APP_SERVICE_QOE_NOTIFY Qoe info 10233,4,0,309,1,2,4,0,309,0,0,10,10,0,0,0,0 CID 2 mMasterWifiRssi 0 mMasterCardAmbr 1048576 mSlaveCardAmbr 1048576
03-15 23:15:37.849 I/HwWifiProServiceProxy( 1779): ctrlHwWifiNetwork pkgName: WIFIPRO_SERVICE interfaceId: 9
03-15 23:15:37.849 I/WiFi_PRO_WifiProStateMachine( 1779): isWifi2WifiProcess = false, mIsNeedIgnoreQoeUpdate = false, mIsAppInBlacklistFullScreen = false, mIsWiFiNoInternet false, screen on = true, full screen = false, isLandscapeMode = false, mNotifyWifiLinkPoorReason = -1, mIsAppInBlacklistQoe false, mIsAppInBlackListAll false
03-15 23:15:37.849 E/WiFi_PROHumanFactorRecommend( 1779): isEconomicTrafficUser, invalid slotId=-1
03-15 23:15:37.849 I/WiFi_PRO_WifiProStateMachine( 1779): , mAppQoeBadCnt = 0, mNetworkSlowReason = 0, isEconomicTrafficUser =false, mStrategy =0
03-15 23:15:37.849 I/WiFi_PRO_WifiProStateMachine( 1779): getAppQoeInfoReason badReason:0
03-15 23:15:37.849 D/Hicom_XEngineProc( 2565): isSupportLocalSocketKit packageNam: ai.axiomaster.BoJi isSupported: false
03-15 23:15:37.849 I/WiFi_PRO_WifiProStateMachine( 1779): resetWifiQoeBad
03-15 23:15:37.849 I/WiFi_PRO_WifiProStateMachine( 1779): the fast decay result in WifiProStateMachine : 1
03-15 23:15:37.849 I/WiFi_PRO_WifiProStateMachine( 1779): start handle fast decay
03-15 23:15:37.849 V/HwWifiServiceFactory( 1779): get AllImpl object = com.android.server.wifi.HwWifiServiceFactoryImpl@f8e66c3
03-15 23:15:37.849 I/WiFi_PRO_WifiProStateMachine( 1779): the asymmetric link result in WifiProStateMachine : 0
03-15 23:15:37.933 V/HwWifiServiceFactory( 1779): get AllImpl object = com.android.server.wifi.HwWifiServiceFactoryImpl@f8e66c3
03-15 23:15:37.939 D/CompositionEngine(  984): Display:0 layers:4
03-15 23:15:37.964 V/SensorManager( 1779): dispatchSensorEvent() was called, handle=3, values=[698.25, 4010.0, 0.0, 0.0, 0.0, 0.0, 0.0, 0.0, 0.0, 0.0, 0.0, 0.0, 0.0, 0.0, 0.0, 0.0], inAccuracy=3, timestamp=2469625970624
03-15 23:15:37.964 V/SensorManager( 2451): dispatchSensorEvent() was called, handle=3, values=[698.25, 4010.0, 0.0, 0.0, 0.0, 0.0, 0.0, 0.0, 0.0, 0.0, 0.0, 0.0, 0.0, 0.0, 0.0, 0.0], inAccuracy=3, timestamp=2469625970624
03-15 23:15:37.969 I/PGServer( 2535): getThermalInfo. calling pkg: com.huawei.iaware
03-15 23:15:37.997 V/SensorManager( 2694): dispatchSensorEvent() was called, handle=0, values=[-0.3995731, 0.5995751, 9.821695, 4.2E-45, 0.0, 0.0, 0.0, 0.0, 0.0, 0.0, 0.0, 0.0, 0.0, 0.0, 0.0, 0.0], inAccuracy=3, timestamp=2469459970312
03-15 23:15:38.001 D/HwCommBoosterService( 2565): reportBoosterPara enter
03-15 23:15:38.001 D/HwCommBoosterManager( 2565): reportBoosterPara enter
03-15 23:15:38.001 D/HwCommBoosterManager( 2565): pluginId: 2dataType:801
03-15 23:15:38.001 D/HwCommBoosterManager( 2565): handleBoosterMessageSendModuleDataToPlugin enter
03-15 23:15:38.002 I/Booster_ConfigManager( 2565): [handleReceiveAPModuleData]handleReceiveAPModuleData dataType = 801
03-15 23:15:38.084 V/SensorManager( 1779): dispatchSensorEvent() was called, handle=3, values=[698.25, 4010.0, 0.0, 0.0, 0.0, 0.0, 0.0, 0.0, 0.0, 0.0, 0.0, 0.0, 0.0, 0.0, 0.0, 0.0], inAccuracy=3, timestamp=2469745970624
03-15 23:15:38.085 V/SensorManager( 2451): dispatchSensorEvent() was called, handle=3, values=[698.25, 4010.0, 0.0, 0.0, 0.0, 0.0, 0.0, 0.0, 0.0, 0.0, 0.0, 0.0, 0.0, 0.0, 0.0, 0.0], inAccuracy=3, timestamp=2469745970624
03-15 23:15:38.108 I/Booster_BoosterdDelegate( 2565): [handleMessage]handleMessage, enter
03-15 23:15:38.109 E/Booster_BoosterdDelegate( 2565): [bindService]bindService start
03-15 23:15:38.109 E/Booster_BoosterdDelegate( 2565): [getBoosterdNativeService]Failed to get boosterd native service
03-15 23:15:38.109 E/Booster_BoosterdDelegate( 2565): [bindService]mService is null
03-15 23:15:38.109 I/Booster_BoosterdDelegate( 2565): [startRebindServieTimer] startRebindServieTimer
03-15 23:15:38.110 I/OllieMsgCenter( 2565): publishEvt=2135097353
03-15 23:15:38.125 I/InputReader( 1779): eventHub getEvents 0
03-15 23:15:38.125 I/EventHub( 1779): EventHub monitor: no key events in the past 91s, 
03-15 23:15:38.163 E/emcomd  ( 1377): [EMCOMD_NET] SmartcareReport# SendResponse error
03-15 23:15:38.197 V/SensorManager( 2694): dispatchSensorEvent() was called, handle=0, values=[-0.38808092, 0.6080889, 9.824961, 4.2E-45, 0.0, 0.0, 0.0, 0.0, 0.0, 0.0, 0.0, 0.0, 0.0, 0.0, 0.0, 0.0], inAccuracy=3, timestamp=2469659970468
03-15 23:15:38.204 V/SensorManager( 1779): dispatchSensorEvent() was called, handle=3, values=[698.125, 4010.0, 0.0, 0.0, 0.0, 0.0, 0.0, 0.0, 0.0, 0.0, 0.0, 0.0, 0.0, 0.0, 0.0, 0.0], inAccuracy=3, timestamp=2469865970624
03-15 23:15:38.204 V/SensorManager( 2451): dispatchSensorEvent() was called, handle=3, values=[698.125, 4010.0, 0.0, 0.0, 0.0, 0.0, 0.0, 0.0, 0.0, 0.0, 0.0, 0.0, 0.0, 0.0, 0.0, 0.0], inAccuracy=3, timestamp=2469865970624
03-15 23:15:38.249 I/WifiNl80211Manager( 1779): Noise: -88, Snr: 26, Chload: 85, rssi: -67, txBitrate: 173, rxBitrate: 115, frequency: 5180, UlDelay: 1, currentTxBytes: 71207088, currentTxPackets: 60728, currentTxFailed: 0, currentRxBytes: 30199805, currentRxPackets: 35803, chloadSelf: 0, c0RssiDbm: 0, c1RssiDbm: 0
03-15 23:15:38.250 I/HwDualBandLearningAlg( 1779): update5gBetaAttribute, m24gConnectionRateList is empty or not full, ignore
03-15 23:15:38.330 V/SensorManager( 2451): dispatchSensorEvent() was called, handle=3, values=[698.0, 4010.0, 0.0, 0.0, 0.0, 0.0, 0.0, 0.0, 0.0, 0.0, 0.0, 0.0, 0.0, 0.0, 0.0, 0.0], inAccuracy=3, timestamp=2469985970624
03-15 23:15:38.330 V/SensorManager( 1779): dispatchSensorEvent() was called, handle=3, values=[698.0, 4010.0, 0.0, 0.0, 0.0, 0.0, 0.0, 0.0, 0.0, 0.0, 0.0, 0.0, 0.0, 0.0, 0.0, 0.0], inAccuracy=3, timestamp=2469985970624
03-15 23:15:38.397 V/SensorManager( 2694): dispatchSensorEvent() was called, handle=0, values=[-0.40290582, 0.6072653, 9.817337, 4.2E-45, 0.0, 0.0, 0.0, 0.0, 0.0, 0.0, 0.0, 0.0, 0.0, 0.0, 0.0, 0.0], inAccuracy=3, timestamp=2469859970624
03-15 23:15:38.444 V/SensorManager( 2451): dispatchSensorEvent() was called, handle=3, values=[697.75, 4010.0, 0.0, 0.0, 0.0, 0.0, 0.0, 0.0, 0.0, 0.0, 0.0, 0.0, 0.0, 0.0, 0.0, 0.0], inAccuracy=3, timestamp=2470105970624
03-15 23:15:38.444 V/SensorManager( 1779): dispatchSensorEvent() was called, handle=3, values=[697.75, 4010.0, 0.0, 0.0, 0.0, 0.0, 0.0, 0.0, 0.0, 0.0, 0.0, 0.0, 0.0, 0.0, 0.0, 0.0], inAccuracy=3, timestamp=2470105970624
03-15 23:15:38.528 I/HwMSDPMovementManager( 3138): getCurrentMovement type 0
03-15 23:15:38.530 I/ArHal   (  933): (ArDataGetState:1478):id[2]
03-15 23:15:38.535 I/L_HmsMsdpClient( 3138): [LocKit LogLocation.java:1] arId = 4
