--------- beginning of main
03-15 23:15:25.559 I/WiFi_PRO_WifiProStateMachine( 1779): the asymmetric link result in WifiProStateMachine : 0
03-15 23:15:25.560 D/Hicom_XEngineProc( 2565): isSupportLocalSocketKit packageNam: ai.axiomaster.BoJi isSupported: false
03-15 23:15:25.596 V/SensorManager( 2694): dispatchSensorEvent() was called, handle=0, values=[-0.41147706, 0.59913456, 9.817501, 4.2E-45, 0.0, 0.0, 0.0, 0.0, 0.0, 0.0, 0.0, 0.0, 0.0, 0.0, 0.0, 0.0], inAccuracy=3, timestamp=2457059970468
03-15 23:15:25.604 V/SensorManager( 1779): dispatchSensorEvent() was called, handle=3, values=[697.75, 4010.0, 0.0, 0.0, 0.0, 0.0, 0.0, 0.0, 0.0, 0.0, 0.0, 0.0, 0.0, 0.0, 0.0, 0.0], inAccuracy=3, timestamp=2457265970624
03-15 23:15:25.604 V/SensorManager( 2451): dispatchSensorEvent() was called, handle=3, values=[697.75, 4010.0, 0.0, 0.0, 0.0, 0.0, 0.0, 0.0, 0.0, 0.0, 0.0, 0.0, 0.0, 0.0, 0.0, 0.0], inAccuracy=3, timestamp=2457265970624
03-15 23:15:25.624 I/BehaviorCollectorService( 1779): behavior detect's caller package name = com.huawei.mycenter, caller dwell time = 2400269
03-15 23:15:25.685 D/ScreemCommon( 1488): PerfInfo:PerfIoctlCmd 2
03-15 23:15:25.685 D/ScreemCommon( 1488): PerfInfoFrame#process info, magic 2
03-15 23:15:25.688 I/AGPService( 1419): AppDynamicFps 3 seconds
03-15 23:15:25.688 I/AGPService( 1419): AppDynamicFps: change lcd freq to 60 - touch up after 3.0s
03-15 23:15:25.688 I/AGPService( 1419): FrameRateManager:[CheckAnimationTimeOut] timeout animation check Before 0, After 0
03-15 23:15:25.689 I/AGPService( 1419): FrameRateManager:[HandleFrameRateRefresh] currPkgName: ai.axiomaster.BoJi, strategyCode 1242: dynamicCode 1, isFactor 0, min 30, max 90, down 90, idle 60
03-15 23:15:25.689 I/AGPService( 1419): FrameRateData:[GetUiAnimationData] level unkown pkgName_Uid unkown max fps -2 pkgName  isSurface 1
03-15 23:15:25.689 I/AGPService( 1419): FrameRateManager:[JudgeFinalLcdFps] sceneinfo(0, -2, 0, 0);touchinfo(1, 1, 3, 60);isFHF 0 animFps -2 sfFps 0 damageFps -1 pkg  isSurface 1
03-15 23:15:25.689 I/AGPService( 1419): FrameRateManager:[JudgeFinalLcdFps] Finish judging and final lcd fps: 60
03-15 23:15:25.689 D/AGPService( 1419): Bp<- displayGetFps
03-15 23:15:25.689 I/HW_DISPLAY_TEST(  948): display_get_fps: Get FPS successful
03-15 23:15:25.690 D/HW_DISPLAY_TEST(  948): display_get_fps: get mipi panel fps
03-15 23:15:25.690 I/HW_DISPLAY_TEST(  948): display_get_fps: open file /sys/class/graphics/fb0/lcd_fps_scence:current_fps:90;default_fps:120;support_fps_list:30,36,40,45,60,72,90,120;product_panel_num:1;current_panel_id:0;panel_id:0;panel_type:LTPO2;support_fps:30,36,40,45,60,72,90,120
03-15 23:15:25.690 I/HW_DISPLAY_TEST(  948):  success
03-15 23:15:25.690 I/AGPService( 1419): display get fps - current_fps:90;default_fps:120;support_fps_list:30,36,40,45,60,72,90,120;product_panel_num:1;current_panel_id:0;panel_id:0;panel_type:LTPO2;support_fps:30,36,40,45,60,72,90,120
03-15 23:15:25.691 D/AGPService( 1419): FrameRefreshThread: set refreshrate - 60
03-15 23:15:25.691 I/AGPService( 1419): FrameRateManager:[SetActiveConfigByFps] reset Pkg isSurface, AnimFps -2, fps to sf 60
03-15 23:15:25.691 D/surfaceflinger(  984): getRefreshRateFromFps: get target refresh rate fps 60
03-15 23:15:25.691 I/SurfaceFlingerEx(  984): SetAGPActiveConfig: agp set fps 60, currentFps 90, hasBuffer 0, isFling 0, packageName 
03-15 23:15:25.691 I/AGPService( 1419): FrameRateManager: set active config - fps 60 pkgName  isSurface 1
03-15 23:15:25.691 I/AGPService( 1419): ScheduleProxy:[SendSlideRefreshRate] refreshrate - 60
03-15 23:15:25.691 I/Sched hal(  956): SlideResMng receive currentFps = 60
03-15 23:15:25.692 I/vendor.huawei.hardware.hwsched@1.0-service(  956): [SlidResMng]: lastFpsAGP is 90: current is 60
03-15 23:15:25.692 I/vendor.huawei.hardware.hwsched@1.0-service(  956): [SlidResMng]: Ioctl SetPara!
03-15 23:15:25.692 I/DE N SR-DATA( 1421): D SetFrameRate:235: Framerate: text=60 value=60
03-15 23:15:25.692 D/AGPService( 1419): FrameRateManager: NotifyPackageUpdatedToITouch: currPkgName - ai.axiomaster.BoJi, type - -1, lcdFps - 60
03-15 23:15:25.692 I/DE N ^CWB( 1421): D SetFrameRate:111: frame rate = 60
03-15 23:15:25.692 D/ITouchService( 1419): GameSceneManager: game scene not changed, set game mode returned
03-15 23:15:25.692 I/DE N ^CWB( 1421): D UpdateCwbPeriod:421: UpdateCwbPeriod { pkg[1], fps[1], autoMode[1], cwbForceEnable[-1] } -> [1]
03-15 23:15:25.692 D/ITouchService( 1419): itouch OneFrameInfo check OneFrameSence in RefreshRateConfig 1
03-15 23:15:25.692 E/ITouchService( 1419): itouch OneFrameDetect instance is nullptr or oneFrameSwitch is not change
03-15 23:15:25.692 I/DE N HW ( 1421): D ApplyFrameRate:270: Send frame rate=60 to hal.
03-15 23:15:25.693 I/DE N DEClient( 1421): D NotifyCached:140: event=1 extra=60
03-15 23:15:25.693 I/DE N DEClient( 1421): D NotifyInternal:193: send event=1 extra=60
03-15 23:15:25.693 I/DE N VH ( 1421): D SetFrameInterval:195: interval = 16667us
03-15 23:15:25.693 I/DE N HW ( 1421): D SetEffectLogPrintNormal:1067: FEATURE_ALL(16) { MODE_FRAME_RATE size:4 }
03-15 23:15:25.693 I/DE N VH ( 1421): D OnNotify:66: FrameInterval=16667
--------- beginning of system
03-15 23:15:25.693 I/DE J DES( 1779): [effect] frame rate=60
03-15 23:15:25.693 I/HwNormalizedRampAnimator( 1779): onEvent, frameRate:90=>60
03-15 23:15:25.693 I/HwGradualBrightnessAlgo( 1779): updateFrameRate,rate=60,mTimeDelta=0.016666668
03-15 23:15:25.697 D/SurfaceFlinger(  984): getRefreshRateFromFps: get target refresh rate fps 60
03-15 23:15:25.697 I/SurfaceFlinger(  984): changeRefreshRate: new mode 3, fps 60, active display 0
03-15 23:15:25.697 D/DisplayDevice(  984): setDesiredActiveMode({id=3, hwcId=768, width=1316, height=2832, refreshRate=60.00fps, dpiX=451.71, dpiY=455.27, group=0}) on display 0
03-15 23:15:25.697 I/SurfaceFlinger(  984): vsync-sf changed apply
03-15 23:15:25.697 I/SurfaceFlinger(  984): vsync-sf changed apply
03-15 23:15:25.697 I/SurfaceFlinger(  984): vsync-sf changed apply
03-15 23:15:25.697 I/DisplayDevice(  984): initiateModeChange: change to mode 3(60fps) on display 0
03-15 23:15:25.697 I/SurfaceFlinger(  984): vsync-sf changed apply
03-15 23:15:25.699 I/SurfaceFlinger(  984): vsync-sf changed apply
03-15 23:15:25.700 I/VSyncPredictor(  984): setPeriod: 16666666
03-15 23:15:25.701 I/SurfaceFlinger(  984): vsync-sf changed apply
03-15 23:15:25.713 D/DisplayDevice(  984): setActiveMode: new mode 3, old mode 1, on display 0
03-15 23:15:25.713 D/SurfaceFlinger(  984): getRefreshRateFromFps: get target refresh rate fps 60
03-15 23:15:25.713 D/SurfaceFlinger(  984): performSetActiveMode: already at the requested mode 3 on display 0
03-15 23:15:25.713 D/ThirdPartyParser( 1779): pkgName is :null
03-15 23:15:25.713 D/ThirdPartyParser( 1779): pkgName is :null
03-15 23:15:25.713 D/ThirdPartyParser( 1779): pkgName is :null
03-15 23:15:25.713 D/ThirdPartyParser( 1779): pkgName is :null
03-15 23:15:25.713 D/ThirdPartyParser( 1779): pkgName is :null
03-15 23:15:25.713 D/ThirdPartyParser( 1779): pkgName is :null
03-15 23:15:25.713 D/ThirdPartyParser( 1779): pkgName is :null
03-15 23:15:25.713 D/ThirdPartyParser( 1779): pkgName is :null
03-15 23:15:25.714 V/LocalDisplayAdapter( 1779): getDisplayDeviceInfoLocked called,1316x2832, 1316x2832displayCutout DisplayCutout{insets=Rect(0, 138 - 0, 0) waterfall=Insets{left=0, top=0, right=0, bottom=0} boundingRect={Bounds=[Rect(0, 0 - 0, 0), Rect(512, 0 - 804, 138), Rect(0, 0 - 0, 0), Rect(0, 0 - 0, 0)]} cutoutPathParserInfo={CutoutPathParserInfo{displayWidth=1316 displayHeight=2832 density={3.5} cutoutSpec={M-146,138l292,0l0,-138l-292,0z} rotation={0} scale={1.0}}}}
03-15 23:15:25.714 I/DisplayDeviceRepository( 1779): changed: ddi{内置屏幕,1316x2832,4,1,0,[0, 7, 9],HC{[2, 3],500.0,102.0,1.0},false,false,2000000,15666666,cutout {(0,138-0,0){0,0,0,0}{[(0,0-0,0),(512,0-804,138),(0,0-0,0),(0,0-0,0)]}{{1316,2832,{3.5},{M-146,138l292,0l0,-138l-292,0z},{0},{1.0}}}},1,0,1,2,0.0,1.0,0.4,1,2,4,8}
03-15 23:15:25.714 I/DE H =DEEP_CALIB(  946): I UpdateApOdcStatus:888: disable part update when ODC status changed
03-15 23:15:25.714 I/DE H =DEEP_CALIB(  946): I UpdateApOdcStatus:915: odcData:enable=0,Bypass=1,fr=60,lfr=60,bl=1530,lbl=1530
03-15 23:15:25.715 D/CompositionEngine(  984): schedule graphic cpuset: CPUSET_SP_GRAPHIC_NORMAL, composer pid: 946
03-15 23:15:25.717 I/PF_GROUP(  969): [DeleteLongTermCommand:544] [CPU_M] del from long term cmd, optType:0, value:864000 with handle:2981
03-15 23:15:25.717 I/DisplayInfo( 1779): diff:131072
03-15 23:15:25.717 D/DisplayManagerService( 1779): Delivering display event: displayId=0, event=2
03-15 23:15:25.717 I/HwMultiDisplayManager( 1779): onDisplayChanged: 0
03-15 23:15:25.717 D/Display ( 1779): getRotation rotation = 0, packageName = null
03-15 23:15:25.718 I/HwMediaSessionServiceEx( 1779): MediaDisplayEventReceiver onDisplayChanged: 0
03-15 23:15:25.719 I/NetworkTimeUpdateService( 1779): Display displayState:2
03-15 23:15:25.719 I/WallpaperService( 2397): onDisplayChanged(0), state = 2
03-15 23:15:25.720 I/HwActivityTaskSupervisorEx( 1779): handleVrDisplayChanged displayId = 0
03-15 23:15:25.720 W/HwActivityTaskSupervisorEx( 1779): handleVrDisplayChanged other vr mode displayId: 0
03-15 23:15:25.720 I/HwPCUtils#HwPCManagerService( 1779): onDisplayChanged, displayId:0
03-15 23:15:25.721 I/DisplayDevice( 1779): setLayerStackLocked mCurrentLayerStack 0, layerStack: 0 mUniqueId:local:0
03-15 23:15:25.721 D/ThirdPartyParser( 1779): pkgName is :null
03-15 23:15:25.721 D/ThirdPartyParser( 1779): pkgName is :null
03-15 23:15:25.721 D/ThirdPartyParser( 1779): pkgName is :null
03-15 23:15:25.721 D/ThirdPartyParser( 1779): pkgName is :null
03-15 23:15:25.721 D/ThirdPartyParser( 1779): pkgName is :null
03-15 23:15:25.721 D/ThirdPartyParser( 1779): pkgName is :null
03-15 23:15:25.721 D/ThirdPartyParser( 1779): pkgName is :null
03-15 23:15:25.721 D/ThirdPartyParser( 1779): pkgName is :null
03-15 23:15:25.721 I/LogicalDisplay( 1779): displayInfo = (0,0,1316,2832,0)
03-15 23:15:25.721 I/HwPCUtils#LogicalDisplay( 1779): displayDeviceInfo.flags = 8207
03-15 23:15:25.721 I/HwPCUtils#LogicalDisplay( 1779): displayDeviceInfo.rotation = 0
03-15 23:15:25.721 D/Display ( 1779): foldStatus: 0
03-15 23:15:25.721 D/LogicalDisplay( 1779): rotation correction in anco. orientation = 0, correction = 0
03-15 23:15:25.721 I/LogicalDisplay( 1779): configureDisplayLocked mTempLayerStackRect=Rect(0, 0 - 1316, 2832), mTempDisplayRect=Rect(0, 0 - 1316, 2832), orientation = 0, uniqueId = local:0
03-15 23:15:25.721 I/DisplayDevice( 1779): setProjectionLocked begin displayId 0, isDefaultDisplay true, uniqueId local:0, physicalDisplayId 0, orientation(0->0), LayerStackRect(Rect(0, 0 - 1316, 2832)->Rect(0, 0 - 1316, 2832)), DisplayRect(Rect(0, 0 - 1316, 2832)->Rect(0, 0 - 1316, 2832))
03-15 23:15:25.722 I/DisplayDevice( 1779): isNeedRefreshOrientaion orientation 0
03-15 23:15:25.722 I/DisplayDevice( 1779): populateViewportLocked  uniqueId local:0, physicalDisplayId 0, viewport.deviceWidth:1316, viewport.deviceHeight: 2832, viewport.orientation: 0
03-15 23:15:25.722 I/HwDisplayInfo( 2268): updateDisplayInfoInner begin
03-15 23:15:25.722 D/Display ( 2268): getRotation rotation = 0, packageName = com.android.systemui
03-15 23:15:25.722 I/HwDisplayInfo( 2268): get display Info: display Id: 0, RealSize: Point(1316, 2832), mRotation: 0, mFoldMode: 0, WidthPixels: 1316, HeightPixels: 2832
03-15 23:15:25.722 I/HwDisplayInfo( 2268): updateDisplayInfoInner finish
03-15 23:15:25.722 D/Display ( 2268): getRotation rotation = 0, packageName = com.android.systemui
03-15 23:15:25.722 D/Display ( 2268): getRotation rotation = 0, packageName = com.android.systemui
03-15 23:15:25.723 D/Display (10053): getRotation rotation = 0, packageName = ai.axiomaster.BoJi
03-15 23:15:25.725 D/Display ( 9325): getRotation rotation = 0, packageName = com.huawei.browser
03-15 23:15:25.725 D/Display (13342): getRotation rotation = 0, packageName = com.huawei.magazine
03-15 23:15:25.730 V/SensorManager( 1779): dispatchSensorEvent() was called, handle=3, values=[697.75, 4010.0, 0.0, 0.0, 0.0, 0.0, 0.0, 0.0, 0.0, 0.0, 0.0, 0.0, 0.0, 0.0, 0.0, 0.0], inAccuracy=3, timestamp=2457385970624
03-15 23:15:25.730 V/SensorManager( 2451): dispatchSensorEvent() was called, handle=3, values=[697.75, 4010.0, 0.0, 0.0, 0.0, 0.0, 0.0, 0.0, 0.0, 0.0, 0.0, 0.0, 0.0, 0.0, 0.0, 0.0], inAccuracy=3, timestamp=2457385970624
03-15 23:15:25.734 E/PF_SYS_WRAPPER(  969): [SysOpenAndWriteStr:76] [MIPS_LOAD_CPUL] open file /sys/devices/system/cpu/cpufreq/policy0/mips/ipc_target_loads failed, errno=2 (No such file or directory) 
03-15 23:15:25.735 E/PF_SYS_WRAPPER(  969): [SysOpenAndWriteStr:76] [MIPS_MAX_FREQ_CPUL] open file /sys/devices/system/cpu/cpufreq/policy0/mips/ipc_max_freq failed, errno=2 (No such file or directory) 
03-15 23:15:25.735 E/PF_SYS_WRAPPER(  969): [SysOpenAndWriteStr:76] [SCHED_LOAD_OPT] open file /sys/kernel/eas/walt_ravg_window_nr_ticks failed, errno=13 (Permission denied) 
03-15 23:15:25.735 E/PF_SYS_WRAPPER(  969): [SysOpenAndWriteStr:76] [SCHED_SHARE_BG] open file /dev/cpuctl/background/cpu.shares failed, errno=13 (Permission denied) 
03-15 23:15:25.735 E/PF_SYS_WRAPPER(  969): [SysOpenAndWriteStr:76] [SCHED_SHARE_KBG] open file /dev/cpuctl/key-background/cpu.shares failed, errno=13 (Permission denied) 
03-15 23:15:25.735 E/PF_SYS_WRAPPER(  969): [SysOpenAndWriteStr:76] [SCHED_SHARE_SBG] open file /dev/cpuctl/system-background/cpu.shares failed, errno=13 (Permission denied) 
03-15 23:15:25.735 E/PF_SYS_WRAPPER(  969): [SysOpenAndWriteStr:76] [SCHED_SHARE_FG] open file /dev/cpuctl/foreground/cpu.shares failed, errno=13 (Permission denied) 
03-15 23:15:25.735 E/PF_SYS_WRAPPER(  969): [SysOpenAndWriteStr:76] [SCHED_SHARE_TA] open file /dev/cpuctl/top-app/cpu.shares failed, errno=13 (Permission denied) 
03-15 23:15:25.735 E/PF_SYS_WRAPPER(  969): [SysOpenAndWriteStr:76] [SCHED_SHARE_SYS] open file /dev/cpuctl/system/cpu.shares failed, errno=13 (Permission denied) 
03-15 23:15:25.735 E/PF_SYS_WRAPPER(  969): [SysOpenAndWriteStr:76] [SCHED_SHARE_VIP] open file /dev/cpuctl/vip/cpu.shares failed, errno=13 (Permission denied) 
03-15 23:15:25.735 E/PF_SYS_WRAPPER(  969): [SysOpenAndWriteStr:76] [SCHED_LATENCY_BG] open file /dev/cpuctl/background/cpu.latency.nice failed, errno=13 (Permission denied) 
03-15 23:15:25.735 E/PF_SYS_WRAPPER(  969): [SysOpenAndWriteStr:76] [SCHED_LATENCY_KBG] open file /dev/cpuctl/key-background/cpu.latency.nice failed, errno=13 (Permission denied) 
03-15 23:15:25.735 E/PF_SYS_WRAPPER(  969): [SysOpenAndWriteStr:76] [SCHED_LATENCY_SBG] open file /dev/cpuctl/system-background/cpu.latency.nice failed, errno=13 (Permission denied) 
03-15 23:15:25.735 E/PF_SYS_WRAPPER(  969): [SysOpenAndWriteStr:76] [SCHED_LATENCY_FG] open file /dev/cpuctl/foreground/cpu.latency.nice failed, errno=13 (Permission denied) 
03-15 23:15:25.735 E/PF_SYS_WRAPPER(  969): [SysOpenAndWriteStr:76] [SCHED_LATENCY_TA] open file /dev/cpuctl/top-app/cpu.latency.nice failed, errno=13 (Permission denied) 
03-15 23:15:25.735 E/PF_SYS_WRAPPER(  969): [SysOpenAndWriteStr:76] [SCHED_LATENCY_SYS] open file /dev/cpuctl/system/cpu.latency.nice failed, errno=13 (Permission denied) 
03-15 23:15:25.735 E/PF_SYS_WRAPPER(  969): [SysOpenAndWriteStr:76] [SCHED_LATENCY_VIP] open file /dev/cpuctl/vip/cpu.latency.nice failed, errno=13 (Permission denied) 
03-15 23:15:25.735 E/PF_SYS_WRAPPER(  969): [SysOpenAndWriteStr:76] [DRG3_ENABLE] open file /sys/devices/platform/drg/drg3/enable failed, errno=2 (No such file or directory) 
03-15 23:15:25.735 E/PF_SYS_WRAPPER(  969): [SysOpenAndWriteStr:76] [DRG4_ENABLE] open file /sys/devices/platform/drg/drg4/enable failed, errno=2 (No such file or directory) 
03-15 23:15:25.735 E/PF_SYS_WRAPPER(  969): [SysOpenAndWriteStr:76] [COLOC_GRP_BG] open file /dev/cpuctl/background/cpu.coloc_grp_id failed, errno=13 (Permission denied) 
03-15 23:15:25.735 E/PF_SYS_WRAPPER(  969): [SysOpenAndWriteStr:76] [COLOC_GRP_KBG] open file /dev/cpuctl/key-background/cpu.coloc_grp_id failed, errno=13 (Permission denied) 
03-15 23:15:25.735 E/PF_SYS_WRAPPER(  969): [SysOpenAndWriteStr:76] [COLOC_GRP_SBG] open file /dev/cpuctl/system-background/cpu.coloc_grp_id failed, errno=13 (Permission denied) 
03-15 23:15:25.735 E/PF_SYS_WRAPPER(  969): [SysOpenAndWriteStr:76] [COLOC_GRP_FG] open file /dev/cpuctl/foreground/cpu.coloc_grp_id failed, errno=13 (Permission denied) 
03-15 23:15:25.735 E/PF_SYS_WRAPPER(  969): [SysOpenAndWriteStr:76] [COLOC_GRP_TA] open file /dev/cpuctl/top-app/cpu.coloc_grp_id failed, errno=13 (Permission denied) 
03-15 23:15:25.735 E/PF_SYS_WRAPPER(  969): [SysOpenAndWriteStr:76] [COLOC_GRP_GRAPHIC] open file /dev/cpuctl/graphic/cpu.coloc_grp_id failed, errno=13 (Permission denied) 
03-15 23:15:25.735 E/PF_SYS_WRAPPER(  969): [SysOpenAndWriteStr:76] [COLOC_GRP_SYS] open file /dev/cpuctl/system/cpu.coloc_grp_id failed, errno=13 (Permission denied) 
03-15 23:15:25.736 E/PF_SYS_WRAPPER(  969): [SysOpenAndWriteStr:76] [COLOC_GRP_VIP] open file /dev/cpuctl/vip/cpu.coloc_grp_id failed, errno=13 (Permission denied) 
03-15 23:15:25.736 I/PF_GROUP(  969): [DeleteLongTermCommand:544] [GOVERNOR_LOAD_GPU] del from long term cmd, optType:0, value:110 with handle:2982
03-15 23:15:25.741 I/RmeSchedManager(10053): SetMarginData, input:3, animation:4, traversal:5, util:600, frameRate:60
03-15 23:15:25.753 E/PF_SYS_WRAPPER(  969): [SysOpenAndWriteStr:76] [MIPS_LOAD_CPUL] open file /sys/devices/system/cpu/cpufreq/policy0/mips/ipc_target_loads failed, errno=2 (No such file or directory) 
03-15 23:15:25.753 E/PF_SYS_WRAPPER(  969): [SysOpenAndWriteStr:76] [MIPS_MAX_FREQ_CPUL] open file /sys/devices/system/cpu/cpufreq/policy0/mips/ipc_max_freq failed, errno=2 (No such file or directory) 
03-15 23:15:25.753 E/PF_SYS_WRAPPER(  969): [SysOpenAndWriteStr:76] [SCHED_LOAD_OPT] open file /sys/kernel/eas/walt_ravg_window_nr_ticks failed, errno=13 (Permission denied) 
03-15 23:15:25.753 E/PF_SYS_WRAPPER(  969): [SysOpenAndWriteStr:76] [SCHED_SHARE_BG] open file /dev/cpuctl/background/cpu.shares failed, errno=13 (Permission denied) 
03-15 23:15:25.753 E/PF_SYS_WRAPPER(  969): [SysOpenAndWriteStr:76] [SCHED_SHARE_KBG] open file /dev/cpuctl/key-background/cpu.shares failed, errno=13 (Permission denied) 
03-15 23:15:25.753 E/PF_SYS_WRAPPER(  969): [SysOpenAndWriteStr:76] [SCHED_SHARE_SBG] open file /dev/cpuctl/system-background/cpu.shares failed, errno=13 (Permission denied) 
03-15 23:15:25.753 E/PF_SYS_WRAPPER(  969): [SysOpenAndWriteStr:76] [SCHED_SHARE_FG] open file /dev/cpuctl/foreground/cpu.shares failed, errno=13 (Permission denied) 
03-15 23:15:25.753 E/PF_SYS_WRAPPER(  969): [SysOpenAndWriteStr:76] [SCHED_SHARE_TA] open file /dev/cpuctl/top-app/cpu.shares failed, errno=13 (Permission denied) 
03-15 23:15:25.753 E/PF_SYS_WRAPPER(  969): [SysOpenAndWriteStr:76] [SCHED_SHARE_SYS] open file /dev/cpuctl/system/cpu.shares failed, errno=13 (Permission denied) 
03-15 23:15:25.753 E/PF_SYS_WRAPPER(  969): [SysOpenAndWriteStr:76] [SCHED_SHARE_VIP] open file /dev/cpuctl/vip/cpu.shares failed, errno=13 (Permission denied) 
03-15 23:15:25.753 E/PF_SYS_WRAPPER(  969): [SysOpenAndWriteStr:76] [SCHED_LATENCY_BG] open file /dev/cpuctl/background/cpu.latency.nice failed, errno=13 (Permission denied) 
03-15 23:15:25.753 E/PF_SYS_WRAPPER(  969): [SysOpenAndWriteStr:76] [SCHED_LATENCY_KBG] open file /dev/cpuctl/key-background/cpu.latency.nice failed, errno=13 (Permission denied) 
03-15 23:15:25.753 E/PF_SYS_WRAPPER(  969): [SysOpenAndWriteStr:76] [SCHED_LATENCY_SBG] open file /dev/cpuctl/system-background/cpu.latency.nice failed, errno=13 (Permission denied) 
03-15 23:15:25.753 E/PF_SYS_WRAPPER(  969): [SysOpenAndWriteStr:76] [SCHED_LATENCY_FG] open file /dev/cpuctl/foreground/cpu.latency.nice failed, errno=13 (Permission denied) 
03-15 23:15:25.753 E/PF_SYS_WRAPPER(  969): [SysOpenAndWriteStr:76] [SCHED_LATENCY_TA] open file /dev/cpuctl/top-app/cpu.latency.nice failed, errno=13 (Permission denied) 
03-15 23:15:25.754 E/PF_SYS_WRAPPER(  969): [SysOpenAndWriteStr:76] [SCHED_LATENCY_SYS] open file /dev/cpuctl/system/cpu.latency.nice failed, errno=13 (Permission denied) 
03-15 23:15:25.754 E/PF_SYS_WRAPPER(  969): [SysOpenAndWriteStr:76] [SCHED_LATENCY_VIP] open file /dev/cpuctl/vip/cpu.latency.nice failed, errno=13 (Permission denied) 
03-15 23:15:25.754 E/PF_SYS_WRAPPER(  969): [SysOpenAndWriteStr:76] [DRG3_ENABLE] open file /sys/devices/platform/drg/drg3/enable failed, errno=2 (No such file or directory) 
03-15 23:15:25.754 E/PF_SYS_WRAPPER(  969): [SysOpenAndWriteStr:76] [DRG4_ENABLE] open file /sys/devices/platform/drg/drg4/enable failed, errno=2 (No such file or directory) 
03-15 23:15:25.754 E/PF_SYS_WRAPPER(  969): [SysOpenAndWriteStr:76] [COLOC_GRP_BG] open file /dev/cpuctl/background/cpu.coloc_grp_id failed, errno=13 (Permission denied) 
03-15 23:15:25.754 E/PF_SYS_WRAPPER(  969): [SysOpenAndWriteStr:76] [COLOC_GRP_KBG] open file /dev/cpuctl/key-background/cpu.coloc_grp_id failed, errno=13 (Permission denied) 
03-15 23:15:25.754 E/PF_SYS_WRAPPER(  969): [SysOpenAndWriteStr:76] [COLOC_GRP_SBG] open file /dev/cpuctl/system-background/cpu.coloc_grp_id failed, errno=13 (Permission denied) 
03-15 23:15:25.754 E/PF_SYS_WRAPPER(  969): [SysOpenAndWriteStr:76] [COLOC_GRP_FG] open file /dev/cpuctl/foreground/cpu.coloc_grp_id failed, errno=13 (Permission denied) 
03-15 23:15:25.754 E/PF_SYS_WRAPPER(  969): [SysOpenAndWriteStr:76] [COLOC_GRP_TA] open file /dev/cpuctl/top-app/cpu.coloc_grp_id failed, errno=13 (Permission denied) 
03-15 23:15:25.754 E/PF_SYS_WRAPPER(  969): [SysOpenAndWriteStr:76] [COLOC_GRP_GRAPHIC] open file /dev/cpuctl/graphic/cpu.coloc_grp_id failed, errno=13 (Permission denied) 
03-15 23:15:25.754 E/PF_SYS_WRAPPER(  969): [SysOpenAndWriteStr:76] [COLOC_GRP_SYS] open file /dev/cpuctl/system/cpu.coloc_grp_id failed, errno=13 (Permission denied) 
03-15 23:15:25.754 E/PF_SYS_WRAPPER(  969): [SysOpenAndWriteStr:76] [COLOC_GRP_VIP] open file /dev/cpuctl/vip/cpu.coloc_grp_id failed, errno=13 (Permission denied) 
03-15 23:15:25.797 V/SensorManager( 2694): dispatchSensorEvent() was called, handle=0, values=[-0.41061515, 0.5948729, 9.799553, 4.2E-45, 0.0, 0.0, 0.0, 0.0, 0.0, 0.0, 0.0, 0.0, 0.0, 0.0, 0.0, 0.0], inAccuracy=3, timestamp=2457259970624
03-15 23:15:25.844 V/SensorManager( 1779): dispatchSensorEvent() was called, handle=3, values=[698.25, 4010.0, 0.0, 0.0, 0.0, 0.0, 0.0, 0.0, 0.0, 0.0, 0.0, 0.0, 0.0, 0.0, 0.0, 0.0], inAccuracy=3, timestamp=2457505970624
03-15 23:15:25.844 V/SensorManager( 2451): dispatchSensorEvent() was called, handle=3, values=[698.25, 4010.0, 0.0, 0.0, 0.0, 0.0, 0.0, 0.0, 0.0, 0.0, 0.0, 0.0, 0.0, 0.0, 0.0, 0.0], inAccuracy=3, timestamp=2457505970624
03-15 23:15:25.921 V/HwWifiServiceFactory( 1779): get AllImpl object = com.android.server.wifi.HwWifiServiceFactoryImpl@f8e66c3
03-15 23:15:25.953 D/HwCommBoosterService( 2565): reportBoosterPara enter
03-15 23:15:25.953 D/HwCommBoosterManager( 2565): reportBoosterPara enter
03-15 23:15:25.953 D/HwCommBoosterManager( 2565): pluginId: 2dataType:801
03-15 23:15:25.953 D/HwCommBoosterManager( 2565): handleBoosterMessageSendModuleDataToPlugin enter
03-15 23:15:25.954 I/Booster_ConfigManager( 2565): [handleReceiveAPModuleData]handleReceiveAPModuleData dataType = 801
03-15 23:15:25.964 V/SensorManager( 2451): dispatchSensorEvent() was called, handle=3, values=[698.0, 4010.0, 0.0, 0.0, 0.0, 0.0, 0.0, 0.0, 0.0, 0.0, 0.0, 0.0, 0.0, 0.0, 0.0, 0.0], inAccuracy=3, timestamp=2457625970624
03-15 23:15:25.965 V/SensorManager( 1779): dispatchSensorEvent() was called, handle=3, values=[698.0, 4010.0, 0.0, 0.0, 0.0, 0.0, 0.0, 0.0, 0.0, 0.0, 0.0, 0.0, 0.0, 0.0, 0.0, 0.0], inAccuracy=3, timestamp=2457625970624
03-15 23:15:25.987 E/PF_SYS_WRAPPER(  969): [SysOpenAndWriteStr:76] [MIPS_LOAD_CPUL] open file /sys/devices/system/cpu/cpufreq/policy0/mips/ipc_target_loads failed, errno=2 (No such file or directory) 
03-15 23:15:25.987 E/PF_SYS_WRAPPER(  969): [SysOpenAndWriteStr:76] [MIPS_MAX_FREQ_CPUL] open file /sys/devices/system/cpu/cpufreq/policy0/mips/ipc_max_freq failed, errno=2 (No such file or directory) 
03-15 23:15:25.988 E/PF_SYS_WRAPPER(  969): [SysOpenAndWriteStr:76] [SCHED_LOAD_OPT] open file /sys/kernel/eas/walt_ravg_window_nr_ticks failed, errno=13 (Permission denied) 
03-15 23:15:25.988 E/PF_SYS_WRAPPER(  969): [SysOpenAndWriteStr:76] [SCHED_SHARE_BG] open file /dev/cpuctl/background/cpu.shares failed, errno=13 (Permission denied) 
03-15 23:15:25.988 E/PF_SYS_WRAPPER(  969): [SysOpenAndWriteStr:76] [SCHED_SHARE_KBG] open file /dev/cpuctl/key-background/cpu.shares failed, errno=13 (Permission denied) 
03-15 23:15:25.988 E/PF_SYS_WRAPPER(  969): [SysOpenAndWriteStr:76] [SCHED_SHARE_SBG] open file /dev/cpuctl/system-background/cpu.shares failed, errno=13 (Permission denied) 
03-15 23:15:25.988 E/PF_SYS_WRAPPER(  969): [SysOpenAndWriteStr:76] [SCHED_SHARE_FG] open file /dev/cpuctl/foreground/cpu.shares failed, errno=13 (Permission denied) 
03-15 23:15:25.988 E/PF_SYS_WRAPPER(  969): [SysOpenAndWriteStr:76] [SCHED_SHARE_TA] open file /dev/cpuctl/top-app/cpu.shares failed, errno=13 (Permission denied) 
03-15 23:15:25.988 E/PF_SYS_WRAPPER(  969): [SysOpenAndWriteStr:76] [SCHED_SHARE_SYS] open file /dev/cpuctl/system/cpu.shares failed, errno=13 (Permission denied) 
03-15 23:15:25.988 E/PF_SYS_WRAPPER(  969): [SysOpenAndWriteStr:76] [SCHED_SHARE_VIP] open file /dev/cpuctl/vip/cpu.shares failed, errno=13 (Permission denied) 
03-15 23:15:25.988 E/PF_SYS_WRAPPER(  969): [SysOpenAndWriteStr:76] [SCHED_LATENCY_BG] open file /dev/cpuctl/background/cpu.latency.nice failed, errno=13 (Permission denied) 
03-15 23:15:25.988 E/PF_SYS_WRAPPER(  969): [SysOpenAndWriteStr:76] [SCHED_LATENCY_KBG] open file /dev/cpuctl/key-background/cpu.latency.nice failed, errno=13 (Permission denied) 
03-15 23:15:25.988 E/PF_SYS_WRAPPER(  969): [SysOpenAndWriteStr:76] [SCHED_LATENCY_SBG] open file /dev/cpuctl/system-background/cpu.latency.nice failed, errno=13 (Permission denied) 
03-15 23:15:25.988 E/PF_SYS_WRAPPER(  969): [SysOpenAndWriteStr:76] [SCHED_LATENCY_FG] open file /dev/cpuctl/foreground/cpu.latency.nice failed, errno=13 (Permission denied) 
03-15 23:15:25.988 E/PF_SYS_WRAPPER(  969): [SysOpenAndWriteStr:76] [SCHED_LATENCY_TA] open file /dev/cpuctl/top-app/cpu.latency.nice failed, errno=13 (Permission denied) 
03-15 23:15:25.989 E/PF_SYS_WRAPPER(  969): [SysOpenAndWriteStr:76] [SCHED_LATENCY_SYS] open file /dev/cpuctl/system/cpu.latency.nice failed, errno=13 (Permission denied) 
03-15 23:15:25.989 E/PF_SYS_WRAPPER(  969): [SysOpenAndWriteStr:76] [SCHED_LATENCY_VIP] open file /dev/cpuctl/vip/cpu.latency.nice failed, errno=13 (Permission denied) 
03-15 23:15:25.989 E/PF_SYS_WRAPPER(  969): [SysOpenAndWriteStr:76] [DRG3_ENABLE] open file /sys/devices/platform/drg/drg3/enable failed, errno=2 (No such file or directory) 
03-15 23:15:25.989 E/PF_SYS_WRAPPER(  969): [SysOpenAndWriteStr:76] [DRG4_ENABLE] open file /sys/devices/platform/drg/drg4/enable failed, errno=2 (No such file or directory) 
03-15 23:15:25.989 E/PF_SYS_WRAPPER(  969): [SysOpenAndWriteStr:76] [COLOC_GRP_BG] open file /dev/cpuctl/background/cpu.coloc_grp_id failed, errno=13 (Permission denied) 
03-15 23:15:25.989 E/PF_SYS_WRAPPER(  969): [SysOpenAndWriteStr:76] [COLOC_GRP_KBG] open file /dev/cpuctl/key-background/cpu.coloc_grp_id failed, errno=13 (Permission denied) 
03-15 23:15:25.989 E/PF_SYS_WRAPPER(  969): [SysOpenAndWriteStr:76] [COLOC_GRP_SBG] open file /dev/cpuctl/system-background/cpu.coloc_grp_id failed, errno=13 (Permission denied) 
03-15 23:15:25.989 E/PF_SYS_WRAPPER(  969): [SysOpenAndWriteStr:76] [COLOC_GRP_FG] open file /dev/cpuctl/foreground/cpu.coloc_grp_id failed, errno=13 (Permission denied) 
03-15 23:15:25.989 E/PF_SYS_WRAPPER(  969): [SysOpenAndWriteStr:76] [COLOC_GRP_TA] open file /dev/cpuctl/top-app/cpu.coloc_grp_id failed, errno=13 (Permission denied) 
03-15 23:15:25.989 E/PF_SYS_WRAPPER(  969): [SysOpenAndWriteStr:76] [COLOC_GRP_GRAPHIC] open file /dev/cpuctl/graphic/cpu.coloc_grp_id failed, errno=13 (Permission denied) 
03-15 23:15:25.989 E/PF_SYS_WRAPPER(  969): [SysOpenAndWriteStr:76] [COLOC_GRP_SYS] open file /dev/cpuctl/system/cpu.coloc_grp_id failed, errno=13 (Permission denied) 
03-15 23:15:25.989 E/PF_SYS_WRAPPER(  969): [SysOpenAndWriteStr:76] [COLOC_GRP_VIP] open file /dev/cpuctl/vip/cpu.coloc_grp_id failed, errno=13 (Permission denied) 
03-15 23:15:25.996 V/SensorManager( 2694): dispatchSensorEvent() was called, handle=0, values=[-0.4016321, 0.60182565, 9.826418, 4.2E-45, 0.0, 0.0, 0.0, 0.0, 0.0, 0.0, 0.0, 0.0, 0.0, 0.0, 0.0, 0.0], inAccuracy=3, timestamp=2457459970312
03-15 23:15:25.996 W/hilogcat( 1390): type=1400 audit(0.0:2297): avc: denied { read } for name="brightness" dev="sysfs" ino=76242 scontext=u:r:glogcat:s0 tcontext=u:object_r:sysfs:s0 tclass=file permissive=0
03-15 23:15:25.998 E/selinux_dmd( 1405): type=1400 audit(0.0:2297): avc: denied { read } for comm="hilogcat" name="brightness" dev="sysfs" ino=76242 scontext=u:r:glogcat:s0 tcontext=u:object_r:sysfs:s0 tclass=file permissive=0 find  pid= failed
03-15 23:15:25.998 E/selinux_dmd( 1405): type=1400 audit(0.0:2297): avc: denied { read } for comm="hilogcat" name="brightness" dev="sysfs" ino=76242 scontext=u:r:glogcat:s0 tcontext=u:object_r:sysfs:s0 tclass=file permissive=0 ExtractKeys failed
03-15 23:15:26.083 I/Booster_BoosterdDelegate( 2565): [handleMessage]handleMessage, enter
03-15 23:15:26.083 I/ZrHung.AppEyeUiProbe( 9325): restart watching of heap dump.
03-15 23:15:26.083 E/Booster_BoosterdDelegate( 2565): [bindService]bindService start
03-15 23:15:26.085 E/Booster_BoosterdDelegate( 2565): [getBoosterdNativeService]Failed to get boosterd native service
03-15 23:15:26.085 E/Booster_BoosterdDelegate( 2565): [bindService]mService is null
03-15 23:15:26.085 I/Booster_BoosterdDelegate( 2565): [startRebindServieTimer] startRebindServieTimer
03-15 23:15:26.085 V/SensorManager( 2451): dispatchSensorEvent() was called, handle=3, values=[699.625, 4010.0, 0.0, 0.0, 0.0, 0.0, 0.0, 0.0, 0.0, 0.0, 0.0, 0.0, 0.0, 0.0, 0.0, 0.0], inAccuracy=3, timestamp=2457745970624
03-15 23:15:26.085 V/SensorManager( 1779): dispatchSensorEvent() was called, handle=3, values=[699.625, 4010.0, 0.0, 0.0, 0.0, 0.0, 0.0, 0.0, 0.0, 0.0, 0.0, 0.0, 0.0, 0.0, 0.0, 0.0], inAccuracy=3, timestamp=2457745970624
03-15 23:15:26.085 I/OllieMsgCenter( 2565): publishEvt=2135097353
03-15 23:15:26.101 I/InputReader( 1779): eventHub getEvents 0
03-15 23:15:26.102 I/EventHub( 1779): EventHub monitor: no key events in the past 79s, 
03-15 23:15:26.102 D/CompositionEngine(  984): Display:0 layers:4
03-15 23:15:26.121 I/TrafficMonitor( 1779): expired arrive. level:-1
03-15 23:15:26.121 I/TrafficMonitor( 1779): update:rxPkts:0,txPkts:0,rxBytes:0,txBytes:0
03-15 23:15:26.122 I/TrafficMonitor( 1779): gettimer:interval=5000
03-15 23:15:26.122 I/TrafficMonitor( 1779): during_ms:5005,period_ms:2000
03-15 23:15:26.122 I/TrafficMonitor( 1779): count:37,rx_sum:0,tx_sum:0,rxBytes:0,during_ms:5005,rx_speed:0.0,tx_speed:0.0,rto:0.0
03-15 23:15:26.122 I/HuaweiWifiWatchdogStateMachine( 1779): Get speed information rx_speed = 0 ,tx_speed = 0 ,isSpeedOk = false ,mBestSpeedInPeriod = 807
03-15 23:15:26.196 V/SensorManager( 2694): dispatchSensorEvent() was called, handle=0, values=[-0.3980887, 0.6091232, 9.831913, 4.2E-45, 0.0, 0.0, 0.0, 0.0, 0.0, 0.0, 0.0, 0.0, 0.0, 0.0, 0.0, 0.0], inAccuracy=3, timestamp=2457659969999
03-15 23:15:26.204 V/SensorManager( 1779): dispatchSensorEvent() was called, handle=3, values=[699.0, 4010.0, 0.0, 0.0, 0.0, 0.0, 0.0, 0.0, 0.0, 0.0, 0.0, 0.0, 0.0, 0.0, 0.0, 0.0], inAccuracy=3, timestamp=2457865970624
03-15 23:15:26.204 V/SensorManager( 2451): dispatchSensorEvent() was called, handle=3, values=[699.0, 4010.0, 0.0, 0.0, 0.0, 0.0, 0.0, 0.0, 0.0, 0.0, 0.0, 0.0, 0.0, 0.0, 0.0, 0.0], inAccuracy=3, timestamp=2457865970624
03-15 23:15:26.234 I/WifiNl80211Manager( 1779): Noise: -88, Snr: 24, Chload: 85, rssi: -68, txBitrate: 173, rxBitrate: 115, frequency: 5180, UlDelay: 1, currentTxBytes: 71207088, currentTxPackets: 60728, currentTxFailed: 0, currentRxBytes: 30199805, currentRxPackets: 35803, chloadSelf: 0, c0RssiDbm: 0, c1RssiDbm: 0
03-15 23:15:26.234 I/HwDualBandLearningAlg( 1779): update5gBetaAttribute, m24gConnectionRateList is empty or not full, ignore
03-15 23:15:26.296 I/HwSearchService( 2873): [IndexServiceGuarderHandler]: IndexRAMMonitor: 47MB ram is used
03-15 23:15:26.330 V/SensorManager( 2451): dispatchSensorEvent() was called, handle=3, values=[698.375, 4010.0, 0.0, 0.0, 0.0, 0.0, 0.0, 0.0, 0.0, 0.0, 0.0, 0.0, 0.0, 0.0, 0.0, 0.0], inAccuracy=3, timestamp=2457985970624
03-15 23:15:26.330 V/SensorManager( 1779): dispatchSensorEvent() was called, handle=3, values=[698.375, 4010.0, 0.0, 0.0, 0.0, 0.0, 0.0, 0.0, 0.0, 0.0, 0.0, 0.0, 0.0, 0.0, 0.0, 0.0], inAccuracy=3, timestamp=2457985970624
03-15 23:15:26.382 I/PG_ash  ( 2535): pkg:com.huawei.webview:sandboxed_process0:org.chromium.content.app.SandboxedProcessService0:0 pid:0, foreground:false
03-15 23:15:26.383 I/PG_ash  ( 2535): pkg:com.huawei.webview:sandboxed_process0:org.chromium.content.app.SandboxedProcessService0:0 pid:0 service timeout
03-15 23:15:26.397 V/SensorManager( 2694): dispatchSensorEvent() was called, handle=0, values=[-0.3818656, 0.5899792, 9.81686, 4.2E-45, 0.0, 0.0, 0.0, 0.0, 0.0, 0.0, 0.0, 0.0, 0.0, 0.0, 0.0, 0.0], inAccuracy=3, timestamp=2457859970624
03-15 23:15:26.444 V/SensorManager( 2451): dispatchSensorEvent() was called, handle=3, values=[698.375, 4010.0, 0.0, 0.0, 0.0, 0.0, 0.0, 0.0, 0.0, 0.0, 0.0, 0.0, 0.0, 0.0, 0.0, 0.0], inAccuracy=3, timestamp=2458105970624
03-15 23:15:26.444 V/SensorManager( 1779): dispatchSensorEvent() was called, handle=3, values=[698.375, 4010.0, 0.0, 0.0, 0.0, 0.0, 0.0, 0.0, 0.0, 0.0, 0.0, 0.0, 0.0, 0.0, 0.0, 0.0], inAccuracy=3, timestamp=2458105970624
03-15 23:15:26.491 I/Collector( 2565): GetEntityNum: dataType:2, rptType:9, bufLen:688, dataLen:684, structSize:88, result:0!
03-15 23:15:26.528 I/HwMSDPMovementManager( 3138): getCurrentMovement type 0
03-15 23:15:26.530 I/ArHal   (  933): (ArDataGetState:1478):id[2]
03-15 23:15:26.535 I/L_HmsMsdpClient( 3138): [LocKit LogLocation.java:1] arId = 4
03-15 23:15:26.564 V/SensorManager( 1779): dispatchSensorEvent() was called, handle=3, values=[699.0, 4010.0, 0.0, 0.0, 0.0, 0.0, 0.0, 0.0, 0.0, 0.0, 0.0, 0.0, 0.0, 0.0, 0.0, 0.0], inAccuracy=3, timestamp=2458225970624
03-15 23:15:26.564 V/SensorManager( 2451): dispatchSensorEvent() was called, handle=3, values=[699.0, 4010.0, 0.0, 0.0, 0.0, 0.0, 0.0, 0.0, 0.0, 0.0, 0.0, 0.0, 0.0, 0.0, 0.0, 0.0], inAccuracy=3, timestamp=2458225970624
03-15 23:15:26.577 I/Booster_Qoe( 2565): Ada,index:8,NisPsSlow:0,NProba:309,rsrp(rssi):-40,rsrq(noise):-60,rtt(chload):200,BFH(uldelay):0,BFC(rtt):0 Real:0,0,0,0,0, dlBler:0, ulBler:0
03-15 23:15:26.577 I/Booster_Qoe( 2565): Ada,index:2,NisPsSlow:0,NProba:309,rsrp(rssi):-40,rsrq(noise):-60,rtt(chload):200,BFH(uldelay):0,BFC(rtt):0 Real:0,0,0,0,0, dlBler:0, ulBler:0
03-15 23:15:26.578 I/Booster_ChannelQoeData( 2565): [dumpChannelData] Base:10233,0,0,-1,8 DNS:0,0,0 UID:1051 ChId:2 TcpData:0,0,0,0,0,0,0,0,0,0,0,0,0,0,0,0,0,0 UID:0 ChId:2 TcpData:0,0,0,0,0,0,0,0,0,0,0,0,0,0,0,0,0,0 UID:10233 ChId:2 TcpData:0,0,0,0,0,0,0,0,0,0,0,0,0,0,0,0,0,0 FastDecayData:1 AsymmetricLinkData:0
03-15 23:15:26.578 E/NetworkQoeProxy( 2565): invalid channelId = 0
03-15 23:15:26.578 E/NetworkQoeProxy( 2565): invalid channelId = 1
03-15 23:15:26.578 D/BoosterUtil( 2565): convertSubIdToSlotId, subId invalid: -1
03-15 23:15:26.578 D/BoosterUtil( 2565): getDefaultDataSlotId failed, invalid slotId:-1, subId:-1
03-15 23:15:26.578 D/BoosterUtil( 2565): convertSubIdToSlotId, subId invalid: -1
03-15 23:15:26.578 D/BoosterUtil( 2565): getDefaultDataSlotId failed, invalid slotId:-1, subId:-1
03-15 23:15:26.580 E/Booster_BroadcastProxy( 2565): [isDebugModemEnabled]get package info fail.
03-15 23:15:26.580 I/Booster_BroadcastProxy( 2565): [isDebugModemEnabled]mode: false
03-15 23:15:26.580 I/CloudServiceChr( 2565): App Qoe normal
03-15 23:15:26.581 E/Booster_NetworkQoeChr( 2565): [chrBlerMonitorAndReport]modemQoeData is not present
03-15 23:15:26.581 I/Booster_NetworkQoeMonitor( 2565): [createQoeBundle]networkQoeChanged:10233,4,0,309,1,2,4,0,309,0,0,10,10,0,0,0,0,0,2,1024,1024
03-15 23:15:26.582 I/CloudNetworkStateMachine( 2565): the Wi-Fi action state is true
03-15 23:15:26.582 I/CloudNetworkStateMachine( 2565): wifi is active, the Wi-Fi is connected.
03-15 23:15:26.583 D/Hicom_XEngineProc( 2565): isSupportLocalSocketKit packageNam: ai.axiomaster.BoJi isSupported: false
03-15 23:15:26.583 I/WiFi_PRO_WifiProStateMachine( 1779): APP_SERVICE_QOE_NOTIFY Qoe info 10233,4,0,309,1,2,4,0,309,0,0,10,10,0,0,0,0 CID 2 mMasterWifiRssi 0 mMasterCardAmbr 1048576 mSlaveCardAmbr 1048576
03-15 23:15:26.583 I/HwWifiProServiceProxy( 1779): ctrlHwWifiNetwork pkgName: WIFIPRO_SERVICE interfaceId: 9
03-15 23:15:26.583 I/WiFi_PRO_WifiProStateMachine( 1779): isWifi2WifiProcess = false, mIsNeedIgnoreQoeUpdate = false, mIsAppInBlacklistFullScreen = false, mIsWiFiNoInternet false, screen on = true, full screen = false, isLandscapeMode = false, mNotifyWifiLinkPoorReason = -1, mIsAppInBlacklistQoe false, mIsAppInBlackListAll false
03-15 23:15:26.583 E/WiFi_PROHumanFactorRecommend( 1779): isEconomicTrafficUser, invalid slotId=-1
03-15 23:15:26.583 I/WiFi_PRO_WifiProStateMachine( 1779): , mAppQoeBadCnt = 0, mNetworkSlowReason = 0, isEconomicTrafficUser =false, mStrategy =0
03-15 23:15:26.584 I/WiFi_PRO_WifiProStateMachine( 1779): getAppQoeInfoReason badReason:0
03-15 23:15:26.584 I/WiFi_PRO_WifiProStateMachine( 1779): resetWifiQoeBad
03-15 23:15:26.584 I/WiFi_PRO_WifiProStateMachine( 1779): the fast decay result in WifiProStateMachine : 1
03-15 23:15:26.584 I/WiFi_PRO_WifiProStateMachine( 1779): start handle fast decay
03-15 23:15:26.585 V/HwWifiServiceFactory( 1779): get AllImpl object = com.android.server.wifi.HwWifiServiceFactoryImpl@f8e66c3
03-15 23:15:26.585 I/WiFi_PRO_WifiProStateMachine( 1779): the asymmetric link result in WifiProStateMachine : 0
03-15 23:15:26.596 V/SensorManager( 2694): dispatchSensorEvent() was called, handle=0, values=[-0.40342298, 0.5952847, 9.826234, 4.2E-45, 0.0, 0.0, 0.0, 0.0, 0.0, 0.0, 0.0, 0.0, 0.0, 0.0, 0.0, 0.0], inAccuracy=3, timestamp=2458059970781
03-15 23:15:26.668 I/ZrHung.AppEyeUiProbe( 9058): restart watching of heap dump.
03-15 23:15:26.684 V/SensorManager( 2451): dispatchSensorEvent() was called, handle=3, values=[698.375, 4010.0, 0.0, 0.0, 0.0, 0.0, 0.0, 0.0, 0.0, 0.0, 0.0, 0.0, 0.0, 0.0, 0.0, 0.0], inAccuracy=3, timestamp=2458345970624
03-15 23:15:26.685 V/SensorManager( 1779): dispatchSensorEvent() was called, handle=3, values=[698.375, 4010.0, 0.0, 0.0, 0.0, 0.0, 0.0, 0.0, 0.0, 0.0, 0.0, 0.0, 0.0, 0.0, 0.0, 0.0], inAccuracy=3, timestamp=2458345970624
03-15 23:15:26.737 D/ScreemCommon( 1488): PerfInfoFrame#process info, magic 5
03-15 23:15:26.738 D/ScreemCommon( 1488): PerfInfo:PerfIoctlCmd 5
03-15 23:15:26.796 V/SensorManager( 2694): dispatchSensorEvent() was called, handle=0, values=[-0.39981252, 0.599374, 9.813679, 4.2E-45, 0.0, 0.0, 0.0, 0.0, 0.0, 0.0, 0.0, 0.0, 0.0, 0.0, 0.0, 0.0], inAccuracy=3, timestamp=2458259970468
03-15 23:15:26.804 V/SensorManager( 1779): dispatchSensorEvent() was called, handle=3, values=[699.625, 4010.0, 0.0, 0.0, 0.0, 0.0, 0.0, 0.0, 0.0, 0.0, 0.0, 0.0, 0.0, 0.0, 0.0, 0.0], inAccuracy=3, timestamp=2458465970156
03-15 23:15:26.805 V/SensorManager( 2451): dispatchSensorEvent() was called, handle=3, values=[699.625, 4010.0, 0.0, 0.0, 0.0, 0.0, 0.0, 0.0, 0.0, 0.0, 0.0, 0.0, 0.0, 0.0, 0.0, 0.0], inAccuracy=3, timestamp=2458465970156
03-15 23:15:26.930 V/SensorManager( 1779): dispatchSensorEvent() was called, handle=3, values=[698.375, 4010.0, 0.0, 0.0, 0.0, 0.0, 0.0, 0.0, 0.0, 0.0, 0.0, 0.0, 0.0, 0.0, 0.0, 0.0], inAccuracy=3, timestamp=2458585970156
03-15 23:15:26.930 V/SensorManager( 2451): dispatchSensorEvent() was called, handle=3, values=[698.375, 4010.0, 0.0, 0.0, 0.0, 0.0, 0.0, 0.0, 0.0, 0.0, 0.0, 0.0, 0.0, 0.0, 0.0, 0.0], inAccuracy=3, timestamp=2458585970156
03-15 23:15:26.957 D/HwCommBoosterService( 2565): reportBoosterPara enter
03-15 23:15:26.957 D/HwCommBoosterManager( 2565): reportBoosterPara enter
03-15 23:15:26.957 D/HwCommBoosterManager( 2565): pluginId: 2dataType:801
03-15 23:15:26.957 D/HwCommBoosterManager( 2565): handleBoosterMessageSendModuleDataToPlugin enter
03-15 23:15:26.958 I/Booster_ConfigManager( 2565): [handleReceiveAPModuleData]handleReceiveAPModuleData dataType = 801
03-15 23:15:26.996 V/SensorManager( 2694): dispatchSensorEvent() was called, handle=0, values=[-0.41353607, 0.5848364, 9.804036, 4.2E-45, 0.0, 0.0, 0.0, 0.0, 0.0, 0.0, 0.0, 0.0, 0.0, 0.0, 0.0, 0.0], inAccuracy=3, timestamp=2458459970624
03-15 23:15:27.045 V/SensorManager( 2451): dispatchSensorEvent() was called, handle=3, values=[699.375, 4010.0, 0.0, 0.0, 0.0, 0.0, 0.0, 0.0, 0.0, 0.0, 0.0, 0.0, 0.0, 0.0, 0.0, 0.0], inAccuracy=3, timestamp=2458705970624
03-15 23:15:27.045 V/SensorManager( 1779): dispatchSensorEvent() was called, handle=3, values=[699.375, 4010.0, 0.0, 0.0, 0.0, 0.0, 0.0, 0.0, 0.0, 0.0, 0.0, 0.0, 0.0, 0.0, 0.0, 0.0], inAccuracy=3, timestamp=2458705970624
03-15 23:15:27.084 I/ZrHung.AppEyeUiProbe( 9325): not watching, wait.
03-15 23:15:27.164 V/SensorManager( 2451): dispatchSensorEvent() was called, handle=3, values=[698.75, 4010.0, 0.0, 0.0, 0.0, 0.0, 0.0, 0.0, 0.0, 0.0, 0.0, 0.0, 0.0, 0.0, 0.0, 0.0], inAccuracy=3, timestamp=2458825970624
03-15 23:15:27.164 V/SensorManager( 1779): dispatchSensorEvent() was called, handle=3, values=[698.75, 4010.0, 0.0, 0.0, 0.0, 0.0, 0.0, 0.0, 0.0, 0.0, 0.0, 0.0, 0.0, 0.0, 0.0, 0.0], inAccuracy=3, timestamp=2458825970624
03-15 23:15:27.197 V/SensorManager( 2694): dispatchSensorEvent() was called, handle=0, values=[-0.40153635, 0.60193104, 9.808307, 4.2E-45, 0.0, 0.0, 0.0, 0.0, 0.0, 0.0, 0.0, 0.0, 0.0, 0.0, 0.0, 0.0], inAccuracy=3, timestamp=2458659970312
03-15 23:15:27.199 I/HwAmbientLuxFilterAlgo( 1779): t=2458828,lx=[697.5625/2457267, 698.0/2457628, 699.3125/2457868, 698.5833/2458228, 699.0/2458468, 698.8333/2458828],mLx=464.6,mOffLux=464.6,s=5.0,ss=38.018745,Avened=false,mPxs=false,mTPxs=false,mBLux=1177.05,mDlux=200.09601,backLux=0.0,mDt=1000,mBt=650
03-15 23:15:27.220 I/CPU_STATS( 1451): iawared: query next cpu load with 2!
03-15 23:15:27.220 I/CPU_STATS( 1451): total cost time 2004504532 ns
03-15 23:15:27.222 I/CPU_STATS( 1451): iawared: current total load is 0.072327, capacity : 5658, pre load:  585928012383, current load : 586729077478
03-15 23:15:27.225 I/CPU_STATS( 1451): read once cost time 4109 us
03-15 23:15:27.284 V/SensorManager( 1779): dispatchSensorEvent() was called, handle=3, values=[698.25, 4010.0, 0.0, 0.0, 0.0, 0.0, 0.0, 0.0, 0.0, 0.0, 0.0, 0.0, 0.0, 0.0, 0.0, 0.0], inAccuracy=3, timestamp=2458945970624
03-15 23:15:27.284 V/SensorManager( 2451): dispatchSensorEvent() was called, handle=3, values=[698.25, 4010.0, 0.0, 0.0, 0.0, 0.0, 0.0, 0.0, 0.0, 0.0, 0.0, 0.0, 0.0, 0.0, 0.0, 0.0], inAccuracy=3, timestamp=2458945970624
03-15 23:15:27.364 I/bms_behavior( 5630): [WaitConditionStatus]: runState = 1, cvStatus = 1 
03-15 23:15:27.366 D/bms_behavior( 5630): [GetChargeMaxPower]: mode:0, max_power:0
03-15 23:15:27.366 D/bms_behavior( 5630): [GetCableType]: cable type:0
03-15 23:15:27.372 E/bms_file( 5630): [BmsFileReadBuffer]: file /sys/class/hw_power/coul/coul_data/rbatt is invalid
03-15 23:15:27.378 I/bms_behavior( 5630): [Monitor]: monitor interval count 485, name: Battery
03-15 23:15:27.397 V/SensorManager( 2694): dispatchSensorEvent() was called, handle=0, values=[-0.39033148, 0.6007435, 9.827728, 4.2E-45, 0.0, 0.0, 0.0, 0.0, 0.0, 0.0, 0.0, 0.0, 0.0, 0.0, 0.0, 0.0], inAccuracy=3, timestamp=2458859970468
03-15 23:15:27.405 V/SensorManager( 2451): dispatchSensorEvent() was called, handle=3, values=[698.375, 4010.0, 0.0, 0.0, 0.0, 0.0, 0.0, 0.0, 0.0, 0.0, 0.0, 0.0, 0.0, 0.0, 0.0, 0.0], inAccuracy=3, timestamp=2459065970624
03-15 23:15:27.405 V/SensorManager( 1779): dispatchSensorEvent() was called, handle=3, values=[698.375, 4010.0, 0.0, 0.0, 0.0, 0.0, 0.0, 0.0, 0.0, 0.0, 0.0, 0.0, 0.0, 0.0, 0.0, 0.0], inAccuracy=3, timestamp=2459065970624
03-15 23:15:27.515 I/Collector( 2565): GetEntityNum: dataType:2, rptType:9, bufLen:688, dataLen:684, structSize:88, result:0!
03-15 23:15:27.526 I/HwMSDPMovementManager( 3138): getCurrentMovement type 0
03-15 23:15:27.527 I/ArHal   (  933): (ArDataGetState:1478):id[2]
03-15 23:15:27.531 V/SensorManager( 2451): dispatchSensorEvent() was called, handle=3, values=[698.75, 4010.0, 0.0, 0.0, 0.0, 0.0, 0.0, 0.0, 0.0, 0.0, 0.0, 0.0, 0.0, 0.0, 0.0, 0.0], inAccuracy=3, timestamp=2459185970624
03-15 23:15:27.531 V/SensorManager( 1779): dispatchSensorEvent() was called, handle=3, values=[698.75, 4010.0, 0.0, 0.0, 0.0, 0.0, 0.0, 0.0, 0.0, 0.0, 0.0, 0.0, 0.0, 0.0, 0.0, 0.0], inAccuracy=3, timestamp=2459185970624
03-15 23:15:27.531 I/L_HmsMsdpClient( 3138): [LocKit LogLocation.java:1] arId = 4
03-15 23:15:27.596 V/SensorManager( 2694): dispatchSensorEvent() was called, handle=0, values=[-0.41362226, 0.60580003, 9.814973, 4.2E-45, 0.0, 0.0, 0.0, 0.0, 0.0, 0.0, 0.0, 0.0, 0.0, 0.0, 0.0, 0.0], inAccuracy=3, timestamp=2459059970624
03-15 23:15:27.602 I/Booster_Qoe( 2565): Ada,index:8,NisPsSlow:0,NProba:309,rsrp(rssi):-40,rsrq(noise):-60,rtt(chload):200,BFH(uldelay):0,BFC(rtt):0 Real:0,0,0,0,0, dlBler:0, ulBler:0
03-15 23:15:27.602 I/Booster_Qoe( 2565): Ada,index:2,NisPsSlow:0,NProba:309,rsrp(rssi):-40,rsrq(noise):-60,rtt(chload):200,BFH(uldelay):0,BFC(rtt):0 Real:0,0,0,0,0, dlBler:0, ulBler:0
03-15 23:15:27.602 I/Booster_ChannelQoeData( 2565): [dumpChannelData] Base:10233,0,0,-1,8 DNS:0,0,0 UID:1051 ChId:2 TcpData:0,0,0,0,0,0,0,0,0,0,0,0,0,0,0,0,0,0 UID:0 ChId:2 TcpData:0,0,0,0,0,0,0,0,0,0,0,0,0,0,0,0,0,0 UID:10233 ChId:2 TcpData:0,0,0,0,0,0,0,0,0,0,0,0,0,0,0,0,0,0 FastDecayData:1 AsymmetricLinkData:0
03-15 23:15:27.603 E/NetworkQoeProxy( 2565): invalid channelId = 0
03-15 23:15:27.603 E/NetworkQoeProxy( 2565): invalid channelId = 1
03-15 23:15:27.603 D/BoosterUtil( 2565): convertSubIdToSlotId, subId invalid: -1
03-15 23:15:27.604 D/BoosterUtil( 2565): getDefaultDataSlotId failed, invalid slotId:-1, subId:-1
03-15 23:15:27.604 D/BoosterUtil( 2565): convertSubIdToSlotId, subId invalid: -1
03-15 23:15:27.604 D/BoosterUtil( 2565): getDefaultDataSlotId failed, invalid slotId:-1, subId:-1
03-15 23:15:27.606 E/Booster_BroadcastProxy( 2565): [isDebugModemEnabled]get package info fail.
03-15 23:15:27.606 I/Booster_BroadcastProxy( 2565): [isDebugModemEnabled]mode: false
03-15 23:15:27.607 I/CloudServiceChr( 2565): App Qoe normal
03-15 23:15:27.607 E/Booster_NetworkQoeChr( 2565): [chrBlerMonitorAndReport]modemQoeData is not present
03-15 23:15:27.608 I/Booster_NetworkQoeMonitor( 2565): [createQoeBundle]networkQoeChanged:10233,4,0,309,1,2,4,0,309,0,0,10,10,0,0,0,0,0,2,1024,1024
03-15 23:15:27.610 I/CloudNetworkStateMachine( 2565): the Wi-Fi action state is true
03-15 23:15:27.610 I/CloudNetworkStateMachine( 2565): wifi is active, the Wi-Fi is connected.
03-15 23:15:27.611 D/Hicom_XEngineProc( 2565): isSupportLocalSocketKit packageNam: ai.axiomaster.BoJi isSupported: false
03-15 23:15:27.611 I/WiFi_PRO_WifiProStateMachine( 1779): APP_SERVICE_QOE_NOTIFY Qoe info 10233,4,0,309,1,2,4,0,309,0,0,10,10,0,0,0,0 CID 2 mMasterWifiRssi 0 mMasterCardAmbr 1048576 mSlaveCardAmbr 1048576
03-15 23:15:27.612 I/HwWifiProServiceProxy( 1779): ctrlHwWifiNetwork pkgName: WIFIPRO_SERVICE interfaceId: 9
03-15 23:15:27.612 I/WiFi_PRO_WifiProStateMachine( 1779): isWifi2WifiProcess = false, mIsNeedIgnoreQoeUpdate = false, mIsAppInBlacklistFullScreen = false, mIsWiFiNoInternet false, screen on = true, full screen = false, isLandscapeMode = false, mNotifyWifiLinkPoorReason = -1, mIsAppInBlacklistQoe false, mIsAppInBlackListAll false
03-15 23:15:27.612 E/WiFi_PROHumanFactorRecommend( 1779): isEconomicTrafficUser, invalid slotId=-1
03-15 23:15:27.612 I/WiFi_PRO_WifiProStateMachine( 1779): , mAppQoeBadCnt = 0, mNetworkSlowReason = 0, isEconomicTrafficUser =false, mStrategy =0
03-15 23:15:27.612 I/WiFi_PRO_WifiProStateMachine( 1779): getAppQoeInfoReason badReason:0
03-15 23:15:27.612 I/WiFi_PRO_WifiProStateMachine( 1779): resetWifiQoeBad
03-15 23:15:27.613 I/WiFi_PRO_WifiProStateMachine( 1779): the fast decay result in WifiProStateMachine : 1
03-15 23:15:27.613 I/WiFi_PRO_WifiProStateMachine( 1779): start handle fast decay
03-15 23:15:27.613 V/HwWifiServiceFactory( 1779): get AllImpl object = com.android.server.wifi.HwWifiServiceFactoryImpl@f8e66c3
03-15 23:15:27.613 I/WiFi_PRO_WifiProStateMachine( 1779): the asymmetric link result in WifiProStateMachine : 0
03-15 23:15:27.643 D/surfaceflinger(  984): xdraw: fling end with uid 10233, curUid: 0
03-15 23:15:27.644 I/AwareLog(10053): RtgSched: handleMessage msg:3
03-15 23:15:27.644 V/SensorManager( 2451): dispatchSensorEvent() was called, handle=3, values=[698.0, 4010.0, 0.0, 0.0, 0.0, 0.0, 0.0, 0.0, 0.0, 0.0, 0.0, 0.0, 0.0, 0.0, 0.0, 0.0], inAccuracy=3, timestamp=2459305970624
03-15 23:15:27.645 V/SensorManager( 1779): dispatchSensorEvent() was called, handle=3, values=[698.0, 4010.0, 0.0, 0.0, 0.0, 0.0, 0.0, 0.0, 0.0, 0.0, 0.0, 0.0, 0.0, 0.0, 0.0, 0.0], inAccuracy=3, timestamp=2459305970624
03-15 23:15:27.672 I/ZrHung.AppEyeUiProbe( 9058): not watching, wait.
03-15 23:15:27.685 I/ZrHung.AppEyeUiProbe( 9206): restart watching of heap dump.
03-15 23:15:27.765 V/SensorManager( 2451): dispatchSensorEvent() was called, handle=3, values=[699.0, 4010.0, 0.0, 0.0, 0.0, 0.0, 0.0, 0.0, 0.0, 0.0, 0.0, 0.0, 0.0, 0.0, 0.0, 0.0], inAccuracy=3, timestamp=2459425970624
03-15 23:15:27.765 V/SensorManager( 1779): dispatchSensorEvent() was called, handle=3, values=[699.0, 4010.0, 0.0, 0.0, 0.0, 0.0, 0.0, 0.0, 0.0, 0.0, 0.0, 0.0, 0.0, 0.0, 0.0, 0.0], inAccuracy=3, timestamp=2459425970624
