03-15 23:15:27.792 D/CompositionEngine(  984): Display:0 layers:4
03-15 23:15:27.797 V/SensorManager( 2694): dispatchSensorEvent() was called, handle=0, values=[-0.40051162, 0.59465265, 9.823199, 4.2E-45, 0.0, 0.0, 0.0, 0.0, 0.0, 0.0, 0.0, 0.0, 0.0, 0.0, 0.0, 0.0], inAccuracy=3, timestamp=2459259970781
03-15 23:15:27.806 I/WifiNl80211Manager( 1779): Noise: -88, Snr: 25, Chload: 85, rssi: -67, txBitrate: 173, rxBitrate: 115, frequency: 5180, UlDelay: 1, currentTxBytes: 71207088, currentTxPackets: 60728, currentTxFailed: 0, currentRxBytes: 30199805, currentRxPackets: 35803, chloadSelf: 0, c0RssiDbm: 0, c1RssiDbm: 0
03-15 23:15:27.806 I/WiFi_PRO( 1779): MSG_RETURN_AP_CURRY_RSSI rssi = -67
03-15 23:15:27.806 I/HuaweiWifiWatchdogStateMachine( 1779): POta txb txg rxg:0, 11, 0. Lr =0% Totpkt=11
03-15 23:15:27.806 I/QosMonitor( 1779): queryRtt: rttType = 3
03-15 23:15:27.807 I/QosMonitor( 1779): call ctrlHwWifiNetwork
03-15 23:15:27.807 I/HwDualBandManager( 1779): handle2gApStrongWifiRssiChange
03-15 23:15:27.807 V/HwWifiServiceFactory( 1779): get AllImpl object = com.android.server.wifi.HwWifiServiceFactoryImpl@f8e66c3
03-15 23:15:27.808 I/QosMonitor( 1779): postEventFromNative: msg=100,arg1=4,arg2=10
03-15 23:15:27.808 I/QosMonitor( 1779): call ctrlHwWifiNetwork
03-15 23:15:27.809 I/QosMonitor( 1779): postEventFromNative: msg=100,arg1=0,arg2=10
03-15 23:15:27.809 I/MQoS    ( 1779): rtt=288,tcpTxPkts=12711,tcpRxPkts=26894
03-15 23:15:27.809 I/HwConnectivityServiceEx( 1779): set 1000, metered: false, value: false
03-15 23:15:27.811 I/HuaweiWifiWatchdogStateMachine( 1779): PTcp RTT:0, rtt pkt=0, tcp_rx=0, tcp_tx=0, tcp_reTran=0, rtRate=0
03-15 23:15:27.811 I/HwWifiProServiceProxy( 1779): ctrlHwWifiNetwork pkgName: WIFIPRO_SERVICE interfaceId: 101
03-15 23:15:27.811 I/HuaweiWifiWatchdogStateMachine( 1779): start computeQosLevel tcpRtt = 0 ,rssi = -67 ,mBestSpeedInPeriod = 807
03-15 23:15:27.811 I/HuaweiWifiWatchdogStateMachine( 1779): smoothConsecutiveQosResults, currentQosLevel = 3
03-15 23:15:27.812 I/QosMonitor( 1779): resetRtt: rttType = 3
03-15 23:15:27.812 I/QosMonitor( 1779): call ctrlHwWifiNetwork
03-15 23:15:27.812 I/MQoS    ( 1779): QOS_level:0(0),wifi-link;SIM error;use level-0
03-15 23:15:27.884 V/SensorManager( 2451): dispatchSensorEvent() was called, handle=3, values=[698.25, 4010.0, 0.0, 0.0, 0.0, 0.0, 0.0, 0.0, 0.0, 0.0, 0.0, 0.0, 0.0, 0.0, 0.0, 0.0], inAccuracy=3, timestamp=2459545970624
03-15 23:15:27.885 V/SensorManager( 1779): dispatchSensorEvent() was called, handle=3, values=[698.25, 4010.0, 0.0, 0.0, 0.0, 0.0, 0.0, 0.0, 0.0, 0.0, 0.0, 0.0, 0.0, 0.0, 0.0, 0.0], inAccuracy=3, timestamp=2459545970624
03-15 23:15:27.952 I/PGServer( 2535): getThermalInfo. calling pkg: com.huawei.iaware
03-15 23:15:27.961 D/HwCommBoosterService( 2565): reportBoosterPara enter
03-15 23:15:27.961 D/HwCommBoosterManager( 2565): reportBoosterPara enter
03-15 23:15:27.961 D/HwCommBoosterManager( 2565): pluginId: 2dataType:801
03-15 23:15:27.961 D/HwCommBoosterManager( 2565): handleBoosterMessageSendModuleDataToPlugin enter
03-15 23:15:27.962 I/Booster_ConfigManager( 2565): [handleReceiveAPModuleData]handleReceiveAPModuleData dataType = 801
03-15 23:15:27.997 V/SensorManager( 2694): dispatchSensorEvent() was called, handle=0, values=[-0.38957492, 0.5935896, 9.809935, 4.2E-45, 0.0, 0.0, 0.0, 0.0, 0.0, 0.0, 0.0, 0.0, 0.0, 0.0, 0.0, 0.0], inAccuracy=3, timestamp=2459459970468
03-15 23:15:28.004 V/SensorManager( 2451): dispatchSensorEvent() was called, handle=3, values=[698.75, 4010.0, 0.0, 0.0, 0.0, 0.0, 0.0, 0.0, 0.0, 0.0, 0.0, 0.0, 0.0, 0.0, 0.0, 0.0], inAccuracy=3, timestamp=2459665970624
03-15 23:15:28.004 V/SensorManager( 1779): dispatchSensorEvent() was called, handle=3, values=[698.75, 4010.0, 0.0, 0.0, 0.0, 0.0, 0.0, 0.0, 0.0, 0.0, 0.0, 0.0, 0.0, 0.0, 0.0, 0.0], inAccuracy=3, timestamp=2459665970624
03-15 23:15:28.025 I/axiomaster.BoJ(10053): Background concurrent copying GC freed 214925(8671KB) AllocSpace objects, 1(24KB) LOS objects, 49% free, 8254KB/16MB,  current_footprint is 15MB, capacity is 384MB, growth limit is 384MB, paused 140us,61us total 48.080ms cpu time 47.186ms DisableRefAccess:1.846ms(1.804ms), OnTop, cpufreq(0-7): 692000 692000 692000 692000 1920000 1920000 1920000 1920000, Perceptible, last gc 4045.778ms, last Background 17520.695ms, last free 7461168, 0, process name: "<pre-initialized>"
03-15 23:15:28.089 I/Booster_BoosterdDelegate( 2565): [handleMessage]handleMessage, enter
03-15 23:15:28.089 E/Booster_BoosterdDelegate( 2565): [bindService]bindService start
03-15 23:15:28.090 E/Booster_BoosterdDelegate( 2565): [getBoosterdNativeService]Failed to get boosterd native service
03-15 23:15:28.091 E/Booster_BoosterdDelegate( 2565): [bindService]mService is null
03-15 23:15:28.091 I/Booster_BoosterdDelegate( 2565): [startRebindServieTimer] startRebindServieTimer
03-15 23:15:28.091 I/OllieMsgCenter( 2565): publishEvt=2135097353
03-15 23:15:28.130 V/SensorManager( 2451): dispatchSensorEvent() was called, handle=3, values=[698.125, 4010.0, 0.0, 0.0, 0.0, 0.0, 0.0, 0.0, 0.0, 0.0, 0.0, 0.0, 0.0, 0.0, 0.0, 0.0], inAccuracy=3, timestamp=2459785970624
03-15 23:15:28.131 V/SensorManager( 1779): dispatchSensorEvent() was called, handle=3, values=[698.125, 4010.0, 0.0, 0.0, 0.0, 0.0, 0.0, 0.0, 0.0, 0.0, 0.0, 0.0, 0.0, 0.0, 0.0, 0.0], inAccuracy=3, timestamp=2459785970624
03-15 23:15:28.156 E/emcomd  ( 1377): [EMCOMD_NET] SmartcareReport# SendResponse error
03-15 23:15:28.196 V/SensorManager( 2694): dispatchSensorEvent() was called, handle=0, values=[-0.39868245, 0.60472745, 9.835571, 4.2E-45, 0.0, 0.0, 0.0, 0.0, 0.0, 0.0, 0.0, 0.0, 0.0, 0.0, 0.0, 0.0], inAccuracy=3, timestamp=2459659970156
03-15 23:15:28.244 V/SensorManager( 2451): dispatchSensorEvent() was called, handle=3, values=[698.375, 4010.0, 0.0, 0.0, 0.0, 0.0, 0.0, 0.0, 0.0, 0.0, 0.0, 0.0, 0.0, 0.0, 0.0, 0.0], inAccuracy=3, timestamp=2459905970156
03-15 23:15:28.244 V/SensorManager( 1779): dispatchSensorEvent() was called, handle=3, values=[698.375, 4010.0, 0.0, 0.0, 0.0, 0.0, 0.0, 0.0, 0.0, 0.0, 0.0, 0.0, 0.0, 0.0, 0.0, 0.0], inAccuracy=3, timestamp=2459905970156
03-15 23:15:28.253 I/m.huawei.recsy(10299): Restrict Explicit GC
03-15 23:15:28.253 I/HiDecision(10299): MemoryManager: Release memory now
03-15 23:15:28.296 I/TrafficStatisticsBoosterPlugin( 2565): handleMessage, msg = 2
03-15 23:15:28.365 V/SensorManager( 2451): dispatchSensorEvent() was called, handle=3, values=[698.625, 4010.0, 0.0, 0.0, 0.0, 0.0, 0.0, 0.0, 0.0, 0.0, 0.0, 0.0, 0.0, 0.0, 0.0, 0.0], inAccuracy=3, timestamp=2460025970624
03-15 23:15:28.365 V/SensorManager( 1779): dispatchSensorEvent() was called, handle=3, values=[698.625, 4010.0, 0.0, 0.0, 0.0, 0.0, 0.0, 0.0, 0.0, 0.0, 0.0, 0.0, 0.0, 0.0, 0.0, 0.0], inAccuracy=3, timestamp=2460025970624
03-15 23:15:28.397 V/SensorManager( 2694): dispatchSensorEvent() was called, handle=0, values=[-0.4207091, 0.58475024, 9.821973, 4.2E-45, 0.0, 0.0, 0.0, 0.0, 0.0, 0.0, 0.0, 0.0, 0.0, 0.0, 0.0, 0.0], inAccuracy=3, timestamp=2459859970781
03-15 23:15:28.484 V/SensorManager( 2451): dispatchSensorEvent() was called, handle=3, values=[698.5, 4010.0, 0.0, 0.0, 0.0, 0.0, 0.0, 0.0, 0.0, 0.0, 0.0, 0.0, 0.0, 0.0, 0.0, 0.0], inAccuracy=3, timestamp=2460145970156
03-15 23:15:28.485 V/SensorManager( 1779): dispatchSensorEvent() was called, handle=3, values=[698.5, 4010.0, 0.0, 0.0, 0.0, 0.0, 0.0, 0.0, 0.0, 0.0, 0.0, 0.0, 0.0, 0.0, 0.0, 0.0], inAccuracy=3, timestamp=2460145970156
03-15 23:15:28.527 I/HwMSDPMovementManager( 3138): getCurrentMovement type 0
03-15 23:15:28.530 I/ArHal   (  933): (ArDataGetState:1478):id[2]
03-15 23:15:28.533 I/L_HmsMsdpClient( 3138): [LocKit LogLocation.java:1] arId = 4
03-15 23:15:28.539 I/Collector( 2565): GetEntityNum: dataType:2, rptType:9, bufLen:688, dataLen:684, structSize:88, result:0!
03-15 23:15:28.555 I/WifiNl80211Manager( 1779): Noise: -88, Snr: 25, Chload: 85, rssi: -67, txBitrate: 173, rxBitrate: 115, frequency: 5180, UlDelay: 1, currentTxBytes: 71207088, currentTxPackets: 60728, currentTxFailed: 0, currentRxBytes: 30199805, currentRxPackets: 35803, chloadSelf: 0, c0RssiDbm: 0, c1RssiDbm: 0
03-15 23:15:28.558 V/HwWifiServiceFactory( 1779): get AllImpl object = com.android.server.wifi.HwWifiServiceFactoryImpl@f8e66c3
03-15 23:15:28.597 V/SensorManager( 2694): dispatchSensorEvent() was called, handle=0, values=[-0.42345765, 0.6040475, 9.828601, 4.2E-45, 0.0, 0.0, 0.0, 0.0, 0.0, 0.0, 0.0, 0.0, 0.0, 0.0, 0.0, 0.0], inAccuracy=3, timestamp=2460059970468
03-15 23:15:28.604 V/SensorManager( 1779): dispatchSensorEvent() was called, handle=3, values=[697.75, 4010.0, 0.0, 0.0, 0.0, 0.0, 0.0, 0.0, 0.0, 0.0, 0.0, 0.0, 0.0, 0.0, 0.0, 0.0], inAccuracy=3, timestamp=2460265970156
03-15 23:15:28.604 V/SensorManager( 2451): dispatchSensorEvent() was called, handle=3, values=[697.75, 4010.0, 0.0, 0.0, 0.0, 0.0, 0.0, 0.0, 0.0, 0.0, 0.0, 0.0, 0.0, 0.0, 0.0, 0.0], inAccuracy=3, timestamp=2460265970156
03-15 23:15:28.625 I/Booster_Qoe( 2565): Ada,index:8,NisPsSlow:0,NProba:309,rsrp(rssi):-40,rsrq(noise):-60,rtt(chload):200,BFH(uldelay):0,BFC(rtt):0 Real:0,0,0,0,0, dlBler:0, ulBler:0
03-15 23:15:28.625 I/Booster_Qoe( 2565): Ada,index:2,NisPsSlow:0,NProba:309,rsrp(rssi):-40,rsrq(noise):-60,rtt(chload):200,BFH(uldelay):0,BFC(rtt):0 Real:0,0,0,0,0, dlBler:0, ulBler:0
03-15 23:15:28.625 I/Booster_ChannelQoeData( 2565): [dumpChannelData] Base:10233,0,0,-1,8 DNS:0,0,0 UID:1051 ChId:2 TcpData:0,0,0,0,0,0,0,0,0,0,0,0,0,0,0,0,0,0 UID:0 ChId:2 TcpData:0,0,0,0,0,0,0,0,0,0,0,0,0,0,0,0,0,0 UID:10233 ChId:2 TcpData:0,0,0,0,0,0,0,0,0,0,0,0,0,0,0,0,0,0 FastDecayData:1 AsymmetricLinkData:0
03-15 23:15:28.626 E/NetworkQoeProxy( 2565): invalid channelId = 0
03-15 23:15:28.626 E/NetworkQoeProxy( 2565): invalid channelId = 1
03-15 23:15:28.626 D/BoosterUtil( 2565): convertSubIdToSlotId, subId invalid: -1
03-15 23:15:28.626 D/BoosterUtil( 2565): getDefaultDataSlotId failed, invalid slotId:-1, subId:-1
03-15 23:15:28.626 D/BoosterUtil( 2565): convertSubIdToSlotId, subId invalid: -1
03-15 23:15:28.626 D/BoosterUtil( 2565): getDefaultDataSlotId failed, invalid slotId:-1, subId:-1
03-15 23:15:28.627 E/Booster_BroadcastProxy( 2565): [isDebugModemEnabled]get package info fail.
03-15 23:15:28.627 I/Booster_BroadcastProxy( 2565): [isDebugModemEnabled]mode: false
03-15 23:15:28.627 I/CloudServiceChr( 2565): App Qoe normal
03-15 23:15:28.628 E/Booster_NetworkQoeChr( 2565): [chrBlerMonitorAndReport]modemQoeData is not present
03-15 23:15:28.628 I/Booster_NetworkQoeMonitor( 2565): [createQoeBundle]networkQoeChanged:10233,4,0,309,1,2,4,0,309,0,0,10,10,0,0,0,0,0,2,1024,1024
03-15 23:15:28.629 I/CloudNetworkStateMachine( 2565): the Wi-Fi action state is true
03-15 23:15:28.629 I/CloudNetworkStateMachine( 2565): wifi is active, the Wi-Fi is connected.
03-15 23:15:28.629 D/Hicom_XEngineProc( 2565): isSupportLocalSocketKit packageNam: ai.axiomaster.BoJi isSupported: false
03-15 23:15:28.630 I/WiFi_PRO_WifiProStateMachine( 1779): APP_SERVICE_QOE_NOTIFY Qoe info 10233,4,0,309,1,2,4,0,309,0,0,10,10,0,0,0,0 CID 2 mMasterWifiRssi 0 mMasterCardAmbr 1048576 mSlaveCardAmbr 1048576
03-15 23:15:28.630 I/HwWifiProServiceProxy( 1779): ctrlHwWifiNetwork pkgName: WIFIPRO_SERVICE interfaceId: 9
03-15 23:15:28.630 I/WiFi_PRO_WifiProStateMachine( 1779): isWifi2WifiProcess = false, mIsNeedIgnoreQoeUpdate = false, mIsAppInBlacklistFullScreen = false, mIsWiFiNoInternet false, screen on = true, full screen = false, isLandscapeMode = false, mNotifyWifiLinkPoorReason = -1, mIsAppInBlacklistQoe false, mIsAppInBlackListAll false
03-15 23:15:28.630 E/WiFi_PROHumanFactorRecommend( 1779): isEconomicTrafficUser, invalid slotId=-1
03-15 23:15:28.630 I/WiFi_PRO_WifiProStateMachine( 1779): , mAppQoeBadCnt = 0, mNetworkSlowReason = 0, isEconomicTrafficUser =false, mStrategy =0
03-15 23:15:28.630 I/WiFi_PRO_WifiProStateMachine( 1779): getAppQoeInfoReason badReason:0
03-15 23:15:28.630 I/WiFi_PRO_WifiProStateMachine( 1779): resetWifiQoeBad
03-15 23:15:28.630 I/WiFi_PRO_WifiProStateMachine( 1779): the fast decay result in WifiProStateMachine : 1
03-15 23:15:28.630 I/WiFi_PRO_WifiProStateMachine( 1779): start handle fast decay
03-15 23:15:28.631 V/HwWifiServiceFactory( 1779): get AllImpl object = com.android.server.wifi.HwWifiServiceFactoryImpl@f8e66c3
03-15 23:15:28.631 I/WiFi_PRO_WifiProStateMachine( 1779): the asymmetric link result in WifiProStateMachine : 0
03-15 23:15:28.688 I/ZrHung.AppEyeUiProbe( 9206): not watching, wait.
03-15 23:15:28.731 V/SensorManager( 1779): dispatchSensorEvent() was called, handle=3, values=[698.375, 4010.0, 0.0, 0.0, 0.0, 0.0, 0.0, 0.0, 0.0, 0.0, 0.0, 0.0, 0.0, 0.0, 0.0, 0.0], inAccuracy=3, timestamp=2460385970624
03-15 23:15:28.731 V/SensorManager( 2451): dispatchSensorEvent() was called, handle=3, values=[698.375, 4010.0, 0.0, 0.0, 0.0, 0.0, 0.0, 0.0, 0.0, 0.0, 0.0, 0.0, 0.0, 0.0, 0.0, 0.0], inAccuracy=3, timestamp=2460385970624
03-15 23:15:28.797 V/SensorManager( 2694): dispatchSensorEvent() was called, handle=0, values=[-0.3923522, 0.6041624, 9.809064, 4.2E-45, 0.0, 0.0, 0.0, 0.0, 0.0, 0.0, 0.0, 0.0, 0.0, 0.0, 0.0, 0.0], inAccuracy=3, timestamp=2460259970624
03-15 23:15:28.844 V/SensorManager( 2451): dispatchSensorEvent() was called, handle=3, values=[698.375, 4010.0, 0.0, 0.0, 0.0, 0.0, 0.0, 0.0, 0.0, 0.0, 0.0, 0.0, 0.0, 0.0, 0.0, 0.0], inAccuracy=3, timestamp=2460505970624
03-15 23:15:28.844 V/SensorManager( 1779): dispatchSensorEvent() was called, handle=3, values=[698.375, 4010.0, 0.0, 0.0, 0.0, 0.0, 0.0, 0.0, 0.0, 0.0, 0.0, 0.0, 0.0, 0.0, 0.0, 0.0], inAccuracy=3, timestamp=2460505970624
03-15 23:15:28.925 V/HwWifiServiceFactory( 1779): get AllImpl object = com.android.server.wifi.HwWifiServiceFactoryImpl@f8e66c3
03-15 23:15:28.965 V/SensorManager( 1779): dispatchSensorEvent() was called, handle=3, values=[698.5, 4010.0, 0.0, 0.0, 0.0, 0.0, 0.0, 0.0, 0.0, 0.0, 0.0, 0.0, 0.0, 0.0, 0.0, 0.0], inAccuracy=3, timestamp=2460625970624
03-15 23:15:28.965 V/SensorManager( 2451): dispatchSensorEvent() was called, handle=3, values=[698.5, 4010.0, 0.0, 0.0, 0.0, 0.0, 0.0, 0.0, 0.0, 0.0, 0.0, 0.0, 0.0, 0.0, 0.0, 0.0], inAccuracy=3, timestamp=2460625970624
03-15 23:15:28.965 D/HwCommBoosterService( 2565): reportBoosterPara enter
03-15 23:15:28.965 D/HwCommBoosterManager( 2565): reportBoosterPara enter
03-15 23:15:28.965 D/HwCommBoosterManager( 2565): pluginId: 2dataType:801
03-15 23:15:28.965 D/HwCommBoosterManager( 2565): handleBoosterMessageSendModuleDataToPlugin enter
03-15 23:15:28.966 I/Booster_ConfigManager( 2565): [handleReceiveAPModuleData]handleReceiveAPModuleData dataType = 801
03-15 23:15:28.980 I/uniperf server(  961): UniPerfEvent Open NoOperation Action
03-15 23:15:28.981 I/PF_CFG_MGR(  969): [PerfRequest:751] PerfRequest long term pid:961, handle:3007
03-15 23:15:28.981 I/PF_GROUP(  969): [AddLongTermCommand:504] [GOVERNOR_DELAY_UP_CPU_L] add to long term cmd, optType:0, value:110 with handle:3007
03-15 23:15:28.982 I/PF_GROUP(  969): [AddLongTermCommand:504] [GOVERNOR_DELAY_UP_CPU_M] add to long term cmd, optType:0, value:110 with handle:3007
03-15 23:15:28.982 I/PF_GROUP(  969): [AddLongTermCommand:504] [GOVERNOR_DELAY_UP_CPU_B] add to long term cmd, optType:0, value:110 with handle:3007
03-15 23:15:28.982 I/PF_GROUP(  969): [AddLongTermCommand:504] [GOVERNOR_FAST_RAMP_UP_CPU_L] add to long term cmd, optType:0, value:110 with handle:3007
03-15 23:15:28.982 I/PF_GROUP(  969): [AddLongTermCommand:504] [GOVERNOR_FAST_RAMP_UP_CPU_M] add to long term cmd, optType:0, value:110 with handle:3007
03-15 23:15:28.982 I/PF_GROUP(  969): [AddLongTermCommand:504] [GOVERNOR_FAST_RAMP_UP_CPU_B] add to long term cmd, optType:0, value:110 with handle:3007
03-15 23:15:28.982 I/PF_CFG_MGR(  969): [PerfRequest:751] PerfRequest long term pid:961, handle:3008
03-15 23:15:28.982 I/PF_GROUP(  969): [AddLongTermCommand:504] [GOVERNOR_LOAD_CPU_M] add to long term cmd, optType:1, value:97 with handle:3008
03-15 23:15:28.982 I/PF_GROUP(  969): [AddLongTermCommand:504] [GOVERNOR_LOAD_CPU_B] add to long term cmd, optType:1, value:97 with handle:3008
03-15 23:15:28.982 I/PF_GROUP(  969): [AddLongTermCommand:504] [GOVERNOR_DELAY_DOWN_CPU_L] add to long term cmd, optType:1, value:90 with handle:3008
03-15 23:15:28.982 I/PF_GROUP(  969): [AddLongTermCommand:504] [GOVERNOR_DELAY_DOWN_CPU_M] add to long term cmd, optType:1, value:100 with handle:3008
03-15 23:15:28.982 I/PF_GROUP(  969): [AddLongTermCommand:504] [GOVERNOR_DELAY_DOWN_CPU_B] add to long term cmd, optType:1, value:100 with handle:3008
03-15 23:15:28.982 I/PF_GROUP(  969): [AddLongTermCommand:504] [GOVERNOR_FAST_RAMP_DOWN_CPU_L] add to long term cmd, optType:1, value:100 with handle:3008
03-15 23:15:28.982 I/PF_GROUP(  969): [AddLongTermCommand:504] [GOVERNOR_FAST_RAMP_DOWN_CPU_M] add to long term cmd, optType:1, value:100 with handle:3008
03-15 23:15:28.982 I/PF_GROUP(  969): [AddLongTermCommand:504] [GOVERNOR_FAST_RAMP_DOWN_CPU_B] add to long term cmd, optType:1, value:100 with handle:3008
03-15 23:15:28.997 V/SensorManager( 2694): dispatchSensorEvent() was called, handle=0, values=[-0.39925706, 0.5931395, 9.8103285, 4.2E-45, 0.0, 0.0, 0.0, 0.0, 0.0, 0.0, 0.0, 0.0, 0.0, 0.0, 0.0, 0.0], inAccuracy=3, timestamp=2460459970312
03-15 23:15:29.080 I/ZrHung.AppEyeUiProbe( 9672): restart watching of heap dump.
03-15 23:15:29.084 V/SensorManager( 2451): dispatchSensorEvent() was called, handle=3, values=[698.375, 4010.0, 0.0, 0.0, 0.0, 0.0, 0.0, 0.0, 0.0, 0.0, 0.0, 0.0, 0.0, 0.0, 0.0, 0.0], inAccuracy=3, timestamp=2460745970624
03-15 23:15:29.084 V/SensorManager( 1779): dispatchSensorEvent() was called, handle=3, values=[698.375, 4010.0, 0.0, 0.0, 0.0, 0.0, 0.0, 0.0, 0.0, 0.0, 0.0, 0.0, 0.0, 0.0, 0.0, 0.0], inAccuracy=3, timestamp=2460745970624
03-15 23:15:29.105 I/InputReader( 1779): eventHub getEvents 0
03-15 23:15:29.106 I/EventHub( 1779): EventHub monitor: no key events in the past 82s, 
03-15 23:15:29.156 I/ZrHung.AppEyeUiProbe( 9566): restart watching of heap dump.
03-15 23:15:29.196 V/SensorManager( 2694): dispatchSensorEvent() was called, handle=0, values=[-0.39515817, 0.6011649, 9.815853, 4.2E-45, 0.0, 0.0, 0.0, 0.0, 0.0, 0.0, 0.0, 0.0, 0.0, 0.0, 0.0, 0.0], inAccuracy=3, timestamp=2460659970468
03-15 23:15:29.204 V/SensorManager( 1779): dispatchSensorEvent() was called, handle=3, values=[697.5, 4010.0, 0.0, 0.0, 0.0, 0.0, 0.0, 0.0, 0.0, 0.0, 0.0, 0.0, 0.0, 0.0, 0.0, 0.0], inAccuracy=3, timestamp=2460865970624
03-15 23:15:29.204 V/SensorManager( 2451): dispatchSensorEvent() was called, handle=3, values=[697.5, 4010.0, 0.0, 0.0, 0.0, 0.0, 0.0, 0.0, 0.0, 0.0, 0.0, 0.0, 0.0, 0.0, 0.0, 0.0], inAccuracy=3, timestamp=2460865970624
03-15 23:15:29.208 I/ZrHung.AppEyeUiProbe(16949): restart watching of heap dump.
03-15 23:15:29.228 I/CPU_STATS( 1451): iawared: query next cpu load with 2!
03-15 23:15:29.228 I/CPU_STATS( 1451): total cost time 2007896562 ns
03-15 23:15:29.229 I/CPU_STATS( 1451): iawared: current total load is 0.062005, capacity : 5658, pre load:  586729077478, current load : 587416983366
03-15 23:15:29.230 I/CPU_STATS( 1451): read once cost time 2031 us
03-15 23:15:29.237 I/WifiNl80211Manager( 1779): Noise: -88, Snr: 25, Chload: 85, rssi: -67, txBitrate: 173, rxBitrate: 115, frequency: 5180, UlDelay: 1, currentTxBytes: 71207088, currentTxPackets: 60728, currentTxFailed: 0, currentRxBytes: 30199805, currentRxPackets: 35803, chloadSelf: 0, c0RssiDbm: 0, c1RssiDbm: 0
03-15 23:15:29.238 I/HwDualBandLearningAlg( 1779): update5gBetaAttribute, m24gConnectionRateList is empty or not full, ignore
03-15 23:15:29.313 I/HwAmbientLuxFilterAlgo( 1779): t=2460868,lx=[698.5833/2459429, 698.5/2459667, 698.375/2460028, 698.125/2460267, 698.4167/2460628, 697.9375/2460868],mLx=464.6,mOffLux=464.6,s=5.0,ss=27.188536,Avened=false,mPxs=false,mTPxs=false,mBLux=1177.05,mDlux=200.09601,backLux=0.0,mDt=1000,mBt=650
03-15 23:15:29.331 V/SensorManager( 2451): dispatchSensorEvent() was called, handle=3, values=[698.125, 4010.0, 0.0, 0.0, 0.0, 0.0, 0.0, 0.0, 0.0, 0.0, 0.0, 0.0, 0.0, 0.0, 0.0, 0.0], inAccuracy=3, timestamp=2460985970624
03-15 23:15:29.331 V/SensorManager( 1779): dispatchSensorEvent() was called, handle=3, values=[698.125, 4010.0, 0.0, 0.0, 0.0, 0.0, 0.0, 0.0, 0.0, 0.0, 0.0, 0.0, 0.0, 0.0, 0.0, 0.0], inAccuracy=3, timestamp=2460985970624
03-15 23:15:29.340 I/ZrHung.AppEyeUiProbe(17009): restart watching of heap dump.
03-15 23:15:29.396 V/SensorManager( 2694): dispatchSensorEvent() was called, handle=0, values=[-0.40272385, 0.5750968, 9.823361, 4.2E-45, 0.0, 0.0, 0.0, 0.0, 0.0, 0.0, 0.0, 0.0, 0.0, 0.0, 0.0, 0.0], inAccuracy=3, timestamp=2460859970624
03-15 23:15:29.444 V/SensorManager( 1779): dispatchSensorEvent() was called, handle=3, values=[698.125, 4010.0, 0.0, 0.0, 0.0, 0.0, 0.0, 0.0, 0.0, 0.0, 0.0, 0.0, 0.0, 0.0, 0.0, 0.0], inAccuracy=3, timestamp=2461105970624
03-15 23:15:29.444 V/SensorManager( 2451): dispatchSensorEvent() was called, handle=3, values=[698.125, 4010.0, 0.0, 0.0, 0.0, 0.0, 0.0, 0.0, 0.0, 0.0, 0.0, 0.0, 0.0, 0.0, 0.0, 0.0], inAccuracy=3, timestamp=2461105970624
03-15 23:15:29.483 D/CompositionEngine(  984): Display:0 layers:4
03-15 23:15:29.524 I/ZrHung.AppEyeUiProbe(17038): restart watching of heap dump.
03-15 23:15:29.529 I/HwMSDPMovementManager( 3138): getCurrentMovement type 0
03-15 23:15:29.531 I/ArHal   (  933): (ArDataGetState:1478):id[2]
03-15 23:15:29.537 I/L_HmsMsdpClient( 3138): [LocKit LogLocation.java:1] arId = 4
03-15 23:15:29.563 I/Collector( 2565): GetEntityNum: dataType:2, rptType:9, bufLen:688, dataLen:684, structSize:88, result:0!
03-15 23:15:29.565 V/SensorManager( 2451): dispatchSensorEvent() was called, handle=3, values=[698.625, 4010.0, 0.0, 0.0, 0.0, 0.0, 0.0, 0.0, 0.0, 0.0, 0.0, 0.0, 0.0, 0.0, 0.0, 0.0], inAccuracy=3, timestamp=2461225970624
03-15 23:15:29.565 V/SensorManager( 1779): dispatchSensorEvent() was called, handle=3, values=[698.625, 4010.0, 0.0, 0.0, 0.0, 0.0, 0.0, 0.0, 0.0, 0.0, 0.0, 0.0, 0.0, 0.0, 0.0, 0.0], inAccuracy=3, timestamp=2461225970624
03-15 23:15:29.596 V/SensorManager( 2694): dispatchSensorEvent() was called, handle=0, values=[-0.41363186, 0.62507814, 9.818344, 4.2E-45, 0.0, 0.0, 0.0, 0.0, 0.0, 0.0, 0.0, 0.0, 0.0, 0.0, 0.0, 0.0], inAccuracy=3, timestamp=2461059970781
03-15 23:15:29.653 I/Booster_Qoe( 2565): Ada,index:8,NisPsSlow:0,NProba:309,rsrp(rssi):-40,rsrq(noise):-60,rtt(chload):200,BFH(uldelay):0,BFC(rtt):0 Real:0,0,0,0,0, dlBler:0, ulBler:0
03-15 23:15:29.653 I/Booster_Qoe( 2565): Ada,index:2,NisPsSlow:0,NProba:309,rsrp(rssi):-40,rsrq(noise):-60,rtt(chload):200,BFH(uldelay):0,BFC(rtt):0 Real:0,0,0,0,0, dlBler:0, ulBler:0
03-15 23:15:29.653 I/Booster_ChannelQoeData( 2565): [dumpChannelData] Base:10233,0,0,-1,8 DNS:0,0,0 UID:1051 ChId:2 TcpData:0,0,0,0,0,0,0,0,0,0,0,0,0,0,0,0,0,0 UID:0 ChId:2 TcpData:0,0,0,0,0,0,0,0,0,0,0,0,0,0,0,0,0,0 UID:10233 ChId:2 TcpData:0,0,0,0,0,0,0,0,0,0,0,0,0,0,0,0,0,0 FastDecayData:1 AsymmetricLinkData:0
03-15 23:15:29.654 E/NetworkQoeProxy( 2565): invalid channelId = 0
03-15 23:15:29.654 E/NetworkQoeProxy( 2565): invalid channelId = 1
03-15 23:15:29.654 D/BoosterUtil( 2565): convertSubIdToSlotId, subId invalid: -1
03-15 23:15:29.654 D/BoosterUtil( 2565): getDefaultDataSlotId failed, invalid slotId:-1, subId:-1
03-15 23:15:29.654 D/BoosterUtil( 2565): convertSubIdToSlotId, subId invalid: -1
03-15 23:15:29.654 D/BoosterUtil( 2565): getDefaultDataSlotId failed, invalid slotId:-1, subId:-1
03-15 23:15:29.655 E/Booster_BroadcastProxy( 2565): [isDebugModemEnabled]get package info fail.
03-15 23:15:29.656 I/Booster_BroadcastProxy( 2565): [isDebugModemEnabled]mode: false
03-15 23:15:29.656 I/CloudServiceChr( 2565): App Qoe normal
03-15 23:15:29.656 E/Booster_NetworkQoeChr( 2565): [chrBlerMonitorAndReport]modemQoeData is not present
03-15 23:15:29.656 I/Booster_NetworkQoeMonitor( 2565): [createQoeBundle]networkQoeChanged:10233,4,0,309,1,2,4,0,309,0,0,10,10,0,0,0,0,0,2,1024,1024
03-15 23:15:29.657 I/CloudNetworkStateMachine( 2565): the Wi-Fi action state is true
03-15 23:15:29.657 I/CloudNetworkStateMachine( 2565): wifi is active, the Wi-Fi is connected.
03-15 23:15:29.659 D/Hicom_XEngineProc( 2565): isSupportLocalSocketKit packageNam: ai.axiomaster.BoJi isSupported: false
03-15 23:15:29.659 I/WiFi_PRO_WifiProStateMachine( 1779): APP_SERVICE_QOE_NOTIFY Qoe info 10233,4,0,309,1,2,4,0,309,0,0,10,10,0,0,0,0 CID 2 mMasterWifiRssi 0 mMasterCardAmbr 1048576 mSlaveCardAmbr 1048576
03-15 23:15:29.659 I/HwWifiProServiceProxy( 1779): ctrlHwWifiNetwork pkgName: WIFIPRO_SERVICE interfaceId: 9
03-15 23:15:29.660 I/WiFi_PRO_WifiProStateMachine( 1779): isWifi2WifiProcess = false, mIsNeedIgnoreQoeUpdate = false, mIsAppInBlacklistFullScreen = false, mIsWiFiNoInternet false, screen on = true, full screen = false, isLandscapeMode = false, mNotifyWifiLinkPoorReason = -1, mIsAppInBlacklistQoe false, mIsAppInBlackListAll false
03-15 23:15:29.660 E/WiFi_PROHumanFactorRecommend( 1779): isEconomicTrafficUser, invalid slotId=-1
03-15 23:15:29.660 I/WiFi_PRO_WifiProStateMachine( 1779): , mAppQoeBadCnt = 0, mNetworkSlowReason = 0, isEconomicTrafficUser =false, mStrategy =0
03-15 23:15:29.660 I/WiFi_PRO_WifiProStateMachine( 1779): getAppQoeInfoReason badReason:0
03-15 23:15:29.660 I/WiFi_PRO_WifiProStateMachine( 1779): resetWifiQoeBad
03-15 23:15:29.660 I/WiFi_PRO_WifiProStateMachine( 1779): the fast decay result in WifiProStateMachine : 1
03-15 23:15:29.660 I/WiFi_PRO_WifiProStateMachine( 1779): start handle fast decay
03-15 23:15:29.661 V/HwWifiServiceFactory( 1779): get AllImpl object = com.android.server.wifi.HwWifiServiceFactoryImpl@f8e66c3
03-15 23:15:29.661 I/WiFi_PRO_WifiProStateMachine( 1779): the asymmetric link result in WifiProStateMachine : 0
03-15 23:15:29.684 V/SensorManager( 1779): dispatchSensorEvent() was called, handle=3, values=[698.0, 4010.0, 0.0, 0.0, 0.0, 0.0, 0.0, 0.0, 0.0, 0.0, 0.0, 0.0, 0.0, 0.0, 0.0, 0.0], inAccuracy=3, timestamp=2461345970156
03-15 23:15:29.685 V/SensorManager( 2451): dispatchSensorEvent() was called, handle=3, values=[698.0, 4010.0, 0.0, 0.0, 0.0, 0.0, 0.0, 0.0, 0.0, 0.0, 0.0, 0.0, 0.0, 0.0, 0.0, 0.0], inAccuracy=3, timestamp=2461345970156
03-15 23:15:29.796 V/SensorManager( 2694): dispatchSensorEvent() was called, handle=0, values=[-0.38249764, 0.59393436, 9.843742, 4.2E-45, 0.0, 0.0, 0.0, 0.0, 0.0, 0.0, 0.0, 0.0, 0.0, 0.0, 0.0, 0.0], inAccuracy=3, timestamp=2461259970468
03-15 23:15:29.805 V/SensorManager( 2451): dispatchSensorEvent() was called, handle=3, values=[698.25, 4010.0, 0.0, 0.0, 0.0, 0.0, 0.0, 0.0, 0.0, 0.0, 0.0, 0.0, 0.0, 0.0, 0.0, 0.0], inAccuracy=3, timestamp=2461465970156
03-15 23:15:29.805 V/SensorManager( 1779): dispatchSensorEvent() was called, handle=3, values=[698.25, 4010.0, 0.0, 0.0, 0.0, 0.0, 0.0, 0.0, 0.0, 0.0, 0.0, 0.0, 0.0, 0.0, 0.0, 0.0], inAccuracy=3, timestamp=2461465970156
03-15 23:15:29.832 E/dubaid  ( 1424): [UidTimeInStateReader.cpp] GetTime# Failed to open uid_time_in_state
03-15 23:15:29.834 E/dubaid  ( 1424): [WakelockStats.cpp] SaveKernelWakelockData# Invalid wakelock tag:             
03-15 23:15:29.834 E/dubaid  ( 1424): [WakelockStats.cpp] ReadKernelWakelock# Failed to parse kernel wakelock message:             	1878		1878		0		0		0		1273		17		2460769		0
03-15 23:15:29.853 D/dubaid  ( 1424): [BufferedLogServer.cpp] ReceiveMessage# Received buffered log from dubai_driver-0
03-15 23:15:29.854 D/dubaid  ( 1424): [BufferedLogServer.cpp] ReceiveMessage# Received buffered log from dubai_driver-0
03-15 23:15:29.858 I/dubaid  ( 1424): [TemperatureData.cpp] ReportTemp# ThermalDaemon:[system_h] tempNew: 35, tempOld:34.
03-15 23:15:29.859 E/dubaid  ( 1424): [ThermalBinder.cpp] OnTemperatureChg# mThermalService is NULL!
03-15 23:15:29.859 W/dubaid  ( 1424): [SocTempRainflow.cpp] FormatTempData# Matrix index: 1, Point 1: 41.000000, Point 2: 36.000000, Value: 1.000000, range:5.000000, means:38.500000
03-15 23:15:29.861 W/AwareLog( 2535): UniScheduleDMEPlugin: add load record in temp
03-15 23:15:29.862 W/AwareLog( 2535): UniScheduleDMEPlugin: downgradeSwitch is not open.
03-15 23:15:29.930 V/SensorManager( 1779): dispatchSensorEvent() was called, handle=3, values=[698.25, 4010.0, 0.0, 0.0, 0.0, 0.0, 0.0, 0.0, 0.0, 0.0, 0.0, 0.0, 0.0, 0.0, 0.0, 0.0], inAccuracy=3, timestamp=2461585970624
03-15 23:15:29.930 V/SensorManager( 2451): dispatchSensorEvent() was called, handle=3, values=[698.25, 4010.0, 0.0, 0.0, 0.0, 0.0, 0.0, 0.0, 0.0, 0.0, 0.0, 0.0, 0.0, 0.0, 0.0, 0.0], inAccuracy=3, timestamp=2461585970624
03-15 23:15:29.969 D/HwCommBoosterService( 2565): reportBoosterPara enter
03-15 23:15:29.969 D/HwCommBoosterManager( 2565): reportBoosterPara enter
03-15 23:15:29.969 D/HwCommBoosterManager( 2565): pluginId: 2dataType:801
03-15 23:15:29.969 D/HwCommBoosterManager( 2565): handleBoosterMessageSendModuleDataToPlugin enter
03-15 23:15:29.970 I/Booster_ConfigManager( 2565): [handleReceiveAPModuleData]handleReceiveAPModuleData dataType = 801
03-15 23:15:29.997 V/SensorManager( 2694): dispatchSensorEvent() was called, handle=0, values=[-0.38745844, 0.5771271, 9.824108, 4.2E-45, 0.0, 0.0, 0.0, 0.0, 0.0, 0.0, 0.0, 0.0, 0.0, 0.0, 0.0, 0.0], inAccuracy=3, timestamp=2461459970624
03-15 23:15:30.045 V/SensorManager( 2451): dispatchSensorEvent() was called, handle=3, values=[698.375, 4010.0, 0.0, 0.0, 0.0, 0.0, 0.0, 0.0, 0.0, 0.0, 0.0, 0.0, 0.0, 0.0, 0.0, 0.0], inAccuracy=3, timestamp=2461705970624
03-15 23:15:30.045 V/SensorManager( 1779): dispatchSensorEvent() was called, handle=3, values=[698.375, 4010.0, 0.0, 0.0, 0.0, 0.0, 0.0, 0.0, 0.0, 0.0, 0.0, 0.0, 0.0, 0.0, 0.0, 0.0], inAccuracy=3, timestamp=2461705970624
03-15 23:15:30.084 I/ZrHung.AppEyeUiProbe( 9672): not watching, wait.
03-15 23:15:30.092 I/Booster_BoosterdDelegate( 2565): [handleMessage]handleMessage, enter
03-15 23:15:30.093 E/Booster_BoosterdDelegate( 2565): [bindService]bindService start
03-15 23:15:30.093 E/Booster_BoosterdDelegate( 2565): [getBoosterdNativeService]Failed to get boosterd native service
03-15 23:15:30.093 E/Booster_BoosterdDelegate( 2565): [bindService]mService is null
03-15 23:15:30.094 I/Booster_BoosterdDelegate( 2565): [startRebindServieTimer] startRebindServieTimer
03-15 23:15:30.094 I/OllieMsgCenter( 2565): publishEvt=2135097353
03-15 23:15:30.161 I/ZrHung.AppEyeUiProbe( 9566): not watching, wait.
03-15 23:15:30.164 V/SensorManager( 1779): dispatchSensorEvent() was called, handle=3, values=[698.25, 4010.0, 0.0, 0.0, 0.0, 0.0, 0.0, 0.0, 0.0, 0.0, 0.0, 0.0, 0.0, 0.0, 0.0, 0.0], inAccuracy=3, timestamp=2461825970624
03-15 23:15:30.164 V/SensorManager( 2451): dispatchSensorEvent() was called, handle=3, values=[698.25, 4010.0, 0.0, 0.0, 0.0, 0.0, 0.0, 0.0, 0.0, 0.0, 0.0, 0.0, 0.0, 0.0, 0.0, 0.0], inAccuracy=3, timestamp=2461825970624
03-15 23:15:30.196 V/SensorManager( 2694): dispatchSensorEvent() was called, handle=0, values=[-0.4091882, 0.5921818, 9.821074, 4.2E-45, 0.0, 0.0, 0.0, 0.0, 0.0, 0.0, 0.0, 0.0, 0.0, 0.0, 0.0, 0.0], inAccuracy=3, timestamp=2461659970312
03-15 23:15:30.212 I/ZrHung.AppEyeUiProbe(16949): not watching, wait.
03-15 23:15:30.285 V/SensorManager( 2451): dispatchSensorEvent() was called, handle=3, values=[698.25, 4010.0, 0.0, 0.0, 0.0, 0.0, 0.0, 0.0, 0.0, 0.0, 0.0, 0.0, 0.0, 0.0, 0.0, 0.0], inAccuracy=3, timestamp=2461945970624
03-15 23:15:30.285 V/SensorManager( 1779): dispatchSensorEvent() was called, handle=3, values=[698.25, 4010.0, 0.0, 0.0, 0.0, 0.0, 0.0, 0.0, 0.0, 0.0, 0.0, 0.0, 0.0, 0.0, 0.0, 0.0], inAccuracy=3, timestamp=2461945970624
03-15 23:15:30.348 I/ZrHung.AppEyeUiProbe(17009): not watching, wait.
03-15 23:15:30.396 V/SensorManager( 2694): dispatchSensorEvent() was called, handle=0, values=[-0.40698555, 0.60721743, 9.8156805, 4.2E-45, 0.0, 0.0, 0.0, 0.0, 0.0, 0.0, 0.0, 0.0, 0.0, 0.0, 0.0, 0.0], inAccuracy=3, timestamp=2461859970468
03-15 23:15:30.404 V/SensorManager( 2451): dispatchSensorEvent() was called, handle=3, values=[698.75, 4010.0, 0.0, 0.0, 0.0, 0.0, 0.0, 0.0, 0.0, 0.0, 0.0, 0.0, 0.0, 0.0, 0.0, 0.0], inAccuracy=3, timestamp=2462065970624
03-15 23:15:30.405 V/SensorManager( 1779): dispatchSensorEvent() was called, handle=3, values=[698.75, 4010.0, 0.0, 0.0, 0.0, 0.0, 0.0, 0.0, 0.0, 0.0, 0.0, 0.0, 0.0, 0.0, 0.0, 0.0], inAccuracy=3, timestamp=2462065970624
03-15 23:15:30.527 I/HwMSDPMovementManager( 3138): getCurrentMovement type 0
03-15 23:15:30.529 I/ArHal   (  933): (ArDataGetState:1478):id[2]
03-15 23:15:30.530 V/SensorManager( 2451): dispatchSensorEvent() was called, handle=3, values=[697.75, 4010.0, 0.0, 0.0, 0.0, 0.0, 0.0, 0.0, 0.0, 0.0, 0.0, 0.0, 0.0, 0.0, 0.0, 0.0], inAccuracy=3, timestamp=2462185970624
03-15 23:15:30.530 V/SensorManager( 1779): dispatchSensorEvent() was called, handle=3, values=[697.75, 4010.0, 0.0, 0.0, 0.0, 0.0, 0.0, 0.0, 0.0, 0.0, 0.0, 0.0, 0.0, 0.0, 0.0, 0.0], inAccuracy=3, timestamp=2462185970624
03-15 23:15:30.530 I/ZrHung.AppEyeUiProbe(17038): not watching, wait.
03-15 23:15:30.533 I/L_HmsMsdpClient( 3138): [LocKit LogLocation.java:1] arId = 4
03-15 23:15:30.587 I/Collector( 2565): GetEntityNum: dataType:2, rptType:9, bufLen:688, dataLen:684, structSize:88, result:0!
03-15 23:15:30.596 V/SensorManager( 2694): dispatchSensorEvent() was called, handle=0, values=[-0.40662163, 0.5910901, 9.828601, 4.2E-45, 0.0, 0.0, 0.0, 0.0, 0.0, 0.0, 0.0, 0.0, 0.0, 0.0, 0.0, 0.0], inAccuracy=3, timestamp=2462059970624
03-15 23:15:30.645 V/SensorManager( 2451): dispatchSensorEvent() was called, handle=3, values=[698.375, 4010.0, 0.0, 0.0, 0.0, 0.0, 0.0, 0.0, 0.0, 0.0, 0.0, 0.0, 0.0, 0.0, 0.0, 0.0], inAccuracy=3, timestamp=2462305970624
03-15 23:15:30.645 V/SensorManager( 1779): dispatchSensorEvent() was called, handle=3, values=[698.375, 4010.0, 0.0, 0.0, 0.0, 0.0, 0.0, 0.0, 0.0, 0.0, 0.0, 0.0, 0.0, 0.0, 0.0, 0.0], inAccuracy=3, timestamp=2462305970624
03-15 23:15:30.673 I/Booster_Qoe( 2565): Ada,index:8,NisPsSlow:0,NProba:309,rsrp(rssi):-40,rsrq(noise):-60,rtt(chload):200,BFH(uldelay):0,BFC(rtt):0 Real:0,0,0,0,0, dlBler:0, ulBler:0
03-15 23:15:30.674 I/Booster_Qoe( 2565): Ada,index:2,NisPsSlow:0,NProba:309,rsrp(rssi):-40,rsrq(noise):-60,rtt(chload):200,BFH(uldelay):0,BFC(rtt):0 Real:0,0,0,0,0, dlBler:0, ulBler:0
03-15 23:15:30.674 I/Booster_ChannelQoeData( 2565): [dumpChannelData] Base:10233,0,0,-1,8 DNS:0,0,0 UID:1051 ChId:2 TcpData:0,0,0,0,0,0,0,0,0,0,0,0,0,0,0,0,0,0 UID:0 ChId:2 TcpData:0,0,0,0,0,0,0,0,0,0,0,0,0,0,0,0,0,0 UID:10233 ChId:2 TcpData:0,0,0,0,0,0,0,0,0,0,0,0,0,0,0,0,0,0 FastDecayData:1 AsymmetricLinkData:0
03-15 23:15:30.674 E/NetworkQoeProxy( 2565): invalid channelId = 0
03-15 23:15:30.674 E/NetworkQoeProxy( 2565): invalid channelId = 1
03-15 23:15:30.675 D/BoosterUtil( 2565): convertSubIdToSlotId, subId invalid: -1
03-15 23:15:30.675 D/BoosterUtil( 2565): getDefaultDataSlotId failed, invalid slotId:-1, subId:-1
03-15 23:15:30.675 D/BoosterUtil( 2565): convertSubIdToSlotId, subId invalid: -1
03-15 23:15:30.675 D/BoosterUtil( 2565): getDefaultDataSlotId failed, invalid slotId:-1, subId:-1
03-15 23:15:30.677 E/Booster_BroadcastProxy( 2565): [isDebugModemEnabled]get package info fail.
03-15 23:15:30.677 I/Booster_BroadcastProxy( 2565): [isDebugModemEnabled]mode: false
03-15 23:15:30.677 I/CloudServiceChr( 2565): App Qoe normal
03-15 23:15:30.677 E/Booster_NetworkQoeChr( 2565): [chrBlerMonitorAndReport]modemQoeData is not present
03-15 23:15:30.678 I/Booster_NetworkQoeMonitor( 2565): [createQoeBundle]networkQoeChanged:10233,4,0,309,1,2,4,0,309,0,0,10,10,0,0,0,0,0,2,1024,1024
03-15 23:15:30.679 I/CloudNetworkStateMachine( 2565): the Wi-Fi action state is true
03-15 23:15:30.679 I/CloudNetworkStateMachine( 2565): wifi is active, the Wi-Fi is connected.
03-15 23:15:30.680 D/Hicom_XEngineProc( 2565): isSupportLocalSocketKit packageNam: ai.axiomaster.BoJi isSupported: false
03-15 23:15:30.680 I/WiFi_PRO_WifiProStateMachine( 1779): APP_SERVICE_QOE_NOTIFY Qoe info 10233,4,0,309,1,2,4,0,309,0,0,10,10,0,0,0,0 CID 2 mMasterWifiRssi 0 mMasterCardAmbr 1048576 mSlaveCardAmbr 1048576
03-15 23:15:30.681 I/HwWifiProServiceProxy( 1779): ctrlHwWifiNetwork pkgName: WIFIPRO_SERVICE interfaceId: 9
03-15 23:15:30.681 I/WiFi_PRO_WifiProStateMachine( 1779): isWifi2WifiProcess = false, mIsNeedIgnoreQoeUpdate = false, mIsAppInBlacklistFullScreen = false, mIsWiFiNoInternet false, screen on = true, full screen = false, isLandscapeMode = false, mNotifyWifiLinkPoorReason = -1, mIsAppInBlacklistQoe false, mIsAppInBlackListAll false
03-15 23:15:30.681 E/WiFi_PROHumanFactorRecommend( 1779): isEconomicTrafficUser, invalid slotId=-1
03-15 23:15:30.681 I/WiFi_PRO_WifiProStateMachine( 1779): , mAppQoeBadCnt = 0, mNetworkSlowReason = 0, isEconomicTrafficUser =false, mStrategy =0
03-15 23:15:30.681 I/WiFi_PRO_WifiProStateMachine( 1779): getAppQoeInfoReason badReason:0
03-15 23:15:30.681 I/WiFi_PRO_WifiProStateMachine( 1779): resetWifiQoeBad
03-15 23:15:30.682 I/WiFi_PRO_WifiProStateMachine( 1779): the fast decay result in WifiProStateMachine : 1
03-15 23:15:30.682 I/WiFi_PRO_WifiProStateMachine( 1779): start handle fast decay
03-15 23:15:30.682 V/HwWifiServiceFactory( 1779): get AllImpl object = com.android.server.wifi.HwWifiServiceFactoryImpl@f8e66c3
03-15 23:15:30.682 I/WiFi_PRO_WifiProStateMachine( 1779): the asymmetric link result in WifiProStateMachine : 0
03-15 23:15:30.764 V/SensorManager( 1779): dispatchSensorEvent() was called, handle=3, values=[699.0, 4010.0, 0.0, 0.0, 0.0, 0.0, 0.0, 0.0, 0.0, 0.0, 0.0, 0.0, 0.0, 0.0, 0.0, 0.0], inAccuracy=3, timestamp=2462425970624
03-15 23:15:30.764 V/SensorManager( 2451): dispatchSensorEvent() was called, handle=3, values=[699.0, 4010.0, 0.0, 0.0, 0.0, 0.0, 0.0, 0.0, 0.0, 0.0, 0.0, 0.0, 0.0, 0.0, 0.0, 0.0], inAccuracy=3, timestamp=2462425970624
03-15 23:15:30.796 V/SensorManager( 2694): dispatchSensorEvent() was called, handle=0, values=[-0.40628645, 0.60583836, 9.844172, 4.2E-45, 0.0, 0.0, 0.0, 0.0, 0.0, 0.0, 0.0, 0.0, 0.0, 0.0, 0.0, 0.0], inAccuracy=3, timestamp=2462259970312
03-15 23:15:30.884 V/SensorManager( 1779): dispatchSensorEvent() was called, handle=3, values=[697.75, 4010.0, 0.0, 0.0, 0.0, 0.0, 0.0, 0.0, 0.0, 0.0, 0.0, 0.0, 0.0, 0.0, 0.0, 0.0], inAccuracy=3, timestamp=2462545970624
03-15 23:15:30.884 V/SensorManager( 2451): dispatchSensorEvent() was called, handle=3, values=[697.75, 4010.0, 0.0, 0.0, 0.0, 0.0, 0.0, 0.0, 0.0, 0.0, 0.0, 0.0, 0.0, 0.0, 0.0, 0.0], inAccuracy=3, timestamp=2462545970624
03-15 23:15:30.973 D/HwCommBoosterService( 2565): reportBoosterPara enter
03-15 23:15:30.973 D/HwCommBoosterManager( 2565): reportBoosterPara enter
03-15 23:15:30.973 D/HwCommBoosterManager( 2565): pluginId: 2dataType:801
03-15 23:15:30.973 D/HwCommBoosterManager( 2565): handleBoosterMessageSendModuleDataToPlugin enter
03-15 23:15:30.974 I/Booster_ConfigManager( 2565): [handleReceiveAPModuleData]handleReceiveAPModuleData dataType = 801
03-15 23:15:30.997 V/SensorManager( 2694): dispatchSensorEvent() was called, handle=0, values=[-0.40755057, 0.5845108, 9.817357, 4.2E-45, 0.0, 0.0, 0.0, 0.0, 0.0, 0.0, 0.0, 0.0, 0.0, 0.0, 0.0, 0.0], inAccuracy=3, timestamp=2462459970468
03-15 23:15:31.004 V/SensorManager( 1779): dispatchSensorEvent() was called, handle=3, values=[697.75, 4010.0, 0.0, 0.0, 0.0, 0.0, 0.0, 0.0, 0.0, 0.0, 0.0, 0.0, 0.0, 0.0, 0.0, 0.0], inAccuracy=3, timestamp=2462665970624
03-15 23:15:31.004 V/SensorManager( 2451): dispatchSensorEvent() was called, handle=3, values=[697.75, 4010.0, 0.0, 0.0, 0.0, 0.0, 0.0, 0.0, 0.0, 0.0, 0.0, 0.0, 0.0, 0.0, 0.0, 0.0], inAccuracy=3, timestamp=2462665970624
03-15 23:15:31.012 W/hilogcat( 1390): type=1400 audit(0.0:2298): avc: denied { read } for name="brightness" dev="sysfs" ino=76242 scontext=u:r:glogcat:s0 tcontext=u:object_r:sysfs:s0 tclass=file permissive=0
03-15 23:15:31.014 E/selinux_dmd( 1405): type=1400 audit(0.0:2298): avc: denied { read } for comm="hilogcat" name="brightness" dev="sysfs" ino=76242 scontext=u:r:glogcat:s0 tcontext=u:object_r:sysfs:s0 tclass=file permissive=0 find  pid= failed
03-15 23:15:31.014 E/selinux_dmd( 1405): type=1400 audit(0.0:2298): avc: denied { read } for comm="hilogcat" name="brightness" dev="sysfs" ino=76242 scontext=u:r:glogcat:s0 tcontext=u:object_r:sysfs:s0 tclass=file permissive=0 ExtractKeys failed
03-15 23:15:31.125 I/TrafficMonitor( 1779): expired arrive. level:-1
03-15 23:15:31.125 I/TrafficMonitor( 1779): update:rxPkts:0,txPkts:0,rxBytes:0,txBytes:0
03-15 23:15:31.125 I/TrafficMonitor( 1779): gettimer:interval=5000
03-15 23:15:31.125 I/TrafficMonitor( 1779): during_ms:5004,period_ms:2000
03-15 23:15:31.125 I/TrafficMonitor( 1779): count:38,rx_sum:0,tx_sum:0,rxBytes:0,during_ms:5004,rx_speed:0.0,tx_speed:0.0,rto:0.0
03-15 23:15:31.125 I/HuaweiWifiWatchdogStateMachine( 1779): Get speed information rx_speed = 0 ,tx_speed = 0 ,isSpeedOk = false ,mBestSpeedInPeriod = 807
03-15 23:15:31.130 V/SensorManager( 2451): dispatchSensorEvent() was called, handle=3, values=[699.0, 4010.0, 0.0, 0.0, 0.0, 0.0, 0.0, 0.0, 0.0, 0.0, 0.0, 0.0, 0.0, 0.0, 0.0, 0.0], inAccuracy=3, timestamp=2462785970156
03-15 23:15:31.130 V/SensorManager( 1779): dispatchSensorEvent() was called, handle=3, values=[699.0, 4010.0, 0.0, 0.0, 0.0, 0.0, 0.0, 0.0, 0.0, 0.0, 0.0, 0.0, 0.0, 0.0, 0.0, 0.0], inAccuracy=3, timestamp=2462785970156
03-15 23:15:31.174 D/CompositionEngine(  984): Display:0 layers:4
03-15 23:15:31.198 V/SensorManager( 2694): dispatchSensorEvent() was called, handle=0, values=[-0.4084125, 0.60819423, 9.815882, 4.2E-45, 0.0, 0.0, 0.0, 0.0, 0.0, 0.0, 0.0, 0.0, 0.0, 0.0, 0.0, 0.0], inAccuracy=3, timestamp=2462659970156
03-15 23:15:31.244 V/SensorManager( 2451): dispatchSensorEvent() was called, handle=3, values=[698.375, 4010.0, 0.0, 0.0, 0.0, 0.0, 0.0, 0.0, 0.0, 0.0, 0.0, 0.0, 0.0, 0.0, 0.0, 0.0], inAccuracy=3, timestamp=2462905970156
03-15 23:15:31.245 V/SensorManager( 1779): dispatchSensorEvent() was called, handle=3, values=[698.375, 4010.0, 0.0, 0.0, 0.0, 0.0, 0.0, 0.0, 0.0, 0.0, 0.0, 0.0, 0.0, 0.0, 0.0, 0.0], inAccuracy=3, timestamp=2462905970156
03-15 23:15:31.296 I/CPU_STATS( 1451): iawared: query next cpu load with 2!
03-15 23:15:31.297 I/CPU_STATS( 1451): total cost time 2068119375 ns
03-15 23:15:31.297 I/CPU_STATS( 1451): iawared: current total load is 0.056410, capacity : 5658, pre load:  587416983366, current load : 588061591372
03-15 23:15:31.299 I/CPU_STATS( 1451): read once cost time 2818 us
03-15 23:15:31.300 I/TrafficStatisticsBoosterPlugin( 2565): handleMessage, msg = 2
03-15 23:15:31.364 V/SensorManager( 2451): dispatchSensorEvent() was called, handle=3, values=[698.375, 4010.0, 0.0, 0.0, 0.0, 0.0, 0.0, 0.0, 0.0, 0.0, 0.0, 0.0, 0.0, 0.0, 0.0, 0.0], inAccuracy=3, timestamp=2463025970624
03-15 23:15:31.365 V/SensorManager( 1779): dispatchSensorEvent() was called, handle=3, values=[698.375, 4010.0, 0.0, 0.0, 0.0, 0.0, 0.0, 0.0, 0.0, 0.0, 0.0, 0.0, 0.0, 0.0, 0.0, 0.0], inAccuracy=3, timestamp=2463025970624
03-15 23:15:31.396 V/SensorManager( 2694): dispatchSensorEvent() was called, handle=0, values=[-0.41005012, 0.60584795, 9.811755, 4.2E-45, 0.0, 0.0, 0.0, 0.0, 0.0, 0.0, 0.0, 0.0, 0.0, 0.0, 0.0, 0.0], inAccuracy=3, timestamp=2462859970312
03-15 23:15:31.400 I/ZrHung.AppEyeUiProbe( 9209): restart watching of heap dump.
03-15 23:15:31.425 I/HwAmbientLuxFilterAlgo( 1779): t=2463028,lx=[698.125/2461468, 698.2917/2461828, 698.5/2462068, 698.375/2462428, 697.75/2462668, 698.5833/2463028],mLx=464.6,mOffLux=464.6,s=5.0,ss=1.277278,Avened=false,mPxs=false,mTPxs=false,mBLux=1177.05,mDlux=200.09601,backLux=0.0,mDt=1000,mBt=650
03-15 23:15:31.484 V/SensorManager( 2451): dispatchSensorEvent() was called, handle=3, values=[698.25, 4010.0, 0.0, 0.0, 0.0, 0.0, 0.0, 0.0, 0.0, 0.0, 0.0, 0.0, 0.0, 0.0, 0.0, 0.0], inAccuracy=3, timestamp=2463145970624
03-15 23:15:31.484 V/SensorManager( 1779): dispatchSensorEvent() was called, handle=3, values=[698.25, 4010.0, 0.0, 0.0, 0.0, 0.0, 0.0, 0.0, 0.0, 0.0, 0.0, 0.0, 0.0, 0.0, 0.0, 0.0], inAccuracy=3, timestamp=2463145970624
03-15 23:15:31.525 I/HwMSDPMovementManager( 3138): getCurrentMovement type 0
03-15 23:15:31.527 I/ArHal   (  933): (ArDataGetState:1478):id[2]
03-15 23:15:31.530 I/L_HmsMsdpClient( 3138): [LocKit LogLocation.java:1] arId = 4
03-15 23:15:31.563 I/WifiNl80211Manager( 1779): Noise: -88, Snr: 25, Chload: 85, rssi: -67, txBitrate: 173, rxBitrate: 115, frequency: 5180, UlDelay: 1, currentTxBytes: 71207088, currentTxPackets: 60728, currentTxFailed: 0, currentRxBytes: 30199805, currentRxPackets: 35803, chloadSelf: 0, c0RssiDbm: 0, c1RssiDbm: 0
03-15 23:15:31.566 V/HwWifiServiceFactory( 1779): get AllImpl object = com.android.server.wifi.HwWifiServiceFactoryImpl@f8e66c3
03-15 23:15:31.597 V/SensorManager( 2694): dispatchSensorEvent() was called, handle=0, values=[-0.39974546, 0.5809195, 9.828868, 4.2E-45, 0.0, 0.0, 0.0, 0.0, 0.0, 0.0, 0.0, 0.0, 0.0, 0.0, 0.0, 0.0], inAccuracy=3, timestamp=2463059970468
03-15 23:15:31.604 V/SensorManager( 2451): dispatchSensorEvent() was called, handle=3, values=[698.125, 4010.0, 0.0, 0.0, 0.0, 0.0, 0.0, 0.0, 0.0, 0.0, 0.0, 0.0, 0.0, 0.0, 0.0, 0.0], inAccuracy=3, timestamp=2463265970624
03-15 23:15:31.604 V/SensorManager( 1779): dispatchSensorEvent() was called, handle=3, values=[698.125, 4010.0, 0.0, 0.0, 0.0, 0.0, 0.0, 0.0, 0.0, 0.0, 0.0, 0.0, 0.0, 0.0, 0.0, 0.0], inAccuracy=3, timestamp=2463265970624
03-15 23:15:31.611 I/Collector( 2565): GetEntityNum: dataType:2, rptType:9, bufLen:688, dataLen:684, structSize:88, result:0!
03-15 23:15:31.623 I/ZrHung.AppEyeUiProbe( 9935): restart watching of heap dump.
03-15 23:15:31.697 I/Booster_Qoe( 2565): Ada,index:8,NisPsSlow:0,NProba:309,rsrp(rssi):-40,rsrq(noise):-60,rtt(chload):200,BFH(uldelay):0,BFC(rtt):0 Real:0,0,0,0,0, dlBler:0, ulBler:0
03-15 23:15:31.698 I/Booster_Qoe( 2565): Ada,index:2,NisPsSlow:0,NProba:309,rsrp(rssi):-40,rsrq(noise):-60,rtt(chload):200,BFH(uldelay):0,BFC(rtt):0 Real:0,0,0,0,0, dlBler:0, ulBler:0
03-15 23:15:31.698 I/Booster_ChannelQoeData( 2565): [dumpChannelData] Base:10233,0,0,-1,8 DNS:0,0,0 UID:1051 ChId:2 TcpData:0,0,0,0,0,0,0,0,0,0,0,0,0,0,0,0,0,0 UID:0 ChId:2 TcpData:0,0,0,0,0,0,0,0,0,0,0,0,0,0,0,0,0,0 UID:10233 ChId:2 TcpData:0,0,0,0,0,0,0,0,0,0,0,0,0,0,0,0,0,0 FastDecayData:1 AsymmetricLinkData:0
03-15 23:15:31.698 E/NetworkQoeProxy( 2565): invalid channelId = 0
03-15 23:15:31.698 E/NetworkQoeProxy( 2565): invalid channelId = 1
03-15 23:15:31.699 D/BoosterUtil( 2565): convertSubIdToSlotId, subId invalid: -1
03-15 23:15:31.699 D/BoosterUtil( 2565): getDefaultDataSlotId failed, invalid slotId:-1, subId:-1
03-15 23:15:31.699 D/BoosterUtil( 2565): convertSubIdToSlotId, subId invalid: -1
03-15 23:15:31.699 D/BoosterUtil( 2565): getDefaultDataSlotId failed, invalid slotId:-1, subId:-1
03-15 23:15:31.700 E/Booster_BroadcastProxy( 2565): [isDebugModemEnabled]get package info fail.
03-15 23:15:31.701 I/Booster_BroadcastProxy( 2565): [isDebugModemEnabled]mode: false
03-15 23:15:31.701 I/CloudServiceChr( 2565): App Qoe normal
03-15 23:15:31.701 E/Booster_NetworkQoeChr( 2565): [chrBlerMonitorAndReport]modemQoeData is not present
03-15 23:15:31.701 I/Booster_NetworkQoeMonitor( 2565): [createQoeBundle]networkQoeChanged:10233,4,0,309,1,2,4,0,309,0,0,10,10,0,0,0,0,0,2,1024,1024
03-15 23:15:31.702 I/CloudNetworkStateMachine( 2565): the Wi-Fi action state is true
03-15 23:15:31.702 I/CloudNetworkStateMachine( 2565): wifi is active, the Wi-Fi is connected.
03-15 23:15:31.703 I/WiFi_PRO_WifiProStateMachine( 1779): APP_SERVICE_QOE_NOTIFY Qoe info 10233,4,0,309,1,2,4,0,309,0,0,10,10,0,0,0,0 CID 2 mMasterWifiRssi 0 mMasterCardAmbr 1048576 mSlaveCardAmbr 1048576
03-15 23:15:31.703 D/Hicom_XEngineProc( 2565): isSupportLocalSocketKit packageNam: ai.axiomaster.BoJi isSupported: false
03-15 23:15:31.704 I/HwWifiProServiceProxy( 1779): ctrlHwWifiNetwork pkgName: WIFIPRO_SERVICE interfaceId: 9
03-15 23:15:31.704 I/WiFi_PRO_WifiProStateMachine( 1779): isWifi2WifiProcess = false, mIsNeedIgnoreQoeUpdate = false, mIsAppInBlacklistFullScreen = false, mIsWiFiNoInternet false, screen on = true, full screen = false, isLandscapeMode = false, mNotifyWifiLinkPoorReason = -1, mIsAppInBlacklistQoe false, mIsAppInBlackListAll false
03-15 23:15:31.704 E/WiFi_PROHumanFactorRecommend( 1779): isEconomicTrafficUser, invalid slotId=-1
03-15 23:15:31.704 I/WiFi_PRO_WifiProStateMachine( 1779): , mAppQoeBadCnt = 0, mNetworkSlowReason = 0, isEconomicTrafficUser =false, mStrategy =0
03-15 23:15:31.704 I/WiFi_PRO_WifiProStateMachine( 1779): getAppQoeInfoReason badReason:0
03-15 23:15:31.704 I/WiFi_PRO_WifiProStateMachine( 1779): resetWifiQoeBad
03-15 23:15:31.704 I/WiFi_PRO_WifiProStateMachine( 1779): the fast decay result in WifiProStateMachine : 1
03-15 23:15:31.704 I/WiFi_PRO_WifiProStateMachine( 1779): start handle fast decay
03-15 23:15:31.705 V/HwWifiServiceFactory( 1779): get AllImpl object = com.android.server.wifi.HwWifiServiceFactoryImpl@f8e66c3
03-15 23:15:31.705 I/WiFi_PRO_WifiProStateMachine( 1779): the asymmetric link result in WifiProStateMachine : 0
03-15 23:15:31.730 V/SensorManager( 2451): dispatchSensorEvent() was called, handle=3, values=[699.0, 4010.0, 0.0, 0.0, 0.0, 0.0, 0.0, 0.0, 0.0, 0.0, 0.0, 0.0, 0.0, 0.0, 0.0, 0.0], inAccuracy=3, timestamp=2463385970624
03-15 23:15:31.730 V/SensorManager( 1779): dispatchSensorEvent() was called, handle=3, values=[699.0, 4010.0, 0.0, 0.0, 0.0, 0.0, 0.0, 0.0, 0.0, 0.0, 0.0, 0.0, 0.0, 0.0, 0.0, 0.0], inAccuracy=3, timestamp=2463385970624
03-15 23:15:31.745 D/ScreemCommon( 1488): PerfInfo:PerfIoctlCmd 5
03-15 23:15:31.745 D/ScreemCommon( 1488): PerfInfoFrame#process info, magic 5
03-15 23:15:31.797 V/SensorManager( 2694): dispatchSensorEvent() was called, handle=0, values=[-0.4046871, 0.59674037, 9.819061, 4.2E-45, 0.0, 0.0, 0.0, 0.0, 0.0, 0.0, 0.0, 0.0, 0.0, 0.0, 0.0, 0.0], inAccuracy=3, timestamp=2463259970624
03-15 23:15:31.814 I/WifiNl80211Manager( 1779): Noise: -88, Snr: 26, Chload: 85, rssi: -68, txBitrate: 173, rxBitrate: 115, frequency: 5180, UlDelay: 1, currentTxBytes: 71207088, currentTxPackets: 60728, currentTxFailed: 0, currentRxBytes: 30199805, currentRxPackets: 35803, chloadSelf: 0, c0RssiDbm: 0, c1RssiDbm: 0
