03-15 23:14:14.956  1779  3311 I PowerMS : acquire:L=244673837,F=0x1,T=RILJ_ACK_WL,N=com.android.phone,WS=null,U=1001,P=2909
03-15 23:14:14.956  1779  3311 I PowerManagerService:  schedul eye detect nextTimeout: 2403041 now: 2386620 mRemainTime: 10000
03-15 23:14:15.161  1779  3311 I PowerMS : release:L=244673837,F=0x0,T=RILJ_ACK_WL,N=com.android.phone,WS=null,U=1001,P=2909
03-15 23:14:15.161  1779  3311 I PowerManagerService:  schedul eye detect nextTimeout: 2403041 now: 2386825 mRemainTime: 10000
03-15 23:14:15.274  1779  3311 I PowerMS : acquire:L=244673837,F=0x1,T=RILJ_ACK_WL,N=com.android.phone,WS=null,U=1001,P=2909
03-15 23:14:15.274  1779  3311 I PowerManagerService:  schedul eye detect nextTimeout: 2403041 now: 2386937 mRemainTime: 10000
03-15 23:14:15.461  1779  2097 I HwAmbientLuxFilterAlgo: t=2387068,lx=[699.4375/2385603, 699.5833/2385911, 699.875/2386108, 700.0417/2386468, 700.0/2386708, 699.6667/2387068],mLx=464.6,mOffLux=464.6,s=5.0,ss=17.368134,Avened=false,mPxs=false,mTPxs=false,mBLux=1177.05,mDlux=200.09601,backLux=0.0,mDt=1000,mBt=650
03-15 23:14:15.481  1779  3311 I PowerMS : release:L=244673837,F=0x0,T=RILJ_ACK_WL,N=com.android.phone,WS=null,U=1001,P=2909
03-15 23:14:15.482  1779  3311 I PowerManagerService:  schedul eye detect nextTimeout: 2403041 now: 2387146 mRemainTime: 10000
03-15 23:14:15.665  2565  4157 D HwCommBoosterService: reportBoosterPara enter
03-15 23:14:15.665  2565  4157 D HwCommBoosterManager: reportBoosterPara enter
03-15 23:14:15.665  2565  4157 D HwCommBoosterManager: pluginId: 2dataType:801
03-15 23:14:15.665  2565  2755 D HwCommBoosterManager: handleBoosterMessageSendModuleDataToPlugin enter
03-15 23:14:15.666  2565  2755 I Booster_ConfigManager: [handleReceiveAPModuleData]handleReceiveAPModuleData dataType = 801
03-15 23:14:15.893  2565  2755 I Booster_BoosterdDelegate: [handleMessage]handleMessage, enter
03-15 23:14:15.894  2565  2755 E Booster_BoosterdDelegate: [bindService]bindService start
03-15 23:14:15.894  2565  2755 E Booster_BoosterdDelegate: [getBoosterdNativeService]Failed to get boosterd native service
03-15 23:14:15.894  2565  2755 E Booster_BoosterdDelegate: [bindService]mService is null
03-15 23:14:15.894  2565  2755 I Booster_BoosterdDelegate: [startRebindServieTimer] startRebindServieTimer
03-15 23:14:15.922  2565  2755 I Booster_ChannelQoeData: [dumpChannelData] Base:10233,0,0,-1,8 DNS:0,0,0 UID:1051 ChId:2 TcpData:0,0,0,0,0,0,0,0,0,0,0,0,0,0,0,0,0,0 UID:0 ChId:2 TcpData:0,0,0,0,0,0,0,0,0,0,0,0,0,0,0,0,0,0 UID:10233 ChId:2 TcpData:0,0,0,0,0,0,0,0,0,0,0,0,0,0,0,0,0,0 FastDecayData:1 AsymmetricLinkData:0
03-15 23:14:15.922  2565  2755 D BoosterUtil: convertSubIdToSlotId, subId invalid: -1
03-15 23:14:15.922  2565  2755 D BoosterUtil: getDefaultDataSlotId failed, invalid slotId:-1, subId:-1
03-15 23:14:15.922  2565  2755 D BoosterUtil: convertSubIdToSlotId, subId invalid: -1
03-15 23:14:15.922  2565  2755 D BoosterUtil: getDefaultDataSlotId failed, invalid slotId:-1, subId:-1
03-15 23:14:15.924  2565  2755 E Booster_BroadcastProxy: [isDebugModemEnabled]get package info fail.
03-15 23:14:15.924  2565  2755 I Booster_BroadcastProxy: [isDebugModemEnabled]mode: false
03-15 23:14:15.924  2565  2755 E Booster_NetworkQoeChr: [chrBlerMonitorAndReport]modemQoeData is not present
03-15 23:14:15.925  2565  2755 I Booster_NetworkQoeMonitor: [createQoeBundle]networkQoeChanged:10233,4,0,309,1,2,4,0,309,0,0,10,10,0,0,0,0,0,2,1024,1024
03-15 23:14:16.204  2565  2755 I TrafficStatisticsBoosterPlugin: handleMessage, msg = 2
03-15 23:14:16.233  1779  3311 I PowerMS : acquire:L=244673837,F=0x1,T=RILJ_ACK_WL,N=com.android.phone,WS=null,U=1001,P=2909
03-15 23:14:16.233  1779  3311 I PowerManagerService:  schedul eye detect nextTimeout: 2403041 now: 2387897 mRemainTime: 10000
03-15 23:14:16.437  1779  3311 I PowerMS : release:L=244673837,F=0x0,T=RILJ_ACK_WL,N=com.android.phone,WS=null,U=1001,P=2909
03-15 23:14:16.438  1779  3311 I PowerManagerService:  schedul eye detect nextTimeout: 2403041 now: 2388101 mRemainTime: 10000
03-15 23:14:16.555  1779  2391 I PowerMS : acquire:L=244673837,F=0x1,T=RILJ_ACK_WL,N=com.android.phone,WS=null,U=1001,P=2909
03-15 23:14:16.555  1779  2391 I PowerManagerService:  schedul eye detect nextTimeout: 2403041 now: 2388218 mRemainTime: 10000
03-15 23:14:16.565  1779  2391 I ActivityManager: sendIntentSender target:PendingIntentRecord{803c0e1 com.huawei.nb.service broadcastIntent}, intent:hwFlg=0x10
03-15 23:14:16.566  1779  2391 I ActivityManager_broadcast: sendBroadcast,caller:com.huawei.nb.service,act:com.huawei.opcollect.action.ARChange,usr:[0],rep:false,ord:false,cmp:false,mftNum:0,rgtNum:1
03-15 23:14:16.566  1779  2391 I ActivityManager: SendInner finish:PendingIntentRecord{803c0e1 com.huawei.nb.service broadcastIntent} finalIntent:Intent { act=com.huawei.opcollect.action.ARChange hwFlg=0x100 pkg=com.huawei.nb.service } type:1 callinguid:1000 reslut:0
03-15 23:14:16.668  2565  4157 D HwCommBoosterService: reportBoosterPara enter
03-15 23:14:16.669  2565  4157 D HwCommBoosterManager: reportBoosterPara enter
03-15 23:14:16.669  2565  4157 D HwCommBoosterManager: pluginId: 2dataType:801
03-15 23:14:16.669  2565  2755 D HwCommBoosterManager: handleBoosterMessageSendModuleDataToPlugin enter
03-15 23:14:16.671  2565  2755 I Booster_ConfigManager: [handleReceiveAPModuleData]handleReceiveAPModuleData dataType = 801
03-15 23:14:16.763  1779  2859 I PowerMS : release:L=244673837,F=0x0,T=RILJ_ACK_WL,N=com.android.phone,WS=null,U=1001,P=2909
03-15 23:14:16.764  1779  2859 I PowerManagerService:  schedul eye detect nextTimeout: 2403041 now: 2388427 mRemainTime: 10000
03-15 23:14:16.874  1779  2859 I PowerMS : acquire:L=244673837,F=0x1,T=RILJ_ACK_WL,N=com.android.phone,WS=null,U=1001,P=2909
03-15 23:14:16.874  1779  2859 I PowerManagerService:  schedul eye detect nextTimeout: 2403041 now: 2388538 mRemainTime: 10000
03-15 23:14:16.946  2565  2755 I Booster_ChannelQoeData: [dumpChannelData] Base:10233,0,0,-1,8 DNS:0,0,0 UID:1051 ChId:2 TcpData:0,0,0,0,0,0,0,0,0,0,0,0,0,0,0,0,0,0 UID:0 ChId:2 TcpData:0,0,0,0,0,0,0,0,0,0,0,0,0,0,0,0,0,0 UID:10233 ChId:2 TcpData:0,0,0,0,0,0,0,0,0,0,0,0,0,0,0,0,0,0 FastDecayData:1 AsymmetricLinkData:0
03-15 23:14:16.948  2565  2755 D BoosterUtil: convertSubIdToSlotId, subId invalid: -1
03-15 23:14:16.948  2565  2755 D BoosterUtil: getDefaultDataSlotId failed, invalid slotId:-1, subId:-1
03-15 23:14:16.948  2565  2755 D BoosterUtil: convertSubIdToSlotId, subId invalid: -1
03-15 23:14:16.948  2565  2755 D BoosterUtil: getDefaultDataSlotId failed, invalid slotId:-1, subId:-1
03-15 23:14:16.950  2565  2755 E Booster_BroadcastProxy: [isDebugModemEnabled]get package info fail.
03-15 23:14:16.950  2565  2755 I Booster_BroadcastProxy: [isDebugModemEnabled]mode: false
03-15 23:14:16.951  2565  2755 E Booster_NetworkQoeChr: [chrBlerMonitorAndReport]modemQoeData is not present
03-15 23:14:16.951  2565  2755 I Booster_NetworkQoeMonitor: [createQoeBundle]networkQoeChanged:10233,4,0,309,1,2,4,0,309,0,0,10,10,0,0,0,0,0,2,1024,1024
03-15 23:14:17.081  1779  2391 I PowerMS : release:L=244673837,F=0x0,T=RILJ_ACK_WL,N=com.android.phone,WS=null,U=1001,P=2909
03-15 23:14:17.082  1779  2391 I PowerManagerService:  schedul eye detect nextTimeout: 2403041 now: 2388745 mRemainTime: 10000
03-15 23:14:17.196  1779  2391 I PowerMS : acquire:L=244673837,F=0x1,T=RILJ_ACK_WL,N=com.android.phone,WS=null,U=1001,P=2909
03-15 23:14:17.196  1779  2391 I PowerManagerService:  schedul eye detect nextTimeout: 2403041 now: 2388860 mRemainTime: 10000
03-15 23:14:17.405  1779  2391 I PowerMS : release:L=244673837,F=0x0,T=RILJ_ACK_WL,N=com.android.phone,WS=null,U=1001,P=2909
03-15 23:14:17.406  1779  2391 I PowerManagerService:  schedul eye detect nextTimeout: 2403041 now: 2389069 mRemainTime: 10000
03-15 23:14:17.571  1779  2097 I HwAmbientLuxFilterAlgo: t=2389228,lx=[699.75/2387669, 699.6667/2388028, 700.0/2388268, 700.1667/2388628, 699.625/2388867, 699.75/2389228],mLx=464.6,mOffLux=464.6,s=5.0,ss=17.368134,Avened=false,mPxs=false,mTPxs=false,mBLux=1177.05,mDlux=200.09601,backLux=0.0,mDt=1000,mBt=650
03-15 23:14:17.673  2565  4157 D HwCommBoosterService: reportBoosterPara enter
03-15 23:14:17.673  2565  4157 D HwCommBoosterManager: reportBoosterPara enter
03-15 23:14:17.673  2565  4157 D HwCommBoosterManager: pluginId: 2dataType:801
03-15 23:14:17.673  2565  2755 D HwCommBoosterManager: handleBoosterMessageSendModuleDataToPlugin enter
03-15 23:14:17.674  2565  2755 I Booster_ConfigManager: [handleReceiveAPModuleData]handleReceiveAPModuleData dataType = 801
03-15 23:14:17.833  1779  2391 I PowerMS : acquire:L=244673837,F=0x1,T=RILJ_ACK_WL,N=com.android.phone,WS=null,U=1001,P=2909
03-15 23:14:17.833  1779  2391 I PowerManagerService:  schedul eye detect nextTimeout: 2403041 now: 2389497 mRemainTime: 10000
03-15 23:14:17.895  2565  2755 I Booster_BoosterdDelegate: [handleMessage]handleMessage, enter
03-15 23:14:17.896  2565  2755 E Booster_BoosterdDelegate: [bindService]bindService start
03-15 23:14:17.896  2565  2755 E Booster_BoosterdDelegate: [getBoosterdNativeService]Failed to get boosterd native service
03-15 23:14:17.897  2565  2755 E Booster_BoosterdDelegate: [bindService]mService is null
03-15 23:14:17.897  2565  2755 I Booster_BoosterdDelegate: [startRebindServieTimer] startRebindServieTimer
03-15 23:14:17.969  2565  2755 I Booster_ChannelQoeData: [dumpChannelData] Base:10233,0,0,-1,8 DNS:0,0,0 UID:1051 ChId:2 TcpData:0,0,0,0,0,0,0,0,0,0,0,0,0,0,0,0,0,0 UID:0 ChId:2 TcpData:0,0,0,0,0,0,0,0,0,0,0,0,0,0,0,0,0,0 UID:10233 ChId:2 TcpData:0,0,0,0,0,0,0,0,0,0,0,0,0,0,0,0,0,0 FastDecayData:1 AsymmetricLinkData:0
03-15 23:14:17.970  2565  2755 D BoosterUtil: convertSubIdToSlotId, subId invalid: -1
03-15 23:14:17.970  2565  2755 D BoosterUtil: getDefaultDataSlotId failed, invalid slotId:-1, subId:-1
03-15 23:14:17.970  2565  2755 D BoosterUtil: convertSubIdToSlotId, subId invalid: -1
03-15 23:14:17.970  2565  2755 D BoosterUtil: getDefaultDataSlotId failed, invalid slotId:-1, subId:-1
03-15 23:14:17.971  2565  2755 E Booster_BroadcastProxy: [isDebugModemEnabled]get package info fail.
03-15 23:14:17.971  2565  2755 I Booster_BroadcastProxy: [isDebugModemEnabled]mode: false
03-15 23:14:17.972  2565  2755 E Booster_NetworkQoeChr: [chrBlerMonitorAndReport]modemQoeData is not present
03-15 23:14:17.972  2565  2755 I Booster_NetworkQoeMonitor: [createQoeBundle]networkQoeChanged:10233,4,0,309,1,2,4,0,309,0,0,10,10,0,0,0,0,0,2,1024,1024
03-15 23:14:18.037  1779  2859 I PowerMS : release:L=244673837,F=0x0,T=RILJ_ACK_WL,N=com.android.phone,WS=null,U=1001,P=2909
03-15 23:14:18.038  1779  2859 I PowerManagerService:  schedul eye detect nextTimeout: 2403041 now: 2389702 mRemainTime: 10000
03-15 23:14:18.154  1779  2859 I PowerMS : acquire:L=244673837,F=0x1,T=RILJ_ACK_WL,N=com.android.phone,WS=null,U=1001,P=2909
03-15 23:14:18.154  1779  2859 I PowerManagerService:  schedul eye detect nextTimeout: 2403041 now: 2389818 mRemainTime: 10000
03-15 23:14:18.320  1779  2391 I PowerMS : acquire:L=13920875,F=0x1,T=*telephony-radio*,N=com.android.phone,WS=null,U=1001,P=2909
03-15 23:14:18.320  1779  2391 I PowerManagerService:  schedul eye detect nextTimeout: 2403041 now: 2389984 mRemainTime: 10000
03-15 23:14:18.324  1779  2391 I PowerMS : release:L=13920875,F=0x0,T=*telephony-radio*,N=com.android.phone,WS=null,U=1001,P=2909
03-15 23:14:18.325  1779  2391 I PowerManagerService:  schedul eye detect nextTimeout: 2403041 now: 2389988 mRemainTime: 10000
03-15 23:14:18.335  1779  1881 W BatteryStatsImpl: Read kernel wake lock stats duration: 2380001 ms. 
03-15 23:14:18.336  1779  1881 I netddebug: getNetworkStatsUidDetail, pid = 1779
03-15 23:14:18.357  1779  2391 I PowerMS : release:L=244673837,F=0x0,T=RILJ_ACK_WL,N=com.android.phone,WS=null,U=1001,P=2909
03-15 23:14:18.358  1779  2391 I PowerManagerService:  schedul eye detect nextTimeout: 2403041 now: 2390021 mRemainTime: 10000
03-15 23:14:18.677  2565  4157 D HwCommBoosterService: reportBoosterPara enter
03-15 23:14:18.677  2565  4157 D HwCommBoosterManager: reportBoosterPara enter
03-15 23:14:18.677  2565  4157 D HwCommBoosterManager: pluginId: 2dataType:801
03-15 23:14:18.677  2565  2755 D HwCommBoosterManager: handleBoosterMessageSendModuleDataToPlugin enter
03-15 23:14:18.678  2565  2755 I Booster_ConfigManager: [handleReceiveAPModuleData]handleReceiveAPModuleData dataType = 801
03-15 23:14:18.794  1779  2391 I PowerMS : acquire:L=244673837,F=0x1,T=RILJ_ACK_WL,N=com.android.phone,WS=null,U=1001,P=2909
03-15 23:14:18.794  1779  2391 I PowerManagerService:  schedul eye detect nextTimeout: 2403041 now: 2390457 mRemainTime: 10000
03-15 23:14:18.800  1779  1869 D HwBrightnessSettings: update back sensor state,brightness=61
03-15 23:14:18.801  1779  1869 D HwDualSensorEventListenerImpl: update back sensor state,brightness=61
03-15 23:14:18.801  1779  1869 I HwDualSensorEventListenerImpl: updateBackSensorStateMsg brightness=61,mIsDisableBackSensor=false,isDisableBackSensor=true,mCurrentDisplayMode=0
03-15 23:14:18.801  1779  1869 I HwDualSensorEventListenerImpl: updateBackSensorStateMsg,isDisableBackSensor=true,mIsBackEnable=true,delayTime=5000
03-15 23:14:18.993  2565  2755 I Booster_ChannelQoeData: [dumpChannelData] Base:10233,0,0,-1,8 DNS:0,0,0 UID:1051 ChId:2 TcpData:0,0,0,0,0,0,0,0,0,0,0,0,0,0,0,0,0,0 UID:0 ChId:2 TcpData:0,0,0,0,0,0,0,0,0,0,0,0,0,0,0,0,0,0 UID:10233 ChId:2 TcpData:0,0,0,0,0,0,0,0,0,0,0,0,0,0,0,0,0,0 FastDecayData:1 AsymmetricLinkData:0
03-15 23:14:18.994  2565  2755 D BoosterUtil: convertSubIdToSlotId, subId invalid: -1
03-15 23:14:18.994  2565  2755 D BoosterUtil: getDefaultDataSlotId failed, invalid slotId:-1, subId:-1
03-15 23:14:18.994  2565  2755 D BoosterUtil: convertSubIdToSlotId, subId invalid: -1
03-15 23:14:18.995  2565  2755 D BoosterUtil: getDefaultDataSlotId failed, invalid slotId:-1, subId:-1
03-15 23:14:18.996  2565  2755 E Booster_BroadcastProxy: [isDebugModemEnabled]get package info fail.
03-15 23:14:18.996  2565  2755 I Booster_BroadcastProxy: [isDebugModemEnabled]mode: false
03-15 23:14:18.997  2565  2755 E Booster_NetworkQoeChr: [chrBlerMonitorAndReport]modemQoeData is not present
03-15 23:14:18.997  2565  2755 I Booster_NetworkQoeMonitor: [createQoeBundle]networkQoeChanged:10233,4,0,309,1,2,4,0,309,0,0,10,10,0,0,0,0,0,2,1024,1024
03-15 23:14:19.002  1779  2391 I PowerMS : release:L=244673837,F=0x0,T=RILJ_ACK_WL,N=com.android.phone,WS=null,U=1001,P=2909
03-15 23:14:19.003  1779  2391 I PowerManagerService:  schedul eye detect nextTimeout: 2403041 now: 2390666 mRemainTime: 10000
03-15 23:14:19.208  2565  2755 I TrafficStatisticsBoosterPlugin: handleMessage, msg = 2
03-15 23:14:19.433  1779  2391 I PowerMS : acquire:L=244673837,F=0x1,T=RILJ_ACK_WL,N=com.android.phone,WS=null,U=1001,P=2909
03-15 23:14:19.433  1779  2391 I PowerManagerService:  schedul eye detect nextTimeout: 2403041 now: 2391096 mRemainTime: 10000
03-15 23:14:19.637  1779  2859 I PowerMS : release:L=244673837,F=0x0,T=RILJ_ACK_WL,N=com.android.phone,WS=null,U=1001,P=2909
03-15 23:14:19.638  1779  2859 I PowerManagerService:  schedul eye detect nextTimeout: 2403041 now: 2391301 mRemainTime: 10000
03-15 23:14:19.676  1779  2097 I HwAmbientLuxFilterAlgo: t=2391268,lx=[699.5833/2389828, 699.75/2390068, 700.0/2390428, 700.0/2390669, 700.1667/2391028, 699.625/2391268],mLx=464.6,mOffLux=464.6,s=5.0,ss=17.368134,Avened=false,mPxs=false,mTPxs=false,mBLux=1177.05,mDlux=200.09601,backLux=0.0,mDt=1000,mBt=650
03-15 23:14:19.680  2565  4157 D HwCommBoosterService: reportBoosterPara enter
03-15 23:14:19.681  2565  4157 D HwCommBoosterManager: reportBoosterPara enter
03-15 23:14:19.681  2565  4157 D HwCommBoosterManager: pluginId: 2dataType:801
03-15 23:14:19.681  2565  2755 D HwCommBoosterManager: handleBoosterMessageSendModuleDataToPlugin enter
03-15 23:14:19.681  2565  2755 I Booster_ConfigManager: [handleReceiveAPModuleData]handleReceiveAPModuleData dataType = 801
03-15 23:14:19.753  1779  2859 I PowerMS : acquire:L=244673837,F=0x1,T=RILJ_ACK_WL,N=com.android.phone,WS=null,U=1001,P=2909
03-15 23:14:19.754  1779  2859 I PowerManagerService:  schedul eye detect nextTimeout: 2403041 now: 2391417 mRemainTime: 10000
03-15 23:14:19.900  2565  2755 I Booster_BoosterdDelegate: [handleMessage]handleMessage, enter
03-15 23:14:19.901  2565  2755 E Booster_BoosterdDelegate: [bindService]bindService start
03-15 23:14:19.902  2565  2755 E Booster_BoosterdDelegate: [getBoosterdNativeService]Failed to get boosterd native service
03-15 23:14:19.902  2565  2755 E Booster_BoosterdDelegate: [bindService]mService is null
03-15 23:14:19.902  2565  2755 I Booster_BoosterdDelegate: [startRebindServieTimer] startRebindServieTimer
03-15 23:14:19.957  1779  2391 I PowerMS : release:L=244673837,F=0x0,T=RILJ_ACK_WL,N=com.android.phone,WS=null,U=1001,P=2909
03-15 23:14:19.958  1779  2391 I PowerManagerService:  schedul eye detect nextTimeout: 2403041 now: 2391622 mRemainTime: 10000
03-15 23:14:20.022  2565  2755 I Booster_ChannelQoeData: [dumpChannelData] Base:10233,0,0,-1,8 DNS:0,0,0 UID:1051 ChId:2 TcpData:0,0,0,0,0,0,0,0,0,0,0,0,0,0,0,0,0,0 UID:0 ChId:2 TcpData:0,0,0,0,0,0,0,0,0,0,0,0,0,0,0,0,0,0 UID:10233 ChId:2 TcpData:0,0,0,0,0,0,0,0,0,0,0,0,0,0,0,0,0,0 FastDecayData:1 AsymmetricLinkData:0
03-15 23:14:20.023  2565  2755 D BoosterUtil: convertSubIdToSlotId, subId invalid: -1
03-15 23:14:20.023  2565  2755 D BoosterUtil: getDefaultDataSlotId failed, invalid slotId:-1, subId:-1
03-15 23:14:20.023  2565  2755 D BoosterUtil: convertSubIdToSlotId, subId invalid: -1
03-15 23:14:20.023  2565  2755 D BoosterUtil: getDefaultDataSlotId failed, invalid slotId:-1, subId:-1
03-15 23:14:20.025  2565  2755 E Booster_BroadcastProxy: [isDebugModemEnabled]get package info fail.
03-15 23:14:20.025  2565  2755 I Booster_BroadcastProxy: [isDebugModemEnabled]mode: false
03-15 23:14:20.026  2565  2755 E Booster_NetworkQoeChr: [chrBlerMonitorAndReport]modemQoeData is not present
03-15 23:14:20.026  2565  2755 I Booster_NetworkQoeMonitor: [createQoeBundle]networkQoeChanged:10233,4,0,309,1,2,4,0,309,0,0,10,10,0,0,0,0,0,2,1024,1024
03-15 23:14:20.073  1779  2859 I PowerMS : acquire:L=244673837,F=0x1,T=RILJ_ACK_WL,N=com.android.phone,WS=null,U=1001,P=2909
03-15 23:14:20.074  1779  2859 I PowerManagerService:  schedul eye detect nextTimeout: 2403041 now: 2391737 mRemainTime: 10000
03-15 23:14:20.281  1779  2859 I PowerMS : release:L=244673837,F=0x0,T=RILJ_ACK_WL,N=com.android.phone,WS=null,U=1001,P=2909
03-15 23:14:20.282  1779  2859 I PowerManagerService:  schedul eye detect nextTimeout: 2403041 now: 2391946 mRemainTime: 10000
03-15 23:14:20.392  1779  2859 I PowerMS : acquire:L=244673837,F=0x1,T=RILJ_ACK_WL,N=com.android.phone,WS=null,U=1001,P=2909
03-15 23:14:20.393  1779  2859 I PowerManagerService:  schedul eye detect nextTimeout: 2403041 now: 2392056 mRemainTime: 10000
03-15 23:14:20.601  1779  2859 I PowerMS : release:L=244673837,F=0x0,T=RILJ_ACK_WL,N=com.android.phone,WS=null,U=1001,P=2909
03-15 23:14:20.602  1779  2859 I PowerManagerService:  schedul eye detect nextTimeout: 2403041 now: 2392265 mRemainTime: 10000
03-15 23:14:20.685  2565  4157 D HwCommBoosterService: reportBoosterPara enter
03-15 23:14:20.685  2565  4157 D HwCommBoosterManager: reportBoosterPara enter
03-15 23:14:20.685  2565  4157 D HwCommBoosterManager: pluginId: 2dataType:801
03-15 23:14:20.685  2565  2755 D HwCommBoosterManager: handleBoosterMessageSendModuleDataToPlugin enter
03-15 23:14:20.686  2565  2755 I Booster_ConfigManager: [handleReceiveAPModuleData]handleReceiveAPModuleData dataType = 801
03-15 23:14:20.715  1779  2859 I PowerMS : acquire:L=244673837,F=0x1,T=RILJ_ACK_WL,N=com.android.phone,WS=null,U=1001,P=2909
03-15 23:14:20.715  1779  2859 I PowerManagerService:  schedul eye detect nextTimeout: 2403041 now: 2392378 mRemainTime: 10000
03-15 23:14:20.921  1779  2859 I PowerMS : release:L=244673837,F=0x0,T=RILJ_ACK_WL,N=com.android.phone,WS=null,U=1001,P=2909
03-15 23:14:20.922  1779  2859 I PowerManagerService:  schedul eye detect nextTimeout: 2403041 now: 2392585 mRemainTime: 10000
03-15 23:14:21.041  2565  2755 I Booster_ChannelQoeData: [dumpChannelData] Base:10233,0,0,-1,8 DNS:0,0,0 UID:1051 ChId:2 TcpData:0,0,0,0,0,0,0,0,0,0,0,0,0,0,0,0,0,0 UID:0 ChId:2 TcpData:0,0,0,0,0,0,0,0,0,0,0,0,0,0,0,0,0,0 UID:10233 ChId:2 TcpData:0,0,0,0,0,0,0,0,0,0,0,0,0,0,0,0,0,0 FastDecayData:1 AsymmetricLinkData:0
03-15 23:14:21.042  2565  2755 D BoosterUtil: convertSubIdToSlotId, subId invalid: -1
03-15 23:14:21.042  2565  2755 D BoosterUtil: getDefaultDataSlotId failed, invalid slotId:-1, subId:-1
03-15 23:14:21.042  2565  2755 D BoosterUtil: convertSubIdToSlotId, subId invalid: -1
03-15 23:14:21.043  2565  2755 D BoosterUtil: getDefaultDataSlotId failed, invalid slotId:-1, subId:-1
03-15 23:14:21.044  2565  2755 E Booster_BroadcastProxy: [isDebugModemEnabled]get package info fail.
03-15 23:14:21.044  2565  2755 I Booster_BroadcastProxy: [isDebugModemEnabled]mode: false
03-15 23:14:21.045  2565  2755 E Booster_NetworkQoeChr: [chrBlerMonitorAndReport]modemQoeData is not present
03-15 23:14:21.045  2565  2755 I Booster_NetworkQoeMonitor: [createQoeBundle]networkQoeChanged:10233,4,0,309,1,2,4,0,309,0,0,10,10,0,0,0,0,0,2,1024,1024
03-15 23:14:21.353  1779  2391 I PowerMS : acquire:L=244673837,F=0x1,T=RILJ_ACK_WL,N=com.android.phone,WS=null,U=1001,P=2909
03-15 23:14:21.354  1779  2391 I PowerManagerService:  schedul eye detect nextTimeout: 2403041 now: 2393017 mRemainTime: 10000
03-15 23:14:21.378  1779  1890 I PowerManagerService:  eye defect before dim. notifyScreenState start
03-15 23:14:21.378  1779  1890 I HwPowerManagerServiceEx: notifyScreenState state:1
03-15 23:14:21.378  1779  1850 I HwSwingEyeGazeHub: PowerManagerCallback state = 1
03-15 23:14:21.379  1779  1850 I HwSwingEyeGazeHub: eyeGazeSwitchValue = 1
03-15 23:14:21.379  1779  1850 I HwSwingEyeGazeHub: refreshAwarenessConnection, registerEyeGazeFence, eyeGazeAction=1
03-15 23:14:21.379  1779  1850 I HwSwingEyeGazeHub: registerEyeGazeFence mRegisteredFenceAction : 1, registerEyeGazeFence mIsAwarenessRegistered = false
03-15 23:14:21.379  1779 15169 I HwSwingEyeGazeHub: do registerEyeGazeFence thread
03-15 23:14:21.390  1779  2859 I PowerMS : acquire:L=231555655,F=0x1,T=SwingAbility,N=com.huawei.hiai,WS=null,U=5514,P=12660
03-15 23:14:21.390  1779  2391 I HwSwingEyeGazeHub: registerFence result = RequestResult{13, 3, 1, null, 0, 0, 100, android_1:1;13,3,1, 1, null, 3, 200000, null}
03-15 23:14:21.390  1779  2859 I PowerManagerService:  schedul eye detect nextTimeout: 2403041 now: 2393054 mRemainTime: 10000
03-15 23:14:21.453  1779  2859 I PowerMS : release:L=231555655,F=0x0,T=SwingAbility,N=com.huawei.hiai,WS=null,U=5514,P=12660
03-15 23:14:21.454  1779  2859 I PowerManagerService:  schedul eye detect nextTimeout: 2403041 now: 2393117 mRemainTime: 10000
03-15 23:14:21.557  1779  2859 I PowerMS : release:L=244673837,F=0x0,T=RILJ_ACK_WL,N=com.android.phone,WS=null,U=1001,P=2909
03-15 23:14:21.558  1779  2859 I PowerManagerService:  schedul eye detect nextTimeout: 2403041 now: 2393222 mRemainTime: 10000
03-15 23:14:21.674  1779  2859 I PowerMS : acquire:L=244673837,F=0x1,T=RILJ_ACK_WL,N=com.android.phone,WS=null,U=1001,P=2909
03-15 23:14:21.675  1779  2859 I PowerManagerService:  schedul eye detect nextTimeout: 2403041 now: 2393338 mRemainTime: 10000
03-15 23:14:21.689  2565  4157 D HwCommBoosterService: reportBoosterPara enter
03-15 23:14:21.689  2565  4157 D HwCommBoosterManager: reportBoosterPara enter
03-15 23:14:21.689  2565  4157 D HwCommBoosterManager: pluginId: 2dataType:801
03-15 23:14:21.689  2565  2755 D HwCommBoosterManager: handleBoosterMessageSendModuleDataToPlugin enter
03-15 23:14:21.689  2565  2755 I Booster_ConfigManager: [handleReceiveAPModuleData]handleReceiveAPModuleData dataType = 801
03-15 23:14:21.784  1779  2097 I HwAmbientLuxFilterAlgo: t=2393428,lx=[698.625/2391867, 698.9583/2392228, 698.625/2392468, 698.5/2392828, 698.625/2393067, 698.125/2393428],mLx=464.6,mOffLux=464.6,s=5.0,ss=17.368134,Avened=false,mPxs=false,mTPxs=false,mBLux=1177.05,mDlux=200.09601,backLux=0.0,mDt=1000,mBt=650
03-15 23:14:21.881  1779  2859 I PowerMS : release:L=244673837,F=0x0,T=RILJ_ACK_WL,N=com.android.phone,WS=null,U=1001,P=2909
03-15 23:14:21.882  1779  2859 I PowerManagerService:  schedul eye detect nextTimeout: 2403041 now: 2393545 mRemainTime: 10000
03-15 23:14:21.905  2565  2755 I Booster_BoosterdDelegate: [handleMessage]handleMessage, enter
03-15 23:14:21.905  2565  2755 E Booster_BoosterdDelegate: [bindService]bindService start
03-15 23:14:21.906  2565  2755 E Booster_BoosterdDelegate: [getBoosterdNativeService]Failed to get boosterd native service
03-15 23:14:21.906  2565  2755 E Booster_BoosterdDelegate: [bindService]mService is null
03-15 23:14:21.906  2565  2755 I Booster_BoosterdDelegate: [startRebindServieTimer] startRebindServieTimer
03-15 23:14:21.980  1779  2859 E HwSwingEyeGazeHub: IAwarenessListener handleEvent awarenessFence.hashCode() = 75565684
03-15 23:14:21.981  1779  2859 I HwSwingEyeGazeHub: isEyeGaze = false
03-15 23:14:22.065  2565  2755 I Booster_ChannelQoeData: [dumpChannelData] Base:10233,0,0,-1,8 DNS:0,0,0 UID:1051 ChId:2 TcpData:0,0,0,0,0,0,0,0,0,0,0,0,0,0,0,0,0,0 UID:0 ChId:2 TcpData:0,0,0,0,0,0,0,0,0,0,0,0,0,0,0,0,0,0 UID:10233 ChId:2 TcpData:0,0,0,0,0,0,0,0,0,0,0,0,0,0,0,0,0,0 FastDecayData:1 AsymmetricLinkData:0
03-15 23:14:22.066  2565  2755 D BoosterUtil: convertSubIdToSlotId, subId invalid: -1
03-15 23:14:22.066  2565  2755 D BoosterUtil: getDefaultDataSlotId failed, invalid slotId:-1, subId:-1
03-15 23:14:22.066  2565  2755 D BoosterUtil: convertSubIdToSlotId, subId invalid: -1
03-15 23:14:22.066  2565  2755 D BoosterUtil: getDefaultDataSlotId failed, invalid slotId:-1, subId:-1
03-15 23:14:22.067  2565  2755 E Booster_BroadcastProxy: [isDebugModemEnabled]get package info fail.
03-15 23:14:22.068  2565  2755 I Booster_BroadcastProxy: [isDebugModemEnabled]mode: false
03-15 23:14:22.069  2565  2755 E Booster_NetworkQoeChr: [chrBlerMonitorAndReport]modemQoeData is not present
03-15 23:14:22.069  2565  2755 I Booster_NetworkQoeMonitor: [createQoeBundle]networkQoeChanged:10233,4,0,309,1,2,4,0,309,0,0,10,10,0,0,0,0,0,2,1024,1024
03-15 23:14:22.212  2565  2755 I TrafficStatisticsBoosterPlugin: handleMessage, msg = 2
03-15 23:14:22.693  2565  4157 D HwCommBoosterService: reportBoosterPara enter
03-15 23:14:22.693  2565  4157 D HwCommBoosterManager: reportBoosterPara enter
03-15 23:14:22.693  2565  4157 D HwCommBoosterManager: pluginId: 2dataType:801
03-15 23:14:22.693  2565  2755 D HwCommBoosterManager: handleBoosterMessageSendModuleDataToPlugin enter
03-15 23:14:22.694  2565  2755 I Booster_ConfigManager: [handleReceiveAPModuleData]handleReceiveAPModuleData dataType = 801
03-15 23:14:23.091  2565  2755 I Booster_ChannelQoeData: [dumpChannelData] Base:10233,0,0,-1,8 DNS:0,0,0 UID:1051 ChId:2 TcpData:0,0,0,0,0,0,0,0,0,0,0,0,0,0,0,0,0,0 UID:0 ChId:2 TcpData:0,0,0,0,0,0,0,0,0,0,0,0,0,0,0,0,0,0 UID:10233 ChId:2 TcpData:0,0,0,0,0,0,0,0,0,0,0,0,0,0,0,0,0,0 FastDecayData:1 AsymmetricLinkData:0
03-15 23:14:23.093  2565  2755 D BoosterUtil: convertSubIdToSlotId, subId invalid: -1
03-15 23:14:23.093  2565  2755 D BoosterUtil: getDefaultDataSlotId failed, invalid slotId:-1, subId:-1
03-15 23:14:23.093  2565  2755 D BoosterUtil: convertSubIdToSlotId, subId invalid: -1
03-15 23:14:23.093  2565  2755 D BoosterUtil: getDefaultDataSlotId failed, invalid slotId:-1, subId:-1
03-15 23:14:23.095  2565  2755 E Booster_BroadcastProxy: [isDebugModemEnabled]get package info fail.
03-15 23:14:23.095  2565  2755 I Booster_BroadcastProxy: [isDebugModemEnabled]mode: false
03-15 23:14:23.096  2565  2755 E Booster_NetworkQoeChr: [chrBlerMonitorAndReport]modemQoeData is not present
03-15 23:14:23.097  2565  2755 I Booster_NetworkQoeMonitor: [createQoeBundle]networkQoeChanged:10233,4,0,309,1,2,4,0,309,0,0,10,10,0,0,0,0,0,2,1024,1024
03-15 23:14:23.273  1779  2391 I PowerMS : acquire:L=244673837,F=0x1,T=RILJ_ACK_WL,N=com.android.phone,WS=null,U=1001,P=2909
03-15 23:14:23.274  1779  2391 I PowerManagerService:  schedul eye detect nextTimeout: 2403041 now: 2394937 mRemainTime: 10000
03-15 23:14:23.478  1779  2391 I PowerMS : release:L=244673837,F=0x0,T=RILJ_ACK_WL,N=com.android.phone,WS=null,U=1001,P=2909
03-15 23:14:23.478  1779  2391 I PowerManagerService:  schedul eye detect nextTimeout: 2403041 now: 2395142 mRemainTime: 10000
03-15 23:14:23.593  1779  2391 I PowerMS : acquire:L=244673837,F=0x1,T=RILJ_ACK_WL,N=com.android.phone,WS=null,U=1001,P=2909
03-15 23:14:23.593  1779  2391 I PowerManagerService:  schedul eye detect nextTimeout: 2403041 now: 2395257 mRemainTime: 10000
03-15 23:14:23.697  2565  4157 D HwCommBoosterService: reportBoosterPara enter
03-15 23:14:23.697  2565  4157 D HwCommBoosterManager: reportBoosterPara enter
03-15 23:14:23.697  2565  4157 D HwCommBoosterManager: pluginId: 2dataType:801
03-15 23:14:23.697  2565  2755 D HwCommBoosterManager: handleBoosterMessageSendModuleDataToPlugin enter
03-15 23:14:23.698  2565  2755 I Booster_ConfigManager: [handleReceiveAPModuleData]handleReceiveAPModuleData dataType = 801
03-15 23:14:23.797  1779  2391 I PowerMS : release:L=244673837,F=0x0,T=RILJ_ACK_WL,N=com.android.phone,WS=null,U=1001,P=2909
03-15 23:14:23.798  1779  2391 I PowerManagerService:  schedul eye detect nextTimeout: 2403041 now: 2395461 mRemainTime: 10000
03-15 23:14:23.804  1779  2097 I HwDualSensorEventListenerImpl: updateBackSensorEnableState, isDisableBackSensor=true
03-15 23:14:23.805  1779  2180 I HwDualSensorEventListenerImpl: back sensor disabling.
03-15 23:14:23.807  1779  2180 I HwDualSensorEventListenerImpl: back sensor disabled.mBackLightSensor={Sensor name="color sensor", vendor="huawei", version=1, type=65554, maxRange=65535.0, resolution=0.001, power=0.1, minDelay=0}
03-15 23:14:23.892  1779  2097 I HwDualSensorEventListenerImpl: SensorData.sendSensorData(): skip. mLastSensorLuxValue=-1.0 mLastSensorCctValue=-1.0
03-15 23:14:23.892  1779  2097 I HwAmbientLuxFilterAlgo: t=2395468,lx=[698.2083/2394028, 698.6875/2394299, 697.8333/2394628, 697.875/2394918, 697.9583/2395228, 698.3125/2395468],mLx=464.6,mOffLux=464.6,s=5.0,ss=17.368134,Avened=false,mPxs=false,mTPxs=false,mBLux=1177.05,mDlux=200.09601,backLux=0.0,mDt=1000,mBt=650
03-15 23:14:23.909  2565  2755 I Booster_BoosterdDelegate: [handleMessage]handleMessage, enter
03-15 23:14:23.909  2565  2755 E Booster_BoosterdDelegate: [bindService]bindService start
03-15 23:14:23.910  2565  2755 E Booster_BoosterdDelegate: [getBoosterdNativeService]Failed to get boosterd native service
03-15 23:14:23.910  2565  2755 E Booster_BoosterdDelegate: [bindService]mService is null
03-15 23:14:23.911  2565  2755 I Booster_BoosterdDelegate: [startRebindServieTimer] startRebindServieTimer
03-15 23:14:23.912  1779  2391 I PowerMS : acquire:L=244673837,F=0x1,T=RILJ_ACK_WL,N=com.android.phone,WS=null,U=1001,P=2909
03-15 23:14:23.912  1779  2391 I PowerManagerService:  schedul eye detect nextTimeout: 2403041 now: 2395576 mRemainTime: 10000
03-15 23:14:24.114  2565  2755 I Booster_ChannelQoeData: [dumpChannelData] Base:10233,0,0,-1,8 DNS:0,0,0 UID:1051 ChId:2 TcpData:0,0,0,0,0,0,0,0,0,0,0,0,0,0,0,0,0,0 UID:0 ChId:2 TcpData:0,0,0,0,0,0,0,0,0,0,0,0,0,0,0,0,0,0 UID:10233 ChId:2 TcpData:0,0,0,0,0,0,0,0,0,0,0,0,0,0,0,0,0,0 FastDecayData:1 AsymmetricLinkData:0
03-15 23:14:24.115  2565  2755 D BoosterUtil: convertSubIdToSlotId, subId invalid: -1
03-15 23:14:24.115  2565  2755 D BoosterUtil: getDefaultDataSlotId failed, invalid slotId:-1, subId:-1
03-15 23:14:24.115  2565  2755 D BoosterUtil: convertSubIdToSlotId, subId invalid: -1
03-15 23:14:24.115  2565  2755 D BoosterUtil: getDefaultDataSlotId failed, invalid slotId:-1, subId:-1
03-15 23:14:24.116  2565  2755 E Booster_BroadcastProxy: [isDebugModemEnabled]get package info fail.
03-15 23:14:24.117  2565  2755 I Booster_BroadcastProxy: [isDebugModemEnabled]mode: false
03-15 23:14:24.117  1779  2391 I PowerMS : release:L=244673837,F=0x0,T=RILJ_ACK_WL,N=com.android.phone,WS=null,U=1001,P=2909
03-15 23:14:24.118  1779  2391 I PowerManagerService:  schedul eye detect nextTimeout: 2403041 now: 2395781 mRemainTime: 10000
03-15 23:14:24.118  2565  2755 E Booster_NetworkQoeChr: [chrBlerMonitorAndReport]modemQoeData is not present
03-15 23:14:24.118  2565  2755 I Booster_NetworkQoeMonitor: [createQoeBundle]networkQoeChanged:10233,4,0,309,1,2,4,0,309,0,0,10,10,0,0,0,0,0,2,1024,1024
03-15 23:14:24.553  1779  2859 I PowerMS : acquire:L=244673837,F=0x1,T=RILJ_ACK_WL,N=com.android.phone,WS=null,U=1001,P=2909
03-15 23:14:24.553  1779  2859 I PowerManagerService:  schedul eye detect nextTimeout: 2403041 now: 2396216 mRemainTime: 10000
03-15 23:14:24.701  2565  4157 D HwCommBoosterService: reportBoosterPara enter
03-15 23:14:24.701  2565  4157 D HwCommBoosterManager: reportBoosterPara enter
03-15 23:14:24.701  2565  4157 D HwCommBoosterManager: pluginId: 2dataType:801
03-15 23:14:24.701  2565  2755 D HwCommBoosterManager: handleBoosterMessageSendModuleDataToPlugin enter
03-15 23:14:24.702  2565  2755 I Booster_ConfigManager: [handleReceiveAPModuleData]handleReceiveAPModuleData dataType = 801
03-15 23:14:24.757  1779  2859 I PowerMS : release:L=244673837,F=0x0,T=RILJ_ACK_WL,N=com.android.phone,WS=null,U=1001,P=2909
03-15 23:14:24.758  1779  2859 I PowerManagerService:  schedul eye detect nextTimeout: 2403041 now: 2396422 mRemainTime: 10000
03-15 23:14:24.873  1779  2859 I PowerMS : acquire:L=244673837,F=0x1,T=RILJ_ACK_WL,N=com.android.phone,WS=null,U=1001,P=2909
03-15 23:14:24.873  1779  2859 I PowerManagerService:  schedul eye detect nextTimeout: 2403041 now: 2396536 mRemainTime: 10000
03-15 23:14:25.077  1779  2859 I PowerMS : release:L=244673837,F=0x0,T=RILJ_ACK_WL,N=com.android.phone,WS=null,U=1001,P=2909
03-15 23:14:25.078  1779  2859 I PowerManagerService:  schedul eye detect nextTimeout: 2403041 now: 2396741 mRemainTime: 10000
03-15 23:14:25.138  2565  2755 I Booster_ChannelQoeData: [dumpChannelData] Base:10233,0,0,-1,8 DNS:0,0,0 UID:1051 ChId:2 TcpData:0,0,0,0,0,0,0,0,0,0,0,0,0,0,0,0,0,0 UID:0 ChId:2 TcpData:0,0,0,0,0,0,0,0,0,0,0,0,0,0,0,0,0,0 UID:10233 ChId:2 TcpData:0,0,0,0,0,0,0,0,0,0,0,0,0,0,0,0,0,0 FastDecayData:1 AsymmetricLinkData:0
03-15 23:14:25.139  2565  2755 D BoosterUtil: convertSubIdToSlotId, subId invalid: -1
03-15 23:14:25.139  2565  2755 D BoosterUtil: getDefaultDataSlotId failed, invalid slotId:-1, subId:-1
03-15 23:14:25.140  2565  2755 D BoosterUtil: convertSubIdToSlotId, subId invalid: -1
03-15 23:14:25.140  2565  2755 D BoosterUtil: getDefaultDataSlotId failed, invalid slotId:-1, subId:-1
03-15 23:14:25.141  2565  2755 E Booster_BroadcastProxy: [isDebugModemEnabled]get package info fail.
03-15 23:14:25.141  2565  2755 I Booster_BroadcastProxy: [isDebugModemEnabled]mode: false
03-15 23:14:25.142  2565  2755 E Booster_NetworkQoeChr: [chrBlerMonitorAndReport]modemQoeData is not present
03-15 23:14:25.143  2565  2755 I Booster_NetworkQoeMonitor: [createQoeBundle]networkQoeChanged:10233,4,0,309,1,2,4,0,309,0,0,10,10,0,0,0,0,0,2,1024,1024
03-15 23:14:25.193  1779  2859 I PowerMS : acquire:L=244673837,F=0x1,T=RILJ_ACK_WL,N=com.android.phone,WS=null,U=1001,P=2909
03-15 23:14:25.193  1779  2859 I PowerManagerService:  schedul eye detect nextTimeout: 2403041 now: 2396856 mRemainTime: 10000
03-15 23:14:25.213  2565  2755 I TrafficStatisticsBoosterPlugin: handleMessage, msg = 2
03-15 23:14:25.398  1779  2859 I PowerMS : release:L=244673837,F=0x0,T=RILJ_ACK_WL,N=com.android.phone,WS=null,U=1001,P=2909
03-15 23:14:25.401  1779  2859 I PowerManagerService:  schedul eye detect nextTimeout: 2403041 now: 2397062 mRemainTime: 10000
03-15 23:14:25.703  2565  4157 D HwCommBoosterService: reportBoosterPara enter
03-15 23:14:25.703  2565  4157 D HwCommBoosterManager: reportBoosterPara enter
03-15 23:14:25.703  2565  4157 D HwCommBoosterManager: pluginId: 2dataType:801
03-15 23:14:25.704  2565  2755 D HwCommBoosterManager: handleBoosterMessageSendModuleDataToPlugin enter
03-15 23:14:25.704  2565  2755 I Booster_ConfigManager: [handleReceiveAPModuleData]handleReceiveAPModuleData dataType = 801
03-15 23:14:25.833  1779  2859 I PowerMS : acquire:L=244673837,F=0x1,T=RILJ_ACK_WL,N=com.android.phone,WS=null,U=1001,P=2909
03-15 23:14:25.833  1779  2859 I PowerManagerService:  schedul eye detect nextTimeout: 2403041 now: 2397496 mRemainTime: 10000
03-15 23:14:25.917  2565  2755 I Booster_BoosterdDelegate: [handleMessage]handleMessage, enter
03-15 23:14:25.917  2565  2755 E Booster_BoosterdDelegate: [bindService]bindService start
03-15 23:14:25.917  2565  2755 E Booster_BoosterdDelegate: [getBoosterdNativeService]Failed to get boosterd native service
03-15 23:14:25.918  2565  2755 E Booster_BoosterdDelegate: [bindService]mService is null
03-15 23:14:25.918  2565  2755 I Booster_BoosterdDelegate: [startRebindServieTimer] startRebindServieTimer
03-15 23:14:25.999  1779  2097 I HwAmbientLuxFilterAlgo: t=2397628,lx=[698.0/2396068, 698.125/2396429, 698.75/2396668, 697.875/2397028, 698.0625/2397268, 698.2083/2397628],mLx=464.6,mOffLux=464.6,s=5.0,ss=17.368134,Avened=false,mPxs=false,mTPxs=false,mBLux=1177.05,mDlux=200.09601,backLux=0.0,mDt=1000,mBt=650
03-15 23:14:26.041  1779  2859 I PowerMS : release:L=244673837,F=0x0,T=RILJ_ACK_WL,N=com.android.phone,WS=null,U=1001,P=2909
03-15 23:14:26.042  1779  2859 I PowerManagerService:  schedul eye detect nextTimeout: 2403041 now: 2397705 mRemainTime: 10000
03-15 23:14:26.153  1779  2859 I PowerMS : acquire:L=244673837,F=0x1,T=RILJ_ACK_WL,N=com.android.phone,WS=null,U=1001,P=2909
03-15 23:14:26.153  1779  2859 I PowerManagerService:  schedul eye detect nextTimeout: 2403041 now: 2397817 mRemainTime: 10000
03-15 23:14:26.162  2565  2755 I Booster_ChannelQoeData: [dumpChannelData] Base:10233,0,0,-1,8 DNS:0,0,0 UID:1051 ChId:2 TcpData:0,0,0,0,0,0,0,0,0,0,0,0,0,0,0,0,0,0 UID:0 ChId:2 TcpData:0,0,0,0,0,0,0,0,0,0,0,0,0,0,0,0,0,0 UID:10233 ChId:2 TcpData:0,0,0,0,0,0,0,0,0,0,0,0,0,0,0,0,0,0 FastDecayData:1 AsymmetricLinkData:0
03-15 23:14:26.163  2565  2755 D BoosterUtil: convertSubIdToSlotId, subId invalid: -1
03-15 23:14:26.163  2565  2755 D BoosterUtil: getDefaultDataSlotId failed, invalid slotId:-1, subId:-1
03-15 23:14:26.163  2565  2755 D BoosterUtil: convertSubIdToSlotId, subId invalid: -1
03-15 23:14:26.163  2565  2755 D BoosterUtil: getDefaultDataSlotId failed, invalid slotId:-1, subId:-1
03-15 23:14:26.165  2565  2755 E Booster_BroadcastProxy: [isDebugModemEnabled]get package info fail.
03-15 23:14:26.165  2565  2755 I Booster_BroadcastProxy: [isDebugModemEnabled]mode: false
03-15 23:14:26.165  2565  2755 E Booster_NetworkQoeChr: [chrBlerMonitorAndReport]modemQoeData is not present
03-15 23:14:26.166  2565  2755 I Booster_NetworkQoeMonitor: [createQoeBundle]networkQoeChanged:10233,4,0,309,1,2,4,0,309,0,0,10,10,0,0,0,0,0,2,1024,1024
03-15 23:14:26.357  1779  2391 I PowerMS : release:L=244673837,F=0x0,T=RILJ_ACK_WL,N=com.android.phone,WS=null,U=1001,P=2909
03-15 23:14:26.359  1779  2391 I PowerManagerService:  schedul eye detect nextTimeout: 2403041 now: 2398022 mRemainTime: 10000
03-15 23:14:26.473  1779  2391 I PowerMS : acquire:L=244673837,F=0x1,T=RILJ_ACK_WL,N=com.android.phone,WS=null,U=1001,P=2909
03-15 23:14:26.473  1779  2391 I PowerManagerService:  schedul eye detect nextTimeout: 2403041 now: 2398137 mRemainTime: 10000
03-15 23:14:26.677  1779  2859 I PowerMS : release:L=244673837,F=0x0,T=RILJ_ACK_WL,N=com.android.phone,WS=null,U=1001,P=2909
03-15 23:14:26.678  1779  2859 I PowerManagerService:  schedul eye detect nextTimeout: 2403041 now: 2398342 mRemainTime: 10000
03-15 23:14:26.705  2565  4157 D HwCommBoosterService: reportBoosterPara enter
03-15 23:14:26.705  2565  4157 D HwCommBoosterManager: reportBoosterPara enter
03-15 23:14:26.705  2565  4157 D HwCommBoosterManager: pluginId: 2dataType:801
03-15 23:14:26.705  2565  2755 D HwCommBoosterManager: handleBoosterMessageSendModuleDataToPlugin enter
03-15 23:14:26.706  2565  2755 I Booster_ConfigManager: [handleReceiveAPModuleData]handleReceiveAPModuleData dataType = 801
03-15 23:14:27.115  1779  2859 I PowerMS : acquire:L=244673837,F=0x1,T=RILJ_ACK_WL,N=com.android.phone,WS=null,U=1001,P=2909
03-15 23:14:27.115  1779  2859 I PowerManagerService:  schedul eye detect nextTimeout: 2403041 now: 2398779 mRemainTime: 10000
03-15 23:14:27.186  2565  2755 I Booster_ChannelQoeData: [dumpChannelData] Base:10233,0,0,-1,8 DNS:0,0,0 UID:1051 ChId:2 TcpData:0,0,0,0,0,0,0,0,0,0,0,0,0,0,0,0,0,0 UID:0 ChId:2 TcpData:0,0,0,0,0,0,0,0,0,0,0,0,0,0,0,0,0,0 UID:10233 ChId:2 TcpData:0,0,0,0,0,0,0,0,0,0,0,0,0,0,0,0,0,0 FastDecayData:1 AsymmetricLinkData:0
03-15 23:14:27.187  2565  2755 D BoosterUtil: convertSubIdToSlotId, subId invalid: -1
03-15 23:14:27.187  2565  2755 D BoosterUtil: getDefaultDataSlotId failed, invalid slotId:-1, subId:-1
03-15 23:14:27.187  2565  2755 D BoosterUtil: convertSubIdToSlotId, subId invalid: -1
03-15 23:14:27.188  2565  2755 D BoosterUtil: getDefaultDataSlotId failed, invalid slotId:-1, subId:-1
03-15 23:14:27.189  2565  2755 E Booster_BroadcastProxy: [isDebugModemEnabled]get package info fail.
03-15 23:14:27.189  2565  2755 I Booster_BroadcastProxy: [isDebugModemEnabled]mode: false
03-15 23:14:27.190  2565  2755 E Booster_NetworkQoeChr: [chrBlerMonitorAndReport]modemQoeData is not present
03-15 23:14:27.190  2565  2755 I Booster_NetworkQoeMonitor: [createQoeBundle]networkQoeChanged:10233,4,0,309,1,2,4,0,309,0,0,10,10,0,0,0,0,0,2,1024,1024
03-15 23:14:27.321  1779  2391 I PowerMS : release:L=244673837,F=0x0,T=RILJ_ACK_WL,N=com.android.phone,WS=null,U=1001,P=2909
03-15 23:14:27.322  1779  2391 I PowerManagerService:  schedul eye detect nextTimeout: 2403041 now: 2398985 mRemainTime: 10000
03-15 23:14:27.432  1779  2391 I PowerMS : acquire:L=244673837,F=0x1,T=RILJ_ACK_WL,N=com.android.phone,WS=null,U=1001,P=2909
03-15 23:14:27.433  1779  2391 I PowerManagerService:  schedul eye detect nextTimeout: 2403041 now: 2399096 mRemainTime: 10000
03-15 23:14:27.483  1779  2391 E HwSwingEyeGazeHub: IAwarenessListener handleEvent awarenessFence.hashCode() = 98106269
03-15 23:14:27.483  1779  2391 I HwSwingEyeGazeHub: isEyeGaze = false
03-15 23:14:27.637  1779  2391 I PowerMS : release:L=244673837,F=0x0,T=RILJ_ACK_WL,N=com.android.phone,WS=null,U=1001,P=2909
03-15 23:14:27.638  1779  2391 I PowerManagerService:  schedul eye detect nextTimeout: 2403041 now: 2399301 mRemainTime: 10000
03-15 23:14:27.709  2565  4157 D HwCommBoosterService: reportBoosterPara enter
03-15 23:14:27.709  2565  4157 D HwCommBoosterManager: reportBoosterPara enter
03-15 23:14:27.709  2565  4157 D HwCommBoosterManager: pluginId: 2dataType:801
03-15 23:14:27.711  2565  2755 D HwCommBoosterManager: handleBoosterMessageSendModuleDataToPlugin enter
03-15 23:14:27.712  2565  2755 I Booster_ConfigManager: [handleReceiveAPModuleData]handleReceiveAPModuleData dataType = 801
03-15 23:14:27.918  2565  2755 I Booster_BoosterdDelegate: [handleMessage]handleMessage, enter
03-15 23:14:27.919  2565  2755 E Booster_BoosterdDelegate: [bindService]bindService start
03-15 23:14:27.920  2565  2755 E Booster_BoosterdDelegate: [getBoosterdNativeService]Failed to get boosterd native service
03-15 23:14:27.920  2565  2755 E Booster_BoosterdDelegate: [bindService]mService is null
03-15 23:14:27.920  2565  2755 I Booster_BoosterdDelegate: [startRebindServieTimer] startRebindServieTimer
03-15 23:14:28.109  1779  2097 I HwAmbientLuxFilterAlgo: t=2399668,lx=[698.3333/2398228, 698.125/2398468, 698.9167/2398828, 699.0/2399068, 698.3333/2399429, 698.375/2399668],mLx=464.6,mOffLux=464.6,s=5.0,ss=0.9640075,Avened=false,mPxs=false,mTPxs=false,mBLux=1177.05,mDlux=200.09601,backLux=0.0,mDt=1000,mBt=650
03-15 23:14:28.209  2565  2755 I Booster_ChannelQoeData: [dumpChannelData] Base:10233,0,0,-1,8 DNS:0,0,0 UID:1051 ChId:2 TcpData:0,0,0,0,0,0,0,0,0,0,0,0,0,0,0,0,0,0 UID:0 ChId:2 TcpData:0,0,0,0,0,0,0,0,0,0,0,0,0,0,0,0,0,0 UID:10233 ChId:2 TcpData:0,0,0,0,0,0,0,0,0,0,0,0,0,0,0,0,0,0 FastDecayData:1 AsymmetricLinkData:0
03-15 23:14:28.210  2565  2755 D BoosterUtil: convertSubIdToSlotId, subId invalid: -1
03-15 23:14:28.210  2565  2755 D BoosterUtil: getDefaultDataSlotId failed, invalid slotId:-1, subId:-1
03-15 23:14:28.210  2565  2755 D BoosterUtil: convertSubIdToSlotId, subId invalid: -1
03-15 23:14:28.210  2565  2755 D BoosterUtil: getDefaultDataSlotId failed, invalid slotId:-1, subId:-1
03-15 23:14:28.211  2565  2755 E Booster_BroadcastProxy: [isDebugModemEnabled]get package info fail.
03-15 23:14:28.211  2565  2755 I Booster_BroadcastProxy: [isDebugModemEnabled]mode: false
03-15 23:14:28.212  2565  2755 E Booster_NetworkQoeChr: [chrBlerMonitorAndReport]modemQoeData is not present
03-15 23:14:28.212  2565  2755 I Booster_NetworkQoeMonitor: [createQoeBundle]networkQoeChanged:10233,4,0,309,1,2,4,0,309,0,0,10,10,0,0,0,0,0,2,1024,1024
03-15 23:14:28.215  2565  2755 I TrafficStatisticsBoosterPlugin: handleMessage, msg = 2
03-15 23:14:28.283  1779  2391 E HwSwingEyeGazeHub: IAwarenessListener handleEvent awarenessFence.hashCode() = 41625618
03-15 23:14:28.284  1779  2391 I HwSwingEyeGazeHub: isEyeGaze = true
03-15 23:14:28.284  1779  2391 I HwSwingEyeGazeHub: unregisterEyeGazeFence mRegisteredFenceAction : 1
03-15 23:14:28.284  1779  1850 I HwSwingEyeGazeHub: userActivity() Method is called!
03-15 23:14:28.285  1779  2391 I HwSwingEyeGazeHub: Successfully refresh screen sleep time !
03-15 23:14:28.285  1779  1850 D PowerManagerService: userActivityNoUpdateLocked: groupId=0, eventTime=2399948, event=0, flags=0x0, uid=1000
03-15 23:14:28.285  1779 15173 I HwSwingEyeGazeHub: do unregisterEyeGazeFence thread
03-15 23:14:28.285  1779  1850 I PowerMS : userActivity:eventTime=2399948,event=0,flags=0x0,uid=1000
03-15 23:14:28.287  1779  1850 I PowerManagerService:  schedul eye detect nextTimeout: 2423948 now: 2399951 mRemainTime: 10000
03-15 23:14:28.289  1779  2391 I PowerMS : acquire:L=76659683,F=0x1,T=SwingAbility,N=com.huawei.hiai,WS=null,U=5514,P=12660
03-15 23:14:28.289  1779  2859 I HwSwingEyeGazeHub: registerFence result = RequestResult{13, 3, 1, null, 0, 0, 100, android_1:1;13,3,1, 1, null, 5, 200000, null}
03-15 23:14:28.289  1779  2391 I PowerManagerService:  schedul eye detect nextTimeout: 2423948 now: 2399953 mRemainTime: 10000
03-15 23:14:28.325  1779  2391 I PowerMS : release:L=76659683,F=0x0,T=SwingAbility,N=com.huawei.hiai,WS=null,U=5514,P=12660
03-15 23:14:28.326  1779  2391 I PowerManagerService:  schedul eye detect nextTimeout: 2423948 now: 2399989 mRemainTime: 10000
03-15 23:14:28.713  2565  4157 D HwCommBoosterService: reportBoosterPara enter
03-15 23:14:28.713  2565  4157 D HwCommBoosterManager: reportBoosterPara enter
03-15 23:14:28.713  2565  4157 D HwCommBoosterManager: pluginId: 2dataType:801
03-15 23:14:28.714  2565  2755 D HwCommBoosterManager: handleBoosterMessageSendModuleDataToPlugin enter
03-15 23:14:28.714  2565  2755 I Booster_ConfigManager: [handleReceiveAPModuleData]handleReceiveAPModuleData dataType = 801
03-15 23:14:29.233  2565  2755 I Booster_ChannelQoeData: [dumpChannelData] Base:10233,0,0,-1,8 DNS:0,0,0 UID:1051 ChId:2 TcpData:0,0,0,0,0,0,0,0,0,0,0,0,0,0,0,0,0,0 UID:0 ChId:2 TcpData:0,0,0,0,0,0,0,0,0,0,0,0,0,0,0,0,0,0 UID:10233 ChId:2 TcpData:0,0,0,0,0,0,0,0,0,0,0,0,0,0,0,0,0,0 FastDecayData:1 AsymmetricLinkData:0
03-15 23:14:29.234  2565  2755 D BoosterUtil: convertSubIdToSlotId, subId invalid: -1
03-15 23:14:29.234  2565  2755 D BoosterUtil: getDefaultDataSlotId failed, invalid slotId:-1, subId:-1
03-15 23:14:29.234  2565  2755 D BoosterUtil: convertSubIdToSlotId, subId invalid: -1
03-15 23:14:29.234  2565  2755 D BoosterUtil: getDefaultDataSlotId failed, invalid slotId:-1, subId:-1
03-15 23:14:29.235  2565  2755 E Booster_BroadcastProxy: [isDebugModemEnabled]get package info fail.
03-15 23:14:29.235  2565  2755 I Booster_BroadcastProxy: [isDebugModemEnabled]mode: false
03-15 23:14:29.236  2565  2755 E Booster_NetworkQoeChr: [chrBlerMonitorAndReport]modemQoeData is not present
03-15 23:14:29.236  2565  2755 I Booster_NetworkQoeMonitor: [createQoeBundle]networkQoeChanged:10233,4,0,309,1,2,4,0,309,0,0,10,10,0,0,0,0,0,2,1024,1024
03-15 23:14:29.353  1779  2859 I PowerMS : acquire:L=244673837,F=0x1,T=RILJ_ACK_WL,N=com.android.phone,WS=null,U=1001,P=2909
03-15 23:14:29.353  1779  2859 I PowerManagerService:  schedul eye detect nextTimeout: 2423948 now: 2401017 mRemainTime: 10000
03-15 23:14:29.556  1779  2859 I PowerMS : release:L=244673837,F=0x0,T=RILJ_ACK_WL,N=com.android.phone,WS=null,U=1001,P=2909
03-15 23:14:29.557  1779  2859 I PowerManagerService:  schedul eye detect nextTimeout: 2423948 now: 2401220 mRemainTime: 10000
03-15 23:14:29.717  2565  4157 D HwCommBoosterService: reportBoosterPara enter
03-15 23:14:29.717  2565  4157 D HwCommBoosterManager: reportBoosterPara enter
03-15 23:14:29.717  2565  4157 D HwCommBoosterManager: pluginId: 2dataType:801
03-15 23:14:29.717  2565  2755 D HwCommBoosterManager: handleBoosterMessageSendModuleDataToPlugin enter
03-15 23:14:29.718  2565  2755 I Booster_ConfigManager: [handleReceiveAPModuleData]handleReceiveAPModuleData dataType = 801
03-15 23:14:29.921  2565  2755 I Booster_BoosterdDelegate: [handleMessage]handleMessage, enter
03-15 23:14:29.921  2565  2755 E Booster_BoosterdDelegate: [bindService]bindService start
03-15 23:14:29.923  2565  2755 E Booster_BoosterdDelegate: [getBoosterdNativeService]Failed to get boosterd native service
03-15 23:14:29.923  2565  2755 E Booster_BoosterdDelegate: [bindService]mService is null
03-15 23:14:29.923  2565  2755 I Booster_BoosterdDelegate: [startRebindServieTimer] startRebindServieTimer
03-15 23:14:29.994  1779  2859 I PowerMS : acquire:L=244673837,F=0x1,T=RILJ_ACK_WL,N=com.android.phone,WS=null,U=1001,P=2909
03-15 23:14:29.994  1779  2859 I PowerManagerService:  schedul eye detect nextTimeout: 2423948 now: 2401658 mRemainTime: 10000
03-15 23:14:30.203  1779  2859 I PowerMS : release:L=244673837,F=0x0,T=RILJ_ACK_WL,N=com.android.phone,WS=null,U=1001,P=2909
