03-15 23:14:46.683  1779  1871 D ActivityManager: checkExcessivePowerUsage, app:com.android.permissioncontroller, appTypeIM:false
03-15 23:14:46.683  1779  1871 D ActivityManager: beginTime 1262052 endTime 2418345 freezeTime 0
03-15 23:14:46.683  1779  1871 D ActivityManager: checkExcessivePowerUsage, app:com.huawei.hilink.framework, appTypeIM:false
03-15 23:14:46.683  1779  1871 D ActivityManager: beginTime 1236017 endTime 2418345 freezeTime 0
03-15 23:14:46.683  1779  1871 D ActivityManager: checkExcessivePowerUsage, app:com.huawei.systemmanager:security_scan, appTypeIM:false
03-15 23:14:46.683  1779  1871 D ActivityManager: beginTime 1236018 endTime 2418345 freezeTime 0
03-15 23:14:46.683  1779  1871 D ActivityManager: checkExcessivePowerUsage, app:com.huawei.securitypluginbase:service, appTypeIM:false
03-15 23:14:46.683  1779  1871 D ActivityManager: beginTime 1232682 endTime 2418345 freezeTime 0
03-15 23:14:46.683  1779  1871 D ActivityManager: checkExcessivePowerUsage, app:com.huawei.appmarket, appTypeIM:false
03-15 23:14:46.683  1779  1871 D ActivityManager: beginTime 1235828 endTime 2418345 freezeTime 0
03-15 23:14:46.683  1779  1871 D ActivityManager: checkExcessivePowerUsage, app:com.huawei.appmarket:query, appTypeIM:false
03-15 23:14:46.683  1779  1871 D ActivityManager: beginTime 0 endTime 2418345 freezeTime 0
03-15 23:14:46.683  1779  1871 D ActivityManager: checkExcessivePowerUsage, app:com.huawei.security.privacycenter, appTypeIM:false
03-15 23:14:46.683  1779  1871 D ActivityManager: beginTime 1235719 endTime 2418345 freezeTime 0
03-15 23:14:46.683  1779  1871 D ActivityManager: checkExcessivePowerUsage, app:com.huawei.gameassistant:sync_app, appTypeIM:false
03-15 23:14:46.683  1779  1871 D ActivityManager: beginTime 1229710 endTime 2418345 freezeTime 0
03-15 23:14:46.683  1779  1871 D ActivityManager: checkExcessivePowerUsage, app:com.android.nfc:load, appTypeIM:false
03-15 23:14:46.683  1779  1871 D ActivityManager: beginTime 20731 endTime 2418345 freezeTime 0
03-15 23:14:46.683  1779  1871 D ActivityManager: checkExcessivePowerUsage, app:com.android.keychain, appTypeIM:false
03-15 23:14:46.683  1779  1871 D ActivityManager: beginTime 1223815 endTime 2418345 freezeTime 0
03-15 23:14:46.684  1779  1871 D ActivityManager: checkExcessivePowerUsage, app:com.android.statementservice, appTypeIM:false
03-15 23:14:46.684  1779  1871 D ActivityManager: beginTime 0 endTime 2418345 freezeTime 0
03-15 23:14:46.684  1779  1871 D ActivityManager: checkExcessivePowerUsage, app:com.huawei.health, appTypeIM:false
03-15 23:14:46.684  1779  1871 D ActivityManager: beginTime 21503 endTime 2418345 freezeTime 0
03-15 23:14:46.684  1779  1871 D ActivityManager: checkExcessivePowerUsage, app:com.huawei.ohos.health, appTypeIM:false
03-15 23:14:46.684  1779  1871 D ActivityManager: beginTime 1204803 endTime 2418345 freezeTime 0
03-15 23:14:46.684  1779  1871 D ActivityManager: checkExcessivePowerUsage, app:com.huawei.systemmanager:harassment_interception, appTypeIM:false
03-15 23:14:46.684  1779  1871 D ActivityManager: beginTime 0 endTime 2418345 freezeTime 0
03-15 23:14:46.684  1779  1871 D ActivityManager: checkExcessivePowerUsage, app:com.huawei.hiviewtunnel, appTypeIM:false
03-15 23:14:46.684  1779  1871 D ActivityManager: beginTime 926958 endTime 2418345 freezeTime 0
03-15 23:14:46.684  1779  1871 D ActivityManager: checkExcessivePowerUsage, app:com.huawei.magazine, appTypeIM:false
03-15 23:14:46.684  1779  1871 D ActivityManager: beginTime 926959 endTime 2418345 freezeTime 0
03-15 23:14:46.684  1779  1871 D ActivityManager: checkExcessivePowerUsage, app:com.huawei.webview:sandboxed_process0:org.chromium.content.app.SandboxedProcessService0:0, appTypeIM:false
03-15 23:14:46.684  1779  1871 D ActivityManager: beginTime 932012 endTime 2418345 freezeTime 0
03-15 23:14:46.684  1779  1871 D ActivityManager: checkExcessivePowerUsage, app:com.huawei.magazine:data, appTypeIM:false
03-15 23:14:46.684  1779  1871 D ActivityManager: beginTime 657212 endTime 2418345 freezeTime 0
03-15 23:14:46.684  1779  1871 D ActivityManager: checkExcessivePowerUsage, app:com.huawei.pengine, appTypeIM:false
03-15 23:14:46.684  1779  1871 D ActivityManager: beginTime 651209 endTime 2418345 freezeTime 0
03-15 23:14:46.684  1779  1871 D ActivityManager: checkExcessivePowerUsage, app:android.process.acore, appTypeIM:false
03-15 23:14:46.684  1779  1871 D ActivityManager: beginTime 0 endTime 2418345 freezeTime 0
03-15 23:14:46.684  1779  1871 D ActivityManager: checkExcessivePowerUsage, app:com.huawei.android.UEInfoCheck, appTypeIM:false
03-15 23:14:46.684  1779  1871 D ActivityManager: beginTime 44713 endTime 2418345 freezeTime 0
03-15 23:14:46.684  1779  1871 D ActivityManager: checkExcessivePowerUsage, app:com.android.mms, appTypeIM:false
03-15 23:14:46.684  1779  1871 D ActivityManager: beginTime 0 endTime 2418345 freezeTime 0
03-15 23:14:46.684  1779  1871 D ActivityManager: checkExcessivePowerUsage, app:com.huawei.skytone:service, appTypeIM:false
03-15 23:14:46.685  1779  1871 D ActivityManager: beginTime 0 endTime 2418345 freezeTime 0
03-15 23:14:46.685  1779  1871 D ActivityManager: checkExcessivePowerUsage, app:com.huawei.hiskytone, appTypeIM:false
03-15 23:14:46.685  1779  1871 D ActivityManager: beginTime 327681 endTime 2418345 freezeTime 0
03-15 23:14:46.685  1779  1871 D ActivityManager: checkExcessivePowerUsage, app:com.huawei.lbs:nlp, appTypeIM:false
03-15 23:14:46.685  1779  1871 D ActivityManager: beginTime 271966 endTime 2418345 freezeTime 0
03-15 23:14:46.685  1779  1871 D ActivityManager: checkExcessivePowerUsage, app:com.huawei.hwid.container1, appTypeIM:false
03-15 23:14:46.685  1779  1871 D ActivityManager: beginTime 97685 endTime 2418345 freezeTime 0
03-15 23:14:46.685  1779  1871 D ActivityManager: checkExcessivePowerUsage, app:com.huawei.hidisk, appTypeIM:false
03-15 23:14:46.685  1779  1871 D ActivityManager: beginTime 76581 endTime 2418345 freezeTime 0
03-15 23:14:46.685  1779  1871 D ActivityManager: checkExcessivePowerUsage, app:com.huawei.android.hsf, appTypeIM:false
03-15 23:14:46.685  1779  1871 D ActivityManager: beginTime 69643 endTime 2418345 freezeTime 0
03-15 23:14:46.685  1779  1871 D ActivityManager: checkExcessivePowerUsage, app:com.huawei.lbs:higeo, appTypeIM:false
03-15 23:14:46.685  1779  1871 D ActivityManager: beginTime 0 endTime 2418345 freezeTime 0
03-15 23:14:46.685  1779  1871 D ActivityManager: checkExcessivePowerUsage, app:com.huawei.phoneservice, appTypeIM:false
03-15 23:14:46.685  1779  1871 D ActivityManager: beginTime 32976 endTime 2418345 freezeTime 0
03-15 23:14:46.685  1779  1871 D ActivityManager: checkExcessivePowerUsage, app:com.android.providers.calendar, appTypeIM:false
03-15 23:14:46.685  1779  1871 D ActivityManager: beginTime 58736 endTime 2418345 freezeTime 0
03-15 23:14:46.685  1779  1871 D ActivityManager: checkExcessivePowerUsage, app:com.huawei.calendar, appTypeIM:false
03-15 23:14:46.685  1779  1871 D ActivityManager: beginTime 0 endTime 2418345 freezeTime 0
03-15 23:14:46.685  1779  1871 D ActivityManager: checkExcessivePowerUsage, app:com.huawei.hwdetectrepair, appTypeIM:false
03-15 23:14:46.685  1779  1871 D ActivityManager: beginTime 59017 endTime 2418345 freezeTime 0
03-15 23:14:46.685  1779  1871 D ActivityManager: checkExcessivePowerUsage, app:com.huawei.contacts, appTypeIM:false
03-15 23:14:46.685  1779  1871 D ActivityManager: beginTime 0 endTime 2418345 freezeTime 0
03-15 23:14:46.685  1779  1871 D ActivityManager: checkExcessivePowerUsage, app:com.android.externalstorage, appTypeIM:false
03-15 23:14:46.685  1779  1871 D ActivityManager: beginTime 0 endTime 2418345 freezeTime 0
03-15 23:14:46.685  1779  1871 D ActivityManager: checkExcessivePowerUsage, app:com.huawei.localBackup, appTypeIM:false
03-15 23:14:46.685  1779  1871 D ActivityManager: beginTime 0 endTime 2418345 freezeTime 0
03-15 23:14:46.685  1779  1871 D ActivityManager: checkExcessivePowerUsage, app:com.huawei.wallet, appTypeIM:false
03-15 23:14:46.685  1779  1871 D ActivityManager: beginTime 23372 endTime 2418345 freezeTime 0
03-15 23:14:46.685  1779  1871 D ActivityManager: checkExcessivePowerUsage, app:com.huawei.android.ds, appTypeIM:false
03-15 23:14:46.685  1779  1871 D ActivityManager: beginTime 56931 endTime 2418345 freezeTime 0
03-15 23:14:46.685  1779  1871 D ActivityManager: checkExcessivePowerUsage, app:com.huawei.mycenter, appTypeIM:false
03-15 23:14:46.685  1779  1871 D ActivityManager: beginTime 49258 endTime 2418345 freezeTime 0
03-15 23:14:46.685  1779  1871 D ActivityManager: checkExcessivePowerUsage, app:com.huawei.vassistant, appTypeIM:false
03-15 23:14:46.685  1779  1871 D ActivityManager: beginTime 24162 endTime 2418345 freezeTime 0
03-15 23:14:46.686  1779  1871 D ActivityManager: checkExcessivePowerUsage, app:com.huawei.tips, appTypeIM:false
03-15 23:14:46.686  1779  1871 D ActivityManager: beginTime 0 endTime 2418345 freezeTime 0
03-15 23:14:46.686  1779  1871 D ActivityManager: checkExcessivePowerUsage, app:com.huawei.browser:sandboxed_process1:com.huawei.browser.sandbox.SandboxedProcessService1:1, appTypeIM:false
03-15 23:14:46.686  1779  1871 D ActivityManager: beginTime 0 endTime 2418345 freezeTime 0
03-15 23:14:46.686  1779  1871 D ActivityManager: checkExcessivePowerUsage, app:com.huawei.browser:sandboxed_process1:com.huawei.browser.sandbox.SandboxedProcessService1:0, appTypeIM:false
03-15 23:14:46.686  1779  1871 D ActivityManager: beginTime 0 endTime 2418345 freezeTime 0
03-15 23:14:46.686  1779  1871 D ActivityManager: checkExcessivePowerUsage, app:com.huawei.health:widgetProvider, appTypeIM:false
03-15 23:14:46.686  1779  1871 D ActivityManager: beginTime 0 endTime 2418345 freezeTime 0
03-15 23:14:46.686  1779  1871 D ActivityManager: checkExcessivePowerUsage, app:com.huawei.browser, appTypeIM:false
03-15 23:14:46.686  1779  1871 D ActivityManager: beginTime 0 endTime 2418345 freezeTime 0
03-15 23:14:46.686  1779  1871 D ActivityManager: checkExcessivePowerUsage, app:com.huawei.gameassistant, appTypeIM:false
03-15 23:14:46.686  1779  1871 D ActivityManager: beginTime 42143 endTime 2418345 freezeTime 0
03-15 23:14:46.686  1779  1871 D ActivityManager: checkExcessivePowerUsage, app:android.ext.services, appTypeIM:false
03-15 23:14:46.686  1779  1871 D ActivityManager: beginTime 0 endTime 2418345 freezeTime 0
03-15 23:14:46.686  1779  1871 D ActivityManager: checkExcessivePowerUsage, app:com.android.packageinstaller, appTypeIM:false
03-15 23:14:46.686  1779  1871 D ActivityManager: beginTime 0 endTime 2418345 freezeTime 0
03-15 23:14:46.686  1779  1871 D ActivityManager: checkExcessivePowerUsage, app:com.android.managedprovisioning, appTypeIM:false
03-15 23:14:46.686  1779  1871 D ActivityManager: beginTime 0 endTime 2418345 freezeTime 0
03-15 23:14:46.686  1779  1871 D ActivityManager: checkExcessivePowerUsage, app:com.bjbyhd.screenreader_huawei, appTypeIM:false
03-15 23:14:46.686  1779  1871 D ActivityManager: beginTime 37538 endTime 2418345 freezeTime 0
03-15 23:14:46.686  1779  1871 D ActivityManager: checkExcessivePowerUsage, app:com.huawei.hwpanpayservice, appTypeIM:false
03-15 23:14:46.686  1779  1871 D ActivityManager: beginTime 0 endTime 2418345 freezeTime 0
03-15 23:14:46.686  1779  1871 D ActivityManager: checkExcessivePowerUsage, app:com.huawei.parentcontrol, appTypeIM:false
03-15 23:14:46.686  1779  1871 D ActivityManager: beginTime 0 endTime 2418345 freezeTime 0
03-15 23:14:46.686  1779  1871 D ActivityManager: checkExcessivePowerUsage, app:com.huawei.mmitest, appTypeIM:false
03-15 23:14:46.686  1779  1871 D ActivityManager: beginTime 32950 endTime 2418345 freezeTime 0
03-15 23:14:46.686  1779  1871 D ActivityManager: checkExcessivePowerUsage, app:com.huawei.wallet.facard, appTypeIM:false
03-15 23:14:46.687  1779  1871 D ActivityManager: beginTime 0 endTime 2418345 freezeTime 0
03-15 23:14:46.687  1779  1871 D ActivityManager: checkExcessivePowerUsage, app:com.huawei.hwdiagnosis, appTypeIM:false
03-15 23:14:46.687  1779  1871 D ActivityManager: beginTime 30608 endTime 2418345 freezeTime 0
03-15 23:14:46.687  1779  1871 D ActivityManager: checkExcessivePowerUsage, app:com.huawei.imedia.sws, appTypeIM:false
03-15 23:14:46.687  1779  1871 D ActivityManager: beginTime 31819 endTime 2418345 freezeTime 0
03-15 23:14:46.687  1779  1871 D ActivityManager: checkExcessivePowerUsage, app:com.huawei.hwid, appTypeIM:false
03-15 23:14:46.687  1779  1871 D ActivityManager: beginTime 0 endTime 2418345 freezeTime 0
03-15 23:14:46.687  1779  1871 D ActivityManager: checkExcessivePowerUsage, app:com.huawei.android.pushagent, appTypeIM:false
03-15 23:14:46.687  1779  1871 D ActivityManager: beginTime 24013 endTime 2418345 freezeTime 0
03-15 23:14:46.687  1779  1871 D ActivityManager: checkExcessivePowerUsage, app:com.huawei.notepad, appTypeIM:false
03-15 23:14:46.687  1779  1871 D ActivityManager: beginTime 23878 endTime 2418345 freezeTime 0
03-15 23:14:46.687  1779  1871 D ActivityManager: checkExcessivePowerUsage, app:com.huawei.ohos.videoeditor, appTypeIM:false
03-15 23:14:46.687  1779  1871 D ActivityManager: beginTime 0 endTime 2418345 freezeTime 0
03-15 23:14:46.687  1779  1871 D ActivityManager: checkExcessivePowerUsage, app:com.huawei.hilink.framework:HilinkService, appTypeIM:false
03-15 23:14:46.687  1779  1871 D ActivityManager: beginTime 22789 endTime 2418345 freezeTime 0
03-15 23:14:46.687  1779  1871 D ActivityManager: checkExcessivePowerUsage, app:com.android.localtransport, appTypeIM:false
03-15 23:14:46.687  1779  1871 D ActivityManager: beginTime 27309 endTime 2418345 freezeTime 0
03-15 23:14:46.687  1779  1871 D ActivityManager: checkExcessivePowerUsage, app:com.huawei.email, appTypeIM:false
03-15 23:14:46.687  1779  1871 D ActivityManager: beginTime 0 endTime 2418345 freezeTime 0
03-15 23:14:46.687  1779  1871 D ActivityManager: checkExcessivePowerUsage, app:com.android.settings.deviceinfo.UsbReceiver, appTypeIM:false
03-15 23:14:46.687  1779  1871 D ActivityManager: beginTime 22856 endTime 2418345 freezeTime 0
03-15 23:14:46.687  1779  1871 D ActivityManager: checkExcessivePowerUsage, app:com.huawei.aod:settings, appTypeIM:false
03-15 23:14:46.782  2565  4157 D HwCommBoosterService: reportBoosterPara enter
03-15 23:14:46.782  2565  4157 D HwCommBoosterManager: reportBoosterPara enter
03-15 23:14:46.782  2565  4157 D HwCommBoosterManager: pluginId: 2dataType:801
03-15 23:14:46.782  2565  2755 D HwCommBoosterManager: handleBoosterMessageSendModuleDataToPlugin enter
03-15 23:14:46.783  2565  2755 I Booster_ConfigManager: [handleReceiveAPModuleData]handleReceiveAPModuleData dataType = 801
03-15 23:14:47.088  1779  2097 I HwAmbientLuxFilterAlgo: t=2418749,lx=[698.125/2417194, 697.8333/2417548, 698.4375/2417794, 698.5833/2418148, 698.125/2418394, 697.7083/2418749],mLx=464.6,mOffLux=464.6,s=5.0,ss=2.1111009E-4,Avened=false,mPxs=false,mTPxs=false,mBLux=1177.05,mDlux=200.09601,backLux=0.0,mDt=1000,mBt=650
03-15 23:14:47.666  2565  2755 I Booster_ChannelQoeData: [dumpChannelData] Base:10233,0,0,-1,8 DNS:0,0,0 UID:1051 ChId:2 TcpData:0,0,0,0,0,0,0,0,0,0,0,0,0,0,0,0,0,0 UID:0 ChId:2 TcpData:0,0,0,0,0,0,0,0,0,0,0,0,0,0,0,0,0,0 UID:10233 ChId:2 TcpData:0,0,0,0,0,0,0,0,0,0,0,0,0,0,0,0,0,0 FastDecayData:1 AsymmetricLinkData:0
03-15 23:14:47.666  2565  2755 D BoosterUtil: convertSubIdToSlotId, subId invalid: -1
03-15 23:14:47.666  2565  2755 D BoosterUtil: getDefaultDataSlotId failed, invalid slotId:-1, subId:-1
03-15 23:14:47.667  2565  2755 D BoosterUtil: convertSubIdToSlotId, subId invalid: -1
03-15 23:14:47.667  2565  2755 D BoosterUtil: getDefaultDataSlotId failed, invalid slotId:-1, subId:-1
03-15 23:14:47.668  2565  2755 E Booster_BroadcastProxy: [isDebugModemEnabled]get package info fail.
03-15 23:14:47.668  2565  2755 I Booster_BroadcastProxy: [isDebugModemEnabled]mode: false
03-15 23:14:47.669  2565  2755 E Booster_NetworkQoeChr: [chrBlerMonitorAndReport]modemQoeData is not present
03-15 23:14:47.669  2565  2755 I Booster_NetworkQoeMonitor: [createQoeBundle]networkQoeChanged:10233,4,0,309,1,2,4,0,309,0,0,10,10,0,0,0,0,0,2,1024,1024
03-15 23:14:47.785  2565  4157 D HwCommBoosterService: reportBoosterPara enter
03-15 23:14:47.785  2565  4157 D HwCommBoosterManager: reportBoosterPara enter
03-15 23:14:47.785  2565  4157 D HwCommBoosterManager: pluginId: 2dataType:801
03-15 23:14:47.785  2565  2755 D HwCommBoosterManager: handleBoosterMessageSendModuleDataToPlugin enter
03-15 23:14:47.786  2565  2755 I Booster_ConfigManager: [handleReceiveAPModuleData]handleReceiveAPModuleData dataType = 801
03-15 23:14:47.955  2565  2755 I Booster_BoosterdDelegate: [handleMessage]handleMessage, enter
03-15 23:14:47.955  2565  2755 E Booster_BoosterdDelegate: [bindService]bindService start
03-15 23:14:47.958  2565  2755 E Booster_BoosterdDelegate: [getBoosterdNativeService]Failed to get boosterd native service
03-15 23:14:47.958  2565  2755 E Booster_BoosterdDelegate: [bindService]mService is null
03-15 23:14:47.958  2565  2755 I Booster_BoosterdDelegate: [startRebindServieTimer] startRebindServieTimer
03-15 23:14:48.690  2565  2755 I Booster_ChannelQoeData: [dumpChannelData] Base:10233,0,0,-1,8 DNS:0,0,0 UID:1051 ChId:2 TcpData:0,0,0,0,0,0,0,0,0,0,0,0,0,0,0,0,0,0 UID:0 ChId:2 TcpData:0,0,0,0,0,0,0,0,0,0,0,0,0,0,0,0,0,0 UID:10233 ChId:2 TcpData:0,0,0,0,0,0,0,0,0,0,0,0,0,0,0,0,0,0 FastDecayData:1 AsymmetricLinkData:0
03-15 23:14:48.692  2565  2755 D BoosterUtil: convertSubIdToSlotId, subId invalid: -1
03-15 23:14:48.693  2565  2755 D BoosterUtil: getDefaultDataSlotId failed, invalid slotId:-1, subId:-1
03-15 23:14:48.693  2565  2755 D BoosterUtil: convertSubIdToSlotId, subId invalid: -1
03-15 23:14:48.694  2565  2755 D BoosterUtil: getDefaultDataSlotId failed, invalid slotId:-1, subId:-1
03-15 23:14:48.695  2565  2755 E Booster_BroadcastProxy: [isDebugModemEnabled]get package info fail.
03-15 23:14:48.695  2565  2755 I Booster_BroadcastProxy: [isDebugModemEnabled]mode: false
03-15 23:14:48.695  2565  2755 E Booster_NetworkQoeChr: [chrBlerMonitorAndReport]modemQoeData is not present
03-15 23:14:48.696  2565  2755 I Booster_NetworkQoeMonitor: [createQoeBundle]networkQoeChanged:10233,4,0,309,1,2,4,0,309,0,0,10,10,0,0,0,0,0,2,1024,1024
03-15 23:14:48.789  2565  4157 D HwCommBoosterService: reportBoosterPara enter
03-15 23:14:48.789  2565  4157 D HwCommBoosterManager: reportBoosterPara enter
03-15 23:14:48.789  2565  4157 D HwCommBoosterManager: pluginId: 2dataType:801
03-15 23:14:48.789  2565  2755 D HwCommBoosterManager: handleBoosterMessageSendModuleDataToPlugin enter
03-15 23:14:48.790  2565  2755 I Booster_ConfigManager: [handleReceiveAPModuleData]handleReceiveAPModuleData dataType = 801
03-15 23:14:48.968  1779  5191 I UsageStatsService: User[0] Results: 6
03-15 23:14:49.196  1779  2097 I HwAmbientLuxFilterAlgo: t=2420794,lx=[698.0/2419348, 697.625/2419593, 698.5417/2419948, 698.3125/2420194, 698.4583/2420548, 698.375/2420794],mLx=464.6,mOffLux=464.6,s=5.0,ss=2.3411846E-4,Avened=false,mPxs=false,mTPxs=false,mBLux=1177.05,mDlux=200.09601,backLux=0.0,mDt=1000,mBt=650
03-15 23:14:49.236  2565  2755 I TrafficStatisticsBoosterPlugin: handleMessage, msg = 2
03-15 23:14:49.718  2565  2755 I Booster_ChannelQoeData: [dumpChannelData] Base:10233,0,0,-1,8 DNS:0,0,0 UID:1051 ChId:2 TcpData:0,0,0,0,0,0,0,0,0,0,0,0,0,0,0,0,0,0 UID:0 ChId:2 TcpData:0,0,0,0,0,0,0,0,0,0,0,0,0,0,0,0,0,0 UID:10233 ChId:2 TcpData:0,0,0,0,0,0,0,0,0,0,0,0,0,0,0,0,0,0 FastDecayData:1 AsymmetricLinkData:0
03-15 23:14:49.718  2565  2755 D BoosterUtil: convertSubIdToSlotId, subId invalid: -1
03-15 23:14:49.718  2565  2755 D BoosterUtil: getDefaultDataSlotId failed, invalid slotId:-1, subId:-1
03-15 23:14:49.719  2565  2755 D BoosterUtil: convertSubIdToSlotId, subId invalid: -1
03-15 23:14:49.719  2565  2755 D BoosterUtil: getDefaultDataSlotId failed, invalid slotId:-1, subId:-1
03-15 23:14:49.720  2565  2755 E Booster_BroadcastProxy: [isDebugModemEnabled]get package info fail.
03-15 23:14:49.720  2565  2755 I Booster_BroadcastProxy: [isDebugModemEnabled]mode: false
03-15 23:14:49.721  2565  2755 E Booster_NetworkQoeChr: [chrBlerMonitorAndReport]modemQoeData is not present
03-15 23:14:49.721  2565  2755 I Booster_NetworkQoeMonitor: [createQoeBundle]networkQoeChanged:10233,4,0,309,1,2,4,0,309,0,0,10,10,0,0,0,0,0,2,1024,1024
03-15 23:14:49.793  2565  4157 D HwCommBoosterService: reportBoosterPara enter
03-15 23:14:49.793  2565  4157 D HwCommBoosterManager: reportBoosterPara enter
03-15 23:14:49.793  2565  4157 D HwCommBoosterManager: pluginId: 2dataType:801
03-15 23:14:49.793  2565  2755 D HwCommBoosterManager: handleBoosterMessageSendModuleDataToPlugin enter
03-15 23:14:49.794  2565  2755 I Booster_ConfigManager: [handleReceiveAPModuleData]handleReceiveAPModuleData dataType = 801
03-15 23:14:49.832  1779  1975 D DeviceIdleController: handleMessage(6)
03-15 23:14:49.833  1779  1975 D DeviceIdleController: checkTempAppWhitelistTimeout: uid=1000, timeNow=2421496
03-15 23:14:49.833  1779  1975 D DeviceIdleController: Removing uid 1000 from temp whitelist
03-15 23:14:49.833  1779  1975 D DeviceIdleController: Setting activity manager temp whitelist to []
03-15 23:14:49.833  1779  1975 D ActivityManager: beginTime 1264548 endTime 2421496 freezeTime 0
03-15 23:14:49.833  1779  1975 D ActivityManager: beginTime 28419 endTime 2421496 freezeTime 0
03-15 23:14:49.833  1779  1975 D ActivityManager: beginTime 2284356 endTime 2421496 freezeTime 0
03-15 23:14:49.833  1779  1975 D ActivityManager: beginTime 1269626 endTime 2421496 freezeTime 0
03-15 23:14:49.833  1779  1975 D ActivityManager: beginTime 1358708 endTime 2421496 freezeTime 0
03-15 23:14:49.834  1779  1975 D ActivityManager: beginTime 612408 endTime 2421496 freezeTime 0
03-15 23:14:49.834  1779  1975 D ActivityManager: beginTime 1200071 endTime 2421496 freezeTime 0
03-15 23:14:49.834  1779  1975 D ActivityManager: beginTime 1206360 endTime 2421496 freezeTime 0
03-15 23:14:49.834  1779  1975 D ActivityManager: beginTime 1262717 endTime 2421496 freezeTime 0
03-15 23:14:49.834  1779  1975 D ActivityManager: beginTime 19647 endTime 2421496 freezeTime 0
03-15 23:14:49.834  1779  1975 D ActivityManager: beginTime 31819 endTime 2421496 freezeTime 0
03-15 23:14:49.834  1779  1975 D ActivityManager: beginTime 33844 endTime 2421496 freezeTime 0
03-15 23:14:49.834  1779  1975 D ActivityManager: beginTime 441153 endTime 2421496 freezeTime 0
03-15 23:14:49.834  1779  1975 D ActivityManager: beginTime 1263953 endTime 2421496 freezeTime 0
03-15 23:14:49.834  1779  1975 D ActivityManager: beginTime 1235719 endTime 2421496 freezeTime 0
03-15 23:14:49.834  1779  1975 D ActivityManager: beginTime 919364 endTime 2421496 freezeTime 0
03-15 23:14:49.834  1779  1975 D ActivityManager: beginTime 40130 endTime 2421496 freezeTime 0
03-15 23:14:49.834  1779  1975 D ActivityManager: beginTime 2285060 endTime 2421496 freezeTime 0
03-15 23:14:49.834  1779  1975 D ActivityManager: beginTime 58736 endTime 2421496 freezeTime 0
03-15 23:14:49.834  1779  1975 D ActivityManager: beginTime 32174 endTime 2421496 freezeTime 0
03-15 23:14:49.834  1779  1975 D ActivityManager: beginTime 26454 endTime 2421496 freezeTime 0
03-15 23:14:49.834  1779  1975 D ActivityManager: beginTime 1363400 endTime 2421496 freezeTime 0
03-15 23:14:49.834  1779  1975 D ActivityManager: beginTime 2005123 endTime 2421496 freezeTime 0
03-15 23:14:49.834  1779  1975 D ActivityManager: beginTime 1236017 endTime 2421496 freezeTime 0
03-15 23:14:49.834  1779  1975 D ActivityManager: beginTime 397551 endTime 2421496 freezeTime 0
03-15 23:14:49.834  1779  1975 D ActivityManager: beginTime 454109 endTime 2421496 freezeTime 0
03-15 23:14:49.834  1779  1975 D ActivityManager: beginTime 1244943 endTime 2421496 freezeTime 0
03-15 23:14:49.834  1779  1975 D ActivityManager: beginTime 1204803 endTime 2421496 freezeTime 0
03-15 23:14:49.834  1779  1975 D ActivityManager: beginTime 1264429 endTime 2421496 freezeTime 0
03-15 23:14:49.835  1779  1975 D ActivityManager: beginTime 23842 endTime 2421496 freezeTime 0
03-15 23:14:49.835  1779  1975 D ActivityManager: beginTime 23847 endTime 2421496 freezeTime 0
03-15 23:14:49.835  1779  1975 D ActivityManager: beginTime 1230078 endTime 2421496 freezeTime 0
03-15 23:14:49.835  1779  1975 D ActivityManager: beginTime 16618 endTime 2421496 freezeTime 0
03-15 23:14:49.835  1779  1975 D ActivityManager: beginTime 1229777 endTime 2421496 freezeTime 0
03-15 23:14:49.835  1779  1975 D ActivityManager: beginTime 16001 endTime 2421496 freezeTime 0
03-15 23:14:49.835  1779  1975 D ActivityManager: beginTime 23862 endTime 2421496 freezeTime 0
03-15 23:14:49.835  1779  1975 D ActivityManager: beginTime 2253585 endTime 2421496 freezeTime 0
03-15 23:14:49.835  1779  1975 D ActivityManager: beginTime 1273257 endTime 2421496 freezeTime 0
03-15 23:14:49.835  1779  1975 D ActivityManager: beginTime 40924 endTime 2421496 freezeTime 0
03-15 23:14:49.835  1779  1975 D ActivityManager: beginTime 2284245 endTime 2421496 freezeTime 0
03-15 23:14:49.835  1779  1975 D ActivityManager: beginTime 26393 endTime 2421496 freezeTime 0
03-15 23:14:49.835  1779  1975 D ActivityManager: beginTime 1269625 endTime 2421496 freezeTime 0
03-15 23:14:49.835  1779  1975 D ActivityManager: beginTime 1264425 endTime 2421496 freezeTime 0
03-15 23:14:49.835  1779  1975 D ActivityManager: beginTime 1264121 endTime 2421496 freezeTime 0
03-15 23:14:49.835  1779  1975 D ActivityManager: beginTime 1264087 endTime 2421496 freezeTime 0
03-15 23:14:49.835  1779  1975 D ActivityManager: beginTime 1264098 endTime 2421496 freezeTime 0
03-15 23:14:49.835  1779  1975 D ActivityManager: beginTime 1264043 endTime 2421496 freezeTime 0
03-15 23:14:49.835  1779  1975 D ActivityManager: beginTime 1264031 endTime 2421496 freezeTime 0
03-15 23:14:49.835  1779  1975 D ActivityManager: beginTime 1263936 endTime 2421496 freezeTime 0
03-15 23:14:49.835  1779  1975 D ActivityManager: beginTime 1263676 endTime 2421496 freezeTime 0
03-15 23:14:49.835  1779  1975 D ActivityManager: beginTime 1262052 endTime 2421496 freezeTime 0
03-15 23:14:49.835  1779  1975 D ActivityManager: beginTime 1226604 endTime 2421496 freezeTime 0
03-15 23:14:49.836  1779  1975 D ActivityManager: beginTime 1235828 endTime 2421496 freezeTime 0
03-15 23:14:49.836  1779  1975 D ActivityManager: beginTime 1206365 endTime 2421496 freezeTime 0
03-15 23:14:49.836  1779  1975 D ActivityManager: beginTime 926958 endTime 2421496 freezeTime 0
03-15 23:14:49.836  1779  1975 D ActivityManager: beginTime 932012 endTime 2421496 freezeTime 0
03-15 23:14:49.837  1779  1975 D ActivityManager: beginTime 657212 endTime 2421496 freezeTime 0
03-15 23:14:49.837  1779  1975 D ActivityManager: beginTime 152883 endTime 2421496 freezeTime 0
03-15 23:14:49.837  1779  1975 D ActivityManager: beginTime 435882 endTime 2421496 freezeTime 0
03-15 23:14:49.837  1779  1975 D ActivityManager: beginTime 2242026 endTime 2421496 freezeTime 0
03-15 23:14:49.837  1779  1975 D ActivityManager: beginTime 2385713 endTime 2421496 freezeTime 0
03-15 23:14:49.837  1779  1975 D ActivityManager: beginTime 27750 endTime 2421496 freezeTime 0
03-15 23:14:49.837  1779  1975 D ActivityManager: beginTime 32976 endTime 2421496 freezeTime 0
03-15 23:14:49.837  1779  1975 D ActivityManager: beginTime 41218 endTime 2421496 freezeTime 0
03-15 23:14:49.837  1779  1975 D ActivityManager: beginTime 38348 endTime 2421496 freezeTime 0
03-15 23:14:49.837  1779  1975 D ActivityManager: beginTime 23372 endTime 2421496 freezeTime 0
03-15 23:14:49.837  1779  1975 D ActivityManager: beginTime 49258 endTime 2421496 freezeTime 0
03-15 23:14:49.837  1779  1975 D ActivityManager: beginTime 44125 endTime 2421496 freezeTime 0
03-15 23:14:49.837  1779  1975 D ActivityManager: beginTime 22856 endTime 2421496 freezeTime 0
03-15 23:14:49.837  1779  1975 D ActivityManager: beginTime 19647 endTime 2421496 freezeTime 0
03-15 23:14:49.837  1779  1975 D ActivityManager: beginTime 32174 endTime 2421496 freezeTime 0
03-15 23:14:49.837  1779  1975 D ActivityManager: beginTime 26454 endTime 2421496 freezeTime 0
03-15 23:14:49.837  1779  1975 D ActivityManager: beginTime 2285060 endTime 2421496 freezeTime 0
03-15 23:14:49.837  1779  1975 D ActivityManager: beginTime 919364 endTime 2421496 freezeTime 0
03-15 23:14:49.837  1779  1975 D ActivityManager: beginTime 40130 endTime 2421496 freezeTime 0
03-15 23:14:49.837  1779  1975 D ActivityManager: beginTime 1363400 endTime 2421496 freezeTime 0
03-15 23:14:49.837  1779  1975 D ActivityManager: beginTime 1328979 endTime 2421496 freezeTime 0
03-15 23:14:49.837  1779  1975 D ActivityManager: beginTime 1258418 endTime 2421496 freezeTime 0
03-15 23:14:49.837  1779  1975 D ActivityManager: beginTime 1258162 endTime 2421496 freezeTime 0
03-15 23:14:49.837  1779  1975 D ActivityManager: beginTime 1258082 endTime 2421496 freezeTime 0
03-15 23:14:49.837  1779  1975 D ActivityManager: beginTime 1258075 endTime 2421496 freezeTime 0
03-15 23:14:49.837  1779  1975 D ActivityManager: beginTime 1258073 endTime 2421496 freezeTime 0
03-15 23:14:49.837  1779  1975 D ActivityManager: beginTime 1258024 endTime 2421496 freezeTime 0
03-15 23:14:49.837  1779  1975 D ActivityManager: beginTime 1257978 endTime 2421496 freezeTime 0
03-15 23:14:49.837  1779  1975 D ActivityManager: beginTime 1257846 endTime 2421496 freezeTime 0
03-15 23:14:49.838  1779  1975 D ActivityManager: beginTime 1257667 endTime 2421496 freezeTime 0
03-15 23:14:49.838  1779  1975 D ActivityManager: beginTime 1256019 endTime 2421496 freezeTime 0
03-15 23:14:49.838  1779  1975 D ActivityManager: beginTime 1232725 endTime 2421496 freezeTime 0
03-15 23:14:49.838  1779  1975 D ActivityManager: beginTime 1232725 endTime 2421496 freezeTime 0
03-15 23:14:49.838  1779  1975 D ActivityManager: beginTime 1232682 endTime 2421496 freezeTime 0
03-15 23:14:49.838  1779  1975 D ActivityManager: beginTime 1232713 endTime 2421496 freezeTime 0
03-15 23:14:49.838  1779  1975 D ActivityManager: beginTime 1229989 endTime 2421496 freezeTime 0
03-15 23:14:49.838  1779  1975 D ActivityManager: beginTime 1229711 endTime 2421496 freezeTime 0
03-15 23:14:49.838  1779  1975 D ActivityManager: beginTime 1229710 endTime 2421496 freezeTime 0
03-15 23:14:49.838  1779  1975 D ActivityManager: beginTime 1229683 endTime 2421496 freezeTime 0
03-15 23:14:49.838  1779  1975 D ActivityManager: beginTime 1223815 endTime 2421496 freezeTime 0
03-15 23:14:49.838  1779  1975 D ActivityManager: beginTime 1200369 endTime 2421496 freezeTime 0
03-15 23:14:49.838  1779  1975 D ActivityManager: beginTime 1200269 endTime 2421496 freezeTime 0
03-15 23:14:49.838  1779  1975 D ActivityManager: beginTime 1198790 endTime 2421496 freezeTime 0
03-15 23:14:49.838  1779  1975 D ActivityManager: beginTime 1160186 endTime 2421496 freezeTime 0
03-15 23:14:49.838  1779  1975 D ActivityManager: beginTime 930202 endTime 2421496 freezeTime 0
03-15 23:14:49.838  1779  1975 D ActivityManager: beginTime 930202 endTime 2421496 freezeTime 0
03-15 23:14:49.838  1779  1975 D ActivityManager: beginTime 925480 endTime 2421496 freezeTime 0
03-15 23:14:49.838  1779  1975 D ActivityManager: beginTime 651194 endTime 2421496 freezeTime 0
03-15 23:14:49.838  1779  1975 D ActivityManager: beginTime 651207 endTime 2421496 freezeTime 0
03-15 23:14:49.838  1779  1975 D ActivityManager: beginTime 644517 endTime 2421496 freezeTime 0
03-15 23:14:49.838  1779  1975 D ActivityManager: beginTime 449063 endTime 2421496 freezeTime 0
03-15 23:14:49.838  1779  1975 D ActivityManager: beginTime 449212 endTime 2421496 freezeTime 0
03-15 23:14:49.838  1779  1975 D ActivityManager: beginTime 434691 endTime 2421496 freezeTime 0
03-15 23:14:49.838  1779  1975 D ActivityManager: beginTime 327681 endTime 2421496 freezeTime 0
03-15 23:14:49.838  1779  1975 D ActivityManager: beginTime 271966 endTime 2421496 freezeTime 0
03-15 23:14:49.838  1779  1975 D ActivityManager: beginTime 150237 endTime 2421496 freezeTime 0
03-15 23:14:49.838  1779  1975 D ActivityManager: beginTime 76581 endTime 2421496 freezeTime 0
03-15 23:14:49.838  1779  1975 D ActivityManager: beginTime 69642 endTime 2421496 freezeTime 0
03-15 23:14:49.838  1779  1975 D ActivityManager: beginTime 59670 endTime 2421496 freezeTime 0
03-15 23:14:49.838  1779  1975 D ActivityManager: beginTime 59643 endTime 2421496 freezeTime 0
03-15 23:14:49.838  1779  1975 D ActivityManager: beginTime 59610 endTime 2421496 freezeTime 0
03-15 23:14:49.838  1779  1975 D ActivityManager: beginTime 59409 endTime 2421496 freezeTime 0
03-15 23:14:49.838  1779  1975 D ActivityManager: beginTime 59016 endTime 2421496 freezeTime 0
03-15 23:14:49.838  1779  1975 D ActivityManager: beginTime 58780 endTime 2421496 freezeTime 0
03-15 23:14:49.838  1779  1975 D ActivityManager: beginTime 58454 endTime 2421496 freezeTime 0
03-15 23:14:49.838  1779  1975 D ActivityManager: beginTime 58012 endTime 2421496 freezeTime 0
03-15 23:14:49.838  1779  1975 D ActivityManager: beginTime 57941 endTime 2421496 freezeTime 0
03-15 23:14:49.838  1779  1975 D ActivityManager: beginTime 56930 endTime 2421496 freezeTime 0
03-15 23:14:49.838  1779  1975 D ActivityManager: beginTime 56857 endTime 2421496 freezeTime 0
03-15 23:14:49.838  1779  1975 D ActivityManager: beginTime 56769 endTime 2421496 freezeTime 0
03-15 23:14:49.838  1779  1975 D ActivityManager: beginTime 55566 endTime 2421496 freezeTime 0
03-15 23:14:49.838  1779  1975 D ActivityManager: beginTime 54625 endTime 2421496 freezeTime 0
03-15 23:14:49.838  1779  1975 D ActivityManager: beginTime 53177 endTime 2421496 freezeTime 0
03-15 23:14:49.838  1779  1975 D ActivityManager: beginTime 52602 endTime 2421496 freezeTime 0
03-15 23:14:49.838  1779  1975 D ActivityManager: beginTime 47447 endTime 2421496 freezeTime 0
03-15 23:14:49.838  1779  1975 D ActivityManager: beginTime 42143 endTime 2421496 freezeTime 0
03-15 23:14:49.838  1779  1975 D ActivityManager: beginTime 41368 endTime 2421496 freezeTime 0
03-15 23:14:49.838  1779  1975 D ActivityManager: beginTime 37854 endTime 2421496 freezeTime 0
03-15 23:14:49.838  1779  1975 D ActivityManager: beginTime 37614 endTime 2421496 freezeTime 0
03-15 23:14:49.838  1779  1975 D ActivityManager: beginTime 37538 endTime 2421496 freezeTime 0
03-15 23:14:49.838  1779  1975 D ActivityManager: beginTime 34865 endTime 2421496 freezeTime 0
03-15 23:14:49.839  1779  1975 D ActivityManager: beginTime 33776 endTime 2421496 freezeTime 0
03-15 23:14:49.839  1779  1975 D ActivityManager: beginTime 32950 endTime 2421496 freezeTime 0
03-15 23:14:49.839  1779  1975 D ActivityManager: beginTime 59526 endTime 2421496 freezeTime 0
03-15 23:14:49.839  1779  1975 D ActivityManager: beginTime 30608 endTime 2421496 freezeTime 0
03-15 23:14:49.839  1779  1975 D ActivityManager: beginTime 31194 endTime 2421496 freezeTime 0
03-15 23:14:49.839  1779  1975 D ActivityManager: beginTime 29617 endTime 2421496 freezeTime 0
03-15 23:14:49.839  1779  1975 D ActivityManager: beginTime 27170 endTime 2421496 freezeTime 0
03-15 23:14:49.839  1779  1975 D ActivityManager: beginTime 23878 endTime 2421496 freezeTime 0
03-15 23:14:49.839  1779  1975 D ActivityManager: beginTime 23415 endTime 2421496 freezeTime 0
03-15 23:14:49.839  1779  1975 D ActivityManager: beginTime 22789 endTime 2421496 freezeTime 0
03-15 23:14:49.839  1779  1975 D ActivityManager: beginTime 21267 endTime 2421496 freezeTime 0
03-15 23:14:49.839  1779  1975 D ActivityManager: beginTime 18267 endTime 2421496 freezeTime 0
03-15 23:14:49.839  1779  1975 D ActivityManager: beginTime 15946 endTime 2421496 freezeTime 0
03-15 23:14:49.839  1779  1975 D DeviceIdleController: Setting wakelock temp whitelist to []
03-15 23:14:49.839  1779  1975 I ActivityManager_broadcast: sendBroadcast,caller:ProcessRecord{59516a1 1779:system/1000},act:android.os.action.POWER_SAVE_TEMP_WHITELIST_CHANGED,usr:[0],rep:false,ord:false,cmp:false,mftNum:0,rgtNum:1
03-15 23:14:49.840  1779  1975 D DeviceIdleController: handleMessage(15)
03-15 23:14:49.840  1779  1975 D DeviceIdleController: handleMessage(13)
03-15 23:14:49.960  2565  2755 I Booster_BoosterdDelegate: [handleMessage]handleMessage, enter
03-15 23:14:49.961  2565  2755 E Booster_BoosterdDelegate: [bindService]bindService start
03-15 23:14:49.961  2565  2755 E Booster_BoosterdDelegate: [getBoosterdNativeService]Failed to get boosterd native service
03-15 23:14:49.962  2565  2755 E Booster_BoosterdDelegate: [bindService]mService is null
03-15 23:14:49.962  2565  2755 I Booster_BoosterdDelegate: [startRebindServieTimer] startRebindServieTimer
03-15 23:14:50.738  2565  2755 I Booster_ChannelQoeData: [dumpChannelData] Base:10233,0,0,-1,8 DNS:0,0,0 UID:1051 ChId:2 TcpData:0,0,0,0,0,0,0,0,0,0,0,0,0,0,0,0,0,0 UID:0 ChId:2 TcpData:0,0,0,0,0,0,0,0,0,0,0,0,0,0,0,0,0,0 UID:10233 ChId:2 TcpData:0,0,0,0,0,0,0,0,0,0,0,0,0,0,0,0,0,0 FastDecayData:1 AsymmetricLinkData:0
03-15 23:14:50.739  2565  2755 D BoosterUtil: convertSubIdToSlotId, subId invalid: -1
03-15 23:14:50.739  2565  2755 D BoosterUtil: getDefaultDataSlotId failed, invalid slotId:-1, subId:-1
03-15 23:14:50.739  2565  2755 D BoosterUtil: convertSubIdToSlotId, subId invalid: -1
03-15 23:14:50.739  2565  2755 D BoosterUtil: getDefaultDataSlotId failed, invalid slotId:-1, subId:-1
03-15 23:14:50.741  2565  2755 E Booster_BroadcastProxy: [isDebugModemEnabled]get package info fail.
03-15 23:14:50.741  2565  2755 I Booster_BroadcastProxy: [isDebugModemEnabled]mode: false
03-15 23:14:50.742  2565  2755 E Booster_NetworkQoeChr: [chrBlerMonitorAndReport]modemQoeData is not present
03-15 23:14:50.743  2565  2755 I Booster_NetworkQoeMonitor: [createQoeBundle]networkQoeChanged:10233,4,0,309,1,2,4,0,309,0,0,10,10,0,0,0,0,0,2,1024,1024
03-15 23:14:50.797  2565  4157 D HwCommBoosterService: reportBoosterPara enter
03-15 23:14:50.797  2565  4157 D HwCommBoosterManager: reportBoosterPara enter
03-15 23:14:50.797  2565  4157 D HwCommBoosterManager: pluginId: 2dataType:801
03-15 23:14:50.798  2565  2755 D HwCommBoosterManager: handleBoosterMessageSendModuleDataToPlugin enter
03-15 23:14:50.798  2565  2755 I Booster_ConfigManager: [handleReceiveAPModuleData]handleReceiveAPModuleData dataType = 801
03-15 23:14:51.302  1779  2097 I HwAmbientLuxFilterAlgo: t=2422949,lx=[698.1875/2421395, 698.5/2421749, 698.4375/2421994, 698.8333/2422348, 699.125/2422594, 698.9583/2422949],mLx=464.6,mOffLux=464.6,s=5.0,ss=2.668997E-4,Avened=false,mPxs=false,mTPxs=false,mBLux=1177.05,mDlux=200.09601,backLux=0.0,mDt=1000,mBt=650
03-15 23:14:51.761  2565  2755 I Booster_ChannelQoeData: [dumpChannelData] Base:10233,0,0,-1,8 DNS:0,0,0 UID:1051 ChId:2 TcpData:0,0,0,0,0,0,0,0,0,0,0,0,0,0,0,0,0,0 UID:0 ChId:2 TcpData:0,0,0,0,0,0,0,0,0,0,0,0,0,0,0,0,0,0 UID:10233 ChId:2 TcpData:0,0,0,0,0,0,0,0,0,0,0,0,0,0,0,0,0,0 FastDecayData:1 AsymmetricLinkData:0
03-15 23:14:51.762  2565  2755 D BoosterUtil: convertSubIdToSlotId, subId invalid: -1
03-15 23:14:51.762  2565  2755 D BoosterUtil: getDefaultDataSlotId failed, invalid slotId:-1, subId:-1
03-15 23:14:51.762  2565  2755 D BoosterUtil: convertSubIdToSlotId, subId invalid: -1
03-15 23:14:51.762  2565  2755 D BoosterUtil: getDefaultDataSlotId failed, invalid slotId:-1, subId:-1
03-15 23:14:51.763  2565  2755 E Booster_BroadcastProxy: [isDebugModemEnabled]get package info fail.
03-15 23:14:51.763  2565  2755 I Booster_BroadcastProxy: [isDebugModemEnabled]mode: false
03-15 23:14:51.764  2565  2755 E Booster_NetworkQoeChr: [chrBlerMonitorAndReport]modemQoeData is not present
03-15 23:14:51.764  2565  2755 I Booster_NetworkQoeMonitor: [createQoeBundle]networkQoeChanged:10233,4,0,309,1,2,4,0,309,0,0,10,10,0,0,0,0,0,2,1024,1024
03-15 23:14:51.801  2565  4157 D HwCommBoosterService: reportBoosterPara enter
03-15 23:14:51.801  2565  4157 D HwCommBoosterManager: reportBoosterPara enter
03-15 23:14:51.801  2565  4157 D HwCommBoosterManager: pluginId: 2dataType:801
03-15 23:14:51.801  2565  2755 D HwCommBoosterManager: handleBoosterMessageSendModuleDataToPlugin enter
03-15 23:14:51.802  2565  2755 I Booster_ConfigManager: [handleReceiveAPModuleData]handleReceiveAPModuleData dataType = 801
03-15 23:14:51.964  2565  2755 I Booster_BoosterdDelegate: [handleMessage]handleMessage, enter
03-15 23:14:51.965  2565  2755 E Booster_BoosterdDelegate: [bindService]bindService start
03-15 23:14:51.965  2565  2755 E Booster_BoosterdDelegate: [getBoosterdNativeService]Failed to get boosterd native service
03-15 23:14:51.965  2565  2755 E Booster_BoosterdDelegate: [bindService]mService is null
03-15 23:14:51.965  2565  2755 I Booster_BoosterdDelegate: [startRebindServieTimer] startRebindServieTimer
03-15 23:14:52.240  2565  2755 I TrafficStatisticsBoosterPlugin: handleMessage, msg = 2
03-15 23:14:52.288  1779  1851 I WindowManager_navigationBar: pointY:2038.875realSize.y:2832HIT_REGION_TO_MAX:38
03-15 23:14:52.288  1779  2011 D PowerManagerService: userActivityNoUpdateLocked: groupId=0, eventTime=2423945, event=2, flags=0x0, uid=1000
03-15 23:14:52.288  1779  2011 I PowerMS : userActivity:eventTime=2423945,event=2,flags=0x0,uid=1000
03-15 23:14:52.289  1779  2011 I PowerManagerService:  schedul eye detect nextTimeout: 2447945 now: 2423952 mRemainTime: 10000
03-15 23:14:52.291  1779  2859 I DE J DES: [effect] frame rate=90
03-15 23:14:52.291  1779  2859 I HwNormalizedRampAnimator: onEvent, frameRate:60=>90
03-15 23:14:52.291  1779  2859 I HwGradualBrightnessAlgo: updateFrameRate,rate=90,mTimeDelta=0.011111111
03-15 23:14:52.301  1779  1853 V LocalDisplayAdapter: getDisplayDeviceInfoLocked called,1316x2832, 1316x2832displayCutout DisplayCutout{insets=Rect(0, 138 - 0, 0) waterfall=Insets{left=0, top=0, right=0, bottom=0} boundingRect={Bounds=[Rect(0, 0 - 0, 0), Rect(512, 0 - 804, 138), Rect(0, 0 - 0, 0), Rect(0, 0 - 0, 0)]} cutoutPathParserInfo={CutoutPathParserInfo{displayWidth=1316 displayHeight=2832 density={3.5} cutoutSpec={M-146,138l292,0l0,-138l-292,0z} rotation={0} scale={1.0}}}}
03-15 23:14:52.301  1779  1853 I DisplayDeviceRepository: changed: ddi{内置屏幕,1316x2832,2,1,0,[0, 7, 9],HC{[2, 3],500.0,102.0,1.0},false,false,1000000,16111111,cutout {(0,138-0,0){0,0,0,0}{[(0,0-0,0),(512,0-804,138),(0,0-0,0),(0,0-0,0)]}{{1316,2832,{3.5},{M-146,138l292,0l0,-138l-292,0z},{0},{1.0}}}},1,0,1,2,0.0,1.0,0.4,1,2,4,8}
03-15 23:14:52.302  1779  1853 D DisplayManagerService: Delivering display event: displayId=0, event=2
03-15 23:14:52.302  1779  1779 I HwMultiDisplayManager: onDisplayChanged: 0
03-15 23:14:52.304  1779  1851 I HwActivityTaskSupervisorEx: handleVrDisplayChanged displayId = 0
03-15 23:14:52.304  1779  1851 W HwActivityTaskSupervisorEx: handleVrDisplayChanged other vr mode displayId: 0
03-15 23:14:52.305  1779  1854 I DisplayDevice: setLayerStackLocked mCurrentLayerStack 0, layerStack: 0 mUniqueId:local:0
03-15 23:14:52.306  1779  1854 I LogicalDisplay: displayInfo = (0,0,1316,2832,0)
03-15 23:14:52.306  1779  1854 D LogicalDisplay: rotation correction in anco. orientation = 0, correction = 0
03-15 23:14:52.306  1779  1854 I LogicalDisplay: configureDisplayLocked mTempLayerStackRect=Rect(0, 0 - 1316, 2832), mTempDisplayRect=Rect(0, 0 - 1316, 2832), orientation = 0, uniqueId = local:0
03-15 23:14:52.306  1779  1854 I DisplayDevice: setProjectionLocked begin displayId 0, isDefaultDisplay true, uniqueId local:0, physicalDisplayId 0, orientation(0->0), LayerStackRect(Rect(0, 0 - 1316, 2832)->Rect(0, 0 - 1316, 2832)), DisplayRect(Rect(0, 0 - 1316, 2832)->Rect(0, 0 - 1316, 2832))
03-15 23:14:52.306  1779  1854 I DisplayDevice: isNeedRefreshOrientaion orientation 0
03-15 23:14:52.306  1779  1854 I DisplayDevice: populateViewportLocked  uniqueId local:0, physicalDisplayId 0, viewport.deviceWidth:1316, viewport.deviceHeight: 2832, viewport.orientation: 0
03-15 23:14:52.785  2565  2755 I Booster_ChannelQoeData: [dumpChannelData] Base:10233,0,0,-1,8 DNS:0,0,0 UID:1051 ChId:2 TcpData:0,0,0,0,0,0,0,0,0,0,0,0,0,0,0,0,0,0 UID:0 ChId:2 TcpData:0,0,0,0,0,0,0,0,0,0,0,0,0,0,0,0,0,0 UID:10233 ChId:2 TcpData:0,0,0,0,0,0,0,0,0,0,0,0,0,0,0,0,0,0 FastDecayData:1 AsymmetricLinkData:0
03-15 23:14:52.785  2565  2755 D BoosterUtil: convertSubIdToSlotId, subId invalid: -1
03-15 23:14:52.786  2565  2755 D BoosterUtil: getDefaultDataSlotId failed, invalid slotId:-1, subId:-1
03-15 23:14:52.786  2565  2755 D BoosterUtil: convertSubIdToSlotId, subId invalid: -1
03-15 23:14:52.786  2565  2755 D BoosterUtil: getDefaultDataSlotId failed, invalid slotId:-1, subId:-1
03-15 23:14:52.787  2565  2755 E Booster_BroadcastProxy: [isDebugModemEnabled]get package info fail.
03-15 23:14:52.788  2565  2755 I Booster_BroadcastProxy: [isDebugModemEnabled]mode: false
03-15 23:14:52.788  2565  2755 E Booster_NetworkQoeChr: [chrBlerMonitorAndReport]modemQoeData is not present
03-15 23:14:52.789  2565  2755 I Booster_NetworkQoeMonitor: [createQoeBundle]networkQoeChanged:10233,4,0,309,1,2,4,0,309,0,0,10,10,0,0,0,0,0,2,1024,1024
03-15 23:14:52.804  2565  4157 D HwCommBoosterService: reportBoosterPara enter
03-15 23:14:52.805  2565  4157 D HwCommBoosterManager: reportBoosterPara enter
03-15 23:14:52.805  2565  4157 D HwCommBoosterManager: pluginId: 2dataType:801
03-15 23:14:52.805  2565  2755 D HwCommBoosterManager: handleBoosterMessageSendModuleDataToPlugin enter
03-15 23:14:52.805  2565  2755 I Booster_ConfigManager: [handleReceiveAPModuleData]handleReceiveAPModuleData dataType = 801
03-15 23:14:53.135  1779  2011 D PowerManagerService: userActivityNoUpdateLocked: groupId=0, eventTime=2424794, event=2, flags=0x0, uid=1000
03-15 23:14:53.136  1779  2011 I PowerManagerService:  schedul eye detect nextTimeout: 2448794 now: 2424799 mRemainTime: 10000
03-15 23:14:53.136  1779  1851 I WindowManager_navigationBar: pointY:2117.75realSize.y:2832HIT_REGION_TO_MAX:38
03-15 23:14:53.161  1779  2877 I ITouchscreenHidlAdapter: runHwTHPCommand command : THP_UpdateViewsLocation,parameter : ai.axiomaster.BoJi#SCENE_GESTURE_SINGLE_TAP, ret = 0, status = OK
03-15 23:14:53.409  1779  2097 I HwAmbientLuxFilterAlgo: t=2424993,lx=[699.25/2423547, 698.625/2423794, 701.5417/2424148, 696.3125/2424393, 698.5833/2424747, 706.125/2424993],mLx=464.6,mOffLux=464.6,s=5.0,ss=2.3273916E-4,Avened=false,mPxs=false,mTPxs=false,mBLux=1177.05,mDlux=200.09601,backLux=0.0,mDt=1000,mBt=650
03-15 23:14:53.694  1779  2011 D PowerManagerService: userActivityNoUpdateLocked: groupId=0, eventTime=2425352, event=2, flags=0x0, uid=1000
03-15 23:14:53.694  1779  2011 I PowerMS : userActivity:eventTime=2425352,event=2,flags=0x0,uid=1000
03-15 23:14:53.695  1779  2011 I PowerManagerService:  schedul eye detect nextTimeout: 2449352 now: 2425358 mRemainTime: 10000
03-15 23:14:53.695  1779  1851 I WindowManager_navigationBar: pointY:2104.625realSize.y:2832HIT_REGION_TO_MAX:38
03-15 23:14:53.808  2565  4157 D HwCommBoosterService: reportBoosterPara enter
03-15 23:14:53.808  2565  4157 D HwCommBoosterManager: reportBoosterPara enter
03-15 23:14:53.808  2565  4157 D HwCommBoosterManager: pluginId: 2dataType:801
03-15 23:14:53.808  2565  2755 D HwCommBoosterManager: handleBoosterMessageSendModuleDataToPlugin enter
03-15 23:14:53.808  2565  2755 I Booster_ConfigManager: [handleReceiveAPModuleData]handleReceiveAPModuleData dataType = 801
03-15 23:14:53.809  2565  2755 I Booster_ChannelQoeData: [dumpChannelData] Base:10233,0,0,-1,8 DNS:0,0,0 UID:1051 ChId:2 TcpData:0,0,0,0,0,0,0,0,0,0,0,0,0,0,0,0,0,0 UID:0 ChId:2 TcpData:0,0,0,0,0,0,0,0,0,0,0,0,0,0,0,0,0,0 UID:10233 ChId:2 TcpData:0,0,0,0,0,0,0,0,0,0,0,0,0,0,0,0,0,0 FastDecayData:1 AsymmetricLinkData:0
03-15 23:14:53.809  2565  2755 D BoosterUtil: convertSubIdToSlotId, subId invalid: -1
03-15 23:14:53.809  2565  2755 D BoosterUtil: getDefaultDataSlotId failed, invalid slotId:-1, subId:-1
03-15 23:14:53.809  2565  2755 D BoosterUtil: convertSubIdToSlotId, subId invalid: -1
03-15 23:14:53.809  2565  2755 D BoosterUtil: getDefaultDataSlotId failed, invalid slotId:-1, subId:-1
03-15 23:14:53.810  2565  2755 E Booster_BroadcastProxy: [isDebugModemEnabled]get package info fail.
03-15 23:14:53.810  2565  2755 I Booster_BroadcastProxy: [isDebugModemEnabled]mode: false
03-15 23:14:53.810  2565  2755 E Booster_NetworkQoeChr: [chrBlerMonitorAndReport]modemQoeData is not present
03-15 23:14:53.810  2565  2755 I Booster_NetworkQoeMonitor: [createQoeBundle]networkQoeChanged:10233,4,0,309,1,2,4,0,309,0,0,10,10,0,0,0,0,0,2,1024,1024
03-15 23:14:53.968  2565  2755 I Booster_BoosterdDelegate: [handleMessage]handleMessage, enter
03-15 23:14:53.968  2565  2755 E Booster_BoosterdDelegate: [bindService]bindService start
03-15 23:14:53.969  2565  2755 E Booster_BoosterdDelegate: [getBoosterdNativeService]Failed to get boosterd native service
03-15 23:14:53.969  2565  2755 E Booster_BoosterdDelegate: [bindService]mService is null
03-15 23:14:53.969  2565  2755 I Booster_BoosterdDelegate: [startRebindServieTimer] startRebindServieTimer
03-15 23:14:54.021  1779  2011 D PowerManagerService: userActivityNoUpdateLocked: groupId=0, eventTime=2425680, event=2, flags=0x0, uid=1000
03-15 23:14:54.022  1779  2011 I PowerManagerService:  schedul eye detect nextTimeout: 2449680 now: 2425685 mRemainTime: 10000
03-15 23:14:54.022  1779  1851 I WindowManager_navigationBar: pointY:2123.25realSize.y:2832HIT_REGION_TO_MAX:38
03-15 23:14:54.110  1779  1994 I AlarmManager: Alarm triggering (type 0 or 2): [Alarm{48f22ca type 2 origWhen 2425774 whenElapsed 2425774 PendingIntent{7b7924f: PendingIntentRecord{30b5912 android broadcastIntent}} android procName system}]
03-15 23:14:54.110  1779  1994 I AlarmManager: sending alarm Alarm{48f22ca type 2 origWhen 2425774 whenElapsed 2425774 PendingIntent{7b7924f: PendingIntentRecord{30b5912 android broadcastIntent}} android procName system},repeatInterval = 0,listenerTag =null
03-15 23:14:54.110  1779  1994 I ActivityManager: sendIntentSender target:PendingIntentRecord{30b5912 android broadcastIntent}, intent:flg=0x4 hwFlg=0x810
