03-15 23:15:00.084  1779  2011 I InputDispatcher: displayId: 0 -> id 1: name='2306e94 GestureNavRight', id=819, displayId=0, portalToDisplayId=-1, paused=false, focusable=false, hasWallpaper=false, visible=true, alpha=0.00, flags=NOT_FOCUSABLE | NOT_TOUCH_MODAL | LAYOUT_IN_SCREEN | LAYOUT_NO_LIMITS | HARDWARE_ACCELERATED, type=2024, frame=[1260,138][1316,2832], globalScale=1.000000, applicationInfo.name=, applicationInfo.token=<null>, touchableRegion=[1260,138][1316,2832]
03-15 23:15:00.084  1779  2011 I InputDispatcher: displayId: 0 -> id 2: name='79b6285 GestureNavLeft', id=814, displayId=0, portalToDisplayId=-1, paused=false, focusable=false, hasWallpaper=false, visible=true, alpha=0.00, flags=NOT_FOCUSABLE | NOT_TOUCH_MODAL | LAYOUT_IN_SCREEN | LAYOUT_NO_LIMITS | HARDWARE_ACCELERATED, type=2024, frame=[0,138][56,2832], globalScale=1.000000, applicationInfo.name=, applicationInfo.token=<null>, touchableRegion=[0,138][56,2832]
03-15 23:15:00.085 10053 10053 I InputEvent: ViewUI (164,187):(164,187)0-1-0
03-15 23:15:00.086  1779  1851 I WindowManager_navigationBar: pointY:186.75realSize.y:2832HIT_REGION_TO_MAX:38
03-15 23:15:00.086  1779  2011 D PowerManagerService: userActivityNoUpdateLocked: groupId=0, eventTime=2431742, event=2, flags=0x0, uid=1000
03-15 23:15:00.086  1779  2011 I PowerMS : userActivity:eventTime=2431742,event=2,flags=0x0,uid=1000
03-15 23:15:00.086  1779  1851 D HwFalseTouchMonitor: tremble super.processActionDown return
03-15 23:15:00.086 10053 10053 W HwDamageRectFpsManager: submitFps mFpsDecisionHandler == null
03-15 23:15:00.087  1779  2011 I PowerManagerService:  schedul eye detect nextTimeout: 2455742 now: 2431750 mRemainTime: 10000
03-15 23:15:00.091  1058  1302 I aptouch_daemon: DriverThp::ReportEvents[1521]0x8000000
03-15 23:15:00.091  1779  2012 I InputReader: eventHub getEvents 11
03-15 23:15:00.097  1779  2012 I InputReader: eventHub getEvents 11
03-15 23:15:00.101 10053 10053 I InputEvent: ViewUI Moving, count=1
03-15 23:15:00.104  1779  2012 I InputReader: eventHub getEvents 11
03-15 23:15:00.105 10053 19269 I axiomaster.BoJ: jit_compiled:[OK] void android.graphics.RuntimeShader.setUniform(java.lang.String, float[]) @ /system/framework/framework.jar
03-15 23:15:00.112  1779  2012 I InputReader: eventHub getEvents 11
03-15 23:15:00.120  1779  2012 I InputReader: eventHub getEvents 11
03-15 23:15:00.124 10053 19269 I axiomaster.BoJ: jit_compiled:[OK] void android.view.HwViewRootImpl.updateInputState(android.view.MotionEvent) @ /system/framework/hwPartBasicplatform.jar
03-15 23:15:00.124 10053 19269 I axiomaster.BoJ: jit_compiled:[OK] java.lang.reflect.Constructor java.lang.Class.getDeclaredConstructor(java.lang.Class[]) @ /apex/com.android.art/javalib/core-oj.jar
03-15 23:15:00.127  1779  2012 I InputReader: eventHub getEvents 11
03-15 23:15:00.132  7214  7240 I ZrHung.AppEyeUiProbe: not watching, wait.
03-15 23:15:00.135  1779  2012 I InputReader: eventHub getEvents 11
03-15 23:15:00.142  1058  1302 I aptouch_daemon: touch:0, down:0
03-15 23:15:00.142  1058  1302 I aptouch_daemon: DriverThp::ReportEvents[1521]0x10000000
03-15 23:15:00.143  1779  2012 I InputReader: eventHub getEvents 3
03-15 23:15:00.143  1779  2012 I InputReader: UL_Input last up(164,186),when=2431806367000, readTime=2431806439375
03-15 23:15:00.143  1419  2683 I AGPService: Bn-> set touch event - 0
03-15 23:15:00.145 10053 10053 I InputEvent: ViewUI (164,187):(164,187)1-1-0
03-15 23:15:00.145 10053 10053 I AwareLog: RtgSched: markFrameSchedStart: clickEvent
03-15 23:15:00.146 10053 19269 I axiomaster.BoJ: jit_compiled:[OK] boolean android.view.HwViewRootImpl.isStylusButtonPressed(android.content.Context, int, android.view.MotionEvent) @ /system/framework/hwPartBasicplatform.jar
03-15 23:15:00.146 10053 10053 D HwViewRootImpl: [DetectViewsLocationRunner] current resolutionScale: 1.0
03-15 23:15:00.150  1058  1302 I aptouch_daemon: DriverThp::ReportEvents[1521]0x10000000
03-15 23:15:00.152   946  2219 I DE H =DEEP_CALIB: I UpdateApOdcStatus:888: disable part update when ODC status changed
03-15 23:15:00.152   946  2219 I DE H =DEEP_CALIB: I UpdateApOdcStatus:915: odcData:enable=1,Bypass=0,fr=90,lfr=90,bl=1530,lbl=1530
03-15 23:15:00.154 10053 10053 V IAwareSdk: asyncReportData:3033:ai.axiomaster.BoJi,2,1,1,0,2431749
03-15 23:15:00.155 10053 19269 I axiomaster.BoJ: jit_compiled:[OK] java.util.ListIterator java.util.ArrayList.listIterator() @ /apex/com.android.art/javalib/core-oj.jar
03-15 23:15:00.164  2451  2451 V SensorManager: dispatchSensorEvent() was called, handle=3, values=[339.75, 4010.0, 0.0, 0.0, 0.0, 0.0, 0.0, 0.0, 0.0, 0.0, 0.0, 0.0, 0.0, 0.0, 0.0, 0.0], inAccuracy=3, timestamp=2431825970624
03-15 23:15:00.164  1779  2097 V SensorManager: dispatchSensorEvent() was called, handle=3, values=[339.75, 4010.0, 0.0, 0.0, 0.0, 0.0, 0.0, 0.0, 0.0, 0.0, 0.0, 0.0, 0.0, 0.0, 0.0, 0.0], inAccuracy=3, timestamp=2431825970624
03-15 23:15:00.169 10053 19269 I axiomaster.BoJ: jit_compiled:[OK] java.lang.Object java.util.AbstractList$Itr.next() @ /apex/com.android.art/javalib/core-oj.jar
03-15 23:15:00.172   946  2274 I DE H =OdcTimmer: I Repeat:35: time out, need to set flag to close odc
03-15 23:15:00.172   946  2274 E DE H LTBase: Loop:69: repeat failed, return -1
03-15 23:15:00.174   946  2219 I DE H =DEEP_CALIB: I UpdateApOdcStatus:888: disable part update when ODC status changed
03-15 23:15:00.174   946  2219 I DE H =DEEP_CALIB: I UpdateApOdcStatus:915: odcData:enable=0,Bypass=1,fr=90,lfr=90,bl=1530,lbl=1530
03-15 23:15:00.183 10053 19269 I axiomaster.BoJ: jit_compiled:[OK] void android.graphics.text.LineBreaker$ParagraphConstraints.setWidth(float) @ /system/framework/framework.jar
03-15 23:15:00.184 10053 19269 I axiomaster.BoJ: jit_compiled:[OK] void android.graphics.text.LineBreaker$ParagraphConstraints.setIndent(float, int) @ /system/framework/framework.jar
03-15 23:15:00.184 10053 19269 I axiomaster.BoJ: jit_compiled:[OK] void android.graphics.text.LineBreaker$ParagraphConstraints.setTabStops(float[], float) @ /system/framework/framework.jar
03-15 23:15:00.185 10053 19269 I axiomaster.BoJ: jit_compiled:[OK] android.graphics.text.LineBreaker$Builder android.graphics.text.LineBreaker$Builder.setBreakStrategy(int) @ /system/framework/framework.jar
03-15 23:15:00.185 10053 19269 I axiomaster.BoJ: jit_compiled:[OK] android.graphics.text.LineBreaker$Builder android.graphics.text.LineBreaker$Builder.setHyphenationFrequency(int) @ /system/framework/framework.jar
03-15 23:15:00.185 10053 19269 I axiomaster.BoJ: jit_compiled:[OK] android.graphics.text.LineBreaker$Builder android.graphics.text.LineBreaker$Builder.setJustificationMode(int) @ /system/framework/framework.jar
03-15 23:15:00.185 10053 19269 I axiomaster.BoJ: jit_compiled:[OK] android.graphics.text.LineBreaker$Builder android.graphics.text.LineBreaker$Builder.setIndents(int[]) @ /system/framework/framework.jar
03-15 23:15:00.185 10053 19269 I axiomaster.BoJ: jit_compiled:[OK] android.graphics.text.LineBreaker android.graphics.text.LineBreaker$Builder.build() @ /system/framework/framework.jar
03-15 23:15:00.185   946  2219 I DE H =DEEP_CALIB: I UpdateApOdcStatus:888: disable part update when ODC status changed
03-15 23:15:00.185   946  2219 I DE H =DEEP_CALIB: I UpdateApOdcStatus:915: odcData:enable=1,Bypass=0,fr=90,lfr=90,bl=1530,lbl=1530
03-15 23:15:00.186 10053 19269 I axiomaster.BoJ: jit_compiled:[OK] long android.graphics.RenderNode.getUniqueId() @ /system/framework/framework.jar
03-15 23:15:00.188   969  1003 E PF_SYS_WRAPPER: [SysOpenAndWriteStr:76] [MIPS_LOAD_CPUL] open file /sys/devices/system/cpu/cpufreq/policy0/mips/ipc_target_loads failed, errno=2 (No such file or directory) 
03-15 23:15:00.188   969  1003 E PF_SYS_WRAPPER: [SysOpenAndWriteStr:76] [MIPS_MAX_FREQ_CPUL] open file /sys/devices/system/cpu/cpufreq/policy0/mips/ipc_max_freq failed, errno=2 (No such file or directory) 
03-15 23:15:00.188   969  1003 E PF_SYS_WRAPPER: [SysOpenAndWriteStr:76] [SCHED_LOAD_OPT] open file /sys/kernel/eas/walt_ravg_window_nr_ticks failed, errno=13 (Permission denied) 
03-15 23:15:00.188   969  1003 E PF_SYS_WRAPPER: [SysOpenAndWriteStr:76] [SCHED_SHARE_BG] open file /dev/cpuctl/background/cpu.shares failed, errno=13 (Permission denied) 
03-15 23:15:00.188   969  1003 E PF_SYS_WRAPPER: [SysOpenAndWriteStr:76] [SCHED_SHARE_KBG] open file /dev/cpuctl/key-background/cpu.shares failed, errno=13 (Permission denied) 
03-15 23:15:00.188   969  1003 E PF_SYS_WRAPPER: [SysOpenAndWriteStr:76] [SCHED_SHARE_SBG] open file /dev/cpuctl/system-background/cpu.shares failed, errno=13 (Permission denied) 
03-15 23:15:00.188   969  1003 E PF_SYS_WRAPPER: [SysOpenAndWriteStr:76] [SCHED_SHARE_FG] open file /dev/cpuctl/foreground/cpu.shares failed, errno=13 (Permission denied) 
03-15 23:15:00.188   969  1003 E PF_SYS_WRAPPER: [SysOpenAndWriteStr:76] [SCHED_SHARE_TA] open file /dev/cpuctl/top-app/cpu.shares failed, errno=13 (Permission denied) 
03-15 23:15:00.188   969  1003 E PF_SYS_WRAPPER: [SysOpenAndWriteStr:76] [SCHED_SHARE_SYS] open file /dev/cpuctl/system/cpu.shares failed, errno=13 (Permission denied) 
03-15 23:15:00.188   969  1003 E PF_SYS_WRAPPER: [SysOpenAndWriteStr:76] [SCHED_SHARE_VIP] open file /dev/cpuctl/vip/cpu.shares failed, errno=13 (Permission denied) 
03-15 23:15:00.188   969  1003 E PF_SYS_WRAPPER: [SysOpenAndWriteStr:76] [SCHED_LATENCY_BG] open file /dev/cpuctl/background/cpu.latency.nice failed, errno=13 (Permission denied) 
03-15 23:15:00.188   969  1003 E PF_SYS_WRAPPER: [SysOpenAndWriteStr:76] [SCHED_LATENCY_KBG] open file /dev/cpuctl/key-background/cpu.latency.nice failed, errno=13 (Permission denied) 
03-15 23:15:00.188   969  1003 E PF_SYS_WRAPPER: [SysOpenAndWriteStr:76] [SCHED_LATENCY_SBG] open file /dev/cpuctl/system-background/cpu.latency.nice failed, errno=13 (Permission denied) 
03-15 23:15:00.188   969  1003 E PF_SYS_WRAPPER: [SysOpenAndWriteStr:76] [SCHED_LATENCY_FG] open file /dev/cpuctl/foreground/cpu.latency.nice failed, errno=13 (Permission denied) 
03-15 23:15:00.188   969  1003 E PF_SYS_WRAPPER: [SysOpenAndWriteStr:76] [SCHED_LATENCY_TA] open file /dev/cpuctl/top-app/cpu.latency.nice failed, errno=13 (Permission denied) 
03-15 23:15:00.188   969  1003 E PF_SYS_WRAPPER: [SysOpenAndWriteStr:76] [SCHED_LATENCY_SYS] open file /dev/cpuctl/system/cpu.latency.nice failed, errno=13 (Permission denied) 
03-15 23:15:00.188   969  1003 E PF_SYS_WRAPPER: [SysOpenAndWriteStr:76] [SCHED_LATENCY_VIP] open file /dev/cpuctl/vip/cpu.latency.nice failed, errno=13 (Permission denied) 
03-15 23:15:00.188   969  1003 E PF_SYS_WRAPPER: [SysOpenAndWriteStr:76] [DRG3_ENABLE] open file /sys/devices/platform/drg/drg3/enable failed, errno=2 (No such file or directory) 
03-15 23:15:00.188   969  1003 E PF_SYS_WRAPPER: [SysOpenAndWriteStr:76] [DRG4_ENABLE] open file /sys/devices/platform/drg/drg4/enable failed, errno=2 (No such file or directory) 
03-15 23:15:00.188   969  1003 E PF_SYS_WRAPPER: [SysOpenAndWriteStr:76] [COLOC_GRP_BG] open file /dev/cpuctl/background/cpu.coloc_grp_id failed, errno=13 (Permission denied) 
03-15 23:15:00.188   969  1003 E PF_SYS_WRAPPER: [SysOpenAndWriteStr:76] [COLOC_GRP_KBG] open file /dev/cpuctl/key-background/cpu.coloc_grp_id failed, errno=13 (Permission denied) 
03-15 23:15:00.188   969  1003 E PF_SYS_WRAPPER: [SysOpenAndWriteStr:76] [COLOC_GRP_SBG] open file /dev/cpuctl/system-background/cpu.coloc_grp_id failed, errno=13 (Permission denied) 
03-15 23:15:00.188   969  1003 E PF_SYS_WRAPPER: [SysOpenAndWriteStr:76] [COLOC_GRP_FG] open file /dev/cpuctl/foreground/cpu.coloc_grp_id failed, errno=13 (Permission denied) 
03-15 23:15:00.188   969  1003 E PF_SYS_WRAPPER: [SysOpenAndWriteStr:76] [COLOC_GRP_TA] open file /dev/cpuctl/top-app/cpu.coloc_grp_id failed, errno=13 (Permission denied) 
03-15 23:15:00.188   969  1003 E PF_SYS_WRAPPER: [SysOpenAndWriteStr:76] [COLOC_GRP_GRAPHIC] open file /dev/cpuctl/graphic/cpu.coloc_grp_id failed, errno=13 (Permission denied) 
03-15 23:15:00.188   969  1003 E PF_SYS_WRAPPER: [SysOpenAndWriteStr:76] [COLOC_GRP_SYS] open file /dev/cpuctl/system/cpu.coloc_grp_id failed, errno=13 (Permission denied) 
03-15 23:15:00.188   969  1003 E PF_SYS_WRAPPER: [SysOpenAndWriteStr:76] [COLOC_GRP_VIP] open file /dev/cpuctl/vip/cpu.coloc_grp_id failed, errno=13 (Permission denied) 
03-15 23:15:00.192 10053 19269 I axiomaster.BoJ: jit_compiled:[OK] void java.util.TimSort.binarySort(java.lang.Object[], int, int, int, java.util.Comparator) @ /apex/com.android.art/javalib/core-oj.jar
03-15 23:15:00.196  2694  2993 V SensorManager: dispatchSensorEvent() was called, handle=0, values=[-0.37618652, 0.6035878, 9.809064, 4.2E-45, 0.0, 0.0, 0.0, 0.0, 0.0, 0.0, 0.0, 0.0, 0.0, 0.0, 0.0, 0.0], inAccuracy=3, timestamp=2431659970781
03-15 23:15:00.197 10053 19269 I axiomaster.BoJ: jit_compiled:[OK] void android.graphics.drawable.RippleDrawable.invalidateSelf(boolean) @ /system/framework/framework.jar
03-15 23:15:00.198 10053 19269 I axiomaster.BoJ: jit_compiled:[OK] void java.util.concurrent.locks.LockSupport.unpark(java.lang.Thread) @ /apex/com.android.art/javalib/core-oj.jar
03-15 23:15:00.208   984   984 D CompositionEngine: schedule graphic cpuset: CPUSET_SP_GRAPHIC_HIGH, composer pid: 946
03-15 23:15:00.208   969  1013 I PF_CFG_MGR: [PerfRequest:751] PerfRequest long term pid:961, handle:2910
03-15 23:15:00.208   969  1003 I PF_GROUP: [AddLongTermCommand:504] [CPU_M] add to long term cmd, optType:0, value:864000 with handle:2910
03-15 23:15:00.219   969  1013 I PF_CFG_MGR: [PerfRequest:751] PerfRequest long term pid:961, handle:2911
03-15 23:15:00.219   969  1003 I PF_GROUP: [AddLongTermCommand:504] [GOVERNOR_LOAD_GPU] add to long term cmd, optType:0, value:110 with handle:2911
03-15 23:15:00.226 10053 19269 I axiomaster.BoJ: jit_compiled:[OK] boolean android.graphics.Bitmap.isPremultiplied() @ /system/framework/framework.jar
03-15 23:15:00.227   969  1003 E PF_SYS_WRAPPER: [SysOpenAndWriteStr:76] [MIPS_LOAD_CPUL] open file /sys/devices/system/cpu/cpufreq/policy0/mips/ipc_target_loads failed, errno=2 (No such file or directory) 
03-15 23:15:00.227   969  1003 E PF_SYS_WRAPPER: [SysOpenAndWriteStr:76] [MIPS_MAX_FREQ_CPUL] open file /sys/devices/system/cpu/cpufreq/policy0/mips/ipc_max_freq failed, errno=2 (No such file or directory) 
03-15 23:15:00.227   969  1003 E PF_SYS_WRAPPER: [SysOpenAndWriteStr:76] [SCHED_LOAD_OPT] open file /sys/kernel/eas/walt_ravg_window_nr_ticks failed, errno=13 (Permission denied) 
03-15 23:15:00.227   969  1003 E PF_SYS_WRAPPER: [SysOpenAndWriteStr:76] [SCHED_SHARE_BG] open file /dev/cpuctl/background/cpu.shares failed, errno=13 (Permission denied) 
03-15 23:15:00.227   969  1003 E PF_SYS_WRAPPER: [SysOpenAndWriteStr:76] [SCHED_SHARE_KBG] open file /dev/cpuctl/key-background/cpu.shares failed, errno=13 (Permission denied) 
03-15 23:15:00.227   969  1003 E PF_SYS_WRAPPER: [SysOpenAndWriteStr:76] [SCHED_SHARE_SBG] open file /dev/cpuctl/system-background/cpu.shares failed, errno=13 (Permission denied) 
03-15 23:15:00.227   969  1003 E PF_SYS_WRAPPER: [SysOpenAndWriteStr:76] [SCHED_SHARE_FG] open file /dev/cpuctl/foreground/cpu.shares failed, errno=13 (Permission denied) 
03-15 23:15:00.227   969  1003 E PF_SYS_WRAPPER: [SysOpenAndWriteStr:76] [SCHED_SHARE_TA] open file /dev/cpuctl/top-app/cpu.shares failed, errno=13 (Permission denied) 
03-15 23:15:00.227   969  1003 E PF_SYS_WRAPPER: [SysOpenAndWriteStr:76] [SCHED_SHARE_SYS] open file /dev/cpuctl/system/cpu.shares failed, errno=13 (Permission denied) 
03-15 23:15:00.227   969  1003 E PF_SYS_WRAPPER: [SysOpenAndWriteStr:76] [SCHED_SHARE_VIP] open file /dev/cpuctl/vip/cpu.shares failed, errno=13 (Permission denied) 
03-15 23:15:00.227   969  1003 E PF_SYS_WRAPPER: [SysOpenAndWriteStr:76] [SCHED_LATENCY_BG] open file /dev/cpuctl/background/cpu.latency.nice failed, errno=13 (Permission denied) 
03-15 23:15:00.227   969  1003 E PF_SYS_WRAPPER: [SysOpenAndWriteStr:76] [SCHED_LATENCY_KBG] open file /dev/cpuctl/key-background/cpu.latency.nice failed, errno=13 (Permission denied) 
03-15 23:15:00.227   969  1003 E PF_SYS_WRAPPER: [SysOpenAndWriteStr:76] [SCHED_LATENCY_SBG] open file /dev/cpuctl/system-background/cpu.latency.nice failed, errno=13 (Permission denied) 
03-15 23:15:00.227   969  1003 E PF_SYS_WRAPPER: [SysOpenAndWriteStr:76] [SCHED_LATENCY_FG] open file /dev/cpuctl/foreground/cpu.latency.nice failed, errno=13 (Permission denied) 
03-15 23:15:00.227   969  1003 E PF_SYS_WRAPPER: [SysOpenAndWriteStr:76] [SCHED_LATENCY_TA] open file /dev/cpuctl/top-app/cpu.latency.nice failed, errno=13 (Permission denied) 
03-15 23:15:00.227   969  1003 E PF_SYS_WRAPPER: [SysOpenAndWriteStr:76] [SCHED_LATENCY_SYS] open file /dev/cpuctl/system/cpu.latency.nice failed, errno=13 (Permission denied) 
03-15 23:15:00.227   969  1003 E PF_SYS_WRAPPER: [SysOpenAndWriteStr:76] [SCHED_LATENCY_VIP] open file /dev/cpuctl/vip/cpu.latency.nice failed, errno=13 (Permission denied) 
03-15 23:15:00.227   969  1003 E PF_SYS_WRAPPER: [SysOpenAndWriteStr:76] [DRG3_ENABLE] open file /sys/devices/platform/drg/drg3/enable failed, errno=2 (No such file or directory) 
03-15 23:15:00.227   969  1003 E PF_SYS_WRAPPER: [SysOpenAndWriteStr:76] [DRG4_ENABLE] open file /sys/devices/platform/drg/drg4/enable failed, errno=2 (No such file or directory) 
03-15 23:15:00.227   969  1003 E PF_SYS_WRAPPER: [SysOpenAndWriteStr:76] [COLOC_GRP_BG] open file /dev/cpuctl/background/cpu.coloc_grp_id failed, errno=13 (Permission denied) 
03-15 23:15:00.227   969  1003 E PF_SYS_WRAPPER: [SysOpenAndWriteStr:76] [COLOC_GRP_KBG] open file /dev/cpuctl/key-background/cpu.coloc_grp_id failed, errno=13 (Permission denied) 
03-15 23:15:00.227   969  1003 E PF_SYS_WRAPPER: [SysOpenAndWriteStr:76] [COLOC_GRP_SBG] open file /dev/cpuctl/system-background/cpu.coloc_grp_id failed, errno=13 (Permission denied) 
03-15 23:15:00.227   969  1003 E PF_SYS_WRAPPER: [SysOpenAndWriteStr:76] [COLOC_GRP_FG] open file /dev/cpuctl/foreground/cpu.coloc_grp_id failed, errno=13 (Permission denied) 
03-15 23:15:00.227   969  1003 E PF_SYS_WRAPPER: [SysOpenAndWriteStr:76] [COLOC_GRP_TA] open file /dev/cpuctl/top-app/cpu.coloc_grp_id failed, errno=13 (Permission denied) 
03-15 23:15:00.228   969  1003 E PF_SYS_WRAPPER: [SysOpenAndWriteStr:76] [COLOC_GRP_GRAPHIC] open file /dev/cpuctl/graphic/cpu.coloc_grp_id failed, errno=13 (Permission denied) 
03-15 23:15:00.228   969  1003 E PF_SYS_WRAPPER: [SysOpenAndWriteStr:76] [COLOC_GRP_SYS] open file /dev/cpuctl/system/cpu.coloc_grp_id failed, errno=13 (Permission denied) 
03-15 23:15:00.228   969  1003 E PF_SYS_WRAPPER: [SysOpenAndWriteStr:76] [COLOC_GRP_VIP] open file /dev/cpuctl/vip/cpu.coloc_grp_id failed, errno=13 (Permission denied) 
03-15 23:15:00.230   969  1003 E PF_SYS_WRAPPER: [SysOpenAndWriteStr:76] [MIPS_LOAD_CPUL] open file /sys/devices/system/cpu/cpufreq/policy0/mips/ipc_target_loads failed, errno=2 (No such file or directory) 
03-15 23:15:00.230   969  1003 E PF_SYS_WRAPPER: [SysOpenAndWriteStr:76] [MIPS_MAX_FREQ_CPUL] open file /sys/devices/system/cpu/cpufreq/policy0/mips/ipc_max_freq failed, errno=2 (No such file or directory) 
03-15 23:15:00.230   969  1003 E PF_SYS_WRAPPER: [SysOpenAndWriteStr:76] [SCHED_LOAD_OPT] open file /sys/kernel/eas/walt_ravg_window_nr_ticks failed, errno=13 (Permission denied) 
03-15 23:15:00.230   969  1003 E PF_SYS_WRAPPER: [SysOpenAndWriteStr:76] [SCHED_SHARE_BG] open file /dev/cpuctl/background/cpu.shares failed, errno=13 (Permission denied) 
03-15 23:15:00.230   969  1003 E PF_SYS_WRAPPER: [SysOpenAndWriteStr:76] [SCHED_SHARE_KBG] open file /dev/cpuctl/key-background/cpu.shares failed, errno=13 (Permission denied) 
03-15 23:15:00.230   969  1003 E PF_SYS_WRAPPER: [SysOpenAndWriteStr:76] [SCHED_SHARE_SBG] open file /dev/cpuctl/system-background/cpu.shares failed, errno=13 (Permission denied) 
03-15 23:15:00.230   969  1003 E PF_SYS_WRAPPER: [SysOpenAndWriteStr:76] [SCHED_SHARE_FG] open file /dev/cpuctl/foreground/cpu.shares failed, errno=13 (Permission denied) 
03-15 23:15:00.230   969  1003 E PF_SYS_WRAPPER: [SysOpenAndWriteStr:76] [SCHED_SHARE_TA] open file /dev/cpuctl/top-app/cpu.shares failed, errno=13 (Permission denied) 
03-15 23:15:00.230   969  1003 E PF_SYS_WRAPPER: [SysOpenAndWriteStr:76] [SCHED_SHARE_SYS] open file /dev/cpuctl/system/cpu.shares failed, errno=13 (Permission denied) 
03-15 23:15:00.230   969  1003 E PF_SYS_WRAPPER: [SysOpenAndWriteStr:76] [SCHED_SHARE_VIP] open file /dev/cpuctl/vip/cpu.shares failed, errno=13 (Permission denied) 
03-15 23:15:00.230   969  1003 E PF_SYS_WRAPPER: [SysOpenAndWriteStr:76] [SCHED_LATENCY_BG] open file /dev/cpuctl/background/cpu.latency.nice failed, errno=13 (Permission denied) 
03-15 23:15:00.230   969  1003 E PF_SYS_WRAPPER: [SysOpenAndWriteStr:76] [SCHED_LATENCY_KBG] open file /dev/cpuctl/key-background/cpu.latency.nice failed, errno=13 (Permission denied) 
03-15 23:15:00.230   969  1003 E PF_SYS_WRAPPER: [SysOpenAndWriteStr:76] [SCHED_LATENCY_SBG] open file /dev/cpuctl/system-background/cpu.latency.nice failed, errno=13 (Permission denied) 
03-15 23:15:00.230   969  1003 E PF_SYS_WRAPPER: [SysOpenAndWriteStr:76] [SCHED_LATENCY_FG] open file /dev/cpuctl/foreground/cpu.latency.nice failed, errno=13 (Permission denied) 
03-15 23:15:00.230   969  1003 E PF_SYS_WRAPPER: [SysOpenAndWriteStr:76] [SCHED_LATENCY_TA] open file /dev/cpuctl/top-app/cpu.latency.nice failed, errno=13 (Permission denied) 
03-15 23:15:00.230   969  1003 E PF_SYS_WRAPPER: [SysOpenAndWriteStr:76] [SCHED_LATENCY_SYS] open file /dev/cpuctl/system/cpu.latency.nice failed, errno=13 (Permission denied) 
03-15 23:15:00.230   969  1003 E PF_SYS_WRAPPER: [SysOpenAndWriteStr:76] [SCHED_LATENCY_VIP] open file /dev/cpuctl/vip/cpu.latency.nice failed, errno=13 (Permission denied) 
03-15 23:15:00.230   969  1003 E PF_SYS_WRAPPER: [SysOpenAndWriteStr:76] [DRG3_ENABLE] open file /sys/devices/platform/drg/drg3/enable failed, errno=2 (No such file or directory) 
03-15 23:15:00.230   969  1003 E PF_SYS_WRAPPER: [SysOpenAndWriteStr:76] [DRG4_ENABLE] open file /sys/devices/platform/drg/drg4/enable failed, errno=2 (No such file or directory) 
03-15 23:15:00.230   969  1003 E PF_SYS_WRAPPER: [SysOpenAndWriteStr:76] [COLOC_GRP_BG] open file /dev/cpuctl/background/cpu.coloc_grp_id failed, errno=13 (Permission denied) 
03-15 23:15:00.230   969  1003 E PF_SYS_WRAPPER: [SysOpenAndWriteStr:76] [COLOC_GRP_KBG] open file /dev/cpuctl/key-background/cpu.coloc_grp_id failed, errno=13 (Permission denied) 
03-15 23:15:00.230   969  1003 E PF_SYS_WRAPPER: [SysOpenAndWriteStr:76] [COLOC_GRP_SBG] open file /dev/cpuctl/system-background/cpu.coloc_grp_id failed, errno=13 (Permission denied) 
03-15 23:15:00.230   969  1003 E PF_SYS_WRAPPER: [SysOpenAndWriteStr:76] [COLOC_GRP_FG] open file /dev/cpuctl/foreground/cpu.coloc_grp_id failed, errno=13 (Permission denied) 
03-15 23:15:00.230   969  1003 E PF_SYS_WRAPPER: [SysOpenAndWriteStr:76] [COLOC_GRP_TA] open file /dev/cpuctl/top-app/cpu.coloc_grp_id failed, errno=13 (Permission denied) 
03-15 23:15:00.230   969  1003 E PF_SYS_WRAPPER: [SysOpenAndWriteStr:76] [COLOC_GRP_GRAPHIC] open file /dev/cpuctl/graphic/cpu.coloc_grp_id failed, errno=13 (Permission denied) 
03-15 23:15:00.230   969  1003 E PF_SYS_WRAPPER: [SysOpenAndWriteStr:76] [COLOC_GRP_SYS] open file /dev/cpuctl/system/cpu.coloc_grp_id failed, errno=13 (Permission denied) 
03-15 23:15:00.230   969  1003 E PF_SYS_WRAPPER: [SysOpenAndWriteStr:76] [COLOC_GRP_VIP] open file /dev/cpuctl/vip/cpu.coloc_grp_id failed, errno=13 (Permission denied) 
03-15 23:15:00.247   969  1003 E PF_SYS_WRAPPER: [SysOpenAndWriteStr:76] [MIPS_LOAD_CPUL] open file /sys/devices/system/cpu/cpufreq/policy0/mips/ipc_target_loads failed, errno=2 (No such file or directory) 
03-15 23:15:00.247   969  1003 E PF_SYS_WRAPPER: [SysOpenAndWriteStr:76] [MIPS_MAX_FREQ_CPUL] open file /sys/devices/system/cpu/cpufreq/policy0/mips/ipc_max_freq failed, errno=2 (No such file or directory) 
03-15 23:15:00.247   969  1003 E PF_SYS_WRAPPER: [SysOpenAndWriteStr:76] [SCHED_LOAD_OPT] open file /sys/kernel/eas/walt_ravg_window_nr_ticks failed, errno=13 (Permission denied) 
03-15 23:15:00.247   969  1003 E PF_SYS_WRAPPER: [SysOpenAndWriteStr:76] [SCHED_SHARE_BG] open file /dev/cpuctl/background/cpu.shares failed, errno=13 (Permission denied) 
03-15 23:15:00.247   969  1003 E PF_SYS_WRAPPER: [SysOpenAndWriteStr:76] [SCHED_SHARE_KBG] open file /dev/cpuctl/key-background/cpu.shares failed, errno=13 (Permission denied) 
03-15 23:15:00.247   969  1003 E PF_SYS_WRAPPER: [SysOpenAndWriteStr:76] [SCHED_SHARE_SBG] open file /dev/cpuctl/system-background/cpu.shares failed, errno=13 (Permission denied) 
03-15 23:15:00.247   969  1003 E PF_SYS_WRAPPER: [SysOpenAndWriteStr:76] [SCHED_SHARE_FG] open file /dev/cpuctl/foreground/cpu.shares failed, errno=13 (Permission denied) 
03-15 23:15:00.247   969  1003 E PF_SYS_WRAPPER: [SysOpenAndWriteStr:76] [SCHED_SHARE_TA] open file /dev/cpuctl/top-app/cpu.shares failed, errno=13 (Permission denied) 
03-15 23:15:00.247   969  1003 E PF_SYS_WRAPPER: [SysOpenAndWriteStr:76] [SCHED_SHARE_SYS] open file /dev/cpuctl/system/cpu.shares failed, errno=13 (Permission denied) 
03-15 23:15:00.247   969  1003 E PF_SYS_WRAPPER: [SysOpenAndWriteStr:76] [SCHED_SHARE_VIP] open file /dev/cpuctl/vip/cpu.shares failed, errno=13 (Permission denied) 
03-15 23:15:00.247   969  1003 E PF_SYS_WRAPPER: [SysOpenAndWriteStr:76] [SCHED_LATENCY_BG] open file /dev/cpuctl/background/cpu.latency.nice failed, errno=13 (Permission denied) 
03-15 23:15:00.247   969  1003 E PF_SYS_WRAPPER: [SysOpenAndWriteStr:76] [SCHED_LATENCY_KBG] open file /dev/cpuctl/key-background/cpu.latency.nice failed, errno=13 (Permission denied) 
03-15 23:15:00.247   969  1003 E PF_SYS_WRAPPER: [SysOpenAndWriteStr:76] [SCHED_LATENCY_SBG] open file /dev/cpuctl/system-background/cpu.latency.nice failed, errno=13 (Permission denied) 
03-15 23:15:00.247   969  1003 E PF_SYS_WRAPPER: [SysOpenAndWriteStr:76] [SCHED_LATENCY_FG] open file /dev/cpuctl/foreground/cpu.latency.nice failed, errno=13 (Permission denied) 
03-15 23:15:00.247   969  1003 E PF_SYS_WRAPPER: [SysOpenAndWriteStr:76] [SCHED_LATENCY_TA] open file /dev/cpuctl/top-app/cpu.latency.nice failed, errno=13 (Permission denied) 
03-15 23:15:00.247   969  1003 E PF_SYS_WRAPPER: [SysOpenAndWriteStr:76] [SCHED_LATENCY_SYS] open file /dev/cpuctl/system/cpu.latency.nice failed, errno=13 (Permission denied) 
03-15 23:15:00.247   969  1003 E PF_SYS_WRAPPER: [SysOpenAndWriteStr:76] [SCHED_LATENCY_VIP] open file /dev/cpuctl/vip/cpu.latency.nice failed, errno=13 (Permission denied) 
03-15 23:15:00.247   969  1003 E PF_SYS_WRAPPER: [SysOpenAndWriteStr:76] [DRG3_ENABLE] open file /sys/devices/platform/drg/drg3/enable failed, errno=2 (No such file or directory) 
03-15 23:15:00.247   969  1003 E PF_SYS_WRAPPER: [SysOpenAndWriteStr:76] [DRG4_ENABLE] open file /sys/devices/platform/drg/drg4/enable failed, errno=2 (No such file or directory) 
03-15 23:15:00.247   969  1003 E PF_SYS_WRAPPER: [SysOpenAndWriteStr:76] [COLOC_GRP_BG] open file /dev/cpuctl/background/cpu.coloc_grp_id failed, errno=13 (Permission denied) 
03-15 23:15:00.247   969  1003 E PF_SYS_WRAPPER: [SysOpenAndWriteStr:76] [COLOC_GRP_KBG] open file /dev/cpuctl/key-background/cpu.coloc_grp_id failed, errno=13 (Permission denied) 
03-15 23:15:00.247   969  1003 E PF_SYS_WRAPPER: [SysOpenAndWriteStr:76] [COLOC_GRP_SBG] open file /dev/cpuctl/system-background/cpu.coloc_grp_id failed, errno=13 (Permission denied) 
03-15 23:15:00.247   969  1003 E PF_SYS_WRAPPER: [SysOpenAndWriteStr:76] [COLOC_GRP_FG] open file /dev/cpuctl/foreground/cpu.coloc_grp_id failed, errno=13 (Permission denied) 
03-15 23:15:00.248   969  1003 E PF_SYS_WRAPPER: [SysOpenAndWriteStr:76] [COLOC_GRP_TA] open file /dev/cpuctl/top-app/cpu.coloc_grp_id failed, errno=13 (Permission denied) 
03-15 23:15:00.248   969  1003 E PF_SYS_WRAPPER: [SysOpenAndWriteStr:76] [COLOC_GRP_GRAPHIC] open file /dev/cpuctl/graphic/cpu.coloc_grp_id failed, errno=13 (Permission denied) 
03-15 23:15:00.248   969  1003 E PF_SYS_WRAPPER: [SysOpenAndWriteStr:76] [COLOC_GRP_SYS] open file /dev/cpuctl/system/cpu.coloc_grp_id failed, errno=13 (Permission denied) 
03-15 23:15:00.248   969  1003 E PF_SYS_WRAPPER: [SysOpenAndWriteStr:76] [COLOC_GRP_VIP] open file /dev/cpuctl/vip/cpu.coloc_grp_id failed, errno=13 (Permission denied) 
03-15 23:15:00.261  1058  1302 E afehal[412]: ACK=0X00,command read back check failed, i 0 
03-15 23:15:00.268  1058  1302 I aptouch_daemon: status=0x80000102
03-15 23:15:00.271 10053 19269 I axiomaster.BoJ: jit_compiled:[OK] void android.graphics.BaseCanvas.throwIfHwBitmapInSwMode(android.graphics.Bitmap) @ /system/framework/framework.jar
03-15 23:15:00.271 10053 19269 I axiomaster.BoJ: jit_compiled:[OK] int android.graphics.Bitmap.getRowBytes() @ /system/framework/framework.jar
03-15 23:15:00.284  1058  1302 I aptouch_daemon: status=0x80000002
03-15 23:15:00.284  1779  2097 V SensorManager: dispatchSensorEvent() was called, handle=3, values=[351.875, 4010.0, 0.0, 0.0, 0.0, 0.0, 0.0, 0.0, 0.0, 0.0, 0.0, 0.0, 0.0, 0.0, 0.0, 0.0], inAccuracy=3, timestamp=2431945970156
03-15 23:15:00.284  2451  2451 V SensorManager: dispatchSensorEvent() was called, handle=3, values=[351.875, 4010.0, 0.0, 0.0, 0.0, 0.0, 0.0, 0.0, 0.0, 0.0, 0.0, 0.0, 0.0, 0.0, 0.0, 0.0], inAccuracy=3, timestamp=2431945970156
03-15 23:15:00.312  7527  7552 I ZrHung.AppEyeUiProbe: restart watching of heap dump.
03-15 23:15:00.338  1058  1302 I aptouch_daemon: status=0x80000001
03-15 23:15:00.338  1058  1302 E aptouch_daemon: TsaFrame::UpdateStatusIdle[1931]idle in. 133
03-15 23:15:00.387 10053 10053 V IAwareSdk: asyncReportData:3033:ai.axiomaster.BoJi,2,1,2,0,2431749
03-15 23:15:00.396  2694  2993 V SensorManager: dispatchSensorEvent() was called, handle=0, values=[-0.3754587, 0.61810625, 9.81524, 4.2E-45, 0.0, 0.0, 0.0, 0.0, 0.0, 0.0, 0.0, 0.0, 0.0, 0.0, 0.0, 0.0], inAccuracy=3, timestamp=2431859970468
03-15 23:15:00.404  2451  2451 V SensorManager: dispatchSensorEvent() was called, handle=3, values=[352.375, 4010.0, 0.0, 0.0, 0.0, 0.0, 0.0, 0.0, 0.0, 0.0, 0.0, 0.0, 0.0, 0.0, 0.0, 0.0], inAccuracy=3, timestamp=2432065970624
03-15 23:15:00.404  1779  2097 V SensorManager: dispatchSensorEvent() was called, handle=3, values=[352.375, 4010.0, 0.0, 0.0, 0.0, 0.0, 0.0, 0.0, 0.0, 0.0, 0.0, 0.0, 0.0, 0.0, 0.0, 0.0], inAccuracy=3, timestamp=2432065970624
03-15 23:15:00.408   969  1003 E PF_SYS_WRAPPER: [SysOpenAndWriteStr:76] [MIPS_LOAD_CPUL] open file /sys/devices/system/cpu/cpufreq/policy0/mips/ipc_target_loads failed, errno=2 (No such file or directory) 
03-15 23:15:00.408   969  1003 E PF_SYS_WRAPPER: [SysOpenAndWriteStr:76] [MIPS_MAX_FREQ_CPUL] open file /sys/devices/system/cpu/cpufreq/policy0/mips/ipc_max_freq failed, errno=2 (No such file or directory) 
03-15 23:15:00.409   969  1003 E PF_SYS_WRAPPER: [SysOpenAndWriteStr:76] [SCHED_LOAD_OPT] open file /sys/kernel/eas/walt_ravg_window_nr_ticks failed, errno=13 (Permission denied) 
03-15 23:15:00.409   969  1003 E PF_SYS_WRAPPER: [SysOpenAndWriteStr:76] [SCHED_SHARE_BG] open file /dev/cpuctl/background/cpu.shares failed, errno=13 (Permission denied) 
03-15 23:15:00.409   969  1003 E PF_SYS_WRAPPER: [SysOpenAndWriteStr:76] [SCHED_SHARE_KBG] open file /dev/cpuctl/key-background/cpu.shares failed, errno=13 (Permission denied) 
03-15 23:15:00.409   969  1003 E PF_SYS_WRAPPER: [SysOpenAndWriteStr:76] [SCHED_SHARE_SBG] open file /dev/cpuctl/system-background/cpu.shares failed, errno=13 (Permission denied) 
03-15 23:15:00.409   969  1003 E PF_SYS_WRAPPER: [SysOpenAndWriteStr:76] [SCHED_SHARE_FG] open file /dev/cpuctl/foreground/cpu.shares failed, errno=13 (Permission denied) 
03-15 23:15:00.409   969  1003 E PF_SYS_WRAPPER: [SysOpenAndWriteStr:76] [SCHED_SHARE_TA] open file /dev/cpuctl/top-app/cpu.shares failed, errno=13 (Permission denied) 
03-15 23:15:00.409   969  1003 E PF_SYS_WRAPPER: [SysOpenAndWriteStr:76] [SCHED_SHARE_SYS] open file /dev/cpuctl/system/cpu.shares failed, errno=13 (Permission denied) 
03-15 23:15:00.409   969  1003 E PF_SYS_WRAPPER: [SysOpenAndWriteStr:76] [SCHED_SHARE_VIP] open file /dev/cpuctl/vip/cpu.shares failed, errno=13 (Permission denied) 
03-15 23:15:00.409   969  1003 E PF_SYS_WRAPPER: [SysOpenAndWriteStr:76] [SCHED_LATENCY_BG] open file /dev/cpuctl/background/cpu.latency.nice failed, errno=13 (Permission denied) 
03-15 23:15:00.409   969  1003 E PF_SYS_WRAPPER: [SysOpenAndWriteStr:76] [SCHED_LATENCY_KBG] open file /dev/cpuctl/key-background/cpu.latency.nice failed, errno=13 (Permission denied) 
03-15 23:15:00.409   969  1003 E PF_SYS_WRAPPER: [SysOpenAndWriteStr:76] [SCHED_LATENCY_SBG] open file /dev/cpuctl/system-background/cpu.latency.nice failed, errno=13 (Permission denied) 
03-15 23:15:00.409   969  1003 E PF_SYS_WRAPPER: [SysOpenAndWriteStr:76] [SCHED_LATENCY_FG] open file /dev/cpuctl/foreground/cpu.latency.nice failed, errno=13 (Permission denied) 
03-15 23:15:00.409   969  1003 E PF_SYS_WRAPPER: [SysOpenAndWriteStr:76] [SCHED_LATENCY_TA] open file /dev/cpuctl/top-app/cpu.latency.nice failed, errno=13 (Permission denied) 
03-15 23:15:00.409   969  1003 E PF_SYS_WRAPPER: [SysOpenAndWriteStr:76] [SCHED_LATENCY_SYS] open file /dev/cpuctl/system/cpu.latency.nice failed, errno=13 (Permission denied) 
03-15 23:15:00.409   969  1003 E PF_SYS_WRAPPER: [SysOpenAndWriteStr:76] [SCHED_LATENCY_VIP] open file /dev/cpuctl/vip/cpu.latency.nice failed, errno=13 (Permission denied) 
03-15 23:15:00.409   969  1003 E PF_SYS_WRAPPER: [SysOpenAndWriteStr:76] [DRG3_ENABLE] open file /sys/devices/platform/drg/drg3/enable failed, errno=2 (No such file or directory) 
03-15 23:15:00.409   969  1003 E PF_SYS_WRAPPER: [SysOpenAndWriteStr:76] [DRG4_ENABLE] open file /sys/devices/platform/drg/drg4/enable failed, errno=2 (No such file or directory) 
03-15 23:15:00.409   969  1003 E PF_SYS_WRAPPER: [SysOpenAndWriteStr:76] [COLOC_GRP_BG] open file /dev/cpuctl/background/cpu.coloc_grp_id failed, errno=13 (Permission denied) 
03-15 23:15:00.409   969  1003 E PF_SYS_WRAPPER: [SysOpenAndWriteStr:76] [COLOC_GRP_KBG] open file /dev/cpuctl/key-background/cpu.coloc_grp_id failed, errno=13 (Permission denied) 
03-15 23:15:00.409   969  1003 E PF_SYS_WRAPPER: [SysOpenAndWriteStr:76] [COLOC_GRP_SBG] open file /dev/cpuctl/system-background/cpu.coloc_grp_id failed, errno=13 (Permission denied) 
03-15 23:15:00.409   969  1003 E PF_SYS_WRAPPER: [SysOpenAndWriteStr:76] [COLOC_GRP_FG] open file /dev/cpuctl/foreground/cpu.coloc_grp_id failed, errno=13 (Permission denied) 
03-15 23:15:00.409   969  1003 E PF_SYS_WRAPPER: [SysOpenAndWriteStr:76] [COLOC_GRP_TA] open file /dev/cpuctl/top-app/cpu.coloc_grp_id failed, errno=13 (Permission denied) 
03-15 23:15:00.409   969  1003 E PF_SYS_WRAPPER: [SysOpenAndWriteStr:76] [COLOC_GRP_GRAPHIC] open file /dev/cpuctl/graphic/cpu.coloc_grp_id failed, errno=13 (Permission denied) 
03-15 23:15:00.409   969  1003 E PF_SYS_WRAPPER: [SysOpenAndWriteStr:76] [COLOC_GRP_SYS] open file /dev/cpuctl/system/cpu.coloc_grp_id failed, errno=13 (Permission denied) 
03-15 23:15:00.409   969  1003 E PF_SYS_WRAPPER: [SysOpenAndWriteStr:76] [COLOC_GRP_VIP] open file /dev/cpuctl/vip/cpu.coloc_grp_id failed, errno=13 (Permission denied) 
03-15 23:15:00.520  2161  7640 I ZrHung.AppEyeUiProbe: restart watching of heap dump.
03-15 23:15:00.526  3138  3138 I HwMSDPMovementManager: getCurrentMovement type 0
03-15 23:15:00.527   933   933 I ArHal   : (ArDataGetState:1478):id[2]
03-15 23:15:00.529  3138  3138 I L_HmsMsdpClient: [LocKit LogLocation.java:1] arId = 4
03-15 23:15:00.530  2451  2451 V SensorManager: dispatchSensorEvent() was called, handle=3, values=[409.375, 4010.0, 0.0, 0.0, 0.0, 0.0, 0.0, 0.0, 0.0, 0.0, 0.0, 0.0, 0.0, 0.0, 0.0, 0.0], inAccuracy=3, timestamp=2432185970624
03-15 23:15:00.530  1779  2097 V SensorManager: dispatchSensorEvent() was called, handle=3, values=[409.375, 4010.0, 0.0, 0.0, 0.0, 0.0, 0.0, 0.0, 0.0, 0.0, 0.0, 0.0, 0.0, 0.0, 0.0, 0.0], inAccuracy=3, timestamp=2432185970624
03-15 23:15:00.548  1419  1462 D AGPService: AppDynamicFps: SF is ACTIVE, diff 0.0s
03-15 23:15:00.596  2694  2993 V SensorManager: dispatchSensorEvent() was called, handle=0, values=[-0.37988317, 0.6010787, 9.826474, 4.2E-45, 0.0, 0.0, 0.0, 0.0, 0.0, 0.0, 0.0, 0.0, 0.0, 0.0, 0.0, 0.0], inAccuracy=3, timestamp=2432059970624
03-15 23:15:00.622 10053 10053 V IAwareSdk: asyncReportData:3033:ai.axiomaster.BoJi,2,1,3,0,2431749
03-15 23:15:00.642   969  1003 E PF_SYS_WRAPPER: [SysOpenAndWriteStr:76] [MIPS_LOAD_CPUL] open file /sys/devices/system/cpu/cpufreq/policy0/mips/ipc_target_loads failed, errno=2 (No such file or directory) 
03-15 23:15:00.642   969  1003 E PF_SYS_WRAPPER: [SysOpenAndWriteStr:76] [MIPS_MAX_FREQ_CPUL] open file /sys/devices/system/cpu/cpufreq/policy0/mips/ipc_max_freq failed, errno=2 (No such file or directory) 
03-15 23:15:00.642   969  1003 E PF_SYS_WRAPPER: [SysOpenAndWriteStr:76] [SCHED_LOAD_OPT] open file /sys/kernel/eas/walt_ravg_window_nr_ticks failed, errno=13 (Permission denied) 
03-15 23:15:00.642   969  1003 E PF_SYS_WRAPPER: [SysOpenAndWriteStr:76] [SCHED_SHARE_BG] open file /dev/cpuctl/background/cpu.shares failed, errno=13 (Permission denied) 
03-15 23:15:00.642   969  1003 E PF_SYS_WRAPPER: [SysOpenAndWriteStr:76] [SCHED_SHARE_KBG] open file /dev/cpuctl/key-background/cpu.shares failed, errno=13 (Permission denied) 
03-15 23:15:00.642   969  1003 E PF_SYS_WRAPPER: [SysOpenAndWriteStr:76] [SCHED_SHARE_SBG] open file /dev/cpuctl/system-background/cpu.shares failed, errno=13 (Permission denied) 
03-15 23:15:00.642   969  1003 E PF_SYS_WRAPPER: [SysOpenAndWriteStr:76] [SCHED_SHARE_FG] open file /dev/cpuctl/foreground/cpu.shares failed, errno=13 (Permission denied) 
03-15 23:15:00.642   969  1003 E PF_SYS_WRAPPER: [SysOpenAndWriteStr:76] [SCHED_SHARE_TA] open file /dev/cpuctl/top-app/cpu.shares failed, errno=13 (Permission denied) 
03-15 23:15:00.642   969  1003 E PF_SYS_WRAPPER: [SysOpenAndWriteStr:76] [SCHED_SHARE_SYS] open file /dev/cpuctl/system/cpu.shares failed, errno=13 (Permission denied) 
03-15 23:15:00.643   969  1003 E PF_SYS_WRAPPER: [SysOpenAndWriteStr:76] [SCHED_SHARE_VIP] open file /dev/cpuctl/vip/cpu.shares failed, errno=13 (Permission denied) 
03-15 23:15:00.643   969  1003 E PF_SYS_WRAPPER: [SysOpenAndWriteStr:76] [SCHED_LATENCY_BG] open file /dev/cpuctl/background/cpu.latency.nice failed, errno=13 (Permission denied) 
03-15 23:15:00.643   969  1003 E PF_SYS_WRAPPER: [SysOpenAndWriteStr:76] [SCHED_LATENCY_KBG] open file /dev/cpuctl/key-background/cpu.latency.nice failed, errno=13 (Permission denied) 
03-15 23:15:00.643   969  1003 E PF_SYS_WRAPPER: [SysOpenAndWriteStr:76] [SCHED_LATENCY_SBG] open file /dev/cpuctl/system-background/cpu.latency.nice failed, errno=13 (Permission denied) 
03-15 23:15:00.643   969  1003 E PF_SYS_WRAPPER: [SysOpenAndWriteStr:76] [SCHED_LATENCY_FG] open file /dev/cpuctl/foreground/cpu.latency.nice failed, errno=13 (Permission denied) 
03-15 23:15:00.643   969  1003 E PF_SYS_WRAPPER: [SysOpenAndWriteStr:76] [SCHED_LATENCY_TA] open file /dev/cpuctl/top-app/cpu.latency.nice failed, errno=13 (Permission denied) 
03-15 23:15:00.643   969  1003 E PF_SYS_WRAPPER: [SysOpenAndWriteStr:76] [SCHED_LATENCY_SYS] open file /dev/cpuctl/system/cpu.latency.nice failed, errno=13 (Permission denied) 
03-15 23:15:00.643   969  1003 E PF_SYS_WRAPPER: [SysOpenAndWriteStr:76] [SCHED_LATENCY_VIP] open file /dev/cpuctl/vip/cpu.latency.nice failed, errno=13 (Permission denied) 
03-15 23:15:00.643   969  1003 E PF_SYS_WRAPPER: [SysOpenAndWriteStr:76] [DRG3_ENABLE] open file /sys/devices/platform/drg/drg3/enable failed, errno=2 (No such file or directory) 
03-15 23:15:00.643   969  1003 E PF_SYS_WRAPPER: [SysOpenAndWriteStr:76] [DRG4_ENABLE] open file /sys/devices/platform/drg/drg4/enable failed, errno=2 (No such file or directory) 
03-15 23:15:00.643   969  1003 E PF_SYS_WRAPPER: [SysOpenAndWriteStr:76] [COLOC_GRP_BG] open file /dev/cpuctl/background/cpu.coloc_grp_id failed, errno=13 (Permission denied) 
03-15 23:15:00.643   969  1003 E PF_SYS_WRAPPER: [SysOpenAndWriteStr:76] [COLOC_GRP_KBG] open file /dev/cpuctl/key-background/cpu.coloc_grp_id failed, errno=13 (Permission denied) 
03-15 23:15:00.643   969  1003 E PF_SYS_WRAPPER: [SysOpenAndWriteStr:76] [COLOC_GRP_SBG] open file /dev/cpuctl/system-background/cpu.coloc_grp_id failed, errno=13 (Permission denied) 
03-15 23:15:00.643   969  1003 E PF_SYS_WRAPPER: [SysOpenAndWriteStr:76] [COLOC_GRP_FG] open file /dev/cpuctl/foreground/cpu.coloc_grp_id failed, errno=13 (Permission denied) 
03-15 23:15:00.643   969  1003 E PF_SYS_WRAPPER: [SysOpenAndWriteStr:76] [COLOC_GRP_TA] open file /dev/cpuctl/top-app/cpu.coloc_grp_id failed, errno=13 (Permission denied) 
03-15 23:15:00.643   969  1003 E PF_SYS_WRAPPER: [SysOpenAndWriteStr:76] [COLOC_GRP_GRAPHIC] open file /dev/cpuctl/graphic/cpu.coloc_grp_id failed, errno=13 (Permission denied) 
03-15 23:15:00.643   969  1003 E PF_SYS_WRAPPER: [SysOpenAndWriteStr:76] [COLOC_GRP_SYS] open file /dev/cpuctl/system/cpu.coloc_grp_id failed, errno=13 (Permission denied) 
03-15 23:15:00.643   969  1003 E PF_SYS_WRAPPER: [SysOpenAndWriteStr:76] [COLOC_GRP_VIP] open file /dev/cpuctl/vip/cpu.coloc_grp_id failed, errno=13 (Permission denied) 
03-15 23:15:00.644  2451  2451 V SensorManager: dispatchSensorEvent() was called, handle=3, values=[419.375, 4010.0, 0.0, 0.0, 0.0, 0.0, 0.0, 0.0, 0.0, 0.0, 0.0, 0.0, 0.0, 0.0, 0.0, 0.0], inAccuracy=3, timestamp=2432305970624
03-15 23:15:00.644  1779  2097 V SensorManager: dispatchSensorEvent() was called, handle=3, values=[419.375, 4010.0, 0.0, 0.0, 0.0, 0.0, 0.0, 0.0, 0.0, 0.0, 0.0, 0.0, 0.0, 0.0, 0.0, 0.0], inAccuracy=3, timestamp=2432305970624
03-15 23:15:00.752  1419  1462 D AGPService: AppDynamicFps: SF is ACTIVE, diff 0.0s
03-15 23:15:00.756  7705  7734 I ZrHung.AppEyeUiProbe: restart watching of heap dump.
03-15 23:15:00.764  2451  2451 V SensorManager: dispatchSensorEvent() was called, handle=3, values=[433.5, 4010.0, 0.0, 0.0, 0.0, 0.0, 0.0, 0.0, 0.0, 0.0, 0.0, 0.0, 0.0, 0.0, 0.0, 0.0], inAccuracy=3, timestamp=2432425970624
03-15 23:15:00.764  1779  2097 V SensorManager: dispatchSensorEvent() was called, handle=3, values=[433.5, 4010.0, 0.0, 0.0, 0.0, 0.0, 0.0, 0.0, 0.0, 0.0, 0.0, 0.0, 0.0, 0.0, 0.0, 0.0], inAccuracy=3, timestamp=2432425970624
03-15 23:15:00.796  2694  2993 V SensorManager: dispatchSensorEvent() was called, handle=0, values=[-0.40794322, 0.60480404, 9.811152, 4.2E-45, 0.0, 0.0, 0.0, 0.0, 0.0, 0.0, 0.0, 0.0, 0.0, 0.0, 0.0, 0.0], inAccuracy=3, timestamp=2432259970312
03-15 23:15:00.834  2565  4157 D HwCommBoosterService: reportBoosterPara enter
03-15 23:15:00.835  2565  4157 D HwCommBoosterManager: reportBoosterPara enter
03-15 23:15:00.835  2565  4157 D HwCommBoosterManager: pluginId: 2dataType:801
03-15 23:15:00.835  2565  2755 D HwCommBoosterManager: handleBoosterMessageSendModuleDataToPlugin enter
03-15 23:15:00.835  2565  2755 I Booster_ConfigManager: [handleReceiveAPModuleData]handleReceiveAPModuleData dataType = 801
03-15 23:15:00.872  7396  7421 I ZrHung.AppEyeUiProbe: not watching, wait.
03-15 23:15:00.880   969  1003 E PF_SYS_WRAPPER: [SysOpenAndWriteStr:76] [MIPS_LOAD_CPUL] open file /sys/devices/system/cpu/cpufreq/policy0/mips/ipc_target_loads failed, errno=2 (No such file or directory) 
03-15 23:15:00.880   969  1003 E PF_SYS_WRAPPER: [SysOpenAndWriteStr:76] [MIPS_MAX_FREQ_CPUL] open file /sys/devices/system/cpu/cpufreq/policy0/mips/ipc_max_freq failed, errno=2 (No such file or directory) 
03-15 23:15:00.880   969  1003 E PF_SYS_WRAPPER: [SysOpenAndWriteStr:76] [SCHED_LOAD_OPT] open file /sys/kernel/eas/walt_ravg_window_nr_ticks failed, errno=13 (Permission denied) 
03-15 23:15:00.880   969  1003 E PF_SYS_WRAPPER: [SysOpenAndWriteStr:76] [SCHED_SHARE_BG] open file /dev/cpuctl/background/cpu.shares failed, errno=13 (Permission denied) 
03-15 23:15:00.880   969  1003 E PF_SYS_WRAPPER: [SysOpenAndWriteStr:76] [SCHED_SHARE_KBG] open file /dev/cpuctl/key-background/cpu.shares failed, errno=13 (Permission denied) 
03-15 23:15:00.880   969  1003 E PF_SYS_WRAPPER: [SysOpenAndWriteStr:76] [SCHED_SHARE_SBG] open file /dev/cpuctl/system-background/cpu.shares failed, errno=13 (Permission denied) 
03-15 23:15:00.880   969  1003 E PF_SYS_WRAPPER: [SysOpenAndWriteStr:76] [SCHED_SHARE_FG] open file /dev/cpuctl/foreground/cpu.shares failed, errno=13 (Permission denied) 
03-15 23:15:00.880   969  1003 E PF_SYS_WRAPPER: [SysOpenAndWriteStr:76] [SCHED_SHARE_TA] open file /dev/cpuctl/top-app/cpu.shares failed, errno=13 (Permission denied) 
03-15 23:15:00.880   969  1003 E PF_SYS_WRAPPER: [SysOpenAndWriteStr:76] [SCHED_SHARE_SYS] open file /dev/cpuctl/system/cpu.shares failed, errno=13 (Permission denied) 
03-15 23:15:00.880   969  1003 E PF_SYS_WRAPPER: [SysOpenAndWriteStr:76] [SCHED_SHARE_VIP] open file /dev/cpuctl/vip/cpu.shares failed, errno=13 (Permission denied) 
03-15 23:15:00.880   969  1003 E PF_SYS_WRAPPER: [SysOpenAndWriteStr:76] [SCHED_LATENCY_BG] open file /dev/cpuctl/background/cpu.latency.nice failed, errno=13 (Permission denied) 
03-15 23:15:00.880   969  1003 E PF_SYS_WRAPPER: [SysOpenAndWriteStr:76] [SCHED_LATENCY_KBG] open file /dev/cpuctl/key-background/cpu.latency.nice failed, errno=13 (Permission denied) 
03-15 23:15:00.880   969  1003 E PF_SYS_WRAPPER: [SysOpenAndWriteStr:76] [SCHED_LATENCY_SBG] open file /dev/cpuctl/system-background/cpu.latency.nice failed, errno=13 (Permission denied) 
03-15 23:15:00.880   969  1003 E PF_SYS_WRAPPER: [SysOpenAndWriteStr:76] [SCHED_LATENCY_FG] open file /dev/cpuctl/foreground/cpu.latency.nice failed, errno=13 (Permission denied) 
03-15 23:15:00.880   969  1003 E PF_SYS_WRAPPER: [SysOpenAndWriteStr:76] [SCHED_LATENCY_TA] open file /dev/cpuctl/top-app/cpu.latency.nice failed, errno=13 (Permission denied) 
03-15 23:15:00.880   969  1003 E PF_SYS_WRAPPER: [SysOpenAndWriteStr:76] [SCHED_LATENCY_SYS] open file /dev/cpuctl/system/cpu.latency.nice failed, errno=13 (Permission denied) 
03-15 23:15:00.880   969  1003 E PF_SYS_WRAPPER: [SysOpenAndWriteStr:76] [SCHED_LATENCY_VIP] open file /dev/cpuctl/vip/cpu.latency.nice failed, errno=13 (Permission denied) 
03-15 23:15:00.880   969  1003 E PF_SYS_WRAPPER: [SysOpenAndWriteStr:76] [DRG3_ENABLE] open file /sys/devices/platform/drg/drg3/enable failed, errno=2 (No such file or directory) 
03-15 23:15:00.880   969  1003 E PF_SYS_WRAPPER: [SysOpenAndWriteStr:76] [DRG4_ENABLE] open file /sys/devices/platform/drg/drg4/enable failed, errno=2 (No such file or directory) 
03-15 23:15:00.880   969  1003 E PF_SYS_WRAPPER: [SysOpenAndWriteStr:76] [COLOC_GRP_BG] open file /dev/cpuctl/background/cpu.coloc_grp_id failed, errno=13 (Permission denied) 
03-15 23:15:00.880   969  1003 E PF_SYS_WRAPPER: [SysOpenAndWriteStr:76] [COLOC_GRP_KBG] open file /dev/cpuctl/key-background/cpu.coloc_grp_id failed, errno=13 (Permission denied) 
03-15 23:15:00.880   969  1003 E PF_SYS_WRAPPER: [SysOpenAndWriteStr:76] [COLOC_GRP_SBG] open file /dev/cpuctl/system-background/cpu.coloc_grp_id failed, errno=13 (Permission denied) 
03-15 23:15:00.880   969  1003 E PF_SYS_WRAPPER: [SysOpenAndWriteStr:76] [COLOC_GRP_FG] open file /dev/cpuctl/foreground/cpu.coloc_grp_id failed, errno=13 (Permission denied) 
03-15 23:15:00.880   969  1003 E PF_SYS_WRAPPER: [SysOpenAndWriteStr:76] [COLOC_GRP_TA] open file /dev/cpuctl/top-app/cpu.coloc_grp_id failed, errno=13 (Permission denied) 
03-15 23:15:00.880   969  1003 E PF_SYS_WRAPPER: [SysOpenAndWriteStr:76] [COLOC_GRP_GRAPHIC] open file /dev/cpuctl/graphic/cpu.coloc_grp_id failed, errno=13 (Permission denied) 
03-15 23:15:00.880   969  1003 E PF_SYS_WRAPPER: [SysOpenAndWriteStr:76] [COLOC_GRP_SYS] open file /dev/cpuctl/system/cpu.coloc_grp_id failed, errno=13 (Permission denied) 
03-15 23:15:00.880   969  1003 E PF_SYS_WRAPPER: [SysOpenAndWriteStr:76] [COLOC_GRP_VIP] open file /dev/cpuctl/vip/cpu.coloc_grp_id failed, errno=13 (Permission denied) 
03-15 23:15:00.885  1779  2097 V SensorManager: dispatchSensorEvent() was called, handle=3, values=[392.75, 4010.0, 0.0, 0.0, 0.0, 0.0, 0.0, 0.0, 0.0, 0.0, 0.0, 0.0, 0.0, 0.0, 0.0, 0.0], inAccuracy=3, timestamp=2432545970624
03-15 23:15:00.885  2451  2451 V SensorManager: dispatchSensorEvent() was called, handle=3, values=[392.75, 4010.0, 0.0, 0.0, 0.0, 0.0, 0.0, 0.0, 0.0, 0.0, 0.0, 0.0, 0.0, 0.0, 0.0, 0.0], inAccuracy=3, timestamp=2432545970624
03-15 23:15:00.890 10053 19269 I axiomaster.BoJ: jit_compiled:[OK] void java.util.AbstractList$Itr.<init>(java.util.AbstractList) @ /apex/com.android.art/javalib/core-oj.jar
03-15 23:15:00.891  2565  4747 I Collector: GetEntityNum: dataType:2, rptType:9, bufLen:688, dataLen:684, structSize:88, result:0!
03-15 23:15:00.936  1390  1390 W hilogcat: type=1400 audit(0.0:2265): avc: denied { read } for name="brightness" dev="sysfs" ino=76242 scontext=u:r:glogcat:s0 tcontext=u:object_r:sysfs:s0 tclass=file permissive=0
03-15 23:15:00.938  1405  1405 E selinux_dmd: type=1400 audit(0.0:2265): avc: denied { read } for comm="hilogcat" name="brightness" dev="sysfs" ino=76242 scontext=u:r:glogcat:s0 tcontext=u:object_r:sysfs:s0 tclass=file permissive=0 find  pid= failed
03-15 23:15:00.939  1405  1405 E selinux_dmd: type=1400 audit(0.0:2265): avc: denied { read } for comm="hilogcat" name="brightness" dev="sysfs" ino=76242 scontext=u:r:glogcat:s0 tcontext=u:object_r:sysfs:s0 tclass=file permissive=0 ExtractKeys failed
03-15 23:15:00.947 10053 19339 D HwViewRootImpl: [DetectViewsLocationRunner] start to get views' rect, type = SCENE_GESTURE_SINGLE_TAP
03-15 23:15:00.948 10053 19339 D HwViewRootImpl: [DetectViewsLocationRunner] windowModeType: 1
03-15 23:15:00.948 10053 19339 D HwViewRootImpl: [DetectViewsLocationRunner] displayPoint: Point(1316, 2832)
03-15 23:15:00.948 10053 19339 D HwViewRootImpl: [DetectViewsLocationRunner] windowModeType: 1
03-15 23:15:00.948 10053 19339 D HwViewRootImpl: [DetectViewsLocationRunner] lazyMode:
