03-15 23:14:30.203  1779  2859 I PowerManagerService:  schedul eye detect nextTimeout: 2423948 now: 2401867 mRemainTime: 10000
03-15 23:14:30.222  1779  2097 I HwAmbientLuxFilterAlgo: t=2401828,lx=[697.875/2400269, 698.4167/2400628, 698.25/2400868, 698.5/2401228, 697.875/2401468, 698.4583/2401828],mLx=464.6,mOffLux=464.6,s=5.0,ss=4.951477E-4,Avened=false,mPxs=false,mTPxs=false,mBLux=1177.05,mDlux=200.09601,backLux=0.0,mDt=1000,mBt=650
03-15 23:14:30.258  2565  2755 I Booster_ChannelQoeData: [dumpChannelData] Base:10233,0,0,-1,8 DNS:0,0,0 UID:1051 ChId:2 TcpData:0,0,0,0,0,0,0,0,0,0,0,0,0,0,0,0,0,0 UID:0 ChId:2 TcpData:0,0,0,0,0,0,0,0,0,0,0,0,0,0,0,0,0,0 UID:10233 ChId:2 TcpData:0,0,0,0,0,0,0,0,0,0,0,0,0,0,0,0,0,0 FastDecayData:1 AsymmetricLinkData:0
03-15 23:14:30.260  2565  2755 D BoosterUtil: convertSubIdToSlotId, subId invalid: -1
03-15 23:14:30.260  2565  2755 D BoosterUtil: getDefaultDataSlotId failed, invalid slotId:-1, subId:-1
03-15 23:14:30.260  2565  2755 D BoosterUtil: convertSubIdToSlotId, subId invalid: -1
03-15 23:14:30.260  2565  2755 D BoosterUtil: getDefaultDataSlotId failed, invalid slotId:-1, subId:-1
03-15 23:14:30.262  2565  2755 E Booster_BroadcastProxy: [isDebugModemEnabled]get package info fail.
03-15 23:14:30.262  2565  2755 I Booster_BroadcastProxy: [isDebugModemEnabled]mode: false
03-15 23:14:30.262  2565  2755 E Booster_NetworkQoeChr: [chrBlerMonitorAndReport]modemQoeData is not present
03-15 23:14:30.263  2565  2755 I Booster_NetworkQoeMonitor: [createQoeBundle]networkQoeChanged:10233,4,0,309,1,2,4,0,309,0,0,10,10,0,0,0,0,0,2,1024,1024
03-15 23:14:30.314  1779  2859 I PowerMS : acquire:L=244673837,F=0x1,T=RILJ_ACK_WL,N=com.android.phone,WS=null,U=1001,P=2909
03-15 23:14:30.315  1779  2859 I PowerManagerService:  schedul eye detect nextTimeout: 2423948 now: 2401978 mRemainTime: 10000
03-15 23:14:30.521  1779  2859 I PowerMS : release:L=244673837,F=0x0,T=RILJ_ACK_WL,N=com.android.phone,WS=null,U=1001,P=2909
03-15 23:14:30.522  1779  2859 I PowerManagerService:  schedul eye detect nextTimeout: 2423948 now: 2402185 mRemainTime: 10000
03-15 23:14:30.633  1779  2859 I PowerMS : acquire:L=244673837,F=0x1,T=RILJ_ACK_WL,N=com.android.phone,WS=null,U=1001,P=2909
03-15 23:14:30.634  1779  2859 I PowerManagerService:  schedul eye detect nextTimeout: 2423948 now: 2402297 mRemainTime: 10000
03-15 23:14:30.721  2565  4157 D HwCommBoosterService: reportBoosterPara enter
03-15 23:14:30.721  2565  4157 D HwCommBoosterManager: reportBoosterPara enter
03-15 23:14:30.721  2565  4157 D HwCommBoosterManager: pluginId: 2dataType:801
03-15 23:14:30.721  2565  2755 D HwCommBoosterManager: handleBoosterMessageSendModuleDataToPlugin enter
03-15 23:14:30.722  2565  2755 I Booster_ConfigManager: [handleReceiveAPModuleData]handleReceiveAPModuleData dataType = 801
03-15 23:14:30.837  1779  2859 I PowerMS : release:L=244673837,F=0x0,T=RILJ_ACK_WL,N=com.android.phone,WS=null,U=1001,P=2909
03-15 23:14:30.838  1779  2859 I PowerManagerService:  schedul eye detect nextTimeout: 2423948 now: 2402501 mRemainTime: 10000
03-15 23:14:30.953  1779  2859 I PowerMS : acquire:L=244673837,F=0x1,T=RILJ_ACK_WL,N=com.android.phone,WS=null,U=1001,P=2909
03-15 23:14:30.953  1779  2859 I PowerManagerService:  schedul eye detect nextTimeout: 2423948 now: 2402617 mRemainTime: 10000
03-15 23:14:31.157  1779  2859 I PowerMS : release:L=244673837,F=0x0,T=RILJ_ACK_WL,N=com.android.phone,WS=null,U=1001,P=2909
03-15 23:14:31.158  1779  2859 I PowerManagerService:  schedul eye detect nextTimeout: 2423948 now: 2402822 mRemainTime: 10000
03-15 23:14:31.215  2565  2755 I TrafficStatisticsBoosterPlugin: handleMessage, msg = 2
03-15 23:14:31.273  1779  2859 I PowerMS : acquire:L=244673837,F=0x1,T=RILJ_ACK_WL,N=com.android.phone,WS=null,U=1001,P=2909
03-15 23:14:31.273  1779  2859 I PowerManagerService:  schedul eye detect nextTimeout: 2423948 now: 2402937 mRemainTime: 10000
03-15 23:14:31.281  2565  2755 I Booster_ChannelQoeData: [dumpChannelData] Base:10233,0,0,-1,8 DNS:0,0,0 UID:1051 ChId:2 TcpData:0,0,0,0,0,0,0,0,0,0,0,0,0,0,0,0,0,0 UID:0 ChId:2 TcpData:0,0,0,0,0,0,0,0,0,0,0,0,0,0,0,0,0,0 UID:10233 ChId:2 TcpData:0,0,0,0,0,0,0,0,0,0,0,0,0,0,0,0,0,0 FastDecayData:1 AsymmetricLinkData:0
03-15 23:14:31.282  2565  2755 D BoosterUtil: convertSubIdToSlotId, subId invalid: -1
03-15 23:14:31.282  2565  2755 D BoosterUtil: getDefaultDataSlotId failed, invalid slotId:-1, subId:-1
03-15 23:14:31.282  2565  2755 D BoosterUtil: convertSubIdToSlotId, subId invalid: -1
03-15 23:14:31.282  2565  2755 D BoosterUtil: getDefaultDataSlotId failed, invalid slotId:-1, subId:-1
03-15 23:14:31.283  2565  2755 E Booster_BroadcastProxy: [isDebugModemEnabled]get package info fail.
03-15 23:14:31.283  2565  2755 I Booster_BroadcastProxy: [isDebugModemEnabled]mode: false
03-15 23:14:31.284  2565  2755 E Booster_NetworkQoeChr: [chrBlerMonitorAndReport]modemQoeData is not present
03-15 23:14:31.284  2565  2755 I Booster_NetworkQoeMonitor: [createQoeBundle]networkQoeChanged:10233,4,0,309,1,2,4,0,309,0,0,10,10,0,0,0,0,0,2,1024,1024
03-15 23:14:31.477  1779  3311 I PowerMS : release:L=244673837,F=0x0,T=RILJ_ACK_WL,N=com.android.phone,WS=null,U=1001,P=2909
03-15 23:14:31.478  1779  3311 I PowerManagerService:  schedul eye detect nextTimeout: 2423948 now: 2403141 mRemainTime: 10000
03-15 23:14:31.593  1779  3311 I PowerMS : acquire:L=244673837,F=0x1,T=RILJ_ACK_WL,N=com.android.phone,WS=null,U=1001,P=2909
03-15 23:14:31.593  1779  3311 I PowerManagerService:  schedul eye detect nextTimeout: 2423948 now: 2403257 mRemainTime: 10000
03-15 23:14:31.725  2565  4157 D HwCommBoosterService: reportBoosterPara enter
03-15 23:14:31.725  2565  4157 D HwCommBoosterManager: reportBoosterPara enter
03-15 23:14:31.725  2565  4157 D HwCommBoosterManager: pluginId: 2dataType:801
03-15 23:14:31.725  2565  2755 D HwCommBoosterManager: handleBoosterMessageSendModuleDataToPlugin enter
03-15 23:14:31.726  2565  2755 I Booster_ConfigManager: [handleReceiveAPModuleData]handleReceiveAPModuleData dataType = 801
03-15 23:14:31.798  1779  3311 I PowerMS : release:L=244673837,F=0x0,T=RILJ_ACK_WL,N=com.android.phone,WS=null,U=1001,P=2909
03-15 23:14:31.799  1779  3311 I PowerManagerService:  schedul eye detect nextTimeout: 2423948 now: 2403462 mRemainTime: 10000
03-15 23:14:31.913  1779  3311 I PowerMS : acquire:L=244673837,F=0x1,T=RILJ_ACK_WL,N=com.android.phone,WS=null,U=1001,P=2909
03-15 23:14:31.914  1779  3311 I PowerManagerService:  schedul eye detect nextTimeout: 2423948 now: 2403577 mRemainTime: 10000
03-15 23:14:31.924  2565  2755 I Booster_BoosterdDelegate: [handleMessage]handleMessage, enter
03-15 23:14:31.925  2565  2755 E Booster_BoosterdDelegate: [bindService]bindService start
03-15 23:14:31.925  2565  2755 E Booster_BoosterdDelegate: [getBoosterdNativeService]Failed to get boosterd native service
03-15 23:14:31.925  2565  2755 E Booster_BoosterdDelegate: [bindService]mService is null
03-15 23:14:31.925  2565  2755 I Booster_BoosterdDelegate: [startRebindServieTimer] startRebindServieTimer
03-15 23:14:32.121  1779  3311 I PowerMS : release:L=244673837,F=0x0,T=RILJ_ACK_WL,N=com.android.phone,WS=null,U=1001,P=2909
03-15 23:14:32.123  1779  3311 I PowerManagerService:  schedul eye detect nextTimeout: 2423948 now: 2403786 mRemainTime: 10000
03-15 23:14:32.234  1779  3311 I PowerMS : acquire:L=244673837,F=0x1,T=RILJ_ACK_WL,N=com.android.phone,WS=null,U=1001,P=2909
03-15 23:14:32.234  1779  3311 I PowerManagerService:  schedul eye detect nextTimeout: 2423948 now: 2403898 mRemainTime: 10000
03-15 23:14:32.306  2565  2755 I Booster_ChannelQoeData: [dumpChannelData] Base:10233,0,0,-1,8 DNS:0,0,0 UID:1051 ChId:2 TcpData:0,0,0,0,0,0,0,0,0,0,0,0,0,0,0,0,0,0 UID:0 ChId:2 TcpData:0,0,0,0,0,0,0,0,0,0,0,0,0,0,0,0,0,0 UID:10233 ChId:2 TcpData:0,0,0,0,0,0,0,0,0,0,0,0,0,0,0,0,0,0 FastDecayData:1 AsymmetricLinkData:0
03-15 23:14:32.307  2565  2755 D BoosterUtil: convertSubIdToSlotId, subId invalid: -1
03-15 23:14:32.307  2565  2755 D BoosterUtil: getDefaultDataSlotId failed, invalid slotId:-1, subId:-1
03-15 23:14:32.307  2565  2755 D BoosterUtil: convertSubIdToSlotId, subId invalid: -1
03-15 23:14:32.307  2565  2755 D BoosterUtil: getDefaultDataSlotId failed, invalid slotId:-1, subId:-1
03-15 23:14:32.309  2565  2755 E Booster_BroadcastProxy: [isDebugModemEnabled]get package info fail.
03-15 23:14:32.309  2565  2755 I Booster_BroadcastProxy: [isDebugModemEnabled]mode: false
03-15 23:14:32.310  2565  2755 E Booster_NetworkQoeChr: [chrBlerMonitorAndReport]modemQoeData is not present
03-15 23:14:32.310  2565  2755 I Booster_NetworkQoeMonitor: [createQoeBundle]networkQoeChanged:10233,4,0,309,1,2,4,0,309,0,0,10,10,0,0,0,0,0,2,1024,1024
03-15 23:14:32.333  1779  2097 I HwAmbientLuxFilterAlgo: t=2403994,lx=[698.4167/2402428, 698.8125/2402668, 698.75/2403028, 699.2917/2403395, 699.125/2403628, 698.9583/2403994],mLx=464.6,mOffLux=464.6,s=5.0,ss=1.3554594E-4,Avened=false,mPxs=false,mTPxs=false,mBLux=1177.05,mDlux=200.09601,backLux=0.0,mDt=1000,mBt=650
03-15 23:14:32.439  1779  3311 I PowerMS : release:L=244673837,F=0x0,T=RILJ_ACK_WL,N=com.android.phone,WS=null,U=1001,P=2909
03-15 23:14:32.440  1779  3311 I PowerManagerService:  schedul eye detect nextTimeout: 2423948 now: 2404104 mRemainTime: 10000
03-15 23:14:32.554  1779  3311 I PowerMS : acquire:L=244673837,F=0x1,T=RILJ_ACK_WL,N=com.android.phone,WS=null,U=1001,P=2909
03-15 23:14:32.554  1779  3311 I PowerManagerService:  schedul eye detect nextTimeout: 2423948 now: 2404218 mRemainTime: 10000
03-15 23:14:32.729  2565  4157 D HwCommBoosterService: reportBoosterPara enter
03-15 23:14:32.729  2565  4157 D HwCommBoosterManager: reportBoosterPara enter
03-15 23:14:32.729  2565  4157 D HwCommBoosterManager: pluginId: 2dataType:801
03-15 23:14:32.730  2565  2755 D HwCommBoosterManager: handleBoosterMessageSendModuleDataToPlugin enter
03-15 23:14:32.731  2565  2755 I Booster_ConfigManager: [handleReceiveAPModuleData]handleReceiveAPModuleData dataType = 801
03-15 23:14:32.758  1779  3311 I PowerMS : release:L=244673837,F=0x0,T=RILJ_ACK_WL,N=com.android.phone,WS=null,U=1001,P=2909
03-15 23:14:32.759  1779  3311 I PowerManagerService:  schedul eye detect nextTimeout: 2423948 now: 2404422 mRemainTime: 10000
03-15 23:14:32.872  1779  3311 I PowerMS : acquire:L=244673837,F=0x1,T=RILJ_ACK_WL,N=com.android.phone,WS=null,U=1001,P=2909
03-15 23:14:32.873  1779  3311 I PowerManagerService:  schedul eye detect nextTimeout: 2423948 now: 2404536 mRemainTime: 10000
03-15 23:14:33.078  1779  3311 I PowerMS : release:L=244673837,F=0x0,T=RILJ_ACK_WL,N=com.android.phone,WS=null,U=1001,P=2909
03-15 23:14:33.078  1779  3311 I PowerManagerService:  schedul eye detect nextTimeout: 2423948 now: 2404742 mRemainTime: 10000
03-15 23:14:33.193  1779  3311 I PowerMS : acquire:L=244673837,F=0x1,T=RILJ_ACK_WL,N=com.android.phone,WS=null,U=1001,P=2909
03-15 23:14:33.193  1779  3311 I PowerManagerService:  schedul eye detect nextTimeout: 2423948 now: 2404856 mRemainTime: 10000
03-15 23:14:33.333  2565  2755 I Booster_ChannelQoeData: [dumpChannelData] Base:10233,0,0,-1,8 DNS:0,0,0 UID:1051 ChId:2 TcpData:0,0,0,0,0,0,0,0,0,0,0,0,0,0,0,0,0,0 UID:0 ChId:2 TcpData:0,0,0,0,0,0,0,0,0,0,0,0,0,0,0,0,0,0 UID:10233 ChId:2 TcpData:0,0,0,0,0,0,0,0,0,0,0,0,0,0,0,0,0,0 FastDecayData:1 AsymmetricLinkData:0
03-15 23:14:33.334  2565  2755 D BoosterUtil: convertSubIdToSlotId, subId invalid: -1
03-15 23:14:33.334  2565  2755 D BoosterUtil: getDefaultDataSlotId failed, invalid slotId:-1, subId:-1
03-15 23:14:33.334  2565  2755 D BoosterUtil: convertSubIdToSlotId, subId invalid: -1
03-15 23:14:33.334  2565  2755 D BoosterUtil: getDefaultDataSlotId failed, invalid slotId:-1, subId:-1
03-15 23:14:33.335  2565  2755 E Booster_BroadcastProxy: [isDebugModemEnabled]get package info fail.
03-15 23:14:33.335  2565  2755 I Booster_BroadcastProxy: [isDebugModemEnabled]mode: false
03-15 23:14:33.336  2565  2755 E Booster_NetworkQoeChr: [chrBlerMonitorAndReport]modemQoeData is not present
03-15 23:14:33.336  2565  2755 I Booster_NetworkQoeMonitor: [createQoeBundle]networkQoeChanged:10233,4,0,309,1,2,4,0,309,0,0,10,10,0,0,0,0,0,2,1024,1024
03-15 23:14:33.397  1779  2859 I PowerMS : release:L=244673837,F=0x0,T=RILJ_ACK_WL,N=com.android.phone,WS=null,U=1001,P=2909
03-15 23:14:33.398  1779  2859 I PowerManagerService:  schedul eye detect nextTimeout: 2423948 now: 2405061 mRemainTime: 10000
03-15 23:14:33.513  1779  2859 I PowerMS : acquire:L=244673837,F=0x1,T=RILJ_ACK_WL,N=com.android.phone,WS=null,U=1001,P=2909
03-15 23:14:33.513  1779  2859 I PowerManagerService:  schedul eye detect nextTimeout: 2423948 now: 2405177 mRemainTime: 10000
03-15 23:14:33.717  1779  2859 I PowerMS : release:L=244673837,F=0x0,T=RILJ_ACK_WL,N=com.android.phone,WS=null,U=1001,P=2909
03-15 23:14:33.718  1779  2859 I PowerManagerService:  schedul eye detect nextTimeout: 2423948 now: 2405381 mRemainTime: 10000
03-15 23:14:33.733  2565  4157 D HwCommBoosterService: reportBoosterPara enter
03-15 23:14:33.733  2565  4157 D HwCommBoosterManager: reportBoosterPara enter
03-15 23:14:33.733  2565  4157 D HwCommBoosterManager: pluginId: 2dataType:801
03-15 23:14:33.733  2565  2755 D HwCommBoosterManager: handleBoosterMessageSendModuleDataToPlugin enter
03-15 23:14:33.734  2565  2755 I Booster_ConfigManager: [handleReceiveAPModuleData]handleReceiveAPModuleData dataType = 801
03-15 23:14:33.833  1779  2859 I PowerMS : acquire:L=244673837,F=0x1,T=RILJ_ACK_WL,N=com.android.phone,WS=null,U=1001,P=2909
03-15 23:14:33.833  1779  2859 I PowerManagerService:  schedul eye detect nextTimeout: 2423948 now: 2405497 mRemainTime: 10000
03-15 23:14:33.929  2565  2755 I Booster_BoosterdDelegate: [handleMessage]handleMessage, enter
03-15 23:14:33.929  2565  2755 E Booster_BoosterdDelegate: [bindService]bindService start
03-15 23:14:33.930  2565  2755 E Booster_BoosterdDelegate: [getBoosterdNativeService]Failed to get boosterd native service
03-15 23:14:33.930  2565  2755 E Booster_BoosterdDelegate: [bindService]mService is null
03-15 23:14:33.930  2565  2755 I Booster_BoosterdDelegate: [startRebindServieTimer] startRebindServieTimer
03-15 23:14:33.974  1779  1968 I HwBatteryService: power_ui state= 1 mQuickChargeStatus=1
03-15 23:14:33.974  1779  1968 I HwBatteryService: handleWirelessTxStatus
03-15 23:14:33.974  1779  1968 I HwBatteryService: switch not open, return, mWirelessTxFlag : 0
03-15 23:14:33.974  1779  1968 W HwBatteryService: need return. Invalid value: 0
03-15 23:14:33.974  1779  1968 D HwBatteryService: setHwChargeTimeRemaining, time = -1 String time: 0
03-15 23:14:33.974  1779  1968 I HwBatteryService: IS_WATCH : false
03-15 23:14:33.980  1779  2092 I BatteryService: Processing new values: info={.chargerAcOnline = false, .chargerUsbOnline = true, .chargerWirelessOnline = false, .maxChargingCurrent = 500000, .maxChargingVoltage = 5053000, .batteryStatus = CHARGING, .batteryHealth = GOOD, .batteryPresent = true, .batteryLevel = 51, .batteryVoltage = 3912, .batteryTemperature = 310, .batteryCurrent = 165, .batteryCycleCount = 44, .batteryFullCharge = 5428, .batteryChargeCounter = 2773758, .batteryTechnology = Li-poly}, mBatteryLevelCritical=false, mPlugType=2, batteryStatus=2
03-15 23:14:33.981  1779  2092 E BatteryService: no autopoweroff in settings
03-15 23:14:34.042  1779  2859 I PowerMS : release:L=244673837,F=0x0,T=RILJ_ACK_WL,N=com.android.phone,WS=null,U=1001,P=2909
03-15 23:14:34.042  1779  2859 I PowerManagerService:  schedul eye detect nextTimeout: 2423948 now: 2405706 mRemainTime: 10000
03-15 23:14:34.216  2565  2755 I TrafficStatisticsBoosterPlugin: handleMessage, msg = 2
03-15 23:14:34.361  2565  2755 I Booster_ChannelQoeData: [dumpChannelData] Base:10233,0,0,-1,8 DNS:0,0,0 UID:1051 ChId:2 TcpData:0,0,0,0,0,0,0,0,0,0,0,0,0,0,0,0,0,0 UID:0 ChId:2 TcpData:0,0,0,0,0,0,0,0,0,0,0,0,0,0,0,0,0,0 UID:10233 ChId:2 TcpData:0,0,0,0,0,0,0,0,0,0,0,0,0,0,0,0,0,0 FastDecayData:1 AsymmetricLinkData:0
03-15 23:14:34.363  2565  2755 D BoosterUtil: convertSubIdToSlotId, subId invalid: -1
03-15 23:14:34.363  2565  2755 D BoosterUtil: getDefaultDataSlotId failed, invalid slotId:-1, subId:-1
03-15 23:14:34.363  2565  2755 D BoosterUtil: convertSubIdToSlotId, subId invalid: -1
03-15 23:14:34.364  2565  2755 D BoosterUtil: getDefaultDataSlotId failed, invalid slotId:-1, subId:-1
03-15 23:14:34.366  2565  2755 E Booster_BroadcastProxy: [isDebugModemEnabled]get package info fail.
03-15 23:14:34.366  2565  2755 I Booster_BroadcastProxy: [isDebugModemEnabled]mode: false
03-15 23:14:34.368  2565  2755 E Booster_NetworkQoeChr: [chrBlerMonitorAndReport]modemQoeData is not present
03-15 23:14:34.369  2565  2755 I Booster_NetworkQoeMonitor: [createQoeBundle]networkQoeChanged:10233,4,0,309,1,2,4,0,309,0,0,10,10,0,0,0,0,0,2,1024,1024
03-15 23:14:34.441  1779  2097 I HwAmbientLuxFilterAlgo: t=2406030,lx=[698.0417/2404594, 698.0625/2404828, 698.0833/2405194, 698.9375/2405429, 698.1667/2405794, 699.0/2406030],mLx=464.6,mOffLux=464.6,s=5.0,ss=1.3617707E-4,Avened=false,mPxs=false,mTPxs=false,mBLux=1177.05,mDlux=200.09601,backLux=0.0,mDt=1000,mBt=650
03-15 23:14:34.474  1779  2859 I PowerMS : acquire:L=244673837,F=0x1,T=RILJ_ACK_WL,N=com.android.phone,WS=null,U=1001,P=2909
03-15 23:14:34.477  1779  2859 I PowerManagerService:  schedul eye detect nextTimeout: 2423948 now: 2406138 mRemainTime: 10000
03-15 23:14:34.681  1779  2859 I PowerMS : release:L=244673837,F=0x0,T=RILJ_ACK_WL,N=com.android.phone,WS=null,U=1001,P=2909
03-15 23:14:34.682  1779  2859 I PowerManagerService:  schedul eye detect nextTimeout: 2423948 now: 2406345 mRemainTime: 10000
03-15 23:14:34.737  2565  4157 D HwCommBoosterService: reportBoosterPara enter
03-15 23:14:34.737  2565  4157 D HwCommBoosterManager: reportBoosterPara enter
03-15 23:14:34.737  2565  4157 D HwCommBoosterManager: pluginId: 2dataType:801
03-15 23:14:34.737  2565  2755 D HwCommBoosterManager: handleBoosterMessageSendModuleDataToPlugin enter
03-15 23:14:34.738  2565  2755 I Booster_ConfigManager: [handleReceiveAPModuleData]handleReceiveAPModuleData dataType = 801
03-15 23:14:34.793  1779  2859 I PowerMS : acquire:L=244673837,F=0x1,T=RILJ_ACK_WL,N=com.android.phone,WS=null,U=1001,P=2909
03-15 23:14:34.793  1779  2859 I PowerManagerService:  schedul eye detect nextTimeout: 2423948 now: 2406457 mRemainTime: 10000
03-15 23:14:34.998  1779  3311 I PowerMS : release:L=244673837,F=0x0,T=RILJ_ACK_WL,N=com.android.phone,WS=null,U=1001,P=2909
03-15 23:14:35.000  1779  3311 I PowerManagerService:  schedul eye detect nextTimeout: 2423948 now: 2406663 mRemainTime: 10000
03-15 23:14:35.377  2565  2755 I Booster_ChannelQoeData: [dumpChannelData] Base:10233,0,0,-1,8 DNS:0,0,0 UID:1051 ChId:2 TcpData:0,0,0,0,0,0,0,0,0,0,0,0,0,0,0,0,0,0 UID:0 ChId:2 TcpData:0,0,0,0,0,0,0,0,0,0,0,0,0,0,0,0,0,0 UID:10233 ChId:2 TcpData:0,0,0,0,0,0,0,0,0,0,0,0,0,0,0,0,0,0 FastDecayData:1 AsymmetricLinkData:0
03-15 23:14:35.378  2565  2755 D BoosterUtil: convertSubIdToSlotId, subId invalid: -1
03-15 23:14:35.378  2565  2755 D BoosterUtil: getDefaultDataSlotId failed, invalid slotId:-1, subId:-1
03-15 23:14:35.378  2565  2755 D BoosterUtil: convertSubIdToSlotId, subId invalid: -1
03-15 23:14:35.378  2565  2755 D BoosterUtil: getDefaultDataSlotId failed, invalid slotId:-1, subId:-1
03-15 23:14:35.379  2565  2755 E Booster_BroadcastProxy: [isDebugModemEnabled]get package info fail.
03-15 23:14:35.379  2565  2755 I Booster_BroadcastProxy: [isDebugModemEnabled]mode: false
03-15 23:14:35.379  2565  2755 E Booster_NetworkQoeChr: [chrBlerMonitorAndReport]modemQoeData is not present
03-15 23:14:35.379  2565  2755 I Booster_NetworkQoeMonitor: [createQoeBundle]networkQoeChanged:10233,4,0,309,1,2,4,0,309,0,0,10,10,0,0,0,0,0,2,1024,1024
03-15 23:14:35.434  1779  3311 I PowerMS : acquire:L=244673837,F=0x1,T=RILJ_ACK_WL,N=com.android.phone,WS=null,U=1001,P=2909
03-15 23:14:35.434  1779  3311 I PowerManagerService:  schedul eye detect nextTimeout: 2423948 now: 2407098 mRemainTime: 10000
03-15 23:14:35.639  1779  3311 I PowerMS : release:L=244673837,F=0x0,T=RILJ_ACK_WL,N=com.android.phone,WS=null,U=1001,P=2909
03-15 23:14:35.639  1779  3311 I PowerManagerService:  schedul eye detect nextTimeout: 2423948 now: 2407303 mRemainTime: 10000
03-15 23:14:35.741  2565  4157 D HwCommBoosterService: reportBoosterPara enter
03-15 23:14:35.741  2565  4157 D HwCommBoosterManager: reportBoosterPara enter
03-15 23:14:35.741  2565  4157 D HwCommBoosterManager: pluginId: 2dataType:801
03-15 23:14:35.741  2565  2755 D HwCommBoosterManager: handleBoosterMessageSendModuleDataToPlugin enter
03-15 23:14:35.742  2565  2755 I Booster_ConfigManager: [handleReceiveAPModuleData]handleReceiveAPModuleData dataType = 801
03-15 23:14:35.753  1779  3311 I PowerMS : acquire:L=244673837,F=0x1,T=RILJ_ACK_WL,N=com.android.phone,WS=null,U=1001,P=2909
03-15 23:14:35.753  1779  3311 I PowerManagerService:  schedul eye detect nextTimeout: 2423948 now: 2407416 mRemainTime: 10000
03-15 23:14:35.823  1779  2092 I BatteryService: Processing new values: info={.chargerAcOnline = false, .chargerUsbOnline = true, .chargerWirelessOnline = false, .maxChargingCurrent = 500000, .maxChargingVoltage = 5047000, .batteryStatus = CHARGING, .batteryHealth = GOOD, .batteryPresent = true, .batteryLevel = 51, .batteryVoltage = 3911, .batteryTemperature = 310, .batteryCurrent = 146, .batteryCycleCount = 44, .batteryFullCharge = 5428, .batteryChargeCounter = 2773838, .batteryTechnology = Li-poly}, mBatteryLevelCritical=false, mPlugType=2, batteryStatus=2
03-15 23:14:35.823  1779  2092 E BatteryService: no autopoweroff in settings
03-15 23:14:35.933  2565  2755 I Booster_BoosterdDelegate: [handleMessage]handleMessage, enter
03-15 23:14:35.934  2565  2755 E Booster_BoosterdDelegate: [bindService]bindService start
03-15 23:14:35.934  2565  2755 E Booster_BoosterdDelegate: [getBoosterdNativeService]Failed to get boosterd native service
03-15 23:14:35.935  2565  2755 E Booster_BoosterdDelegate: [bindService]mService is null
03-15 23:14:35.935  2565  2755 I Booster_BoosterdDelegate: [startRebindServieTimer] startRebindServieTimer
03-15 23:14:35.958  1779  3311 I PowerMS : release:L=244673837,F=0x0,T=RILJ_ACK_WL,N=com.android.phone,WS=null,U=1001,P=2909
03-15 23:14:35.958  1779  3311 I PowerManagerService:  schedul eye detect nextTimeout: 2423948 now: 2407622 mRemainTime: 10000
03-15 23:14:36.073  1779  3311 I PowerMS : acquire:L=244673837,F=0x1,T=RILJ_ACK_WL,N=com.android.phone,WS=null,U=1001,P=2909
03-15 23:14:36.074  1779  3311 I PowerManagerService:  schedul eye detect nextTimeout: 2423948 now: 2407737 mRemainTime: 10000
03-15 23:14:36.277  1779  3311 I PowerMS : release:L=244673837,F=0x0,T=RILJ_ACK_WL,N=com.android.phone,WS=null,U=1001,P=2909
03-15 23:14:36.278  1779  3311 I PowerManagerService:  schedul eye detect nextTimeout: 2423948 now: 2407941 mRemainTime: 10000
03-15 23:14:36.394  1779  3311 I PowerMS : acquire:L=244673837,F=0x1,T=RILJ_ACK_WL,N=com.android.phone,WS=null,U=1001,P=2909
03-15 23:14:36.394  1779  3311 I PowerManagerService:  schedul eye detect nextTimeout: 2423948 now: 2408058 mRemainTime: 10000
03-15 23:14:36.404  2565  2755 I Booster_ChannelQoeData: [dumpChannelData] Base:10233,0,0,-1,8 DNS:0,0,0 UID:1051 ChId:2 TcpData:0,0,0,0,0,0,0,0,0,0,0,0,0,0,0,0,0,0 UID:0 ChId:2 TcpData:0,0,0,0,0,0,0,0,0,0,0,0,0,0,0,0,0,0 UID:10233 ChId:2 TcpData:0,0,0,0,0,0,0,0,0,0,0,0,0,0,0,0,0,0 FastDecayData:1 AsymmetricLinkData:0
03-15 23:14:36.406  2565  2755 D BoosterUtil: convertSubIdToSlotId, subId invalid: -1
03-15 23:14:36.406  2565  2755 D BoosterUtil: getDefaultDataSlotId failed, invalid slotId:-1, subId:-1
03-15 23:14:36.406  2565  2755 D BoosterUtil: convertSubIdToSlotId, subId invalid: -1
03-15 23:14:36.406  2565  2755 D BoosterUtil: getDefaultDataSlotId failed, invalid slotId:-1, subId:-1
03-15 23:14:36.408  2565  2755 E Booster_BroadcastProxy: [isDebugModemEnabled]get package info fail.
03-15 23:14:36.408  2565  2755 I Booster_BroadcastProxy: [isDebugModemEnabled]mode: false
03-15 23:14:36.409  2565  2755 E Booster_NetworkQoeChr: [chrBlerMonitorAndReport]modemQoeData is not present
03-15 23:14:36.409  2565  2755 I Booster_NetworkQoeMonitor: [createQoeBundle]networkQoeChanged:10233,4,0,309,1,2,4,0,309,0,0,10,10,0,0,0,0,0,2,1024,1024
03-15 23:14:36.549  1779  2097 I HwAmbientLuxFilterAlgo: t=2408194,lx=[698.0625/2406628, 698.4583/2406994, 698.875/2407228, 698.125/2407594, 697.875/2407828, 698.2083/2408194],mLx=464.6,mOffLux=464.6,s=5.0,ss=3.3970628E-4,Avened=false,mPxs=false,mTPxs=false,mBLux=1177.05,mDlux=200.09601,backLux=0.0,mDt=1000,mBt=650
03-15 23:14:36.601  1779  3311 I PowerMS : release:L=244673837,F=0x0,T=RILJ_ACK_WL,N=com.android.phone,WS=null,U=1001,P=2909
03-15 23:14:36.601  1779  3311 I PowerManagerService:  schedul eye detect nextTimeout: 2423948 now: 2408265 mRemainTime: 10000
03-15 23:14:36.713  1779  3311 I PowerMS : acquire:L=244673837,F=0x1,T=RILJ_ACK_WL,N=com.android.phone,WS=null,U=1001,P=2909
03-15 23:14:36.713  1779  3311 I PowerManagerService:  schedul eye detect nextTimeout: 2423948 now: 2408377 mRemainTime: 10000
03-15 23:14:36.746  2565  4157 D HwCommBoosterService: reportBoosterPara enter
03-15 23:14:36.746  2565  4157 D HwCommBoosterManager: reportBoosterPara enter
03-15 23:14:36.746  2565  4157 D HwCommBoosterManager: pluginId: 2dataType:801
03-15 23:14:36.746  2565  2755 D HwCommBoosterManager: handleBoosterMessageSendModuleDataToPlugin enter
03-15 23:14:36.748  2565  2755 I Booster_ConfigManager: [handleReceiveAPModuleData]handleReceiveAPModuleData dataType = 801
03-15 23:14:36.917  1779  3311 I PowerMS : release:L=244673837,F=0x0,T=RILJ_ACK_WL,N=com.android.phone,WS=null,U=1001,P=2909
03-15 23:14:36.918  1779  3311 I PowerManagerService:  schedul eye detect nextTimeout: 2423948 now: 2408581 mRemainTime: 10000
03-15 23:14:37.033  1779  3311 I PowerMS : acquire:L=244673837,F=0x1,T=RILJ_ACK_WL,N=com.android.phone,WS=null,U=1001,P=2909
03-15 23:14:37.033  1779  3311 I PowerManagerService:  schedul eye detect nextTimeout: 2423948 now: 2408696 mRemainTime: 10000
03-15 23:14:37.218  2565  2755 I TrafficStatisticsBoosterPlugin: handleMessage, msg = 2
03-15 23:14:37.237  1779  3311 I PowerMS : release:L=244673837,F=0x0,T=RILJ_ACK_WL,N=com.android.phone,WS=null,U=1001,P=2909
03-15 23:14:37.238  1779  3311 I PowerManagerService:  schedul eye detect nextTimeout: 2423948 now: 2408901 mRemainTime: 10000
03-15 23:14:37.426  2565  2755 I Booster_ChannelQoeData: [dumpChannelData] Base:10233,0,0,-1,8 DNS:0,0,0 UID:1051 ChId:2 TcpData:0,0,0,0,0,0,0,0,0,0,0,0,0,0,0,0,0,0 UID:0 ChId:2 TcpData:0,0,0,0,0,0,0,0,0,0,0,0,0,0,0,0,0,0 UID:10233 ChId:2 TcpData:0,0,0,0,0,0,0,0,0,0,0,0,0,0,0,0,0,0 FastDecayData:1 AsymmetricLinkData:0
03-15 23:14:37.427  2565  2755 D BoosterUtil: convertSubIdToSlotId, subId invalid: -1
03-15 23:14:37.427  2565  2755 D BoosterUtil: getDefaultDataSlotId failed, invalid slotId:-1, subId:-1
03-15 23:14:37.427  2565  2755 D BoosterUtil: convertSubIdToSlotId, subId invalid: -1
03-15 23:14:37.427  2565  2755 D BoosterUtil: getDefaultDataSlotId failed, invalid slotId:-1, subId:-1
03-15 23:14:37.429  2565  2755 E Booster_BroadcastProxy: [isDebugModemEnabled]get package info fail.
03-15 23:14:37.429  2565  2755 I Booster_BroadcastProxy: [isDebugModemEnabled]mode: false
03-15 23:14:37.430  2565  2755 E Booster_NetworkQoeChr: [chrBlerMonitorAndReport]modemQoeData is not present
03-15 23:14:37.430  2565  2755 I Booster_NetworkQoeMonitor: [createQoeBundle]networkQoeChanged:10233,4,0,309,1,2,4,0,309,0,0,10,10,0,0,0,0,0,2,1024,1024
03-15 23:14:37.641  2565  2755 I Sa2T1TSettingManager: handleMessage: 2135097355
03-15 23:14:37.641  2565  2755 I Sa2T1TSettingManager: SpeedTesting status same returnfalse
03-15 23:14:37.749  2565  4157 D HwCommBoosterService: reportBoosterPara enter
03-15 23:14:37.749  2565  4157 D HwCommBoosterManager: reportBoosterPara enter
03-15 23:14:37.749  2565  4157 D HwCommBoosterManager: pluginId: 2dataType:801
03-15 23:14:37.750  2565  2755 D HwCommBoosterManager: handleBoosterMessageSendModuleDataToPlugin enter
03-15 23:14:37.751  2565  2755 I Booster_ConfigManager: [handleReceiveAPModuleData]handleReceiveAPModuleData dataType = 801
03-15 23:14:37.936  2565  2755 I Booster_BoosterdDelegate: [handleMessage]handleMessage, enter
03-15 23:14:37.937  2565  2755 E Booster_BoosterdDelegate: [bindService]bindService start
03-15 23:14:37.937  2565  2755 E Booster_BoosterdDelegate: [getBoosterdNativeService]Failed to get boosterd native service
03-15 23:14:37.937  2565  2755 E Booster_BoosterdDelegate: [bindService]mService is null
03-15 23:14:37.937  2565  2755 I Booster_BoosterdDelegate: [startRebindServieTimer] startRebindServieTimer
03-15 23:14:38.315  1779  2391 I PowerMS : acquire:L=244673837,F=0x1,T=RILJ_ACK_WL,N=com.android.phone,WS=null,U=1001,P=2909
03-15 23:14:38.315  1779  2391 I PowerManagerService:  schedul eye detect nextTimeout: 2423948 now: 2409978 mRemainTime: 10000
03-15 23:14:38.453  2565  2755 I Booster_ChannelQoeData: [dumpChannelData] Base:10233,0,0,-1,8 DNS:0,0,0 UID:1051 ChId:2 TcpData:0,0,0,0,0,0,0,0,0,0,0,0,0,0,0,0,0,0 UID:0 ChId:2 TcpData:0,0,0,0,0,0,0,0,0,0,0,0,0,0,0,0,0,0 UID:10233 ChId:2 TcpData:0,0,0,0,0,0,0,0,0,0,0,0,0,0,0,0,0,0 FastDecayData:1 AsymmetricLinkData:0
03-15 23:14:38.454  2565  2755 D BoosterUtil: convertSubIdToSlotId, subId invalid: -1
03-15 23:14:38.454  2565  2755 D BoosterUtil: getDefaultDataSlotId failed, invalid slotId:-1, subId:-1
03-15 23:14:38.454  2565  2755 D BoosterUtil: convertSubIdToSlotId, subId invalid: -1
03-15 23:14:38.454  2565  2755 D BoosterUtil: getDefaultDataSlotId failed, invalid slotId:-1, subId:-1
03-15 23:14:38.455  2565  2755 E Booster_BroadcastProxy: [isDebugModemEnabled]get package info fail.
03-15 23:14:38.455  2565  2755 I Booster_BroadcastProxy: [isDebugModemEnabled]mode: false
03-15 23:14:38.456  2565  2755 E Booster_NetworkQoeChr: [chrBlerMonitorAndReport]modemQoeData is not present
03-15 23:14:38.456  2565  2755 I Booster_NetworkQoeMonitor: [createQoeBundle]networkQoeChanged:10233,4,0,309,1,2,4,0,309,0,0,10,10,0,0,0,0,0,2,1024,1024
03-15 23:14:38.521  1779  2391 I PowerMS : release:L=244673837,F=0x0,T=RILJ_ACK_WL,N=com.android.phone,WS=null,U=1001,P=2909
03-15 23:14:38.521  1779  2391 I PowerManagerService:  schedul eye detect nextTimeout: 2423948 now: 2410185 mRemainTime: 10000
03-15 23:14:38.634  1779  2391 I PowerMS : acquire:L=244673837,F=0x1,T=RILJ_ACK_WL,N=com.android.phone,WS=null,U=1001,P=2909
03-15 23:14:38.635  1779  2391 I PowerManagerService:  schedul eye detect nextTimeout: 2423948 now: 2410298 mRemainTime: 10000
03-15 23:14:38.655  1779  2097 I HwAmbientLuxFilterAlgo: t=2410228,lx=[698.0833/2408794, 697.6875/2409028, 698.0417/2409394, 698.4375/2409628, 698.0/2409993, 698.125/2410228],mLx=464.6,mOffLux=464.6,s=5.0,ss=7.017086E-4,Avened=false,mPxs=false,mTPxs=false,mBLux=1177.05,mDlux=200.09601,backLux=0.0,mDt=1000,mBt=650
03-15 23:14:38.748  1779  1858 I Watchdog: waitTime 30000 timeout 0
03-15 23:14:38.753  2565  4157 D HwCommBoosterService: reportBoosterPara enter
03-15 23:14:38.753  2565  4157 D HwCommBoosterManager: reportBoosterPara enter
03-15 23:14:38.753  2565  4157 D HwCommBoosterManager: pluginId: 2dataType:801
03-15 23:14:38.753  2565  2755 D HwCommBoosterManager: handleBoosterMessageSendModuleDataToPlugin enter
03-15 23:14:38.754  2565  2755 I Booster_ConfigManager: [handleReceiveAPModuleData]handleReceiveAPModuleData dataType = 801
03-15 23:14:38.841  1779  2391 I PowerMS : release:L=244673837,F=0x0,T=RILJ_ACK_WL,N=com.android.phone,WS=null,U=1001,P=2909
03-15 23:14:38.841  1779  2391 I PowerManagerService:  schedul eye detect nextTimeout: 2423948 now: 2410505 mRemainTime: 10000
03-15 23:14:38.953  1779  2391 I PowerMS : acquire:L=244673837,F=0x1,T=RILJ_ACK_WL,N=com.android.phone,WS=null,U=1001,P=2909
03-15 23:14:38.953  1779  2391 I PowerManagerService:  schedul eye detect nextTimeout: 2423948 now: 2410617 mRemainTime: 10000
03-15 23:14:39.095  1779  1869 I HwSystemMemoryUtils: system_server : Total pss is 589887, mLock is 128151, max hprof mem is 0 | 0
03-15 23:14:39.095  1779  1869 I HwSystemMemoryUtils: Element Pss Total(KB) | Element SwapPasss Dirty(KB)
03-15 23:14:39.095  1779  1869 I HwSystemMemoryUtils: Native Heap: 164950 | 20
03-15 23:14:39.095  1779  1869 I HwSystemMemoryUtils: Dalvik Heap: 64551 | 0
03-15 23:14:39.095  1779  1869 I HwSystemMemoryUtils: Dalvik Other: 17578 | 0
03-15 23:14:39.095  1779  1869 I HwSystemMemoryUtils: Stack: 7956 | 0
03-15 23:14:39.095  1779  1869 I HwSystemMemoryUtils: Ashmem: 2234 | 0
03-15 23:14:39.095  1779  1869 I HwSystemMemoryUtils: Other dev: 355 | 0
03-15 23:14:39.095  1779  1869 I HwSystemMemoryUtils: .so mmap: 62472 | 0
03-15 23:14:39.095  1779  1869 I HwSystemMemoryUtils: .jar mmap: 68143 | 0
03-15 23:14:39.095  1779  1869 I HwSystemMemoryUtils: .apk mmap: 50262 | 0
03-15 23:14:39.095  1779  1869 I HwSystemMemoryUtils: .ttf mmap: 11593 | 0
03-15 23:14:39.095  1779  1869 I HwSystemMemoryUtils: .dex mmap: 76184 | 0
03-15 23:14:39.095  1779  1869 I HwSystemMemoryUtils: .oat mmap: 11659 | 0
03-15 23:14:39.095  1779  1869 I HwSystemMemoryUtils: .art mmap: 15884 | 0
03-15 23:14:39.095  1779  1869 I HwSystemMemoryUtils: Other mmap: 11070 | 0
03-15 23:14:39.095  1779  1869 I HwSystemMemoryUtils: GL mtrack: 20748 | 0
03-15 23:14:39.095  1779  1869 I HwSystemMemoryUtils: Unknown: 4228 | 0
03-15 23:14:39.095  1779  1869 E HwSystemMemoryUtils: startWindowCache in system_server memory dump: ----StartWindowCache Meminfo--------------[in bytes]
03-15 23:14:39.095  1779  1869 E HwSystemMemoryUtils: TotalSize: 0
03-15 23:14:39.095  1779  1869 E HwSystemMemoryUtils: SumCache: 0
03-15 23:14:39.095  1779  1869 E HwSystemMemoryUtils: -------------------------------------cache-hit----0
03-15 23:14:39.095  1779  1869 E HwSystemMemoryUtils: mm_decision_info file not exists
03-15 23:14:39.095  1779  1869 E HwSystemMemoryUtils: decisionInfo is null
03-15 23:14:39.095  1779  1869 E HwSystemMemoryUtils: get dma heap page num failed
03-15 23:14:39.095  1779  1869 W Looper  : Slow dispatch took 211ms TaskFwk:TaskSchedulerWORKER h=android.os.task.SysTaskHandler$1 c=null m=23
03-15 23:14:39.157  1779  2391 I PowerMS : release:L=244673837,F=0x0,T=RILJ_ACK_WL,N=com.android.phone,WS=null,U=1001,P=2909
03-15 23:14:39.158  1779  2391 I PowerManagerService:  schedul eye detect nextTimeout: 2423948 now: 2410821 mRemainTime: 10000
03-15 23:14:39.478  2565  2755 I Booster_ChannelQoeData: [dumpChannelData] Base:10233,0,0,-1,8 DNS:0,0,0 UID:1051 ChId:2 TcpData:0,0,0,0,0,0,0,0,0,0,0,0,0,0,0,0,0,0 UID:0 ChId:2 TcpData:0,0,0,0,0,0,0,0,0,0,0,0,0,0,0,0,0,0 UID:10233 ChId:2 TcpData:0,0,0,0,0,0,0,0,0,0,0,0,0,0,0,0,0,0 FastDecayData:1 AsymmetricLinkData:0
03-15 23:14:39.479  2565  2755 D BoosterUtil: convertSubIdToSlotId, subId invalid: -1
03-15 23:14:39.479  2565  2755 D BoosterUtil: getDefaultDataSlotId failed, invalid slotId:-1, subId:-1
03-15 23:14:39.479  2565  2755 D BoosterUtil: convertSubIdToSlotId, subId invalid: -1
03-15 23:14:39.479  2565  2755 D BoosterUtil: getDefaultDataSlotId failed, invalid slotId:-1, subId:-1
03-15 23:14:39.480  2565  2755 E Booster_BroadcastProxy: [isDebugModemEnabled]get package info fail.
03-15 23:14:39.481  2565  2755 I Booster_BroadcastProxy: [isDebugModemEnabled]mode: false
03-15 23:14:39.481  2565  2755 E Booster_NetworkQoeChr: [chrBlerMonitorAndReport]modemQoeData is not present
03-15 23:14:39.481  2565  2755 I Booster_NetworkQoeMonitor: [createQoeBundle]networkQoeChanged:10233,4,0,309,1,2,4,0,309,0,0,10,10,0,0,0,0,0,2,1024,1024
03-15 23:14:39.757  2565  4157 D HwCommBoosterService: reportBoosterPara enter
03-15 23:14:39.757  2565  4157 D HwCommBoosterManager: reportBoosterPara enter
03-15 23:14:39.757  2565  4157 D HwCommBoosterManager: pluginId: 2dataType:801
03-15 23:14:39.757  2565  2755 D HwCommBoosterManager: handleBoosterMessageSendModuleDataToPlugin enter
03-15 23:14:39.758  2565  2755 I Booster_ConfigManager: [handleReceiveAPModuleData]handleReceiveAPModuleData dataType = 801
03-15 23:14:39.807  1779  1994 I AlarmManager: Alarm triggering (type 0 or 2): [Alarm{5dfb35e type 0 origWhen 1773587679806 whenElapsed 2411470 PendingIntent{987d402: PendingIntentRecord{db32c38 android broadcastIntent}} android procName com.huawei.android.pushagent.PushService}]
03-15 23:14:39.807  1779  1994 I AlarmManager: sending alarm Alarm{5dfb35e type 0 origWhen 1773587679806 whenElapsed 2411470 PendingIntent{987d402: PendingIntentRecord{db32c38 android broadcastIntent}} android procName com.huawei.android.pushagent.PushService},repeatInterval = 0,listenerTag =null
03-15 23:14:39.807  1779  1994 I ActivityManager: sendIntentSender target:PendingIntentRecord{db32c38 android broadcastIntent}, intent:flg=0x4 hwFlg=0x810
03-15 23:14:39.808  1779  1994 I ActivityManager_broadcast: sendBroadcast,caller:android,act:com.huawei.push.alarm.HEARTBEAT,usr:[0],rep:false,ord:true,cmp:false,mftNum:0,rgtNum:1
03-15 23:14:39.808  1779  1994 I ActivityManager: SendInner finish:PendingIntentRecord{db32c38 android broadcastIntent} finalIntent:Intent { act=com.huawei.push.alarm.HEARTBEAT hwFlg=0x100 pkg=android (has extras) } type:1 callinguid:1000 reslut:0
03-15 23:14:39.809  1779  1994 D AlarmManager: mBroadcastRefCount -> 1
03-15 23:14:39.809  1779  1994 I PowerMS : acquire:L=49744844,F=0x1,T=*alarm*,N=android,WS=WorkSource{1000},U=1000,P=1779
03-15 23:14:39.809  1779  1994 I PowerManagerService:  schedul eye detect nextTimeout: 2423948 now: 2411473 mRemainTime: 10000
03-15 23:14:39.809  1779  1871 D ActivityManager: beginTime 2005123 endTime 2411473 freezeTime 0
03-15 23:14:39.809  1779  1871 D ActivityManager: beginTime 40924 endTime 2411473 freezeTime 0
03-15 23:14:39.810  1779  1871 D ActivityManager: beginTime 19647 endTime 2411473 freezeTime 0
03-15 23:14:39.810  1779  1871 D ActivityManager: beginTime 31819 endTime 2411473 freezeTime 0
03-15 23:14:39.810  1779  1871 D ActivityManager: beginTime 33844 endTime 2411473 freezeTime 0
03-15 23:14:39.810  1779  1871 D ActivityManager: beginTime 441153 endTime 2411473 freezeTime 0
03-15 23:14:39.810  1779  1871 D ActivityManager: beginTime 1263953 endTime 2411473 freezeTime 0
03-15 23:14:39.810  1779  1871 D ActivityManager: beginTime 1235719 endTime 2411473 freezeTime 0
03-15 23:14:39.810  1779  1871 D ActivityManager: beginTime 58736 endTime 2411473 freezeTime 0
03-15 23:14:39.810  1779  1871 D ActivityManager: beginTime 32174 endTime 2411473 freezeTime 0
03-15 23:14:39.810  1779  1871 D ActivityManager: beginTime 26454 endTime 2411473 freezeTime 0
03-15 23:14:39.810  1779  1871 D ActivityManager: beginTime 2285060 endTime 2411473 freezeTime 0
03-15 23:14:39.810  1779  1871 D ActivityManager: beginTime 919364 endTime 2411473 freezeTime 0
03-15 23:14:39.810  1779  1871 D ActivityManager: beginTime 40130 endTime 2411473 freezeTime 0
03-15 23:14:39.810  1779  1871 D ActivityManager: beginTime 1264548 endTime 2411473 freezeTime 0
03-15 23:14:39.811  1779  1871 D ActivityManager: beginTime 28419 endTime 2411473 freezeTime 0
03-15 23:14:39.811  1779  1871 D ActivityManager: beginTime 1358708 endTime 2411473 freezeTime 0
03-15 23:14:39.811  1779  1871 D ActivityManager: beginTime 612408 endTime 2411473 freezeTime 0
03-15 23:14:39.811  1779  1871 D ActivityManager: beginTime 1363400 endTime 2411473 freezeTime 0
03-15 23:14:39.811  1779  1871 D ActivityManager: beginTime 2284245 endTime 2411473 freezeTime 0
03-15 23:14:39.811  1779  1871 D ActivityManager: beginTime 1236017 endTime 2411473 freezeTime 0
03-15 23:14:39.811  1779  1871 D ActivityManager: beginTime 397551 endTime 2411473 freezeTime 0
03-15 23:14:39.811  1779  1871 D ActivityManager: beginTime 454109 endTime 2411473 freezeTime 0
03-15 23:14:39.811  1779  1871 D ActivityManager: beginTime 1244943 endTime 2411473 freezeTime 0
03-15 23:14:39.811  1779  1871 D ActivityManager: beginTime 1204803 endTime 2411473 freezeTime 0
03-15 23:14:39.811  1779  1871 D ActivityManager: beginTime 1264429 endTime 2411473 freezeTime 0
03-15 23:14:39.811  1779  1871 D ActivityManager: beginTime 23842 endTime 2411473 freezeTime 0
03-15 23:14:39.811  1779  1871 D ActivityManager: beginTime 23847 endTime 2411473 freezeTime 0
03-15 23:14:39.811  1779  1871 D ActivityManager: beginTime 1230078 endTime 2411473 freezeTime 0
03-15 23:14:39.811  1779  1871 D ActivityManager: beginTime 16618 endTime 2411473 freezeTime 0
03-15 23:14:39.812  1779  1871 D ActivityManager: beginTime 1229777 endTime 2411473 freezeTime 0
03-15 23:14:39.812  1779  1871 D ActivityManager: beginTime 16001 endTime 2411473 freezeTime 0
03-15 23:14:39.812  1779  1871 D ActivityManager: beginTime 23862 endTime 2411473 freezeTime 0
03-15 23:14:39.812  1779  1871 D ActivityManager: beginTime 2253585 endTime 2411473 freezeTime 0
03-15 23:14:39.812  1779  1871 D ActivityManager: beginTime 1273257 endTime 2411473 freezeTime 0
03-15 23:14:39.812  1779  1871 D ActivityManager: beginTime 2284356 endTime 2411473 freezeTime 0
03-15 23:14:39.812  1779  1871 D ActivityManager: beginTime 19647 endTime 2411473 freezeTime 0
03-15 23:14:39.812  1779  1871 D ActivityManager: beginTime 919364 endTime 2411473 freezeTime 0
03-15 23:14:39.812  1779  1871 D ActivityManager: beginTime 40130 endTime 2411473 freezeTime 0
03-15 23:14:39.812  1779  1871 D ActivityManager: beginTime 2285060 endTime 2411473 freezeTime 0
03-15 23:14:39.812  1779  1871 D ActivityManager: beginTime 32174 endTime 2411473 freezeTime 0
03-15 23:14:39.812  1779  1871 D ActivityManager: beginTime 26454 endTime 2411473 freezeTime 0
03-15 23:14:39.812  1779  1871 D ActivityManager: beginTime 1363400 endTime 2411473 freezeTime 0
03-15 23:14:39.813  1779  1871 D ActivityManager: beginTime 19647 endTime 2411473 freezeTime 0
03-15 23:14:39.813  1779  1871 D ActivityManager: beginTime 919364 endTime 2411473 freezeTime 0
03-15 23:14:39.813  1779  1871 D ActivityManager: beginTime 40130 endTime 2411473 freezeTime 0
03-15 23:14:39.813  1779  1871 D ActivityManager: beginTime 2285060 endTime 2411473 freezeTime 0
03-15 23:14:39.813  1779  1871 D ActivityManager: beginTime 32174 endTime 2411473 freezeTime 0
03-15 23:14:39.813  1779  1871 D ActivityManager: beginTime 26454 endTime 2411473 freezeTime 0
03-15 23:14:39.813  1779  1871 D ActivityManager: beginTime 1363400 endTime 2411473 freezeTime 0
03-15 23:14:39.814  1779  1871 D ActivityManager: beginTime 1328979 endTime 2411473 freezeTime 0
03-15 23:14:39.814  1779  1871 D ActivityManager: beginTime 1258418 endTime 2411473 freezeTime 0
03-15 23:14:39.814  1779  1871 D ActivityManager: beginTime 1258162 endTime 2411473 freezeTime 0
03-15 23:14:39.814  1779  1871 D ActivityManager: beginTime 1258082 endTime 2411473 freezeTime 0
03-15 23:14:39.815  1779  1871 D ActivityManager: beginTime 1258075 endTime 2411473 freezeTime 0
03-15 23:14:39.815  1779  1871 D ActivityManager: beginTime 1258073 endTime 2411473 freezeTime 0
03-15 23:14:39.815  1779  1871 D ActivityManager: beginTime 1258024 endTime 2411473 freezeTime 0
03-15 23:14:39.815  1779  1871 D ActivityManager: beginTime 1257978 endTime 2411473 freezeTime 0
03-15 23:14:39.815  1779  1871 D ActivityManager: beginTime 1257846 endTime 2411473 freezeTime 0
03-15 23:14:39.815  1779  1871 D ActivityManager: beginTime 1257667 endTime 2411473 freezeTime 0
03-15 23:14:39.815  1779  1871 D ActivityManager: beginTime 1256019 endTime 2411473 freezeTime 0
03-15 23:14:39.815  1779  1871 D ActivityManager: beginTime 1232725 endTime 2411473 freezeTime 0
03-15 23:14:39.815  1779  1871 D ActivityManager: beginTime 1232725 endTime 2411473 freezeTime 0
03-15 23:14:39.815  1779  1871 D ActivityManager: beginTime 1232682 endTime 2411473 freezeTime 0
03-15 23:14:39.815  1779  1871 D ActivityManager: beginTime 1232713 endTime 2411473 freezeTime 0
03-15 23:14:39.815  1779  1871 D ActivityManager: beginTime 1229989 endTime 2411473 freezeTime 0
03-15 23:14:39.815  1779  1871 D ActivityManager: beginTime 1229711 endTime 2411473 freezeTime 0
03-15 23:14:39.815  1779  1871 D ActivityManager: beginTime 1229710 endTime 2411473 freezeTime 0
03-15 23:14:39.815  1779  1871 D ActivityManager: beginTime 1229683 endTime 2411473 freezeTime 0
03-15 23:14:39.815  1779  1871 D ActivityManager: beginTime 1223815 endTime 2411473 freezeTime 0
03-15 23:14:39.815  1779  1871 D ActivityManager: beginTime 1200369 endTime 2411473 freezeTime 0
03-15 23:14:39.815  1779  1871 D ActivityManager: beginTime 1200269 endTime 2411473 freezeTime 0
03-15 23:14:39.815  1779  1871 D ActivityManager: beginTime 1198790 endTime 2411473 freezeTime 0
03-15 23:14:39.815  1779  1871 D ActivityManager: beginTime 1160186 endTime 2411473 freezeTime 0
03-15 23:14:39.815  1779  1871 D ActivityManager: beginTime 930202 endTime 2411473 freezeTime 0
03-15 23:14:39.815  1779  1871 D ActivityManager: beginTime 930202 endTime 2411473 freezeTime 0
03-15 23:14:39.815  1779  1871 D ActivityManager: beginTime 925480 endTime 2411473 freezeTime 0
03-15 23:14:39.815  1779  1871 D ActivityManager: beginTime 651194 endTime 2411473 freezeTime 0
03-15 23:14:39.815  1779  1871 D ActivityManager: beginTime 651207 endTime 2411473 freezeTime 0
03-15 23:14:39.816  1779  1871 D ActivityManager: beginTime 644517 endTime 2411473 freezeTime 0
03-15 23:14:39.816  1779  1871 D ActivityManager: beginTime 449063 endTime 2411473 freezeTime 0
03-15 23:14:39.816  1779  1871 D ActivityManager: beginTime 434691 endTime 2411473 freezeTime 0
03-15 23:14:39.816  1779  1871 D ActivityManager: beginTime 327681 endTime 2411473 freezeTime 0
03-15 23:14:39.816  1779  1871 D ActivityManager: beginTime 271966 endTime 2411473 freezeTime 0
03-15 23:14:39.816  1779  1871 D ActivityManager: beginTime 150237 endTime 2411473 freezeTime 0
03-15 23:14:39.816  1779  1871 D ActivityManager: beginTime 76581 endTime 2411473 freezeTime 0
03-15 23:14:39.816  1779  1871 D ActivityManager: beginTime 69642 endTime 2411473 freezeTime 0
03-15 23:14:39.816  1779  1871 D ActivityManager: beginTime 59670 endTime 2411473 freezeTime 0
03-15 23:14:39.816  1779  1871 D ActivityManager: beginTime 59643 endTime 2411473 freezeTime 0
03-15 23:14:39.816  1779  1871 D ActivityManager: beginTime 59610 endTime 2411473 freezeTime 0
03-15 23:14:39.816  1779  1871 D ActivityManager: beginTime 59409 endTime 2411473 freezeTime 0
03-15 23:14:39.816  1779  1871 D ActivityManager: beginTime 59016 endTime 2411473 freezeTime 0
03-15 23:14:39.816  1779  1871 D ActivityManager: beginTime 58780 endTime 2411473 freezeTime 0
03-15 23:14:39.816  1779  1871 D ActivityManager: beginTime 58454 endTime 2411473 freezeTime 0
03-15 23:14:39.816  1779  1871 D ActivityManager: beginTime 58012 endTime 2411473 freezeTime 0
03-15 23:14:39.816  1779  1871 D ActivityManager: beginTime 57941 endTime 2411473 freezeTime 0
03-15 23:14:39.816  1779  1871 D ActivityManager: beginTime 56930 endTime 2411473 freezeTime 0
03-15 23:14:39.816  1779  1871 D ActivityManager: beginTime 56857 endTime 2411473 freezeTime 0
03-15 23:14:39.816  1779  1871 D ActivityManager: beginTime 56769 endTime 2411473 freezeTime 0
03-15 23:14:39.816  1779  1871 D ActivityManager: beginTime 55566 endTime 2411473 freezeTime 0
03-15 23:14:39.816  1779  1871 D ActivityManager: beginTime 54625 endTime 2411473 freezeTime 0
03-15 23:14:39.817  1779  1871 D ActivityManager: beginTime 53177 endTime 2411473 freezeTime 0
03-15 23:14:39.817  1779  1871 D ActivityManager: beginTime 52602 endTime 2411473 freezeTime 0
03-15 23:14:39.817  1779  1871 D ActivityManager: beginTime 47447 endTime 2411473 freezeTime 0
03-15 23:14:39.817  1779  1871 D ActivityManager: beginTime 42143 endTime 2411473 freezeTime 0
03-15 23:14:39.817  1779  1871 D ActivityManager: beginTime 41368 endTime 2411473 freezeTime 0
03-15 23:14:39.817  1779  1871 D ActivityManager: beginTime 37854 endTime 2411473 freezeTime 0
03-15 23:14:39.817  1779  1871 D ActivityManager: beginTime 37614 endTime 2411473 freezeTime 0
03-15 23:14:39.817  1779  1871 D ActivityManager: beginTime 37538 endTime 2411473 freezeTime 0
03-15 23:14:39.817  1779  1871 D ActivityManager: beginTime 34865 endTime 2411473 freezeTime 0
03-15 23:14:39.817  1779  1871 D ActivityManager: beginTime 33776 endTime 2411473 freezeTime 0
03-15 23:14:39.817  1779  1871 D ActivityManager: beginTime 32950 endTime 2411473 freezeTime 0
03-15 23:14:39.817  1779  1871 D ActivityManager: beginTime 59526 endTime 2411473 freezeTime 0
03-15 23:14:39.817  1779  1871 D ActivityManager: beginTime 30608 endTime 2411473 freezeTime 0
03-15 23:14:39.817  1779  1871 D ActivityManager: beginTime 31194 endTime 2411473 freezeTime 0
03-15 23:14:39.817  1779  1871 D ActivityManager: beginTime 29617 endTime 2411473 freezeTime 0
03-15 23:14:39.817  1779  1871 D ActivityManager: beginTime 27170 endTime 2411473 freezeTime 0
03-15 23:14:39.817  1779  1871 D ActivityManager: beginTime 23878 endTime 2411473 freezeTime 0
03-15 23:14:39.817  1779  1871 D ActivityManager: beginTime 23415 endTime 2411473 freezeTime 0
03-15 23:14:39.817  1779  1871 D ActivityManager: beginTime 22789 endTime 2411473 freezeTime 0
03-15 23:14:39.817  1779  1871 D ActivityManager: beginTime 21267 endTime 2411473 freezeTime 0
03-15 23:14:39.818  1779  1871 D ActivityManager: beginTime 18267 endTime 2411473 freezeTime 0
03-15 23:14:39.818  1779  1871 D ActivityManager: beginTime 15946 endTime 2411473 freezeTime 0
03-15 23:14:39.818  1779  1871 D ActivityManager: beginTime 1264548 endTime 2411481 freezeTime 0
03-15 23:14:39.818  1779  1871 D ActivityManager: beginTime 28419 endTime 2411481 freezeTime 0
03-15 23:14:39.818  1779  1871 D ActivityManager: beginTime 2284356 endTime 2411481 freezeTime 0
03-15 23:14:39.818  1779  1871 D ActivityManager: beginTime 1269626 endTime 2411481 freezeTime 0
03-15 23:14:39.818  1779  1871 D ActivityManager: beginTime 1358708 endTime 2411481 freezeTime 0
03-15 23:14:39.819  1779  1871 D ActivityManager: beginTime 612408 endTime 2411481 freezeTime 0
03-15 23:14:39.819  1779  1871 D ActivityManager: beginTime 1200071 endTime 2411481 freezeTime 0
